=== RUN   TestBuiltinManager
--- PASS: TestBuiltinManager (0.00s)
=== RUN   TestPathModule
Joined path: test\dir\file.txt
Resolved path: D:\dev\codes\golang\src\issueye\sw_runtime\test\test.txt
Basename: file.txt
Dirname: \path\to
Extension: .txt
--- PASS: TestPathModule (0.03s)
=== RUN   TestFSModule
FS module methods available: map[existsSyncWorks:true hasExists:true hasExistsSync:true hasMkdir:true hasReadFile:true hasReaddir:true hasWriteFile:true]
--- PASS: TestFSModule (0.03s)
=== RUN   TestCryptoModule
Crypto module test results: map[base64Works:true hasBase64Decode:true hasBase64Encode:true hasMd5:true hasSha1:true hasSha256:true md5Works:true]
--- PASS: TestCryptoModule (0.03s)
=== RUN   TestHTTPModule
HTTP module methods available: map[hasDelete:true hasGet:true hasPost:true hasPut:true hasRequest:true]
--- PASS: TestHTTPModule (0.03s)
=== RUN   TestCompressionModule
Zlib module test results: map[deflateWorks:true gzipRoundTrip:true gzipWorks:true hasDeflate:true hasGunzip:true hasGzip:true hasInflate:true]
--- PASS: TestCompressionModule (0.03s)
=== RUN   TestModuleRegistration
--- PASS: TestModuleRegistration (0.00s)
=== RUN   TestBundlerEncryption
    bundle_encryption_test.go:78: Encryption successful, key: hsjS54hnJYh3MkuRxiw8wocDAVM5vu8h04d35YOdaf8=
    bundle_encryption_test.go:79: Bundle size: 1481 bytes
--- PASS: TestBundlerEncryption (0.02s)
=== RUN   TestBundlerEncryptionWithCustomKey
    bundle_encryption_test.go:118: Custom key encryption successful
--- PASS: TestBundlerEncryptionWithCustomKey (0.01s)
=== RUN   TestBundlerEncryptionAndMinify
    bundle_encryption_test.go:158: Encryption + minify successful, size: 681 bytes
--- PASS: TestBundlerEncryptionAndMinify (0.01s)
=== RUN   TestBundlerNonEncrypted
    bundle_encryption_test.go:194: Non-encrypted bundle successful
--- PASS: TestBundlerNonEncrypted (0.01s)
=== RUN   TestBundlerBasic
    bundle_test.go:79: Bundle successful, size: 785 bytes, modules: 2
--- PASS: TestBundlerBasic (0.01s)
=== RUN   TestBundlerTypeScript
    bundle_test.go:132: TypeScript bundle successful, size: 690 bytes
--- PASS: TestBundlerTypeScript (0.02s)
=== RUN   TestBundlerMinify
    bundle_test.go:190: Minification reduced size by 77.7% (754 -> 168 bytes)
--- PASS: TestBundlerMinify (0.05s)
=== RUN   TestBundlerBuiltinExclusion
    bundle_test.go:233: Builtin modules correctly excluded, bundle size: 208 bytes
--- PASS: TestBundlerBuiltinExclusion (0.01s)
=== RUN   TestBundlerExcludeFiles
    bundle_test.go:284: Exclude files working correctly, modules: 2
--- PASS: TestBundlerExcludeFiles (0.01s)
=== RUN   TestEventLoopConcurrentTimers
    eventloop_performance_test.go:98: 鉁?100 concurrent timers completed in 26.4788ms
--- PASS: TestEventLoopConcurrentTimers (0.03s)
=== RUN   TestEventLoopMemoryLeak
    eventloop_performance_test.go:138: 鉁?No memory leak detected after 3 iterations
--- PASS: TestEventLoopMemoryLeak (0.08s)
=== RUN   TestEventLoopStressTest
    eventloop_performance_test.go:200: 鉁?Stress test completed in 32.3024ms
    eventloop_performance_test.go:201:    - Timeouts: 46/50
    eventloop_performance_test.go:202:    - Intervals: 27/30
    eventloop_performance_test.go:203:    - Promises: 30/30
--- PASS: TestEventLoopStressTest (0.03s)
=== RUN   TestEventLoopRapidCancelation
    eventloop_performance_test.go:245: 鉁?Rapid cancelation test completed in 31.4141ms
    eventloop_performance_test.go:246:    - 150 timers/intervals created and canceled
--- PASS: TestEventLoopRapidCancelation (0.03s)
=== RUN   TestEventLoopBasicTimer
--- PASS: TestEventLoopBasicTimer (0.17s)
=== RUN   TestEventLoopInterval
Interval executed: 1
Interval executed: 2
--- PASS: TestEventLoopInterval (0.41s)
=== RUN   TestEventLoopClearTimeout
--- PASS: TestEventLoopClearTimeout (0.13s)
=== RUN   TestEventLoopMultipleTimers
--- PASS: TestEventLoopMultipleTimers (0.16s)
=== RUN   TestEventLoopNestedTimers
--- PASS: TestEventLoopNestedTimers (0.17s)
=== RUN   TestEventLoopPromiseIntegration
--- PASS: TestEventLoopPromiseIntegration (0.09s)
=== RUN   TestEventLoopErrorHandling
--- PASS: TestEventLoopErrorHandling (0.14s)
=== RUN   TestFixedEventLoopInterval
Interval executed successfully
    fixes_test.go:40: 鉁?Event loop interval fix verified
--- PASS: TestFixedEventLoopInterval (0.26s)
=== RUN   TestFixedCompressionModule
鉁?Gzip/Gunzip test passed
鉁?Deflate/Inflate test passed
鉁?Empty string compression test passed
鉁?Large data compression test passed
Original size: 10000 Compressed size: 68
Compression test results: map[errors:[] testsPassed:4 totalTests:4]
    fixes_test.go:148: All compression tests passed: 4/4
--- PASS: TestFixedCompressionModule (0.03s)
=== RUN   TestFixedFileSystemModule
鉁?existsSync test passed
鉁?async exists test passed
鉁?async exists (non-existent) test passed
    fixes_test.go:232: All FS tests passed: 3/3
--- PASS: TestFixedFileSystemModule (0.13s)
=== RUN   TestAllFixesIntegration
馃殌 Starting comprehensive fixes integration test...
鉁?Compression module fix verified
鉁?File system module fix verified
鉁?Event loop interval fix verified
馃帀 All fixes verified successfully!
    fixes_test.go:327: 馃帀 All fixes integration test passed successfully!
--- PASS: TestAllFixesIntegration (0.19s)
=== RUN   TestHTTPRequestInterceptor
    http_interceptors_test.go:37: Script execution failed: Error: Request interceptor not called during setup at <eval>:10:9(17)
--- FAIL: TestHTTPRequestInterceptor (0.00s)
=== RUN   TestHTTPResponseInterceptor
Response interceptor test passed
--- PASS: TestHTTPResponseInterceptor (0.03s)
=== RUN   TestHTTPBeforeRequest
beforeRequest test passed
--- PASS: TestHTTPBeforeRequest (0.03s)
=== RUN   TestHTTPAfterResponse
afterResponse test passed
--- PASS: TestHTTPAfterResponse (0.03s)
=== RUN   TestHTTPTransformRequest
transformRequest test passed
--- PASS: TestHTTPTransformRequest (0.03s)
=== RUN   TestHTTPTransformResponse
transformResponse test passed
--- PASS: TestHTTPTransformResponse (0.03s)
=== RUN   TestHTTPHeaderModification
Header modification test passed
--- PASS: TestHTTPHeaderModification (0.03s)
=== RUN   TestHTTPParamsModification
Params modification test passed
--- PASS: TestHTTPParamsModification (0.03s)
=== RUN   TestHTTPDataModification
Data modification test passed
--- PASS: TestHTTPDataModification (0.03s)
=== RUN   TestHTTPInterceptorChain
    http_interceptors_test.go:271: Skipping actual HTTP request test
--- SKIP: TestHTTPInterceptorChain (0.00s)
=== RUN   TestHTTPSServerCreation
    https_test.go:36: HTTPS server creation test passed
--- PASS: TestHTTPSServerCreation (0.00s)
=== RUN   TestHTTPSServerListenTLS
    https_test.go:43: Skipping HTTPS test - requires valid SSL certificates
--- SKIP: TestHTTPSServerListenTLS (0.00s)
=== RUN   TestHTTPSRequest
    https_test.go:77: Skipping HTTPS request test - requires valid SSL certificates
--- SKIP: TestHTTPSRequest (0.00s)
=== RUN   TestHTTPSWithMiddleware
    https_test.go:164: HTTPS middleware test passed
--- PASS: TestHTTPSWithMiddleware (0.00s)
=== RUN   TestHTTPSServerMethods
    https_test.go:201: HTTPS server methods test passed
--- PASS: TestHTTPSServerMethods (0.00s)
=== RUN   TestHTTPSListenTLSParameters
    https_test.go:233: HTTPS listenTLS parameters test passed
--- PASS: TestHTTPSListenTLSParameters (0.00s)
=== RUN   TestMixedHTTPAndHTTPS
    https_test.go:238: Skipping mixed HTTP/HTTPS test - requires valid SSL certificates
--- SKIP: TestMixedHTTPAndHTTPS (0.00s)
=== RUN   TestHTTPSCallbackFunction
    https_test.go:297: Skipping HTTPS callback test - requires valid SSL certificates
--- SKIP: TestHTTPSCallbackFunction (0.00s)
=== RUN   TestHTTPServerPerformanceProfile
DEBUG: Executing route handler
DEBUG: Handler executed successfully
DEBUG: Executing route handler
DEBUG: Handler executed successfully
DEBUG: Executing route handler
DEBUG: Handler executed successfully
DEBUG: Executing route handler
DEBUG: Handler executed successfully
DEBUG: Executing route handler
DEBUG: Handler executed successfully
DEBUG: Executing route handler
DEBUG: Handler executed successfully
DEBUG: Executing route handler
DEBUG: Handler executed successfully
DEBUG: Executing route handler
DEBUG: Handler executed successfully
DEBUG: Executing route handler
DEBUG: Handler executed successfully
DEBUG: Executing route handler
DEBUG: Handler executed successfully
DEBUG: Executing route handler
DEBUG: Handler executed successfully
DEBUG: Executing route handler
DEBUG: Handler executed successfully
DEBUG: Executing route handler
DEBUG: Handler executed successfully
DEBUG: Executing route handler
DEBUG: Handler executed successfully
DEBUG: Executing route handler
DEBUG: Handler executed successfully
DEBUG: Executing route handler
DEBUG: Handler executed successfully
DEBUG: Executing route handler
DEBUG: Handler executed successfully
DEBUG: Executing route handler
DEBUG: Handler executed successfully
DEBUG: Executing route handler
DEBUG: Handler executed successfully
DEBUG: Executing route handler
DEBUG: Handler executed successfully
DEBUG: Executing route handler
DEBUG: Handler executed successfully
DEBUG: Executing route handler
DEBUG: Handler executed successfully
DEBUG: Executing route handler
DEBUG: Handler executed successfully
DEBUG: Executing route handler
DEBUG: Handler executed successfully
DEBUG: Executing route handler
DEBUG: Handler executed successfully
DEBUG: Executing route handler
DEBUG: Handler executed successfully
DEBUG: Executing route handler
DEBUG: Handler executed successfully
DEBUG: Executing route handler
DEBUG: Handler executed successfully
DEBUG: Executing route handler
DEBUG: Handler executed successfully
DEBUG: Executing route handler
DEBUG: Handler executed successfully
DEBUG: Executing route handler
DEBUG: Handler executed successfully
DEBUG: Executing route handler
DEBUG: Handler executed successfully
DEBUG: Executing route handler
DEBUG: Handler executed successfully
DEBUG: Executing route handler
DEBUG: Handler executed successfully
DEBUG: Executing route handler
DEBUG: Handler executed successfully
DEBUG: Executing route handler
DEBUG: Handler executed successfully
DEBUG: Executing route handler
DEBUG: Handler executed successfully
DEBUG: Executing route handler
DEBUG: Handler executed successfully
DEBUG: Executing route handler
DEBUG: Handler executed successfully
DEBUG: Executing route handler
DEBUG: Handler executed successfully
DEBUG: Executing route handler
DEBUG: Handler executed successfully
DEBUG: Executing route handler
DEBUG: Handler executed successfully
DEBUG: Executing route handler
DEBUG: Handler executed successfully
DEBUG: Executing route handler
DEBUG: Handler executed successfully
DEBUG: Executing route handler
DEBUG: Handler executed successfully
DEBUG: Executing route handler
DEBUG: Handler executed successfully
DEBUG: Executing route handler
DEBUG: Handler executed successfully
DEBUG: Executing route handler
DEBUG: Handler executed successfully
DEBUG: Executing route handler
DEBUG: Handler executed successfully
DEBUG: Executing route handler
DEBUG: Handler executed successfully
DEBUG: Executing route handler
DEBUG: Handler executed successfully
DEBUG: Executing route handler
DEBUG: Handler executed successfully
DEBUG: Executing route handler
DEBUG: Handler executed successfully
DEBUG: Executing route handler
DEBUG: Handler executed successfully
DEBUG: Executing route handler
DEBUG: Handler executed successfully
DEBUG: Executing route handler
DEBUG: Handler executed successfully
DEBUG: Executing route handler
DEBUG: Handler executed successfully
DEBUG: Executing route handler
DEBUG: Handler executed successfully
DEBUG: Executing route handler
DEBUG: Handler executed successfully
DEBUG: Executing route handler
DEBUG: Handler executed successfully
DEBUG: Executing route handler
DEBUG: Handler executed successfully
DEBUG: Executing route handler
DEBUG: Handler executed successfully
DEBUG: Executing route handler
DEBUG: Handler executed successfully
DEBUG: Executing route handler
DEBUG: Handler executed successfully
DEBUG: Executing route handler
DEBUG: Handler executed successfully
DEBUG: Executing route handler
DEBUG: Handler executed successfully
DEBUG: Executing route handler
DEBUG: Handler executed successfully
DEBUG: Executing route handler
DEBUG: Handler executed successfully
DEBUG: Executing route handler
DEBUG: Handler executed successfully
DEBUG: Executing route handler
DEBUG: Handler executed successfully
DEBUG: Executing route handler
DEBUG: Handler executed successfully
DEBUG: Executing route handler
DEBUG: Handler executed successfully
DEBUG: Executing route handler
DEBUG: Handler executed successfully
DEBUG: Executing route handler
DEBUG: Handler executed successfully
DEBUG: Executing route handler
DEBUG: Handler executed successfully
DEBUG: Executing route handler
DEBUG: Handler executed successfully
DEBUG: Executing route handler
DEBUG: Handler executed successfully
DEBUG: Executing route handler
DEBUG: Handler executed successfully
DEBUG: Executing route handler
DEBUG: Handler executed successfully
DEBUG: Executing route handler
DEBUG: Handler executed successfully
DEBUG: Executing route handler
DEBUG: Handler executed successfully
DEBUG: Executing route handler
DEBUG: Handler executed successfully
DEBUG: Executing route handler
DEBUG: Handler executed successfully
DEBUG: Executing route handler
DEBUG: Handler executed successfully
DEBUG: Executing route handler
DEBUG: Handler executed successfully
DEBUG: Executing route handler
DEBUG: Handler executed successfully
DEBUG: Executing route handler
DEBUG: Handler executed successfully
DEBUG: Executing route handler
DEBUG: Handler executed successfully
DEBUG: Executing route handler
DEBUG: Handler executed successfully
DEBUG: Executing route handler
DEBUG: Handler executed successfully
DEBUG: Executing route handler
DEBUG: Handler executed successfully
DEBUG: Executing route handler
DEBUG: Handler executed successfully
DEBUG: Executing route handler
DEBUG: Handler executed successfully
DEBUG: Executing route handler
DEBUG: Handler executed successfully
DEBUG: Executing route handler
DEBUG: Handler executed successfully
DEBUG: Executing route handler
DEBUG: Handler executed successfully
DEBUG: Executing route handler
DEBUG: Handler executed successfully
DEBUG: Executing route handler
DEBUG: Handler executed successfully
DEBUG: Executing route handler
DEBUG: Handler executed successfully
DEBUG: Executing route handler
DEBUG: Handler executed successfully
DEBUG: Executing route handler
DEBUG: Handler executed successfully
DEBUG: Executing route handler
DEBUG: Handler executed successfully
DEBUG: Executing route handler
DEBUG: Handler executed successfully
DEBUG: Executing route handler
DEBUG: Handler executed successfully
DEBUG: Executing route handler
DEBUG: Handler executed successfully
DEBUG: Executing route handler
DEBUG: Handler executed successfully
DEBUG: Executing route handler
DEBUG: Handler executed successfully
DEBUG: Executing route handler
DEBUG: Handler executed successfully
DEBUG: Executing route handler
DEBUG: Handler executed successfully
DEBUG: Executing route handler
DEBUG: Handler executed successfully
DEBUG: Executing route handler
DEBUG: Handler executed successfully
DEBUG: Executing route handler
DEBUG: Handler executed successfully
DEBUG: Executing route handler
DEBUG: Handler executed successfully
DEBUG: Executing route handler
DEBUG: Handler executed successfully
DEBUG: Executing route handler
DEBUG: Handler executed successfully
DEBUG: Executing route handler
DEBUG: Handler executed successfully
DEBUG: Executing route handler
DEBUG: Handler executed successfully
DEBUG: Executing route handler
DEBUG: Handler executed successfully
DEBUG: Executing route handler
DEBUG: Handler executed successfully
DEBUG: Executing route handler
DEBUG: Handler executed successfully
DEBUG: Executing route handler
DEBUG: Handler executed successfully
DEBUG: Executing route handler
DEBUG: Handler executed successfully
DEBUG: Executing route handler
DEBUG: Handler executed successfully
DEBUG: Executing route handler
DEBUG: Handler executed successfully
DEBUG: Executing route handler
DEBUG: Handler executed successfully
DEBUG: Executing route handler
DEBUG: Handler executed successfully
DEBUG: Executing route handler
DEBUG: Handler executed successfully
DEBUG: Executing route handler
DEBUG: Handler executed successfully
DEBUG: Executing route handler
DEBUG: Handler executed successfully
DEBUG: Executing route handler
DEBUG: Handler executed successfully
DEBUG: Executing route handler
DEBUG: Handler executed successfully
DEBUG: Executing route handler
DEBUG: Handler executed successfully
DEBUG: Executing route handler
DEBUG: Handler executed successfully
DEBUG: Executing route handler
DEBUG: Handler executed successfully
DEBUG: Executing route handler
DEBUG: Handler executed successfully
DEBUG: Executing route handler
DEBUG: Handler executed successfully
DEBUG: Executing route handler
DEBUG: Handler executed successfully
DEBUG: Executing route handler
DEBUG: Handler executed successfully
DEBUG: Executing route handler
DEBUG: Handler executed successfully
DEBUG: Executing route handler
DEBUG: Handler executed successfully
DEBUG: Executing route handler
DEBUG: Handler executed successfully
DEBUG: Executing route handler
DEBUG: Handler executed successfully
DEBUG: Executing route handler
DEBUG: Handler executed successfully
DEBUG: Executing route handler
DEBUG: Handler executed successfully
DEBUG: Executing route handler
DEBUG: Handler executed successfully
DEBUG: Executing route handler
DEBUG: Handler executed successfully
DEBUG: Executing route handler
DEBUG: Handler executed successfully
DEBUG: Executing route handler
DEBUG: Handler executed successfully
DEBUG: Executing route handler
DEBUG: Handler executed successfully
DEBUG: Executing route handler
DEBUG: Handler executed successfully
DEBUG: Executing route handler
DEBUG: Handler executed successfully
DEBUG: Executing route handler
DEBUG: Handler executed successfully
DEBUG: Executing route handler
DEBUG: Handler executed successfully
DEBUG: Executing route handler
DEBUG: Handler executed successfully
DEBUG: Executing route handler
DEBUG: Handler executed successfully
DEBUG: Executing route handler
DEBUG: Handler executed successfully
DEBUG: Executing route handler
DEBUG: Handler executed successfully
DEBUG: Executing route handler
DEBUG: Handler executed successfully
DEBUG: Executing route handler
DEBUG: Handler executed successfully
DEBUG: Executing route handler
DEBUG: Handler executed successfully
DEBUG: Executing route handler
DEBUG: Handler executed successfully
DEBUG: Executing route handler
DEBUG: Handler executed successfully
DEBUG: Executing route handler
DEBUG: Handler executed successfully
DEBUG: Executing route handler
DEBUG: Handler executed successfully
DEBUG: Executing route handler
DEBUG: Handler executed successfully
DEBUG: Executing route handler
DEBUG: Handler executed successfully
DEBUG: Executing route handler
DEBUG: Handler executed successfully
DEBUG: Executing route handler
DEBUG: Handler executed successfully
DEBUG: Executing route handler
DEBUG: Handler executed successfully
DEBUG: Executing route handler
DEBUG: Handler executed successfully
DEBUG: Executing route handler
DEBUG: Handler executed successfully
DEBUG: Executing route handler
DEBUG: Handler executed successfully
DEBUG: Executing route handler
DEBUG: Handler executed successfully
DEBUG: Executing route handler
DEBUG: Handler executed successfully
DEBUG: Executing route handler
DEBUG: Handler executed successfully
DEBUG: Executing route handler
DEBUG: Handler executed successfully
DEBUG: Executing route handler
DEBUG: Handler executed successfully
DEBUG: Executing route handler
DEBUG: Handler executed successfully
DEBUG: Executing route handler
DEBUG: Handler executed successfully
DEBUG: Executing route handler
DEBUG: Handler executed successfully
DEBUG: Executing route handler
DEBUG: Handler executed successfully
DEBUG: Executing route handler
DEBUG: Handler executed successfully
DEBUG: Executing route handler
DEBUG: Handler executed successfully
DEBUG: Executing route handler
DEBUG: Handler executed successfully
DEBUG: Executing route handler
DEBUG: Handler executed successfully
DEBUG: Executing route handler
DEBUG: Handler executed successfully
DEBUG: Executing route handler
DEBUG: Handler executed successfully
DEBUG: Executing route handler
DEBUG: Handler executed successfully
DEBUG: Executing route handler
DEBUG: Handler executed successfully
DEBUG: Executing route handler
DEBUG: Handler executed successfully
DEBUG: Executing route handler
DEBUG: Handler executed successfully
DEBUG: Executing route handler
DEBUG: Handler executed successfully
DEBUG: Executing route handler
DEBUG: Handler executed successfully
DEBUG: Executing route handler
DEBUG: Handler executed successfully
DEBUG: Executing route handler
DEBUG: Handler executed successfully
DEBUG: Executing route handler
DEBUG: Handler executed successfully
DEBUG: Executing route handler
DEBUG: Handler executed successfully
DEBUG: Executing route handler
DEBUG: Handler executed successfully
DEBUG: Executing route handler
DEBUG: Handler executed successfully
DEBUG: Executing route handler
DEBUG: Handler executed successfully
DEBUG: Executing route handler
DEBUG: Handler executed successfully
DEBUG: Executing route handler
DEBUG: Handler executed successfully
DEBUG: Executing route handler
DEBUG: Handler executed successfully
DEBUG: Executing route handler
DEBUG: Handler executed successfully
DEBUG: Executing route handler
DEBUG: Handler executed successfully
DEBUG: Executing route handler
DEBUG: Handler executed successfully
DEBUG: Executing route handler
DEBUG: Handler executed successfully
DEBUG: Executing route handler
DEBUG: Handler executed successfully
DEBUG: Executing route handler
DEBUG: Handler executed successfully
DEBUG: Executing route handler
DEBUG: Handler executed successfully
DEBUG: Executing route handler
DEBUG: Handler executed successfully
DEBUG: Executing route handler
DEBUG: Handler executed successfully
DEBUG: Executing route handler
DEBUG: Handler executed successfully
DEBUG: Executing route handler
DEBUG: Handler executed successfully
DEBUG: Executing route handler
DEBUG: Handler executed successfully
DEBUG: Executing route handler
DEBUG: Handler executed successfully
DEBUG: Executing route handler
DEBUG: Handler executed successfully
DEBUG: Executing route handler
DEBUG: Handler executed successfully
DEBUG: Executing route handler
DEBUG: Handler executed successfully
DEBUG: Executing route handler
DEBUG: Handler executed successfully
DEBUG: Executing route handler
DEBUG: Handler executed successfully
DEBUG: Executing route handler
DEBUG: Handler executed successfully
DEBUG: Executing route handler
DEBUG: Handler executed successfully
DEBUG: Executing route handler
DEBUG: Handler executed successfully
DEBUG: Executing route handler
DEBUG: Handler executed successfully
DEBUG: Executing route handler
DEBUG: Handler executed successfully
DEBUG: Executing route handler
DEBUG: Handler executed successfully
DEBUG: Executing route handler
DEBUG: Handler executed successfully
DEBUG: Executing route handler
DEBUG: Handler executed successfully
DEBUG: Executing route handler
DEBUG: Handler executed successfully
DEBUG: Executing route handler
DEBUG: Handler executed successfully
DEBUG: Executing route handler
DEBUG: Handler executed successfully
DEBUG: Executing route handler
DEBUG: Handler executed successfully
DEBUG: Executing route handler
DEBUG: Handler executed successfully
DEBUG: Executing route handler
DEBUG: Handler executed successfully
DEBUG: Executing route handler
DEBUG: Handler executed successfully
DEBUG: Executing route handler
DEBUG: Handler executed successfully
DEBUG: Executing route handler
DEBUG: Handler executed successfully
DEBUG: Executing route handler
DEBUG: Handler executed successfully
DEBUG: Executing route handler
DEBUG: Handler executed successfully
DEBUG: Executing route handler
DEBUG: Handler executed successfully
DEBUG: Executing route handler
DEBUG: Handler executed successfully
DEBUG: Executing route handler
DEBUG: Handler executed successfully
DEBUG: Executing route handler
DEBUG: Handler executed successfully
DEBUG: Executing route handler
DEBUG: Handler executed successfully
DEBUG: Executing route handler
DEBUG: Handler executed successfully
DEBUG: Executing route handler
DEBUG: Handler executed successfully
DEBUG: Executing route handler
DEBUG: Handler executed successfully
DEBUG: Executing route handler
DEBUG: Handler executed successfully
DEBUG: Executing route handler
DEBUG: Handler executed successfully
DEBUG: Executing route handler
DEBUG: Handler executed successfully
DEBUG: Executing route handler
DEBUG: Handler executed successfully
DEBUG: Executing route handler
DEBUG: Handler executed successfully
DEBUG: Executing route handler
DEBUG: Handler executed successfully
DEBUG: Executing route handler
DEBUG: Handler executed successfully
DEBUG: Executing route handler
DEBUG: Handler executed successfully
DEBUG: Executing route handler
DEBUG: Handler executed successfully
DEBUG: Executing route handler
DEBUG: Handler executed successfully
DEBUG: Executing route handler
DEBUG: Handler executed successfully
DEBUG: Executing route handler
DEBUG: Handler executed successfully
DEBUG: Executing route handler
DEBUG: Handler executed successfully
DEBUG: Executing route handler
DEBUG: Handler executed successfully
DEBUG: Executing route handler
DEBUG: Handler executed successfully
DEBUG: Executing route handler
DEBUG: Handler executed successfully
DEBUG: Executing route handler
DEBUG: Handler executed successfully
DEBUG: Executing route handler
DEBUG: Handler executed successfully
DEBUG: Executing route handler
DEBUG: Handler executed successfully
DEBUG: Executing route handler
DEBUG: Handler executed successfully
DEBUG: Executing route handler
DEBUG: Handler executed successfully
DEBUG: Executing route handler
DEBUG: Handler executed successfully
DEBUG: Executing route handler
DEBUG: Handler executed successfully
DEBUG: Executing route handler
DEBUG: Handler executed successfully
DEBUG: Executing route handler
DEBUG: Handler executed successfully
DEBUG: Executing route handler
DEBUG: Handler executed successfully
DEBUG: Executing route handler
DEBUG: Handler executed successfully
DEBUG: Executing route handler
DEBUG: Handler executed successfully
DEBUG: Executing route handler
DEBUG: Handler executed successfully
DEBUG: Executing route handler
DEBUG: Handler executed successfully
DEBUG: Executing route handler
DEBUG: Handler executed successfully
DEBUG: Executing route handler
DEBUG: Handler executed successfully
DEBUG: Executing route handler
DEBUG: Handler executed successfully
DEBUG: Executing route handler
DEBUG: Handler executed successfully
DEBUG: Executing route handler
DEBUG: Handler executed successfully
DEBUG: Executing route handler
DEBUG: Handler executed successfully
DEBUG: Executing route handler
DEBUG: Handler executed successfully
DEBUG: Executing route handler
DEBUG: Handler executed successfully
DEBUG: Executing route handler
DEBUG: Handler executed successfully
DEBUG: Executing route handler
DEBUG: Handler executed successfully
DEBUG: Executing route handler
DEBUG: Handler executed successfully
DEBUG: Executing route handler
DEBUG: Handler executed successfully
DEBUG: Executing route handler
DEBUG: Handler executed successfully
DEBUG: Executing route handler
DEBUG: Handler executed successfully
DEBUG: Executing route handler
DEBUG: Handler executed successfully
DEBUG: Executing route handler
DEBUG: Handler executed successfully
DEBUG: Executing route handler
DEBUG: Handler executed successfully
DEBUG: Executing route handler
DEBUG: Handler executed successfully
DEBUG: Executing route handler
DEBUG: Handler executed successfully
DEBUG: Executing route handler
DEBUG: Handler executed successfully
DEBUG: Executing route handler
DEBUG: Handler executed successfully
DEBUG: Executing route handler
DEBUG: Handler executed successfully
DEBUG: Executing route handler
DEBUG: Handler executed successfully
DEBUG: Executing route handler
DEBUG: Handler executed successfully
DEBUG: Executing route handler
DEBUG: Handler executed successfully
DEBUG: Executing route handler
DEBUG: Handler executed successfully
DEBUG: Executing route handler
DEBUG: Handler executed successfully
DEBUG: Executing route handler
DEBUG: Handler executed successfully
DEBUG: Executing route handler
DEBUG: Handler executed successfully
DEBUG: Executing route handler
DEBUG: Handler executed successfully
DEBUG: Executing route handler
DEBUG: Handler executed successfully
DEBUG: Executing route handler
DEBUG: Handler executed successfully
DEBUG: Executing route handler
DEBUG: Handler executed successfully
DEBUG: Executing route handler
DEBUG: Handler executed successfully
DEBUG: Executing route handler
DEBUG: Handler executed successfully
DEBUG: Executing route handler
DEBUG: Handler executed successfully
DEBUG: Executing route handler
DEBUG: Handler executed successfully
DEBUG: Executing route handler
DEBUG: Handler executed successfully
DEBUG: Executing route handler
DEBUG: Handler executed successfully
DEBUG: Executing route handler
DEBUG: Handler executed successfully
DEBUG: Executing route handler
DEBUG: Handler executed successfully
DEBUG: Executing route handler
DEBUG: Handler executed successfully
DEBUG: Executing route handler
DEBUG: Handler executed successfully
DEBUG: Executing route handler
DEBUG: Handler executed successfully
DEBUG: Executing route handler
DEBUG: Handler executed successfully
DEBUG: Executing route handler
DEBUG: Handler executed successfully
DEBUG: Executing route handler
DEBUG: Handler executed successfully
DEBUG: Executing route handler
DEBUG: Handler executed successfully
DEBUG: Executing route handler
DEBUG: Handler executed successfully
DEBUG: Executing route handler
DEBUG: Handler executed successfully
DEBUG: Executing route handler
DEBUG: Handler executed successfully
DEBUG: Executing route handler
DEBUG: Handler executed successfully
DEBUG: Executing route handler
DEBUG: Handler executed successfully
DEBUG: Executing route handler
DEBUG: Handler executed successfully
DEBUG: Executing route handler
DEBUG: Handler executed successfully
DEBUG: Executing route handler
DEBUG: Handler executed successfully
DEBUG: Executing route handler
DEBUG: Handler executed successfully
DEBUG: Executing route handler
DEBUG: Handler executed successfully
DEBUG: Executing route handler
DEBUG: Handler executed successfully
DEBUG: Executing route handler
DEBUG: Handler executed successfully
DEBUG: Executing route handler
DEBUG: Handler executed successfully
DEBUG: Executing route handler
DEBUG: Handler executed successfully
DEBUG: Executing route handler
DEBUG: Handler executed successfully
DEBUG: Executing route handler
DEBUG: Handler executed successfully
DEBUG: Executing route handler
DEBUG: Handler executed successfully
DEBUG: Executing route handler
DEBUG: Handler executed successfully
DEBUG: Executing route handler
DEBUG: Handler executed successfully
DEBUG: Executing route handler
DEBUG: Handler executed successfully
DEBUG: Executing route handler
DEBUG: Handler executed successfully
DEBUG: Executing route handler
DEBUG: Handler executed successfully
DEBUG: Executing route handler
DEBUG: Handler executed successfully
DEBUG: Executing route handler
DEBUG: Handler executed successfully
DEBUG: Executing route handler
DEBUG: Handler executed successfully
DEBUG: Executing route handler
DEBUG: Handler executed successfully
DEBUG: Executing route handler
DEBUG: Handler executed successfully
DEBUG: Executing route handler
DEBUG: Handler executed successfully
DEBUG: Executing route handler
DEBUG: Handler executed successfully
DEBUG: Executing route handler
DEBUG: Handler executed successfully
DEBUG: Executing route handler
DEBUG: Handler executed successfully
DEBUG: Executing route handler
DEBUG: Handler executed successfully
DEBUG: Executing route handler
DEBUG: Handler executed successfully
DEBUG: Executing route handler
DEBUG: Handler executed successfully
DEBUG: Executing route handler
DEBUG: Handler executed successfully
DEBUG: Executing route handler
DEBUG: Handler executed successfully
DEBUG: Executing route handler
DEBUG: Handler executed successfully
DEBUG: Executing route handler
DEBUG: Handler executed successfully
DEBUG: Executing route handler
DEBUG: Handler executed successfully
DEBUG: Executing route handler
DEBUG: Handler executed successfully
DEBUG: Executing route handler
DEBUG: Handler executed successfully
DEBUG: Executing route handler
DEBUG: Handler executed successfully
DEBUG: Executing route handler
DEBUG: Handler executed successfully
DEBUG: Executing route handler
DEBUG: Handler executed successfully
DEBUG: Executing route handler
DEBUG: Handler executed successfully
DEBUG: Executing route handler
DEBUG: Handler executed successfully
DEBUG: Executing route handler
DEBUG: Handler executed successfully
DEBUG: Executing route handler
DEBUG: Handler executed successfully
DEBUG: Executing route handler
DEBUG: Handler executed successfully
DEBUG: Executing route handler
DEBUG: Handler executed successfully
DEBUG: Executing route handler
DEBUG: Handler executed successfully
DEBUG: Executing route handler
DEBUG: Handler executed successfully
DEBUG: Executing route handler
DEBUG: Handler executed successfully
DEBUG: Executing route handler
DEBUG: Handler executed successfully
DEBUG: Executing route handler
DEBUG: Handler executed successfully
DEBUG: Executing route handler
DEBUG: Handler executed successfully
DEBUG: Executing route handler
DEBUG: Handler executed successfully
DEBUG: Executing route handler
DEBUG: Handler executed successfully
DEBUG: Executing route handler
DEBUG: Handler executed successfully
DEBUG: Executing route handler
DEBUG: Handler executed successfully
DEBUG: Executing route handler
DEBUG: Handler executed successfully
DEBUG: Executing route handler
DEBUG: Handler executed successfully
DEBUG: Executing route handler
DEBUG: Handler executed successfully
DEBUG: Executing route handler
DEBUG: Handler executed successfully
DEBUG: Executing route handler
DEBUG: Handler executed successfully
DEBUG: Executing route handler
DEBUG: Handler executed successfully
DEBUG: Executing route handler
DEBUG: Handler executed successfully
DEBUG: Executing route handler
DEBUG: Handler executed successfully
DEBUG: Executing route handler
DEBUG: Handler executed successfully
DEBUG: Executing route handler
DEBUG: Handler executed successfully
DEBUG: Executing route handler
DEBUG: Handler executed successfully
DEBUG: Executing route handler
DEBUG: Handler executed successfully
DEBUG: Executing route handler
DEBUG: Handler executed successfully
DEBUG: Executing route handler
DEBUG: Handler executed successfully
DEBUG: Executing route handler
DEBUG: Handler executed successfully
DEBUG: Executing route handler
DEBUG: Handler executed successfully
DEBUG: Executing route handler
DEBUG: Handler executed successfully
DEBUG: Executing route handler
DEBUG: Handler executed successfully
DEBUG: Executing route handler
DEBUG: Handler executed successfully
DEBUG: Executing route handler
DEBUG: Handler executed successfully
DEBUG: Executing route handler
DEBUG: Handler executed successfully
DEBUG: Executing route handler
DEBUG: Handler executed successfully
DEBUG: Executing route handler
DEBUG: Handler executed successfully
DEBUG: Executing route handler
DEBUG: Handler executed successfully
DEBUG: Executing route handler
DEBUG: Handler executed successfully
DEBUG: Executing route handler
DEBUG: Handler executed successfully
DEBUG: Executing route handler
DEBUG: Handler executed successfully
DEBUG: Executing route handler
DEBUG: Handler executed successfully
DEBUG: Executing route handler
DEBUG: Handler executed successfully
DEBUG: Executing route handler
DEBUG: Handler executed successfully
DEBUG: Executing route handler
DEBUG: Handler executed successfully
DEBUG: Executing route handler
DEBUG: Handler executed successfully
DEBUG: Executing route handler
DEBUG: Handler executed successfully
DEBUG: Executing route handler
DEBUG: Handler executed successfully
DEBUG: Executing route handler
DEBUG: Handler executed successfully
DEBUG: Executing route handler
DEBUG: Handler executed successfully
DEBUG: Executing route handler
DEBUG: Handler executed successfully
DEBUG: Executing route handler
DEBUG: Handler executed successfully
DEBUG: Executing route handler
DEBUG: Handler executed successfully
DEBUG: Executing route handler
DEBUG: Handler executed successfully
DEBUG: Executing route handler
DEBUG: Handler executed successfully
DEBUG: Executing route handler
DEBUG: Handler executed successfully
DEBUG: Executing route handler
DEBUG: Handler executed successfully
DEBUG: Executing route handler
DEBUG: Handler executed successfully
DEBUG: Executing route handler
DEBUG: Handler executed successfully
DEBUG: Executing route handler
DEBUG: Handler executed successfully
DEBUG: Executing route handler
DEBUG: Handler executed successfully
DEBUG: Executing route handler
DEBUG: Handler executed successfully
DEBUG: Executing route handler
DEBUG: Handler executed successfully
DEBUG: Executing route handler
DEBUG: Handler executed successfully
DEBUG: Executing route handler
DEBUG: Handler executed successfully
DEBUG: Executing route handler
DEBUG: Handler executed successfully
DEBUG: Executing route handler
DEBUG: Handler executed successfully
DEBUG: Executing route handler
DEBUG: Handler executed successfully
DEBUG: Executing route handler
DEBUG: Handler executed successfully
DEBUG: Executing route handler
DEBUG: Handler executed successfully
DEBUG: Executing route handler
DEBUG: Handler executed successfully
DEBUG: Executing route handler
DEBUG: Handler executed successfully
DEBUG: Executing route handler
DEBUG: Handler executed successfully
DEBUG: Executing route handler
DEBUG: Handler executed successfully
DEBUG: Executing route handler
DEBUG: Handler executed successfully
DEBUG: Executing route handler
DEBUG: Handler executed successfully
DEBUG: Executing route handler
DEBUG: Handler executed successfully
DEBUG: Executing route handler
DEBUG: Handler executed successfully
DEBUG: Executing route handler
DEBUG: Handler executed successfully
DEBUG: Executing route handler
DEBUG: Handler executed successfully
DEBUG: Executing route handler
DEBUG: Handler executed successfully
DEBUG: Executing route handler
DEBUG: Handler executed successfully
DEBUG: Executing route handler
DEBUG: Handler executed successfully
DEBUG: Executing route handler
DEBUG: Handler executed successfully
DEBUG: Executing route handler
DEBUG: Handler executed successfully
DEBUG: Executing route handler
DEBUG: Handler executed successfully
DEBUG: Executing route handler
DEBUG: Handler executed successfully
DEBUG: Executing route handler
DEBUG: Handler executed successfully
DEBUG: Executing route handler
DEBUG: Handler executed successfully
DEBUG: Executing route handler
DEBUG: Handler executed successfully
DEBUG: Executing route handler
DEBUG: Handler executed successfully
DEBUG: Executing route handler
DEBUG: Handler executed successfully
DEBUG: Executing route handler
DEBUG: Handler executed successfully
DEBUG: Executing route handler
DEBUG: Handler executed successfully
DEBUG: Executing route handler
DEBUG: Handler executed successfully
DEBUG: Executing route handler
DEBUG: Handler executed successfully
DEBUG: Executing route handler
DEBUG: Handler executed successfully
DEBUG: Executing route handler
DEBUG: Handler executed successfully
DEBUG: Executing route handler
DEBUG: Handler executed successfully
DEBUG: Executing route handler
DEBUG: Handler executed successfully
DEBUG: Executing route handler
DEBUG: Handler executed successfully
DEBUG: Executing route handler
DEBUG: Handler executed successfully
DEBUG: Executing route handler
DEBUG: Handler executed successfully
DEBUG: Executing route handler
DEBUG: Handler executed successfully
DEBUG: Executing route handler
DEBUG: Handler executed successfully
DEBUG: Executing route handler
DEBUG: Handler executed successfully
DEBUG: Executing route handler
DEBUG: Handler executed successfully
DEBUG: Executing route handler
DEBUG: Handler executed successfully
DEBUG: Executing route handler
DEBUG: Handler executed successfully
DEBUG: Executing route handler
DEBUG: Handler executed successfully
DEBUG: Executing route handler
DEBUG: Handler executed successfully
DEBUG: Executing route handler
DEBUG: Handler executed successfully
DEBUG: Executing route handler
DEBUG: Handler executed successfully
DEBUG: Executing route handler
DEBUG: Handler executed successfully
DEBUG: Executing route handler
DEBUG: Handler executed successfully
DEBUG: Executing route handler
DEBUG: Handler executed successfully
DEBUG: Executing route handler
DEBUG: Handler executed successfully
DEBUG: Executing route handler
DEBUG: Handler executed successfully
DEBUG: Executing route handler
DEBUG: Handler executed successfully
DEBUG: Executing route handler
DEBUG: Handler executed successfully
DEBUG: Executing route handler
DEBUG: Handler executed successfully
DEBUG: Executing route handler
DEBUG: Handler executed successfully
DEBUG: Executing route handler
DEBUG: Handler executed successfully
DEBUG: Executing route handler
DEBUG: Handler executed successfully
DEBUG: Executing route handler
DEBUG: Handler executed successfully
DEBUG: Executing route handler
DEBUG: Handler executed successfully
DEBUG: Executing route handler
DEBUG: Handler executed successfully
DEBUG: Executing route handler
DEBUG: Handler executed successfully
DEBUG: Executing route handler
DEBUG: Handler executed successfully
DEBUG: Executing route handler
DEBUG: Handler executed successfully
DEBUG: Executing route handler
DEBUG: Handler executed successfully
DEBUG: Executing route handler
DEBUG: Handler executed successfully
DEBUG: Executing route handler
DEBUG: Handler executed successfully
DEBUG: Executing route handler
DEBUG: Handler executed successfully
DEBUG: Executing route handler
DEBUG: Handler executed successfully
DEBUG: Executing route handler
DEBUG: Handler executed successfully
DEBUG: Executing route handler
DEBUG: Handler executed successfully
DEBUG: Executing route handler
DEBUG: Handler executed successfully
DEBUG: Executing route handler
DEBUG: Handler executed successfully
DEBUG: Executing route handler
DEBUG: Handler executed successfully
DEBUG: Executing route handler
DEBUG: Handler executed successfully
DEBUG: Executing route handler
DEBUG: Handler executed successfully
DEBUG: Executing route handler
DEBUG: Handler executed successfully
DEBUG: Executing route handler
DEBUG: Handler executed successfully
DEBUG: Executing route handler
DEBUG: Handler executed successfully
DEBUG: Executing route handler
DEBUG: Handler executed successfully
DEBUG: Executing route handler
DEBUG: Handler executed successfully
DEBUG: Executing route handler
DEBUG: Handler executed successfully
DEBUG: Executing route handler
DEBUG: Handler executed successfully
DEBUG: Executing route handler
DEBUG: Handler executed successfully
DEBUG: Executing route handler
DEBUG: Handler executed successfully
DEBUG: Executing route handler
DEBUG: Handler executed successfully
DEBUG: Executing route handler
DEBUG: Handler executed successfully
DEBUG: Executing route handler
DEBUG: Handler executed successfully
DEBUG: Executing route handler
DEBUG: Handler executed successfully
DEBUG: Executing route handler
DEBUG: Handler executed successfully
DEBUG: Executing route handler
DEBUG: Handler executed successfully
DEBUG: Executing route handler
DEBUG: Handler executed successfully
DEBUG: Executing route handler
DEBUG: Handler executed successfully
DEBUG: Executing route handler
DEBUG: Handler executed successfully
DEBUG: Executing route handler
DEBUG: Handler executed successfully
DEBUG: Executing route handler
DEBUG: Handler executed successfully
DEBUG: Executing route handler
DEBUG: Handler executed successfully
DEBUG: Executing route handler
DEBUG: Handler executed successfully
DEBUG: Executing route handler
DEBUG: Handler executed successfully
DEBUG: Executing route handler
DEBUG: Handler executed successfully
DEBUG: Executing route handler
DEBUG: Handler executed successfully
DEBUG: Executing route handler
DEBUG: Handler executed successfully
DEBUG: Executing route handler
DEBUG: Handler executed successfully
DEBUG: Executing route handler
DEBUG: Handler executed successfully
DEBUG: Executing route handler
DEBUG: Handler executed successfully
DEBUG: Executing route handler
DEBUG: Handler executed successfully
DEBUG: Executing route handler
DEBUG: Handler executed successfully
DEBUG: Executing route handler
DEBUG: Handler executed successfully
DEBUG: Executing route handler
DEBUG: Handler executed successfully
DEBUG: Executing route handler
DEBUG: Handler executed successfully
DEBUG: Executing route handler
DEBUG: Handler executed successfully
DEBUG: Executing route handler
DEBUG: Handler executed successfully
DEBUG: Executing route handler
DEBUG: Handler executed successfully
DEBUG: Executing route handler
DEBUG: Handler executed successfully
DEBUG: Executing route handler
DEBUG: Handler executed successfully
DEBUG: Executing route handler
DEBUG: Handler executed successfully
DEBUG: Executing route handler
DEBUG: Handler executed successfully
DEBUG: Executing route handler
DEBUG: Handler executed successfully
DEBUG: Executing route handler
DEBUG: Handler executed successfully
DEBUG: Executing route handler
DEBUG: Handler executed successfully
DEBUG: Executing route handler
DEBUG: Handler executed successfully
DEBUG: Executing route handler
DEBUG: Handler executed successfully
DEBUG: Executing route handler
DEBUG: Handler executed successfully
DEBUG: Executing route handler
DEBUG: Handler executed successfully
DEBUG: Executing route handler
DEBUG: Handler executed successfully
DEBUG: Executing route handler
DEBUG: Handler executed successfully
DEBUG: Executing route handler
DEBUG: Handler executed successfully
DEBUG: Executing route handler
DEBUG: Handler executed successfully
DEBUG: Executing route handler
DEBUG: Handler executed successfully
DEBUG: Executing route handler
DEBUG: Handler executed successfully
DEBUG: Executing route handler
DEBUG: Handler executed successfully
DEBUG: Executing route handler
DEBUG: Handler executed successfully
DEBUG: Executing route handler
DEBUG: Handler executed successfully
DEBUG: Executing route handler
DEBUG: Handler executed successfully
DEBUG: Executing route handler
DEBUG: Handler executed successfully
DEBUG: Executing route handler
DEBUG: Handler executed successfully
DEBUG: Executing route handler
DEBUG: Handler executed successfully
DEBUG: Executing route handler
DEBUG: Handler executed successfully
DEBUG: Executing route handler
DEBUG: Handler executed successfully
DEBUG: Executing route handler
DEBUG: Handler executed successfully
DEBUG: Executing route handler
DEBUG: Handler executed successfully
DEBUG: Executing route handler
DEBUG: Handler executed successfully
DEBUG: Executing route handler
DEBUG: Handler executed successfully
DEBUG: Executing route handler
DEBUG: Handler executed successfully
DEBUG: Executing route handler
DEBUG: Handler executed successfully
DEBUG: Executing route handler
DEBUG: Handler executed successfully
DEBUG: Executing route handler
DEBUG: Handler executed successfully
DEBUG: Executing route handler
DEBUG: Handler executed successfully
DEBUG: Executing route handler
DEBUG: Handler executed successfully
DEBUG: Executing route handler
DEBUG: Handler executed successfully
DEBUG: Executing route handler
DEBUG: Handler executed successfully
DEBUG: Executing route handler
DEBUG: Handler executed successfully
DEBUG: Executing route handler
DEBUG: Handler executed successfully
DEBUG: Executing route handler
DEBUG: Handler executed successfully
DEBUG: Executing route handler
DEBUG: Handler executed successfully
DEBUG: Executing route handler
DEBUG: Handler executed successfully
DEBUG: Executing route handler
DEBUG: Handler executed successfully
DEBUG: Executing route handler
DEBUG: Handler executed successfully
DEBUG: Executing route handler
DEBUG: Handler executed successfully
DEBUG: Executing route handler
DEBUG: Handler executed successfully
DEBUG: Executing route handler
DEBUG: Handler executed successfully
DEBUG: Executing route handler
DEBUG: Handler executed successfully
DEBUG: Executing route handler
DEBUG: Handler executed successfully
DEBUG: Executing route handler
DEBUG: Handler executed successfully
DEBUG: Executing route handler
DEBUG: Handler executed successfully
DEBUG: Executing route handler
DEBUG: Handler executed successfully
DEBUG: Executing route handler
DEBUG: Handler executed successfully
DEBUG: Executing route handler
DEBUG: Handler executed successfully
DEBUG: Executing route handler
DEBUG: Handler executed successfully
DEBUG: Executing route handler
DEBUG: Handler executed successfully
DEBUG: Executing route handler
DEBUG: Handler executed successfully
DEBUG: Executing route handler
DEBUG: Handler executed successfully
DEBUG: Executing route handler
DEBUG: Handler executed successfully
DEBUG: Executing route handler
DEBUG: Handler executed successfully
DEBUG: Executing route handler
DEBUG: Handler executed successfully
DEBUG: Executing route handler
DEBUG: Handler executed successfully
DEBUG: Executing route handler
DEBUG: Handler executed successfully
DEBUG: Executing route handler
DEBUG: Handler executed successfully
DEBUG: Executing route handler
DEBUG: Handler executed successfully
DEBUG: Executing route handler
DEBUG: Handler executed successfully
DEBUG: Executing route handler
DEBUG: Handler executed successfully
DEBUG: Executing route handler
DEBUG: Handler executed successfully
DEBUG: Executing route handler
DEBUG: Handler executed successfully
DEBUG: Executing route handler
DEBUG: Handler executed successfully
DEBUG: Executing route handler
DEBUG: Handler executed successfully
DEBUG: Executing route handler
DEBUG: Handler executed successfully
DEBUG: Executing route handler
DEBUG: Handler executed successfully
DEBUG: Executing route handler
DEBUG: Handler executed successfully
DEBUG: Executing route handler
DEBUG: Handler executed successfully
DEBUG: Executing route handler
DEBUG: Handler executed successfully
DEBUG: Executing route handler
DEBUG: Handler executed successfully
DEBUG: Executing route handler
DEBUG: Handler executed successfully
DEBUG: Executing route handler
DEBUG: Handler executed successfully
DEBUG: Executing route handler
DEBUG: Handler executed successfully
DEBUG: Executing route handler
DEBUG: Handler executed successfully
DEBUG: Executing route handler
DEBUG: Handler executed successfully
DEBUG: Executing route handler
DEBUG: Handler executed successfully
DEBUG: Executing route handler
DEBUG: Handler executed successfully
DEBUG: Executing route handler
DEBUG: Handler executed successfully
DEBUG: Executing route handler
DEBUG: Handler executed successfully
DEBUG: Executing route handler
DEBUG: Handler executed successfully
DEBUG: Executing route handler
DEBUG: Handler executed successfully
DEBUG: Executing route handler
DEBUG: Handler executed successfully
DEBUG: Executing route handler
DEBUG: Handler executed successfully
DEBUG: Executing route handler
DEBUG: Handler executed successfully
DEBUG: Executing route handler
DEBUG: Handler executed successfully
DEBUG: Executing route handler
DEBUG: Handler executed successfully
DEBUG: Executing route handler
DEBUG: Handler executed successfully
DEBUG: Executing route handler
DEBUG: Handler executed successfully
DEBUG: Executing route handler
DEBUG: Handler executed successfully
DEBUG: Executing route handler
DEBUG: Handler executed successfully
DEBUG: Executing route handler
DEBUG: Handler executed successfully
DEBUG: Executing route handler
DEBUG: Handler executed successfully
DEBUG: Executing route handler
DEBUG: Handler executed successfully
DEBUG: Executing route handler
DEBUG: Handler executed successfully
DEBUG: Executing route handler
DEBUG: Handler executed successfully
DEBUG: Executing route handler
DEBUG: Handler executed successfully
DEBUG: Executing route handler
DEBUG: Handler executed successfully
DEBUG: Executing route handler
DEBUG: Handler executed successfully
DEBUG: Executing route handler
DEBUG: Handler executed successfully
DEBUG: Executing route handler
DEBUG: Handler executed successfully
DEBUG: Executing route handler
DEBUG: Handler executed successfully
DEBUG: Executing route handler
DEBUG: Handler executed successfully
DEBUG: Executing route handler
DEBUG: Handler executed successfully
DEBUG: Executing route handler
DEBUG: Handler executed successfully
DEBUG: Executing route handler
DEBUG: Handler executed successfully
DEBUG: Executing route handler
DEBUG: Handler executed successfully
DEBUG: Executing route handler
DEBUG: Handler executed successfully
DEBUG: Executing route handler
DEBUG: Handler executed successfully
DEBUG: Executing route handler
DEBUG: Handler executed successfully
DEBUG: Executing route handler
DEBUG: Handler executed successfully
DEBUG: Executing route handler
DEBUG: Handler executed successfully
DEBUG: Executing route handler
DEBUG: Handler executed successfully
DEBUG: Executing route handler
DEBUG: Handler executed successfully
DEBUG: Executing route handler
DEBUG: Handler executed successfully
DEBUG: Executing route handler
DEBUG: Handler executed successfully
DEBUG: Executing route handler
DEBUG: Handler executed successfully
DEBUG: Executing route handler
DEBUG: Handler executed successfully
DEBUG: Executing route handler
DEBUG: Handler executed successfully
DEBUG: Executing route handler
DEBUG: Handler executed successfully
DEBUG: Executing route handler
DEBUG: Handler executed successfully
DEBUG: Executing route handler
DEBUG: Handler executed successfully
DEBUG: Executing route handler
DEBUG: Handler executed successfully
DEBUG: Executing route handler
DEBUG: Handler executed successfully
DEBUG: Executing route handler
DEBUG: Handler executed successfully
DEBUG: Executing route handler
DEBUG: Handler executed successfully
DEBUG: Executing route handler
DEBUG: Handler executed successfully
DEBUG: Executing route handler
DEBUG: Handler executed successfully
DEBUG: Executing route handler
DEBUG: Handler executed successfully
DEBUG: Executing route handler
DEBUG: Handler executed successfully
DEBUG: Executing route handler
DEBUG: Handler executed successfully
DEBUG: Executing route handler
DEBUG: Handler executed successfully
DEBUG: Executing route handler
DEBUG: Handler executed successfully
DEBUG: Executing route handler
DEBUG: Handler executed successfully
DEBUG: Executing route handler
DEBUG: Handler executed successfully
DEBUG: Executing route handler
DEBUG: Handler executed successfully
DEBUG: Executing route handler
DEBUG: Handler executed successfully
DEBUG: Executing route handler
DEBUG: Handler executed successfully
DEBUG: Executing route handler
DEBUG: Handler executed successfully
DEBUG: Executing route handler
DEBUG: Handler executed successfully
DEBUG: Executing route handler
DEBUG: Handler executed successfully
DEBUG: Executing route handler
DEBUG: Handler executed successfully
DEBUG: Executing route handler
DEBUG: Handler executed successfully
DEBUG: Executing route handler
DEBUG: Handler executed successfully
DEBUG: Executing route handler
DEBUG: Handler executed successfully
DEBUG: Executing route handler
DEBUG: Handler executed successfully
DEBUG: Executing route handler
DEBUG: Handler executed successfully
DEBUG: Executing route handler
DEBUG: Handler executed successfully
DEBUG: Executing route handler
DEBUG: Handler executed successfully
DEBUG: Executing route handler
DEBUG: Handler executed successfully
DEBUG: Executing route handler
DEBUG: Handler executed successfully
DEBUG: Executing route handler
DEBUG: Handler executed successfully
DEBUG: Executing route handler
DEBUG: Handler executed successfully
DEBUG: Executing route handler
DEBUG: Handler executed successfully
DEBUG: Executing route handler
DEBUG: Handler executed successfully
DEBUG: Executing route handler
DEBUG: Handler executed successfully
DEBUG: Executing route handler
DEBUG: Handler executed successfully
DEBUG: Executing route handler
DEBUG: Handler executed successfully
DEBUG: Executing route handler
DEBUG: Handler executed successfully
DEBUG: Executing route handler
DEBUG: Handler executed successfully
DEBUG: Executing route handler
DEBUG: Handler executed successfully
DEBUG: Executing route handler
DEBUG: Handler executed successfully
DEBUG: Executing route handler
DEBUG: Handler executed successfully
DEBUG: Executing route handler
DEBUG: Handler executed successfully
DEBUG: Executing route handler
DEBUG: Handler executed successfully
DEBUG: Executing route handler
DEBUG: Handler executed successfully
DEBUG: Executing route handler
DEBUG: Handler executed successfully
DEBUG: Executing route handler
DEBUG: Handler executed successfully
DEBUG: Executing route handler
DEBUG: Handler executed successfully
DEBUG: Executing route handler
DEBUG: Handler executed successfully
DEBUG: Executing route handler
DEBUG: Handler executed successfully
DEBUG: Executing route handler
DEBUG: Handler executed successfully
DEBUG: Executing route handler
DEBUG: Handler executed successfully
DEBUG: Executing route handler
DEBUG: Handler executed successfully
DEBUG: Executing route handler
DEBUG: Handler executed successfully
DEBUG: Executing route handler
DEBUG: Handler executed successfully
DEBUG: Executing route handler
DEBUG: Handler executed successfully
DEBUG: Executing route handler
DEBUG: Handler executed successfully
DEBUG: Executing route handler
DEBUG: Handler executed successfully
DEBUG: Executing route handler
DEBUG: Handler executed successfully
DEBUG: Executing route handler
DEBUG: Handler executed successfully
DEBUG: Executing route handler
DEBUG: Handler executed successfully
DEBUG: Executing route handler
DEBUG: Handler executed successfully
DEBUG: Executing route handler
DEBUG: Handler executed successfully
DEBUG: Executing route handler
DEBUG: Handler executed successfully
DEBUG: Executing route handler
DEBUG: Handler executed successfully
DEBUG: Executing route handler
DEBUG: Handler executed successfully
DEBUG: Executing route handler
DEBUG: Handler executed successfully
DEBUG: Executing route handler
DEBUG: Handler executed successfully
DEBUG: Executing route handler
DEBUG: Handler executed successfully
DEBUG: Executing route handler
DEBUG: Handler executed successfully
DEBUG: Executing route handler
DEBUG: Handler executed successfully
DEBUG: Executing route handler
DEBUG: Handler executed successfully
DEBUG: Executing route handler
DEBUG: Handler executed successfully
DEBUG: Executing route handler
DEBUG: Handler executed successfully
DEBUG: Executing route handler
DEBUG: Handler executed successfully
DEBUG: Executing route handler
DEBUG: Handler executed successfully
DEBUG: Executing route handler
DEBUG: Handler executed successfully
DEBUG: Executing route handler
DEBUG: Handler executed successfully
DEBUG: Executing route handler
DEBUG: Handler executed successfully
DEBUG: Executing route handler
DEBUG: Handler executed successfully
DEBUG: Executing route handler
DEBUG: Handler executed successfully
DEBUG: Executing route handler
DEBUG: Handler executed successfully
DEBUG: Executing route handler
DEBUG: Handler executed successfully
DEBUG: Executing route handler
DEBUG: Handler executed successfully
DEBUG: Executing route handler
DEBUG: Handler executed successfully
DEBUG: Executing route handler
DEBUG: Handler executed successfully
DEBUG: Executing route handler
DEBUG: Handler executed successfully
DEBUG: Executing route handler
DEBUG: Handler executed successfully
DEBUG: Executing route handler
DEBUG: Handler executed successfully
DEBUG: Executing route handler
DEBUG: Handler executed successfully
DEBUG: Executing route handler
DEBUG: Handler executed successfully
DEBUG: Executing route handler
DEBUG: Handler executed successfully
DEBUG: Executing route handler
DEBUG: Handler executed successfully
DEBUG: Executing route handler
DEBUG: Handler executed successfully
DEBUG: Executing route handler
DEBUG: Handler executed successfully
DEBUG: Executing route handler
DEBUG: Handler executed successfully
DEBUG: Executing route handler
DEBUG: Handler executed successfully
DEBUG: Executing route handler
DEBUG: Handler executed successfully
DEBUG: Executing route handler
DEBUG: Handler executed successfully
DEBUG: Executing route handler
DEBUG: Handler executed successfully
DEBUG: Executing route handler
DEBUG: Handler executed successfully
DEBUG: Executing route handler
DEBUG: Handler executed successfully
DEBUG: Executing route handler
DEBUG: Handler executed successfully
DEBUG: Executing route handler
DEBUG: Handler executed successfully
DEBUG: Executing route handler
DEBUG: Handler executed successfully
DEBUG: Executing route handler
DEBUG: Handler executed successfully
DEBUG: Executing route handler
DEBUG: Handler executed successfully
DEBUG: Executing route handler
DEBUG: Handler executed successfully
DEBUG: Executing route handler
DEBUG: Handler executed successfully
DEBUG: Executing route handler
DEBUG: Handler executed successfully
DEBUG: Executing route handler
DEBUG: Handler executed successfully
DEBUG: Executing route handler
DEBUG: Handler executed successfully
DEBUG: Executing route handler
DEBUG: Handler executed successfully
DEBUG: Executing route handler
DEBUG: Handler executed successfully
DEBUG: Executing route handler
DEBUG: Handler executed successfully
DEBUG: Executing route handler
DEBUG: Handler executed successfully
DEBUG: Executing route handler
DEBUG: Handler executed successfully
DEBUG: Executing route handler
DEBUG: Handler executed successfully
DEBUG: Executing route handler
DEBUG: Handler executed successfully
DEBUG: Executing route handler
DEBUG: Handler executed successfully
DEBUG: Executing route handler
DEBUG: Handler executed successfully
DEBUG: Executing route handler
DEBUG: Handler executed successfully
DEBUG: Executing route handler
DEBUG: Handler executed successfully
DEBUG: Executing route handler
DEBUG: Handler executed successfully
DEBUG: Executing route handler
DEBUG: Handler executed successfully
DEBUG: Executing route handler
DEBUG: Handler executed successfully
DEBUG: Executing route handler
DEBUG: Handler executed successfully
DEBUG: Executing route handler
DEBUG: Handler executed successfully
DEBUG: Executing route handler
DEBUG: Handler executed successfully
DEBUG: Executing route handler
DEBUG: Handler executed successfully
DEBUG: Executing route handler
DEBUG: Handler executed successfully
DEBUG: Executing route handler
DEBUG: Handler executed successfully
DEBUG: Executing route handler
DEBUG: Handler executed successfully
DEBUG: Executing route handler
DEBUG: Handler executed successfully
DEBUG: Executing route handler
DEBUG: Handler executed successfully
DEBUG: Executing route handler
DEBUG: Handler executed successfully
DEBUG: Executing route handler
DEBUG: Handler executed successfully
DEBUG: Executing route handler
DEBUG: Handler executed successfully
DEBUG: Executing route handler
DEBUG: Handler executed successfully
DEBUG: Executing route handler
DEBUG: Handler executed successfully
DEBUG: Executing route handler
DEBUG: Handler executed successfully
DEBUG: Executing route handler
DEBUG: Handler executed successfully
DEBUG: Executing route handler
DEBUG: Handler executed successfully
DEBUG: Executing route handler
DEBUG: Handler executed successfully
DEBUG: Executing route handler
DEBUG: Handler executed successfully
DEBUG: Executing route handler
DEBUG: Handler executed successfully
DEBUG: Executing route handler
DEBUG: Handler executed successfully
DEBUG: Executing route handler
DEBUG: Handler executed successfully
DEBUG: Executing route handler
DEBUG: Handler executed successfully
DEBUG: Executing route handler
DEBUG: Handler executed successfully
DEBUG: Executing route handler
DEBUG: Handler executed successfully
DEBUG: Executing route handler
DEBUG: Handler executed successfully
DEBUG: Executing route handler
DEBUG: Handler executed successfully
DEBUG: Executing route handler
DEBUG: Handler executed successfully
DEBUG: Executing route handler
DEBUG: Handler executed successfully
DEBUG: Executing route handler
DEBUG: Handler executed successfully
DEBUG: Executing route handler
DEBUG: Handler executed successfully
DEBUG: Executing route handler
DEBUG: Handler executed successfully
DEBUG: Executing route handler
DEBUG: Handler executed successfully
DEBUG: Executing route handler
DEBUG: Handler executed successfully
DEBUG: Executing route handler
DEBUG: Handler executed successfully
DEBUG: Executing route handler
DEBUG: Handler executed successfully
DEBUG: Executing route handler
DEBUG: Handler executed successfully
DEBUG: Executing route handler
DEBUG: Handler executed successfully
DEBUG: Executing route handler
DEBUG: Handler executed successfully
DEBUG: Executing route handler
DEBUG: Handler executed successfully
DEBUG: Executing route handler
DEBUG: Handler executed successfully
DEBUG: Executing route handler
DEBUG: Handler executed successfully
DEBUG: Executing route handler
DEBUG: Handler executed successfully
DEBUG: Executing route handler
DEBUG: Handler executed successfully
DEBUG: Executing route handler
DEBUG: Handler executed successfully
DEBUG: Executing route handler
DEBUG: Handler executed successfully
DEBUG: Executing route handler
DEBUG: Handler executed successfully
DEBUG: Executing route handler
DEBUG: Handler executed successfully
DEBUG: Executing route handler
DEBUG: Handler executed successfully
DEBUG: Executing route handler
DEBUG: Handler executed successfully
DEBUG: Executing route handler
DEBUG: Handler executed successfully
DEBUG: Executing route handler
DEBUG: Handler executed successfully
DEBUG: Executing route handler
DEBUG: Handler executed successfully
DEBUG: Executing route handler
DEBUG: Handler executed successfully
DEBUG: Executing route handler
DEBUG: Handler executed successfully
DEBUG: Executing route handler
DEBUG: Handler executed successfully
DEBUG: Executing route handler
DEBUG: Handler executed successfully
DEBUG: Executing route handler
DEBUG: Handler executed successfully
DEBUG: Executing route handler
DEBUG: Handler executed successfully
DEBUG: Executing route handler
DEBUG: Handler executed successfully
DEBUG: Executing route handler
DEBUG: Handler executed successfully
DEBUG: Executing route handler
DEBUG: Handler executed successfully
DEBUG: Executing route handler
DEBUG: Handler executed successfully
DEBUG: Executing route handler
DEBUG: Handler executed successfully
DEBUG: Executing route handler
DEBUG: Handler executed successfully
DEBUG: Executing route handler
DEBUG: Handler executed successfully
DEBUG: Executing route handler
DEBUG: Handler executed successfully
DEBUG: Executing route handler
DEBUG: Handler executed successfully
DEBUG: Executing route handler
DEBUG: Handler executed successfully
DEBUG: Executing route handler
DEBUG: Handler executed successfully
DEBUG: Executing route handler
DEBUG: Handler executed successfully
DEBUG: Executing route handler
DEBUG: Handler executed successfully
DEBUG: Executing route handler
DEBUG: Handler executed successfully
DEBUG: Executing route handler
DEBUG: Handler executed successfully
DEBUG: Executing route handler
DEBUG: Handler executed successfully
DEBUG: Executing route handler
DEBUG: Handler executed successfully
DEBUG: Executing route handler
DEBUG: Handler executed successfully
DEBUG: Executing route handler
DEBUG: Handler executed successfully
DEBUG: Executing route handler
DEBUG: Handler executed successfully
DEBUG: Executing route handler
DEBUG: Handler executed successfully
DEBUG: Executing route handler
DEBUG: Handler executed successfully
DEBUG: Executing route handler
DEBUG: Handler executed successfully
DEBUG: Executing route handler
DEBUG: Handler executed successfully
DEBUG: Executing route handler
DEBUG: Handler executed successfully
DEBUG: Executing route handler
DEBUG: Handler executed successfully
DEBUG: Executing route handler
DEBUG: Handler executed successfully
DEBUG: Executing route handler
DEBUG: Handler executed successfully
DEBUG: Executing route handler
DEBUG: Handler executed successfully
DEBUG: Executing route handler
DEBUG: Handler executed successfully
DEBUG: Executing route handler
DEBUG: Handler executed successfully
DEBUG: Executing route handler
DEBUG: Handler executed successfully
DEBUG: Executing route handler
DEBUG: Handler executed successfully
DEBUG: Executing route handler
DEBUG: Handler executed successfully
DEBUG: Executing route handler
DEBUG: Handler executed successfully
DEBUG: Executing route handler
DEBUG: Handler executed successfully
DEBUG: Executing route handler
DEBUG: Handler executed successfully
DEBUG: Executing route handler
DEBUG: Handler executed successfully
DEBUG: Executing route handler
DEBUG: Handler executed successfully
DEBUG: Executing route handler
DEBUG: Handler executed successfully
DEBUG: Executing route handler
DEBUG: Handler executed successfully
DEBUG: Executing route handler
DEBUG: Handler executed successfully
DEBUG: Executing route handler
DEBUG: Handler executed successfully
DEBUG: Executing route handler
DEBUG: Handler executed successfully
DEBUG: Executing route handler
DEBUG: Handler executed successfully
DEBUG: Executing route handler
DEBUG: Handler executed successfully
DEBUG: Executing route handler
DEBUG: Handler executed successfully
DEBUG: Executing route handler
DEBUG: Handler executed successfully
DEBUG: Executing route handler
DEBUG: Handler executed successfully
DEBUG: Executing route handler
DEBUG: Handler executed successfully
DEBUG: Executing route handler
DEBUG: Handler executed successfully
DEBUG: Executing route handler
DEBUG: Handler executed successfully
DEBUG: Executing route handler
DEBUG: Handler executed successfully
DEBUG: Executing route handler
DEBUG: Handler executed successfully
DEBUG: Executing route handler
DEBUG: Handler executed successfully
DEBUG: Executing route handler
DEBUG: Handler executed successfully
DEBUG: Executing route handler
DEBUG: Handler executed successfully
DEBUG: Executing route handler
DEBUG: Handler executed successfully
DEBUG: Executing route handler
DEBUG: Handler executed successfully
DEBUG: Executing route handler
DEBUG: Handler executed successfully
DEBUG: Executing route handler
DEBUG: Handler executed successfully
DEBUG: Executing route handler
DEBUG: Handler executed successfully
DEBUG: Executing route handler
DEBUG: Handler executed successfully
DEBUG: Executing route handler
DEBUG: Handler executed successfully
DEBUG: Executing route handler
DEBUG: Handler executed successfully
DEBUG: Executing route handler
DEBUG: Handler executed successfully
DEBUG: Executing route handler
DEBUG: Handler executed successfully
DEBUG: Executing route handler
DEBUG: Handler executed successfully
DEBUG: Executing route handler
DEBUG: Handler executed successfully
DEBUG: Executing route handler
DEBUG: Handler executed successfully
DEBUG: Executing route handler
DEBUG: Handler executed successfully
DEBUG: Executing route handler
DEBUG: Handler executed successfully
DEBUG: Executing route handler
DEBUG: Handler executed successfully
DEBUG: Executing route handler
DEBUG: Handler executed successfully
DEBUG: Executing route handler
DEBUG: Handler executed successfully
DEBUG: Executing route handler
DEBUG: Handler executed successfully
DEBUG: Executing route handler
DEBUG: Handler executed successfully
DEBUG: Executing route handler
DEBUG: Handler executed successfully
DEBUG: Executing route handler
DEBUG: Handler executed successfully
DEBUG: Executing route handler
DEBUG: Handler executed successfully
DEBUG: Executing route handler
DEBUG: Handler executed successfully
DEBUG: Executing route handler
DEBUG: Handler executed successfully
DEBUG: Executing route handler
DEBUG: Handler executed successfully
DEBUG: Executing route handler
DEBUG: Handler executed successfully
DEBUG: Executing route handler
DEBUG: Handler executed successfully
DEBUG: Executing route handler
DEBUG: Handler executed successfully
DEBUG: Executing route handler
DEBUG: Handler executed successfully
DEBUG: Executing route handler
DEBUG: Handler executed successfully
DEBUG: Executing route handler
DEBUG: Handler executed successfully
DEBUG: Executing route handler
DEBUG: Handler executed successfully
DEBUG: Executing route handler
DEBUG: Handler executed successfully
DEBUG: Executing route handler
DEBUG: Handler executed successfully
DEBUG: Executing route handler
DEBUG: Handler executed successfully
DEBUG: Executing route handler
DEBUG: Handler executed successfully
DEBUG: Executing route handler
DEBUG: Handler executed successfully
DEBUG: Executing route handler
DEBUG: Handler executed successfully
DEBUG: Executing route handler
DEBUG: Handler executed successfully
DEBUG: Executing route handler
DEBUG: Handler executed successfully
DEBUG: Executing route handler
DEBUG: Handler executed successfully
DEBUG: Executing route handler
DEBUG: Handler executed successfully
DEBUG: Executing route handler
DEBUG: Handler executed successfully
DEBUG: Executing route handler
DEBUG: Handler executed successfully
DEBUG: Executing route handler
DEBUG: Handler executed successfully
DEBUG: Executing route handler
DEBUG: Handler executed successfully
DEBUG: Executing route handler
DEBUG: Handler executed successfully
DEBUG: Executing route handler
DEBUG: Handler executed successfully
DEBUG: Executing route handler
DEBUG: Handler executed successfully
DEBUG: Executing route handler
DEBUG: Handler executed successfully
DEBUG: Executing route handler
DEBUG: Handler executed successfully
DEBUG: Executing route handler
DEBUG: Handler executed successfully
DEBUG: Executing route handler
DEBUG: Handler executed successfully
DEBUG: Executing route handler
DEBUG: Handler executed successfully
DEBUG: Executing route handler
DEBUG: Handler executed successfully
DEBUG: Executing route handler
DEBUG: Handler executed successfully
DEBUG: Executing route handler
DEBUG: Handler executed successfully
DEBUG: Executing route handler
DEBUG: Handler executed successfully
DEBUG: Executing route handler
DEBUG: Handler executed successfully
DEBUG: Executing route handler
DEBUG: Handler executed successfully
DEBUG: Executing route handler
DEBUG: Handler executed successfully
DEBUG: Executing route handler
DEBUG: Handler executed successfully
DEBUG: Executing route handler
DEBUG: Handler executed successfully
DEBUG: Executing route handler
DEBUG: Handler executed successfully
DEBUG: Executing route handler
DEBUG: Handler executed successfully
DEBUG: Executing route handler
DEBUG: Handler executed successfully
DEBUG: Executing route handler
DEBUG: Handler executed successfully
DEBUG: Executing route handler
DEBUG: Handler executed successfully
DEBUG: Executing route handler
DEBUG: Handler executed successfully
DEBUG: Executing route handler
DEBUG: Handler executed successfully
DEBUG: Executing route handler
DEBUG: Handler executed successfully
DEBUG: Executing route handler
DEBUG: Handler executed successfully
DEBUG: Executing route handler
DEBUG: Handler executed successfully
DEBUG: Executing route handler
DEBUG: Handler executed successfully
DEBUG: Executing route handler
DEBUG: Handler executed successfully
DEBUG: Executing route handler
DEBUG: Handler executed successfully
DEBUG: Executing route handler
DEBUG: Handler executed successfully
DEBUG: Executing route handler
DEBUG: Handler executed successfully
    httpserver_benchmark_test.go:349: 鉁?Text Response:
    httpserver_benchmark_test.go:350:    - 鎬昏€楁椂: 95.6466ms
    httpserver_benchmark_test.go:351:    - 骞冲潎寤惰繜: 95.646碌s
    httpserver_benchmark_test.go:352:    - 璇锋眰/绉? 10455.15 req/s
DEBUG: Executing route handler
DEBUG: json() called with data: map[data:map[id:1 name:Test] status:success]
DEBUG: json() wrote 50 bytes, error: <nil>
DEBUG: Handler executed successfully
DEBUG: Executing route handler
DEBUG: json() called with data: map[data:map[id:1 name:Test] status:success]
DEBUG: json() wrote 50 bytes, error: <nil>
DEBUG: Handler executed successfully
DEBUG: Executing route handler
DEBUG: json() called with data: map[data:map[id:1 name:Test] status:success]
DEBUG: json() wrote 50 bytes, error: <nil>
DEBUG: Handler executed successfully
DEBUG: Executing route handler
DEBUG: json() called with data: map[data:map[id:1 name:Test] status:success]
DEBUG: json() wrote 50 bytes, error: <nil>
DEBUG: Handler executed successfully
DEBUG: Executing route handler
DEBUG: json() called with data: map[data:map[id:1 name:Test] status:success]
DEBUG: json() wrote 50 bytes, error: <nil>
DEBUG: Handler executed successfully
DEBUG: Executing route handler
DEBUG: json() called with data: map[data:map[id:1 name:Test] status:success]
DEBUG: json() wrote 50 bytes, error: <nil>
DEBUG: Handler executed successfully
DEBUG: Executing route handler
DEBUG: json() called with data: map[data:map[id:1 name:Test] status:success]
DEBUG: json() wrote 50 bytes, error: <nil>
DEBUG: Handler executed successfully
DEBUG: Executing route handler
DEBUG: json() called with data: map[data:map[id:1 name:Test] status:success]
DEBUG: json() wrote 50 bytes, error: <nil>
DEBUG: Handler executed successfully
DEBUG: Executing route handler
DEBUG: json() called with data: map[data:map[id:1 name:Test] status:success]
DEBUG: json() wrote 50 bytes, error: <nil>
DEBUG: Handler executed successfully
DEBUG: Executing route handler
DEBUG: json() called with data: map[data:map[id:1 name:Test] status:success]
DEBUG: json() wrote 50 bytes, error: <nil>
DEBUG: Handler executed successfully
DEBUG: Executing route handler
DEBUG: json() called with data: map[data:map[id:1 name:Test] status:success]
DEBUG: json() wrote 50 bytes, error: <nil>
DEBUG: Handler executed successfully
DEBUG: Executing route handler
DEBUG: json() called with data: map[data:map[id:1 name:Test] status:success]
DEBUG: json() wrote 50 bytes, error: <nil>
DEBUG: Handler executed successfully
DEBUG: Executing route handler
DEBUG: json() called with data: map[data:map[id:1 name:Test] status:success]
DEBUG: json() wrote 50 bytes, error: <nil>
DEBUG: Handler executed successfully
DEBUG: Executing route handler
DEBUG: json() called with data: map[data:map[id:1 name:Test] status:success]
DEBUG: json() wrote 50 bytes, error: <nil>
DEBUG: Handler executed successfully
DEBUG: Executing route handler
DEBUG: json() called with data: map[data:map[id:1 name:Test] status:success]
DEBUG: json() wrote 50 bytes, error: <nil>
DEBUG: Handler executed successfully
DEBUG: Executing route handler
DEBUG: json() called with data: map[data:map[id:1 name:Test] status:success]
DEBUG: json() wrote 50 bytes, error: <nil>
DEBUG: Handler executed successfully
DEBUG: Executing route handler
DEBUG: json() called with data: map[data:map[id:1 name:Test] status:success]
DEBUG: json() wrote 50 bytes, error: <nil>
DEBUG: Handler executed successfully
DEBUG: Executing route handler
DEBUG: json() called with data: map[data:map[id:1 name:Test] status:success]
DEBUG: json() wrote 50 bytes, error: <nil>
DEBUG: Handler executed successfully
DEBUG: Executing route handler
DEBUG: json() called with data: map[data:map[id:1 name:Test] status:success]
DEBUG: json() wrote 50 bytes, error: <nil>
DEBUG: Handler executed successfully
DEBUG: Executing route handler
DEBUG: json() called with data: map[data:map[id:1 name:Test] status:success]
DEBUG: json() wrote 50 bytes, error: <nil>
DEBUG: Handler executed successfully
DEBUG: Executing route handler
DEBUG: json() called with data: map[data:map[id:1 name:Test] status:success]
DEBUG: json() wrote 50 bytes, error: <nil>
DEBUG: Handler executed successfully
DEBUG: Executing route handler
DEBUG: json() called with data: map[data:map[id:1 name:Test] status:success]
DEBUG: json() wrote 50 bytes, error: <nil>
DEBUG: Handler executed successfully
DEBUG: Executing route handler
DEBUG: json() called with data: map[data:map[id:1 name:Test] status:success]
DEBUG: json() wrote 50 bytes, error: <nil>
DEBUG: Handler executed successfully
DEBUG: Executing route handler
DEBUG: json() called with data: map[data:map[id:1 name:Test] status:success]
DEBUG: json() wrote 50 bytes, error: <nil>
DEBUG: Handler executed successfully
DEBUG: Executing route handler
DEBUG: json() called with data: map[data:map[id:1 name:Test] status:success]
DEBUG: json() wrote 50 bytes, error: <nil>
DEBUG: Handler executed successfully
DEBUG: Executing route handler
DEBUG: json() called with data: map[data:map[id:1 name:Test] status:success]
DEBUG: json() wrote 50 bytes, error: <nil>
DEBUG: Handler executed successfully
DEBUG: Executing route handler
DEBUG: json() called with data: map[data:map[id:1 name:Test] status:success]
DEBUG: json() wrote 50 bytes, error: <nil>
DEBUG: Handler executed successfully
DEBUG: Executing route handler
DEBUG: json() called with data: map[data:map[id:1 name:Test] status:success]
DEBUG: json() wrote 50 bytes, error: <nil>
DEBUG: Handler executed successfully
DEBUG: Executing route handler
DEBUG: json() called with data: map[data:map[id:1 name:Test] status:success]
DEBUG: json() wrote 50 bytes, error: <nil>
DEBUG: Handler executed successfully
DEBUG: Executing route handler
DEBUG: json() called with data: map[data:map[id:1 name:Test] status:success]
DEBUG: json() wrote 50 bytes, error: <nil>
DEBUG: Handler executed successfully
DEBUG: Executing route handler
DEBUG: json() called with data: map[data:map[id:1 name:Test] status:success]
DEBUG: json() wrote 50 bytes, error: <nil>
DEBUG: Handler executed successfully
DEBUG: Executing route handler
DEBUG: json() called with data: map[data:map[id:1 name:Test] status:success]
DEBUG: json() wrote 50 bytes, error: <nil>
DEBUG: Handler executed successfully
DEBUG: Executing route handler
DEBUG: json() called with data: map[data:map[id:1 name:Test] status:success]
DEBUG: json() wrote 50 bytes, error: <nil>
DEBUG: Handler executed successfully
DEBUG: Executing route handler
DEBUG: json() called with data: map[data:map[id:1 name:Test] status:success]
DEBUG: json() wrote 50 bytes, error: <nil>
DEBUG: Handler executed successfully
DEBUG: Executing route handler
DEBUG: json() called with data: map[data:map[id:1 name:Test] status:success]
DEBUG: json() wrote 50 bytes, error: <nil>
DEBUG: Handler executed successfully
DEBUG: Executing route handler
DEBUG: json() called with data: map[data:map[id:1 name:Test] status:success]
DEBUG: json() wrote 50 bytes, error: <nil>
DEBUG: Handler executed successfully
DEBUG: Executing route handler
DEBUG: json() called with data: map[data:map[id:1 name:Test] status:success]
DEBUG: json() wrote 50 bytes, error: <nil>
DEBUG: Handler executed successfully
DEBUG: Executing route handler
DEBUG: json() called with data: map[data:map[id:1 name:Test] status:success]
DEBUG: json() wrote 50 bytes, error: <nil>
DEBUG: Handler executed successfully
DEBUG: Executing route handler
DEBUG: json() called with data: map[data:map[id:1 name:Test] status:success]
DEBUG: json() wrote 50 bytes, error: <nil>
DEBUG: Handler executed successfully
DEBUG: Executing route handler
DEBUG: json() called with data: map[data:map[id:1 name:Test] status:success]
DEBUG: json() wrote 50 bytes, error: <nil>
DEBUG: Handler executed successfully
DEBUG: Executing route handler
DEBUG: json() called with data: map[data:map[id:1 name:Test] status:success]
DEBUG: json() wrote 50 bytes, error: <nil>
DEBUG: Handler executed successfully
DEBUG: Executing route handler
DEBUG: json() called with data: map[data:map[id:1 name:Test] status:success]
DEBUG: json() wrote 50 bytes, error: <nil>
DEBUG: Handler executed successfully
DEBUG: Executing route handler
DEBUG: json() called with data: map[data:map[id:1 name:Test] status:success]
DEBUG: json() wrote 50 bytes, error: <nil>
DEBUG: Handler executed successfully
DEBUG: Executing route handler
DEBUG: json() called with data: map[data:map[id:1 name:Test] status:success]
DEBUG: json() wrote 50 bytes, error: <nil>
DEBUG: Handler executed successfully
DEBUG: Executing route handler
DEBUG: json() called with data: map[data:map[id:1 name:Test] status:success]
DEBUG: json() wrote 50 bytes, error: <nil>
DEBUG: Handler executed successfully
DEBUG: Executing route handler
DEBUG: json() called with data: map[data:map[id:1 name:Test] status:success]
DEBUG: json() wrote 50 bytes, error: <nil>
DEBUG: Handler executed successfully
DEBUG: Executing route handler
DEBUG: json() called with data: map[data:map[id:1 name:Test] status:success]
DEBUG: json() wrote 50 bytes, error: <nil>
DEBUG: Handler executed successfully
DEBUG: Executing route handler
DEBUG: json() called with data: map[data:map[id:1 name:Test] status:success]
DEBUG: json() wrote 50 bytes, error: <nil>
DEBUG: Handler executed successfully
DEBUG: Executing route handler
DEBUG: json() called with data: map[data:map[id:1 name:Test] status:success]
DEBUG: json() wrote 50 bytes, error: <nil>
DEBUG: Handler executed successfully
DEBUG: Executing route handler
DEBUG: json() called with data: map[data:map[id:1 name:Test] status:success]
DEBUG: json() wrote 50 bytes, error: <nil>
DEBUG: Handler executed successfully
DEBUG: Executing route handler
DEBUG: json() called with data: map[data:map[id:1 name:Test] status:success]
DEBUG: json() wrote 50 bytes, error: <nil>
DEBUG: Handler executed successfully
DEBUG: Executing route handler
DEBUG: json() called with data: map[data:map[id:1 name:Test] status:success]
DEBUG: json() wrote 50 bytes, error: <nil>
DEBUG: Handler executed successfully
DEBUG: Executing route handler
DEBUG: json() called with data: map[data:map[id:1 name:Test] status:success]
DEBUG: json() wrote 50 bytes, error: <nil>
DEBUG: Handler executed successfully
DEBUG: Executing route handler
DEBUG: json() called with data: map[data:map[id:1 name:Test] status:success]
DEBUG: json() wrote 50 bytes, error: <nil>
DEBUG: Handler executed successfully
DEBUG: Executing route handler
DEBUG: json() called with data: map[data:map[id:1 name:Test] status:success]
DEBUG: json() wrote 50 bytes, error: <nil>
DEBUG: Handler executed successfully
DEBUG: Executing route handler
DEBUG: json() called with data: map[data:map[id:1 name:Test] status:success]
DEBUG: json() wrote 50 bytes, error: <nil>
DEBUG: Handler executed successfully
DEBUG: Executing route handler
DEBUG: json() called with data: map[data:map[id:1 name:Test] status:success]
DEBUG: json() wrote 50 bytes, error: <nil>
DEBUG: Handler executed successfully
DEBUG: Executing route handler
DEBUG: json() called with data: map[data:map[id:1 name:Test] status:success]
DEBUG: json() wrote 50 bytes, error: <nil>
DEBUG: Handler executed successfully
DEBUG: Executing route handler
DEBUG: json() called with data: map[data:map[id:1 name:Test] status:success]
DEBUG: json() wrote 50 bytes, error: <nil>
DEBUG: Handler executed successfully
DEBUG: Executing route handler
DEBUG: json() called with data: map[data:map[id:1 name:Test] status:success]
DEBUG: json() wrote 50 bytes, error: <nil>
DEBUG: Handler executed successfully
DEBUG: Executing route handler
DEBUG: json() called with data: map[data:map[id:1 name:Test] status:success]
DEBUG: json() wrote 50 bytes, error: <nil>
DEBUG: Handler executed successfully
DEBUG: Executing route handler
DEBUG: json() called with data: map[data:map[id:1 name:Test] status:success]
DEBUG: json() wrote 50 bytes, error: <nil>
DEBUG: Handler executed successfully
DEBUG: Executing route handler
DEBUG: json() called with data: map[data:map[id:1 name:Test] status:success]
DEBUG: json() wrote 50 bytes, error: <nil>
DEBUG: Handler executed successfully
DEBUG: Executing route handler
DEBUG: json() called with data: map[data:map[id:1 name:Test] status:success]
DEBUG: json() wrote 50 bytes, error: <nil>
DEBUG: Handler executed successfully
DEBUG: Executing route handler
DEBUG: json() called with data: map[data:map[id:1 name:Test] status:success]
DEBUG: json() wrote 50 bytes, error: <nil>
DEBUG: Handler executed successfully
DEBUG: Executing route handler
DEBUG: json() called with data: map[data:map[id:1 name:Test] status:success]
DEBUG: json() wrote 50 bytes, error: <nil>
DEBUG: Handler executed successfully
DEBUG: Executing route handler
DEBUG: json() called with data: map[data:map[id:1 name:Test] status:success]
DEBUG: json() wrote 50 bytes, error: <nil>
DEBUG: Handler executed successfully
DEBUG: Executing route handler
DEBUG: json() called with data: map[data:map[id:1 name:Test] status:success]
DEBUG: json() wrote 50 bytes, error: <nil>
DEBUG: Handler executed successfully
DEBUG: Executing route handler
DEBUG: json() called with data: map[data:map[id:1 name:Test] status:success]
DEBUG: json() wrote 50 bytes, error: <nil>
DEBUG: Handler executed successfully
DEBUG: Executing route handler
DEBUG: json() called with data: map[data:map[id:1 name:Test] status:success]
DEBUG: json() wrote 50 bytes, error: <nil>
DEBUG: Handler executed successfully
DEBUG: Executing route handler
DEBUG: json() called with data: map[data:map[id:1 name:Test] status:success]
DEBUG: json() wrote 50 bytes, error: <nil>
DEBUG: Handler executed successfully
DEBUG: Executing route handler
DEBUG: json() called with data: map[data:map[id:1 name:Test] status:success]
DEBUG: json() wrote 50 bytes, error: <nil>
DEBUG: Handler executed successfully
DEBUG: Executing route handler
DEBUG: json() called with data: map[data:map[id:1 name:Test] status:success]
DEBUG: json() wrote 50 bytes, error: <nil>
DEBUG: Handler executed successfully
DEBUG: Executing route handler
DEBUG: json() called with data: map[data:map[id:1 name:Test] status:success]
DEBUG: json() wrote 50 bytes, error: <nil>
DEBUG: Handler executed successfully
DEBUG: Executing route handler
DEBUG: json() called with data: map[data:map[id:1 name:Test] status:success]
DEBUG: json() wrote 50 bytes, error: <nil>
DEBUG: Handler executed successfully
DEBUG: Executing route handler
DEBUG: json() called with data: map[data:map[id:1 name:Test] status:success]
DEBUG: json() wrote 50 bytes, error: <nil>
DEBUG: Handler executed successfully
DEBUG: Executing route handler
DEBUG: json() called with data: map[data:map[id:1 name:Test] status:success]
DEBUG: json() wrote 50 bytes, error: <nil>
DEBUG: Handler executed successfully
DEBUG: Executing route handler
DEBUG: json() called with data: map[data:map[id:1 name:Test] status:success]
DEBUG: json() wrote 50 bytes, error: <nil>
DEBUG: Handler executed successfully
DEBUG: Executing route handler
DEBUG: json() called with data: map[data:map[id:1 name:Test] status:success]
DEBUG: json() wrote 50 bytes, error: <nil>
DEBUG: Handler executed successfully
DEBUG: Executing route handler
DEBUG: json() called with data: map[data:map[id:1 name:Test] status:success]
DEBUG: json() wrote 50 bytes, error: <nil>
DEBUG: Handler executed successfully
DEBUG: Executing route handler
DEBUG: json() called with data: map[data:map[id:1 name:Test] status:success]
DEBUG: json() wrote 50 bytes, error: <nil>
DEBUG: Handler executed successfully
DEBUG: Executing route handler
DEBUG: json() called with data: map[data:map[id:1 name:Test] status:success]
DEBUG: json() wrote 50 bytes, error: <nil>
DEBUG: Handler executed successfully
DEBUG: Executing route handler
DEBUG: json() called with data: map[data:map[id:1 name:Test] status:success]
DEBUG: json() wrote 50 bytes, error: <nil>
DEBUG: Handler executed successfully
DEBUG: Executing route handler
DEBUG: json() called with data: map[data:map[id:1 name:Test] status:success]
DEBUG: json() wrote 50 bytes, error: <nil>
DEBUG: Handler executed successfully
DEBUG: Executing route handler
DEBUG: json() called with data: map[data:map[id:1 name:Test] status:success]
DEBUG: json() wrote 50 bytes, error: <nil>
DEBUG: Handler executed successfully
DEBUG: Executing route handler
DEBUG: json() called with data: map[data:map[id:1 name:Test] status:success]
DEBUG: json() wrote 50 bytes, error: <nil>
DEBUG: Handler executed successfully
DEBUG: Executing route handler
DEBUG: json() called with data: map[data:map[id:1 name:Test] status:success]
DEBUG: json() wrote 50 bytes, error: <nil>
DEBUG: Handler executed successfully
DEBUG: Executing route handler
DEBUG: json() called with data: map[data:map[id:1 name:Test] status:success]
DEBUG: json() wrote 50 bytes, error: <nil>
DEBUG: Handler executed successfully
DEBUG: Executing route handler
DEBUG: json() called with data: map[data:map[id:1 name:Test] status:success]
DEBUG: json() wrote 50 bytes, error: <nil>
DEBUG: Handler executed successfully
DEBUG: Executing route handler
DEBUG: json() called with data: map[data:map[id:1 name:Test] status:success]
DEBUG: json() wrote 50 bytes, error: <nil>
DEBUG: Handler executed successfully
DEBUG: Executing route handler
DEBUG: json() called with data: map[data:map[id:1 name:Test] status:success]
DEBUG: json() wrote 50 bytes, error: <nil>
DEBUG: Handler executed successfully
DEBUG: Executing route handler
DEBUG: json() called with data: map[data:map[id:1 name:Test] status:success]
DEBUG: json() wrote 50 bytes, error: <nil>
DEBUG: Handler executed successfully
DEBUG: Executing route handler
DEBUG: json() called with data: map[data:map[id:1 name:Test] status:success]
DEBUG: json() wrote 50 bytes, error: <nil>
DEBUG: Handler executed successfully
DEBUG: Executing route handler
DEBUG: json() called with data: map[data:map[id:1 name:Test] status:success]
DEBUG: json() wrote 50 bytes, error: <nil>
DEBUG: Handler executed successfully
DEBUG: Executing route handler
DEBUG: json() called with data: map[data:map[id:1 name:Test] status:success]
DEBUG: json() wrote 50 bytes, error: <nil>
DEBUG: Handler executed successfully
DEBUG: Executing route handler
DEBUG: json() called with data: map[data:map[id:1 name:Test] status:success]
DEBUG: json() wrote 50 bytes, error: <nil>
DEBUG: Handler executed successfully
DEBUG: Executing route handler
DEBUG: json() called with data: map[data:map[id:1 name:Test] status:success]
DEBUG: json() wrote 50 bytes, error: <nil>
DEBUG: Handler executed successfully
DEBUG: Executing route handler
DEBUG: json() called with data: map[data:map[id:1 name:Test] status:success]
DEBUG: json() wrote 50 bytes, error: <nil>
DEBUG: Handler executed successfully
DEBUG: Executing route handler
DEBUG: json() called with data: map[data:map[id:1 name:Test] status:success]
DEBUG: json() wrote 50 bytes, error: <nil>
DEBUG: Handler executed successfully
DEBUG: Executing route handler
DEBUG: json() called with data: map[data:map[id:1 name:Test] status:success]
DEBUG: json() wrote 50 bytes, error: <nil>
DEBUG: Handler executed successfully
DEBUG: Executing route handler
DEBUG: json() called with data: map[data:map[id:1 name:Test] status:success]
DEBUG: json() wrote 50 bytes, error: <nil>
DEBUG: Handler executed successfully
DEBUG: Executing route handler
DEBUG: json() called with data: map[data:map[id:1 name:Test] status:success]
DEBUG: json() wrote 50 bytes, error: <nil>
DEBUG: Handler executed successfully
DEBUG: Executing route handler
DEBUG: json() called with data: map[data:map[id:1 name:Test] status:success]
DEBUG: json() wrote 50 bytes, error: <nil>
DEBUG: Handler executed successfully
DEBUG: Executing route handler
DEBUG: json() called with data: map[data:map[id:1 name:Test] status:success]
DEBUG: json() wrote 50 bytes, error: <nil>
DEBUG: Handler executed successfully
DEBUG: Executing route handler
DEBUG: json() called with data: map[data:map[id:1 name:Test] status:success]
DEBUG: json() wrote 50 bytes, error: <nil>
DEBUG: Handler executed successfully
DEBUG: Executing route handler
DEBUG: json() called with data: map[data:map[id:1 name:Test] status:success]
DEBUG: json() wrote 50 bytes, error: <nil>
DEBUG: Handler executed successfully
DEBUG: Executing route handler
DEBUG: json() called with data: map[data:map[id:1 name:Test] status:success]
DEBUG: json() wrote 50 bytes, error: <nil>
DEBUG: Handler executed successfully
DEBUG: Executing route handler
DEBUG: json() called with data: map[data:map[id:1 name:Test] status:success]
DEBUG: json() wrote 50 bytes, error: <nil>
DEBUG: Handler executed successfully
DEBUG: Executing route handler
DEBUG: json() called with data: map[data:map[id:1 name:Test] status:success]
DEBUG: json() wrote 50 bytes, error: <nil>
DEBUG: Handler executed successfully
DEBUG: Executing route handler
DEBUG: json() called with data: map[data:map[id:1 name:Test] status:success]
DEBUG: json() wrote 50 bytes, error: <nil>
DEBUG: Handler executed successfully
DEBUG: Executing route handler
DEBUG: json() called with data: map[data:map[id:1 name:Test] status:success]
DEBUG: json() wrote 50 bytes, error: <nil>
DEBUG: Handler executed successfully
DEBUG: Executing route handler
DEBUG: json() called with data: map[data:map[id:1 name:Test] status:success]
DEBUG: json() wrote 50 bytes, error: <nil>
DEBUG: Handler executed successfully
DEBUG: Executing route handler
DEBUG: json() called with data: map[data:map[id:1 name:Test] status:success]
DEBUG: json() wrote 50 bytes, error: <nil>
DEBUG: Handler executed successfully
DEBUG: Executing route handler
DEBUG: json() called with data: map[data:map[id:1 name:Test] status:success]
DEBUG: json() wrote 50 bytes, error: <nil>
DEBUG: Handler executed successfully
DEBUG: Executing route handler
DEBUG: json() called with data: map[data:map[id:1 name:Test] status:success]
DEBUG: json() wrote 50 bytes, error: <nil>
DEBUG: Handler executed successfully
DEBUG: Executing route handler
DEBUG: json() called with data: map[data:map[id:1 name:Test] status:success]
DEBUG: json() wrote 50 bytes, error: <nil>
DEBUG: Handler executed successfully
DEBUG: Executing route handler
DEBUG: json() called with data: map[data:map[id:1 name:Test] status:success]
DEBUG: json() wrote 50 bytes, error: <nil>
DEBUG: Handler executed successfully
DEBUG: Executing route handler
DEBUG: json() called with data: map[data:map[id:1 name:Test] status:success]
DEBUG: json() wrote 50 bytes, error: <nil>
DEBUG: Handler executed successfully
DEBUG: Executing route handler
DEBUG: json() called with data: map[data:map[id:1 name:Test] status:success]
DEBUG: json() wrote 50 bytes, error: <nil>
DEBUG: Handler executed successfully
DEBUG: Executing route handler
DEBUG: json() called with data: map[data:map[id:1 name:Test] status:success]
DEBUG: json() wrote 50 bytes, error: <nil>
DEBUG: Handler executed successfully
DEBUG: Executing route handler
DEBUG: json() called with data: map[data:map[id:1 name:Test] status:success]
DEBUG: json() wrote 50 bytes, error: <nil>
DEBUG: Handler executed successfully
DEBUG: Executing route handler
DEBUG: json() called with data: map[data:map[id:1 name:Test] status:success]
DEBUG: json() wrote 50 bytes, error: <nil>
DEBUG: Handler executed successfully
DEBUG: Executing route handler
DEBUG: json() called with data: map[data:map[id:1 name:Test] status:success]
DEBUG: json() wrote 50 bytes, error: <nil>
DEBUG: Handler executed successfully
DEBUG: Executing route handler
DEBUG: json() called with data: map[data:map[id:1 name:Test] status:success]
DEBUG: json() wrote 50 bytes, error: <nil>
DEBUG: Handler executed successfully
DEBUG: Executing route handler
DEBUG: json() called with data: map[data:map[id:1 name:Test] status:success]
DEBUG: json() wrote 50 bytes, error: <nil>
DEBUG: Handler executed successfully
DEBUG: Executing route handler
DEBUG: json() called with data: map[data:map[id:1 name:Test] status:success]
DEBUG: json() wrote 50 bytes, error: <nil>
DEBUG: Handler executed successfully
DEBUG: Executing route handler
DEBUG: json() called with data: map[data:map[id:1 name:Test] status:success]
DEBUG: json() wrote 50 bytes, error: <nil>
DEBUG: Handler executed successfully
DEBUG: Executing route handler
DEBUG: json() called with data: map[data:map[id:1 name:Test] status:success]
DEBUG: json() wrote 50 bytes, error: <nil>
DEBUG: Handler executed successfully
DEBUG: Executing route handler
DEBUG: json() called with data: map[data:map[id:1 name:Test] status:success]
DEBUG: json() wrote 50 bytes, error: <nil>
DEBUG: Handler executed successfully
DEBUG: Executing route handler
DEBUG: json() called with data: map[data:map[id:1 name:Test] status:success]
DEBUG: json() wrote 50 bytes, error: <nil>
DEBUG: Handler executed successfully
DEBUG: Executing route handler
DEBUG: json() called with data: map[data:map[id:1 name:Test] status:success]
DEBUG: json() wrote 50 bytes, error: <nil>
DEBUG: Handler executed successfully
DEBUG: Executing route handler
DEBUG: json() called with data: map[data:map[id:1 name:Test] status:success]
DEBUG: json() wrote 50 bytes, error: <nil>
DEBUG: Handler executed successfully
DEBUG: Executing route handler
DEBUG: json() called with data: map[data:map[id:1 name:Test] status:success]
DEBUG: json() wrote 50 bytes, error: <nil>
DEBUG: Handler executed successfully
DEBUG: Executing route handler
DEBUG: json() called with data: map[data:map[id:1 name:Test] status:success]
DEBUG: json() wrote 50 bytes, error: <nil>
DEBUG: Handler executed successfully
DEBUG: Executing route handler
DEBUG: json() called with data: map[data:map[id:1 name:Test] status:success]
DEBUG: json() wrote 50 bytes, error: <nil>
DEBUG: Handler executed successfully
DEBUG: Executing route handler
DEBUG: json() called with data: map[data:map[id:1 name:Test] status:success]
DEBUG: json() wrote 50 bytes, error: <nil>
DEBUG: Handler executed successfully
DEBUG: Executing route handler
DEBUG: json() called with data: map[data:map[id:1 name:Test] status:success]
DEBUG: json() wrote 50 bytes, error: <nil>
DEBUG: Handler executed successfully
DEBUG: Executing route handler
DEBUG: json() called with data: map[data:map[id:1 name:Test] status:success]
DEBUG: json() wrote 50 bytes, error: <nil>
DEBUG: Handler executed successfully
DEBUG: Executing route handler
DEBUG: json() called with data: map[data:map[id:1 name:Test] status:success]
DEBUG: json() wrote 50 bytes, error: <nil>
DEBUG: Handler executed successfully
DEBUG: Executing route handler
DEBUG: json() called with data: map[data:map[id:1 name:Test] status:success]
DEBUG: json() wrote 50 bytes, error: <nil>
DEBUG: Handler executed successfully
DEBUG: Executing route handler
DEBUG: json() called with data: map[data:map[id:1 name:Test] status:success]
DEBUG: json() wrote 50 bytes, error: <nil>
DEBUG: Handler executed successfully
DEBUG: Executing route handler
DEBUG: json() called with data: map[data:map[id:1 name:Test] status:success]
DEBUG: json() wrote 50 bytes, error: <nil>
DEBUG: Handler executed successfully
DEBUG: Executing route handler
DEBUG: json() called with data: map[data:map[id:1 name:Test] status:success]
DEBUG: json() wrote 50 bytes, error: <nil>
DEBUG: Handler executed successfully
DEBUG: Executing route handler
DEBUG: json() called with data: map[data:map[id:1 name:Test] status:success]
DEBUG: json() wrote 50 bytes, error: <nil>
DEBUG: Handler executed successfully
DEBUG: Executing route handler
DEBUG: json() called with data: map[data:map[id:1 name:Test] status:success]
DEBUG: json() wrote 50 bytes, error: <nil>
DEBUG: Handler executed successfully
DEBUG: Executing route handler
DEBUG: json() called with data: map[data:map[id:1 name:Test] status:success]
DEBUG: json() wrote 50 bytes, error: <nil>
DEBUG: Handler executed successfully
DEBUG: Executing route handler
DEBUG: json() called with data: map[data:map[id:1 name:Test] status:success]
DEBUG: json() wrote 50 bytes, error: <nil>
DEBUG: Handler executed successfully
DEBUG: Executing route handler
DEBUG: json() called with data: map[data:map[id:1 name:Test] status:success]
DEBUG: json() wrote 50 bytes, error: <nil>
DEBUG: Handler executed successfully
DEBUG: Executing route handler
DEBUG: json() called with data: map[data:map[id:1 name:Test] status:success]
DEBUG: json() wrote 50 bytes, error: <nil>
DEBUG: Handler executed successfully
DEBUG: Executing route handler
DEBUG: json() called with data: map[data:map[id:1 name:Test] status:success]
DEBUG: json() wrote 50 bytes, error: <nil>
DEBUG: Handler executed successfully
DEBUG: Executing route handler
DEBUG: json() called with data: map[data:map[id:1 name:Test] status:success]
DEBUG: json() wrote 50 bytes, error: <nil>
DEBUG: Handler executed successfully
DEBUG: Executing route handler
DEBUG: json() called with data: map[data:map[id:1 name:Test] status:success]
DEBUG: json() wrote 50 bytes, error: <nil>
DEBUG: Handler executed successfully
DEBUG: Executing route handler
DEBUG: json() called with data: map[data:map[id:1 name:Test] status:success]
DEBUG: json() wrote 50 bytes, error: <nil>
DEBUG: Handler executed successfully
DEBUG: Executing route handler
DEBUG: json() called with data: map[data:map[id:1 name:Test] status:success]
DEBUG: json() wrote 50 bytes, error: <nil>
DEBUG: Handler executed successfully
DEBUG: Executing route handler
DEBUG: json() called with data: map[data:map[id:1 name:Test] status:success]
DEBUG: json() wrote 50 bytes, error: <nil>
DEBUG: Handler executed successfully
DEBUG: Executing route handler
DEBUG: json() called with data: map[data:map[id:1 name:Test] status:success]
DEBUG: json() wrote 50 bytes, error: <nil>
DEBUG: Handler executed successfully
DEBUG: Executing route handler
DEBUG: json() called with data: map[data:map[id:1 name:Test] status:success]
DEBUG: json() wrote 50 bytes, error: <nil>
DEBUG: Handler executed successfully
DEBUG: Executing route handler
DEBUG: json() called with data: map[data:map[id:1 name:Test] status:success]
DEBUG: json() wrote 50 bytes, error: <nil>
DEBUG: Handler executed successfully
DEBUG: Executing route handler
DEBUG: json() called with data: map[data:map[id:1 name:Test] status:success]
DEBUG: json() wrote 50 bytes, error: <nil>
DEBUG: Handler executed successfully
DEBUG: Executing route handler
DEBUG: json() called with data: map[data:map[id:1 name:Test] status:success]
DEBUG: json() wrote 50 bytes, error: <nil>
DEBUG: Handler executed successfully
DEBUG: Executing route handler
DEBUG: json() called with data: map[data:map[id:1 name:Test] status:success]
DEBUG: json() wrote 50 bytes, error: <nil>
DEBUG: Handler executed successfully
DEBUG: Executing route handler
DEBUG: json() called with data: map[data:map[id:1 name:Test] status:success]
DEBUG: json() wrote 50 bytes, error: <nil>
DEBUG: Handler executed successfully
DEBUG: Executing route handler
DEBUG: json() called with data: map[data:map[id:1 name:Test] status:success]
DEBUG: json() wrote 50 bytes, error: <nil>
DEBUG: Handler executed successfully
DEBUG: Executing route handler
DEBUG: json() called with data: map[data:map[id:1 name:Test] status:success]
DEBUG: json() wrote 50 bytes, error: <nil>
DEBUG: Handler executed successfully
DEBUG: Executing route handler
DEBUG: json() called with data: map[data:map[id:1 name:Test] status:success]
DEBUG: json() wrote 50 bytes, error: <nil>
DEBUG: Handler executed successfully
DEBUG: Executing route handler
DEBUG: json() called with data: map[data:map[id:1 name:Test] status:success]
DEBUG: json() wrote 50 bytes, error: <nil>
DEBUG: Handler executed successfully
DEBUG: Executing route handler
DEBUG: json() called with data: map[data:map[id:1 name:Test] status:success]
DEBUG: json() wrote 50 bytes, error: <nil>
DEBUG: Handler executed successfully
DEBUG: Executing route handler
DEBUG: json() called with data: map[data:map[id:1 name:Test] status:success]
DEBUG: json() wrote 50 bytes, error: <nil>
DEBUG: Handler executed successfully
DEBUG: Executing route handler
DEBUG: json() called with data: map[data:map[id:1 name:Test] status:success]
DEBUG: json() wrote 50 bytes, error: <nil>
DEBUG: Handler executed successfully
DEBUG: Executing route handler
DEBUG: json() called with data: map[data:map[id:1 name:Test] status:success]
DEBUG: json() wrote 50 bytes, error: <nil>
DEBUG: Handler executed successfully
DEBUG: Executing route handler
DEBUG: json() called with data: map[data:map[id:1 name:Test] status:success]
DEBUG: json() wrote 50 bytes, error: <nil>
DEBUG: Handler executed successfully
DEBUG: Executing route handler
DEBUG: json() called with data: map[data:map[id:1 name:Test] status:success]
DEBUG: json() wrote 50 bytes, error: <nil>
DEBUG: Handler executed successfully
DEBUG: Executing route handler
DEBUG: json() called with data: map[data:map[id:1 name:Test] status:success]
DEBUG: json() wrote 50 bytes, error: <nil>
DEBUG: Handler executed successfully
DEBUG: Executing route handler
DEBUG: json() called with data: map[data:map[id:1 name:Test] status:success]
DEBUG: json() wrote 50 bytes, error: <nil>
DEBUG: Handler executed successfully
DEBUG: Executing route handler
DEBUG: json() called with data: map[data:map[id:1 name:Test] status:success]
DEBUG: json() wrote 50 bytes, error: <nil>
DEBUG: Handler executed successfully
DEBUG: Executing route handler
DEBUG: json() called with data: map[data:map[id:1 name:Test] status:success]
DEBUG: json() wrote 50 bytes, error: <nil>
DEBUG: Handler executed successfully
DEBUG: Executing route handler
DEBUG: json() called with data: map[data:map[id:1 name:Test] status:success]
DEBUG: json() wrote 50 bytes, error: <nil>
DEBUG: Handler executed successfully
DEBUG: Executing route handler
DEBUG: json() called with data: map[data:map[id:1 name:Test] status:success]
DEBUG: json() wrote 50 bytes, error: <nil>
DEBUG: Handler executed successfully
DEBUG: Executing route handler
DEBUG: json() called with data: map[data:map[id:1 name:Test] status:success]
DEBUG: json() wrote 50 bytes, error: <nil>
DEBUG: Handler executed successfully
DEBUG: Executing route handler
DEBUG: json() called with data: map[data:map[id:1 name:Test] status:success]
DEBUG: json() wrote 50 bytes, error: <nil>
DEBUG: Handler executed successfully
DEBUG: Executing route handler
DEBUG: json() called with data: map[data:map[id:1 name:Test] status:success]
DEBUG: json() wrote 50 bytes, error: <nil>
DEBUG: Handler executed successfully
DEBUG: Executing route handler
DEBUG: json() called with data: map[data:map[id:1 name:Test] status:success]
DEBUG: json() wrote 50 bytes, error: <nil>
DEBUG: Handler executed successfully
DEBUG: Executing route handler
DEBUG: json() called with data: map[data:map[id:1 name:Test] status:success]
DEBUG: json() wrote 50 bytes, error: <nil>
DEBUG: Handler executed successfully
DEBUG: Executing route handler
DEBUG: json() called with data: map[data:map[id:1 name:Test] status:success]
DEBUG: json() wrote 50 bytes, error: <nil>
DEBUG: Handler executed successfully
DEBUG: Executing route handler
DEBUG: json() called with data: map[data:map[id:1 name:Test] status:success]
DEBUG: json() wrote 50 bytes, error: <nil>
DEBUG: Handler executed successfully
DEBUG: Executing route handler
DEBUG: json() called with data: map[data:map[id:1 name:Test] status:success]
DEBUG: json() wrote 50 bytes, error: <nil>
DEBUG: Handler executed successfully
DEBUG: Executing route handler
DEBUG: json() called with data: map[data:map[id:1 name:Test] status:success]
DEBUG: json() wrote 50 bytes, error: <nil>
DEBUG: Handler executed successfully
DEBUG: Executing route handler
DEBUG: json() called with data: map[data:map[id:1 name:Test] status:success]
DEBUG: json() wrote 50 bytes, error: <nil>
DEBUG: Handler executed successfully
DEBUG: Executing route handler
DEBUG: json() called with data: map[data:map[id:1 name:Test] status:success]
DEBUG: json() wrote 50 bytes, error: <nil>
DEBUG: Handler executed successfully
DEBUG: Executing route handler
DEBUG: json() called with data: map[data:map[id:1 name:Test] status:success]
DEBUG: json() wrote 50 bytes, error: <nil>
DEBUG: Handler executed successfully
DEBUG: Executing route handler
DEBUG: json() called with data: map[data:map[id:1 name:Test] status:success]
DEBUG: json() wrote 50 bytes, error: <nil>
DEBUG: Handler executed successfully
DEBUG: Executing route handler
DEBUG: json() called with data: map[data:map[id:1 name:Test] status:success]
DEBUG: json() wrote 50 bytes, error: <nil>
DEBUG: Handler executed successfully
DEBUG: Executing route handler
DEBUG: json() called with data: map[data:map[id:1 name:Test] status:success]
DEBUG: json() wrote 50 bytes, error: <nil>
DEBUG: Handler executed successfully
DEBUG: Executing route handler
DEBUG: json() called with data: map[data:map[id:1 name:Test] status:success]
DEBUG: json() wrote 50 bytes, error: <nil>
DEBUG: Handler executed successfully
DEBUG: Executing route handler
DEBUG: json() called with data: map[data:map[id:1 name:Test] status:success]
DEBUG: json() wrote 50 bytes, error: <nil>
DEBUG: Handler executed successfully
DEBUG: Executing route handler
DEBUG: json() called with data: map[data:map[id:1 name:Test] status:success]
DEBUG: json() wrote 50 bytes, error: <nil>
DEBUG: Handler executed successfully
DEBUG: Executing route handler
DEBUG: json() called with data: map[data:map[id:1 name:Test] status:success]
DEBUG: json() wrote 50 bytes, error: <nil>
DEBUG: Handler executed successfully
DEBUG: Executing route handler
DEBUG: json() called with data: map[data:map[id:1 name:Test] status:success]
DEBUG: json() wrote 50 bytes, error: <nil>
DEBUG: Handler executed successfully
DEBUG: Executing route handler
DEBUG: json() called with data: map[data:map[id:1 name:Test] status:success]
DEBUG: json() wrote 50 bytes, error: <nil>
DEBUG: Handler executed successfully
DEBUG: Executing route handler
DEBUG: json() called with data: map[data:map[id:1 name:Test] status:success]
DEBUG: json() wrote 50 bytes, error: <nil>
DEBUG: Handler executed successfully
DEBUG: Executing route handler
DEBUG: json() called with data: map[data:map[id:1 name:Test] status:success]
DEBUG: json() wrote 50 bytes, error: <nil>
DEBUG: Handler executed successfully
DEBUG: Executing route handler
DEBUG: json() called with data: map[data:map[id:1 name:Test] status:success]
DEBUG: json() wrote 50 bytes, error: <nil>
DEBUG: Handler executed successfully
DEBUG: Executing route handler
DEBUG: json() called with data: map[data:map[id:1 name:Test] status:success]
DEBUG: json() wrote 50 bytes, error: <nil>
DEBUG: Handler executed successfully
DEBUG: Executing route handler
DEBUG: json() called with data: map[data:map[id:1 name:Test] status:success]
DEBUG: json() wrote 50 bytes, error: <nil>
DEBUG: Handler executed successfully
DEBUG: Executing route handler
DEBUG: json() called with data: map[data:map[id:1 name:Test] status:success]
DEBUG: json() wrote 50 bytes, error: <nil>
DEBUG: Handler executed successfully
DEBUG: Executing route handler
DEBUG: json() called with data: map[data:map[id:1 name:Test] status:success]
DEBUG: json() wrote 50 bytes, error: <nil>
DEBUG: Handler executed successfully
DEBUG: Executing route handler
DEBUG: json() called with data: map[data:map[id:1 name:Test] status:success]
DEBUG: json() wrote 50 bytes, error: <nil>
DEBUG: Handler executed successfully
DEBUG: Executing route handler
DEBUG: json() called with data: map[data:map[id:1 name:Test] status:success]
DEBUG: json() wrote 50 bytes, error: <nil>
DEBUG: Handler executed successfully
DEBUG: Executing route handler
DEBUG: json() called with data: map[data:map[id:1 name:Test] status:success]
DEBUG: json() wrote 50 bytes, error: <nil>
DEBUG: Handler executed successfully
DEBUG: Executing route handler
DEBUG: json() called with data: map[data:map[id:1 name:Test] status:success]
DEBUG: json() wrote 50 bytes, error: <nil>
DEBUG: Handler executed successfully
DEBUG: Executing route handler
DEBUG: json() called with data: map[data:map[id:1 name:Test] status:success]
DEBUG: json() wrote 50 bytes, error: <nil>
DEBUG: Handler executed successfully
DEBUG: Executing route handler
DEBUG: json() called with data: map[data:map[id:1 name:Test] status:success]
DEBUG: json() wrote 50 bytes, error: <nil>
DEBUG: Handler executed successfully
DEBUG: Executing route handler
DEBUG: json() called with data: map[data:map[id:1 name:Test] status:success]
DEBUG: json() wrote 50 bytes, error: <nil>
DEBUG: Handler executed successfully
DEBUG: Executing route handler
DEBUG: json() called with data: map[data:map[id:1 name:Test] status:success]
DEBUG: json() wrote 50 bytes, error: <nil>
DEBUG: Handler executed successfully
DEBUG: Executing route handler
DEBUG: json() called with data: map[data:map[id:1 name:Test] status:success]
DEBUG: json() wrote 50 bytes, error: <nil>
DEBUG: Handler executed successfully
DEBUG: Executing route handler
DEBUG: json() called with data: map[data:map[id:1 name:Test] status:success]
DEBUG: json() wrote 50 bytes, error: <nil>
DEBUG: Handler executed successfully
DEBUG: Executing route handler
DEBUG: json() called with data: map[data:map[id:1 name:Test] status:success]
DEBUG: json() wrote 50 bytes, error: <nil>
DEBUG: Handler executed successfully
DEBUG: Executing route handler
DEBUG: json() called with data: map[data:map[id:1 name:Test] status:success]
DEBUG: json() wrote 50 bytes, error: <nil>
DEBUG: Handler executed successfully
DEBUG: Executing route handler
DEBUG: json() called with data: map[data:map[id:1 name:Test] status:success]
DEBUG: json() wrote 50 bytes, error: <nil>
DEBUG: Handler executed successfully
DEBUG: Executing route handler
DEBUG: json() called with data: map[data:map[id:1 name:Test] status:success]
DEBUG: json() wrote 50 bytes, error: <nil>
DEBUG: Handler executed successfully
DEBUG: Executing route handler
DEBUG: json() called with data: map[data:map[id:1 name:Test] status:success]
DEBUG: json() wrote 50 bytes, error: <nil>
DEBUG: Handler executed successfully
DEBUG: Executing route handler
DEBUG: json() called with data: map[data:map[id:1 name:Test] status:success]
DEBUG: json() wrote 50 bytes, error: <nil>
DEBUG: Handler executed successfully
DEBUG: Executing route handler
DEBUG: json() called with data: map[data:map[id:1 name:Test] status:success]
DEBUG: json() wrote 50 bytes, error: <nil>
DEBUG: Handler executed successfully
DEBUG: Executing route handler
DEBUG: json() called with data: map[data:map[id:1 name:Test] status:success]
DEBUG: json() wrote 50 bytes, error: <nil>
DEBUG: Handler executed successfully
DEBUG: Executing route handler
DEBUG: json() called with data: map[data:map[id:1 name:Test] status:success]
DEBUG: json() wrote 50 bytes, error: <nil>
DEBUG: Handler executed successfully
DEBUG: Executing route handler
DEBUG: json() called with data: map[data:map[id:1 name:Test] status:success]
DEBUG: json() wrote 50 bytes, error: <nil>
DEBUG: Handler executed successfully
DEBUG: Executing route handler
DEBUG: json() called with data: map[data:map[id:1 name:Test] status:success]
DEBUG: json() wrote 50 bytes, error: <nil>
DEBUG: Handler executed successfully
DEBUG: Executing route handler
DEBUG: json() called with data: map[data:map[id:1 name:Test] status:success]
DEBUG: json() wrote 50 bytes, error: <nil>
DEBUG: Handler executed successfully
DEBUG: Executing route handler
DEBUG: json() called with data: map[data:map[id:1 name:Test] status:success]
DEBUG: json() wrote 50 bytes, error: <nil>
DEBUG: Handler executed successfully
DEBUG: Executing route handler
DEBUG: json() called with data: map[data:map[id:1 name:Test] status:success]
DEBUG: json() wrote 50 bytes, error: <nil>
DEBUG: Handler executed successfully
DEBUG: Executing route handler
DEBUG: json() called with data: map[data:map[id:1 name:Test] status:success]
DEBUG: json() wrote 50 bytes, error: <nil>
DEBUG: Handler executed successfully
DEBUG: Executing route handler
DEBUG: json() called with data: map[data:map[id:1 name:Test] status:success]
DEBUG: json() wrote 50 bytes, error: <nil>
DEBUG: Handler executed successfully
DEBUG: Executing route handler
DEBUG: json() called with data: map[data:map[id:1 name:Test] status:success]
DEBUG: json() wrote 50 bytes, error: <nil>
DEBUG: Handler executed successfully
DEBUG: Executing route handler
DEBUG: json() called with data: map[data:map[id:1 name:Test] status:success]
DEBUG: json() wrote 50 bytes, error: <nil>
DEBUG: Handler executed successfully
DEBUG: Executing route handler
DEBUG: json() called with data: map[data:map[id:1 name:Test] status:success]
DEBUG: json() wrote 50 bytes, error: <nil>
DEBUG: Handler executed successfully
DEBUG: Executing route handler
DEBUG: json() called with data: map[data:map[id:1 name:Test] status:success]
DEBUG: json() wrote 50 bytes, error: <nil>
DEBUG: Handler executed successfully
DEBUG: Executing route handler
DEBUG: json() called with data: map[data:map[id:1 name:Test] status:success]
DEBUG: json() wrote 50 bytes, error: <nil>
DEBUG: Handler executed successfully
DEBUG: Executing route handler
DEBUG: json() called with data: map[data:map[id:1 name:Test] status:success]
DEBUG: json() wrote 50 bytes, error: <nil>
DEBUG: Handler executed successfully
DEBUG: Executing route handler
DEBUG: json() called with data: map[data:map[id:1 name:Test] status:success]
DEBUG: json() wrote 50 bytes, error: <nil>
DEBUG: Handler executed successfully
DEBUG: Executing route handler
DEBUG: json() called with data: map[data:map[id:1 name:Test] status:success]
DEBUG: json() wrote 50 bytes, error: <nil>
DEBUG: Handler executed successfully
DEBUG: Executing route handler
DEBUG: json() called with data: map[data:map[id:1 name:Test] status:success]
DEBUG: json() wrote 50 bytes, error: <nil>
DEBUG: Handler executed successfully
DEBUG: Executing route handler
DEBUG: json() called with data: map[data:map[id:1 name:Test] status:success]
DEBUG: json() wrote 50 bytes, error: <nil>
DEBUG: Handler executed successfully
DEBUG: Executing route handler
DEBUG: json() called with data: map[data:map[id:1 name:Test] status:success]
DEBUG: json() wrote 50 bytes, error: <nil>
DEBUG: Handler executed successfully
DEBUG: Executing route handler
DEBUG: json() called with data: map[data:map[id:1 name:Test] status:success]
DEBUG: json() wrote 50 bytes, error: <nil>
DEBUG: Handler executed successfully
DEBUG: Executing route handler
DEBUG: json() called with data: map[data:map[id:1 name:Test] status:success]
DEBUG: json() wrote 50 bytes, error: <nil>
DEBUG: Handler executed successfully
DEBUG: Executing route handler
DEBUG: json() called with data: map[data:map[id:1 name:Test] status:success]
DEBUG: json() wrote 50 bytes, error: <nil>
DEBUG: Handler executed successfully
DEBUG: Executing route handler
DEBUG: json() called with data: map[data:map[id:1 name:Test] status:success]
DEBUG: json() wrote 50 bytes, error: <nil>
DEBUG: Handler executed successfully
DEBUG: Executing route handler
DEBUG: json() called with data: map[data:map[id:1 name:Test] status:success]
DEBUG: json() wrote 50 bytes, error: <nil>
DEBUG: Handler executed successfully
DEBUG: Executing route handler
DEBUG: json() called with data: map[data:map[id:1 name:Test] status:success]
DEBUG: json() wrote 50 bytes, error: <nil>
DEBUG: Handler executed successfully
DEBUG: Executing route handler
DEBUG: json() called with data: map[data:map[id:1 name:Test] status:success]
DEBUG: json() wrote 50 bytes, error: <nil>
DEBUG: Handler executed successfully
DEBUG: Executing route handler
DEBUG: json() called with data: map[data:map[id:1 name:Test] status:success]
DEBUG: json() wrote 50 bytes, error: <nil>
DEBUG: Handler executed successfully
DEBUG: Executing route handler
DEBUG: json() called with data: map[data:map[id:1 name:Test] status:success]
DEBUG: json() wrote 50 bytes, error: <nil>
DEBUG: Handler executed successfully
DEBUG: Executing route handler
DEBUG: json() called with data: map[data:map[id:1 name:Test] status:success]
DEBUG: json() wrote 50 bytes, error: <nil>
DEBUG: Handler executed successfully
DEBUG: Executing route handler
DEBUG: json() called with data: map[data:map[id:1 name:Test] status:success]
DEBUG: json() wrote 50 bytes, error: <nil>
DEBUG: Handler executed successfully
DEBUG: Executing route handler
DEBUG: json() called with data: map[data:map[id:1 name:Test] status:success]
DEBUG: json() wrote 50 bytes, error: <nil>
DEBUG: Handler executed successfully
DEBUG: Executing route handler
DEBUG: json() called with data: map[data:map[id:1 name:Test] status:success]
DEBUG: json() wrote 50 bytes, error: <nil>
DEBUG: Handler executed successfully
DEBUG: Executing route handler
DEBUG: json() called with data: map[data:map[id:1 name:Test] status:success]
DEBUG: json() wrote 50 bytes, error: <nil>
DEBUG: Handler executed successfully
DEBUG: Executing route handler
DEBUG: json() called with data: map[data:map[id:1 name:Test] status:success]
DEBUG: json() wrote 50 bytes, error: <nil>
DEBUG: Handler executed successfully
DEBUG: Executing route handler
DEBUG: json() called with data: map[data:map[id:1 name:Test] status:success]
DEBUG: json() wrote 50 bytes, error: <nil>
DEBUG: Handler executed successfully
DEBUG: Executing route handler
DEBUG: json() called with data: map[data:map[id:1 name:Test] status:success]
DEBUG: json() wrote 50 bytes, error: <nil>
DEBUG: Handler executed successfully
DEBUG: Executing route handler
DEBUG: json() called with data: map[data:map[id:1 name:Test] status:success]
DEBUG: json() wrote 50 bytes, error: <nil>
DEBUG: Handler executed successfully
DEBUG: Executing route handler
DEBUG: json() called with data: map[data:map[id:1 name:Test] status:success]
DEBUG: json() wrote 50 bytes, error: <nil>
DEBUG: Handler executed successfully
DEBUG: Executing route handler
DEBUG: json() called with data: map[data:map[id:1 name:Test] status:success]
DEBUG: json() wrote 50 bytes, error: <nil>
DEBUG: Handler executed successfully
DEBUG: Executing route handler
DEBUG: json() called with data: map[data:map[id:1 name:Test] status:success]
DEBUG: json() wrote 50 bytes, error: <nil>
DEBUG: Handler executed successfully
DEBUG: Executing route handler
DEBUG: json() called with data: map[data:map[id:1 name:Test] status:success]
DEBUG: json() wrote 50 bytes, error: <nil>
DEBUG: Handler executed successfully
DEBUG: Executing route handler
DEBUG: json() called with data: map[data:map[id:1 name:Test] status:success]
DEBUG: json() wrote 50 bytes, error: <nil>
DEBUG: Handler executed successfully
DEBUG: Executing route handler
DEBUG: json() called with data: map[data:map[id:1 name:Test] status:success]
DEBUG: json() wrote 50 bytes, error: <nil>
DEBUG: Handler executed successfully
DEBUG: Executing route handler
DEBUG: json() called with data: map[data:map[id:1 name:Test] status:success]
DEBUG: json() wrote 50 bytes, error: <nil>
DEBUG: Handler executed successfully
DEBUG: Executing route handler
DEBUG: json() called with data: map[data:map[id:1 name:Test] status:success]
DEBUG: json() wrote 50 bytes, error: <nil>
DEBUG: Handler executed successfully
DEBUG: Executing route handler
DEBUG: json() called with data: map[data:map[id:1 name:Test] status:success]
DEBUG: json() wrote 50 bytes, error: <nil>
DEBUG: Handler executed successfully
DEBUG: Executing route handler
DEBUG: json() called with data: map[data:map[id:1 name:Test] status:success]
DEBUG: json() wrote 50 bytes, error: <nil>
DEBUG: Handler executed successfully
DEBUG: Executing route handler
DEBUG: json() called with data: map[data:map[id:1 name:Test] status:success]
DEBUG: json() wrote 50 bytes, error: <nil>
DEBUG: Handler executed successfully
DEBUG: Executing route handler
DEBUG: json() called with data: map[data:map[id:1 name:Test] status:success]
DEBUG: json() wrote 50 bytes, error: <nil>
DEBUG: Handler executed successfully
DEBUG: Executing route handler
DEBUG: json() called with data: map[data:map[id:1 name:Test] status:success]
DEBUG: json() wrote 50 bytes, error: <nil>
DEBUG: Handler executed successfully
DEBUG: Executing route handler
DEBUG: json() called with data: map[data:map[id:1 name:Test] status:success]
DEBUG: json() wrote 50 bytes, error: <nil>
DEBUG: Handler executed successfully
DEBUG: Executing route handler
DEBUG: json() called with data: map[data:map[id:1 name:Test] status:success]
DEBUG: json() wrote 50 bytes, error: <nil>
DEBUG: Handler executed successfully
DEBUG: Executing route handler
DEBUG: json() called with data: map[data:map[id:1 name:Test] status:success]
DEBUG: json() wrote 50 bytes, error: <nil>
DEBUG: Handler executed successfully
DEBUG: Executing route handler
DEBUG: json() called with data: map[data:map[id:1 name:Test] status:success]
DEBUG: json() wrote 50 bytes, error: <nil>
DEBUG: Handler executed successfully
DEBUG: Executing route handler
DEBUG: json() called with data: map[data:map[id:1 name:Test] status:success]
DEBUG: json() wrote 50 bytes, error: <nil>
DEBUG: Handler executed successfully
DEBUG: Executing route handler
DEBUG: json() called with data: map[data:map[id:1 name:Test] status:success]
DEBUG: json() wrote 50 bytes, error: <nil>
DEBUG: Handler executed successfully
DEBUG: Executing route handler
DEBUG: json() called with data: map[data:map[id:1 name:Test] status:success]
DEBUG: json() wrote 50 bytes, error: <nil>
DEBUG: Handler executed successfully
DEBUG: Executing route handler
DEBUG: json() called with data: map[data:map[id:1 name:Test] status:success]
DEBUG: json() wrote 50 bytes, error: <nil>
DEBUG: Handler executed successfully
DEBUG: Executing route handler
DEBUG: json() called with data: map[data:map[id:1 name:Test] status:success]
DEBUG: json() wrote 50 bytes, error: <nil>
DEBUG: Handler executed successfully
DEBUG: Executing route handler
DEBUG: json() called with data: map[data:map[id:1 name:Test] status:success]
DEBUG: json() wrote 50 bytes, error: <nil>
DEBUG: Handler executed successfully
DEBUG: Executing route handler
DEBUG: json() called with data: map[data:map[id:1 name:Test] status:success]
DEBUG: json() wrote 50 bytes, error: <nil>
DEBUG: Handler executed successfully
DEBUG: Executing route handler
DEBUG: json() called with data: map[data:map[id:1 name:Test] status:success]
DEBUG: json() wrote 50 bytes, error: <nil>
DEBUG: Handler executed successfully
DEBUG: Executing route handler
DEBUG: json() called with data: map[data:map[id:1 name:Test] status:success]
DEBUG: json() wrote 50 bytes, error: <nil>
DEBUG: Handler executed successfully
DEBUG: Executing route handler
DEBUG: json() called with data: map[data:map[id:1 name:Test] status:success]
DEBUG: json() wrote 50 bytes, error: <nil>
DEBUG: Handler executed successfully
DEBUG: Executing route handler
DEBUG: json() called with data: map[data:map[id:1 name:Test] status:success]
DEBUG: json() wrote 50 bytes, error: <nil>
DEBUG: Handler executed successfully
DEBUG: Executing route handler
DEBUG: json() called with data: map[data:map[id:1 name:Test] status:success]
DEBUG: json() wrote 50 bytes, error: <nil>
DEBUG: Handler executed successfully
DEBUG: Executing route handler
DEBUG: json() called with data: map[data:map[id:1 name:Test] status:success]
DEBUG: json() wrote 50 bytes, error: <nil>
DEBUG: Handler executed successfully
DEBUG: Executing route handler
DEBUG: json() called with data: map[data:map[id:1 name:Test] status:success]
DEBUG: json() wrote 50 bytes, error: <nil>
DEBUG: Handler executed successfully
DEBUG: Executing route handler
DEBUG: json() called with data: map[data:map[id:1 name:Test] status:success]
DEBUG: json() wrote 50 bytes, error: <nil>
DEBUG: Handler executed successfully
DEBUG: Executing route handler
DEBUG: json() called with data: map[data:map[id:1 name:Test] status:success]
DEBUG: json() wrote 50 bytes, error: <nil>
DEBUG: Handler executed successfully
DEBUG: Executing route handler
DEBUG: json() called with data: map[data:map[id:1 name:Test] status:success]
DEBUG: json() wrote 50 bytes, error: <nil>
DEBUG: Handler executed successfully
DEBUG: Executing route handler
DEBUG: json() called with data: map[data:map[id:1 name:Test] status:success]
DEBUG: json() wrote 50 bytes, error: <nil>
DEBUG: Handler executed successfully
DEBUG: Executing route handler
DEBUG: json() called with data: map[data:map[id:1 name:Test] status:success]
DEBUG: json() wrote 50 bytes, error: <nil>
DEBUG: Handler executed successfully
DEBUG: Executing route handler
DEBUG: json() called with data: map[data:map[id:1 name:Test] status:success]
DEBUG: json() wrote 50 bytes, error: <nil>
DEBUG: Handler executed successfully
DEBUG: Executing route handler
DEBUG: json() called with data: map[data:map[id:1 name:Test] status:success]
DEBUG: json() wrote 50 bytes, error: <nil>
DEBUG: Handler executed successfully
DEBUG: Executing route handler
DEBUG: json() called with data: map[data:map[id:1 name:Test] status:success]
DEBUG: json() wrote 50 bytes, error: <nil>
DEBUG: Handler executed successfully
DEBUG: Executing route handler
DEBUG: json() called with data: map[data:map[id:1 name:Test] status:success]
DEBUG: json() wrote 50 bytes, error: <nil>
DEBUG: Handler executed successfully
DEBUG: Executing route handler
DEBUG: json() called with data: map[data:map[id:1 name:Test] status:success]
DEBUG: json() wrote 50 bytes, error: <nil>
DEBUG: Handler executed successfully
DEBUG: Executing route handler
DEBUG: json() called with data: map[data:map[id:1 name:Test] status:success]
DEBUG: json() wrote 50 bytes, error: <nil>
DEBUG: Handler executed successfully
DEBUG: Executing route handler
DEBUG: json() called with data: map[data:map[id:1 name:Test] status:success]
DEBUG: json() wrote 50 bytes, error: <nil>
DEBUG: Handler executed successfully
DEBUG: Executing route handler
DEBUG: json() called with data: map[data:map[id:1 name:Test] status:success]
DEBUG: json() wrote 50 bytes, error: <nil>
DEBUG: Handler executed successfully
DEBUG: Executing route handler
DEBUG: json() called with data: map[data:map[id:1 name:Test] status:success]
DEBUG: json() wrote 50 bytes, error: <nil>
DEBUG: Handler executed successfully
DEBUG: Executing route handler
DEBUG: json() called with data: map[data:map[id:1 name:Test] status:success]
DEBUG: json() wrote 50 bytes, error: <nil>
DEBUG: Handler executed successfully
DEBUG: Executing route handler
DEBUG: json() called with data: map[data:map[id:1 name:Test] status:success]
DEBUG: json() wrote 50 bytes, error: <nil>
DEBUG: Handler executed successfully
DEBUG: Executing route handler
DEBUG: json() called with data: map[data:map[id:1 name:Test] status:success]
DEBUG: json() wrote 50 bytes, error: <nil>
DEBUG: Handler executed successfully
DEBUG: Executing route handler
DEBUG: json() called with data: map[data:map[id:1 name:Test] status:success]
DEBUG: json() wrote 50 bytes, error: <nil>
DEBUG: Handler executed successfully
DEBUG: Executing route handler
DEBUG: json() called with data: map[data:map[id:1 name:Test] status:success]
DEBUG: json() wrote 50 bytes, error: <nil>
DEBUG: Handler executed successfully
DEBUG: Executing route handler
DEBUG: json() called with data: map[data:map[id:1 name:Test] status:success]
DEBUG: json() wrote 50 bytes, error: <nil>
DEBUG: Handler executed successfully
DEBUG: Executing route handler
DEBUG: json() called with data: map[data:map[id:1 name:Test] status:success]
DEBUG: json() wrote 50 bytes, error: <nil>
DEBUG: Handler executed successfully
DEBUG: Executing route handler
DEBUG: json() called with data: map[data:map[id:1 name:Test] status:success]
DEBUG: json() wrote 50 bytes, error: <nil>
DEBUG: Handler executed successfully
DEBUG: Executing route handler
DEBUG: json() called with data: map[data:map[id:1 name:Test] status:success]
DEBUG: json() wrote 50 bytes, error: <nil>
DEBUG: Handler executed successfully
DEBUG: Executing route handler
DEBUG: json() called with data: map[data:map[id:1 name:Test] status:success]
DEBUG: json() wrote 50 bytes, error: <nil>
DEBUG: Handler executed successfully
DEBUG: Executing route handler
DEBUG: json() called with data: map[data:map[id:1 name:Test] status:success]
DEBUG: json() wrote 50 bytes, error: <nil>
DEBUG: Handler executed successfully
DEBUG: Executing route handler
DEBUG: json() called with data: map[data:map[id:1 name:Test] status:success]
DEBUG: json() wrote 50 bytes, error: <nil>
DEBUG: Handler executed successfully
DEBUG: Executing route handler
DEBUG: json() called with data: map[data:map[id:1 name:Test] status:success]
DEBUG: json() wrote 50 bytes, error: <nil>
DEBUG: Handler executed successfully
DEBUG: Executing route handler
DEBUG: json() called with data: map[data:map[id:1 name:Test] status:success]
DEBUG: json() wrote 50 bytes, error: <nil>
DEBUG: Handler executed successfully
DEBUG: Executing route handler
DEBUG: json() called with data: map[data:map[id:1 name:Test] status:success]
DEBUG: json() wrote 50 bytes, error: <nil>
DEBUG: Handler executed successfully
DEBUG: Executing route handler
DEBUG: json() called with data: map[data:map[id:1 name:Test] status:success]
DEBUG: json() wrote 50 bytes, error: <nil>
DEBUG: Handler executed successfully
DEBUG: Executing route handler
DEBUG: json() called with data: map[data:map[id:1 name:Test] status:success]
DEBUG: json() wrote 50 bytes, error: <nil>
DEBUG: Handler executed successfully
DEBUG: Executing route handler
DEBUG: json() called with data: map[data:map[id:1 name:Test] status:success]
DEBUG: json() wrote 50 bytes, error: <nil>
DEBUG: Handler executed successfully
DEBUG: Executing route handler
DEBUG: json() called with data: map[data:map[id:1 name:Test] status:success]
DEBUG: json() wrote 50 bytes, error: <nil>
DEBUG: Handler executed successfully
DEBUG: Executing route handler
DEBUG: json() called with data: map[data:map[id:1 name:Test] status:success]
DEBUG: json() wrote 50 bytes, error: <nil>
DEBUG: Handler executed successfully
DEBUG: Executing route handler
DEBUG: json() called with data: map[data:map[id:1 name:Test] status:success]
DEBUG: json() wrote 50 bytes, error: <nil>
DEBUG: Handler executed successfully
DEBUG: Executing route handler
DEBUG: json() called with data: map[data:map[id:1 name:Test] status:success]
DEBUG: json() wrote 50 bytes, error: <nil>
DEBUG: Handler executed successfully
DEBUG: Executing route handler
DEBUG: json() called with data: map[data:map[id:1 name:Test] status:success]
DEBUG: json() wrote 50 bytes, error: <nil>
DEBUG: Handler executed successfully
DEBUG: Executing route handler
DEBUG: json() called with data: map[data:map[id:1 name:Test] status:success]
DEBUG: json() wrote 50 bytes, error: <nil>
DEBUG: Handler executed successfully
DEBUG: Executing route handler
DEBUG: json() called with data: map[data:map[id:1 name:Test] status:success]
DEBUG: json() wrote 50 bytes, error: <nil>
DEBUG: Handler executed successfully
DEBUG: Executing route handler
DEBUG: json() called with data: map[data:map[id:1 name:Test] status:success]
DEBUG: json() wrote 50 bytes, error: <nil>
DEBUG: Handler executed successfully
DEBUG: Executing route handler
DEBUG: json() called with data: map[data:map[id:1 name:Test] status:success]
DEBUG: json() wrote 50 bytes, error: <nil>
DEBUG: Handler executed successfully
DEBUG: Executing route handler
DEBUG: json() called with data: map[data:map[id:1 name:Test] status:success]
DEBUG: json() wrote 50 bytes, error: <nil>
DEBUG: Handler executed successfully
DEBUG: Executing route handler
DEBUG: json() called with data: map[data:map[id:1 name:Test] status:success]
DEBUG: json() wrote 50 bytes, error: <nil>
DEBUG: Handler executed successfully
DEBUG: Executing route handler
DEBUG: json() called with data: map[data:map[id:1 name:Test] status:success]
DEBUG: json() wrote 50 bytes, error: <nil>
DEBUG: Handler executed successfully
DEBUG: Executing route handler
DEBUG: json() called with data: map[data:map[id:1 name:Test] status:success]
DEBUG: json() wrote 50 bytes, error: <nil>
DEBUG: Handler executed successfully
DEBUG: Executing route handler
DEBUG: json() called with data: map[data:map[id:1 name:Test] status:success]
DEBUG: json() wrote 50 bytes, error: <nil>
DEBUG: Handler executed successfully
DEBUG: Executing route handler
DEBUG: json() called with data: map[data:map[id:1 name:Test] status:success]
DEBUG: json() wrote 50 bytes, error: <nil>
DEBUG: Handler executed successfully
DEBUG: Executing route handler
DEBUG: json() called with data: map[data:map[id:1 name:Test] status:success]
DEBUG: json() wrote 50 bytes, error: <nil>
DEBUG: Handler executed successfully
DEBUG: Executing route handler
DEBUG: json() called with data: map[data:map[id:1 name:Test] status:success]
DEBUG: json() wrote 50 bytes, error: <nil>
DEBUG: Handler executed successfully
DEBUG: Executing route handler
DEBUG: json() called with data: map[data:map[id:1 name:Test] status:success]
DEBUG: json() wrote 50 bytes, error: <nil>
DEBUG: Handler executed successfully
DEBUG: Executing route handler
DEBUG: json() called with data: map[data:map[id:1 name:Test] status:success]
DEBUG: json() wrote 50 bytes, error: <nil>
DEBUG: Handler executed successfully
DEBUG: Executing route handler
DEBUG: json() called with data: map[data:map[id:1 name:Test] status:success]
DEBUG: json() wrote 50 bytes, error: <nil>
DEBUG: Handler executed successfully
DEBUG: Executing route handler
DEBUG: json() called with data: map[data:map[id:1 name:Test] status:success]
DEBUG: json() wrote 50 bytes, error: <nil>
DEBUG: Handler executed successfully
DEBUG: Executing route handler
DEBUG: json() called with data: map[data:map[id:1 name:Test] status:success]
DEBUG: json() wrote 50 bytes, error: <nil>
DEBUG: Handler executed successfully
DEBUG: Executing route handler
DEBUG: json() called with data: map[data:map[id:1 name:Test] status:success]
DEBUG: json() wrote 50 bytes, error: <nil>
DEBUG: Handler executed successfully
DEBUG: Executing route handler
DEBUG: json() called with data: map[data:map[id:1 name:Test] status:success]
DEBUG: json() wrote 50 bytes, error: <nil>
DEBUG: Handler executed successfully
DEBUG: Executing route handler
DEBUG: json() called with data: map[data:map[id:1 name:Test] status:success]
DEBUG: json() wrote 50 bytes, error: <nil>
DEBUG: Handler executed successfully
DEBUG: Executing route handler
DEBUG: json() called with data: map[data:map[id:1 name:Test] status:success]
DEBUG: json() wrote 50 bytes, error: <nil>
DEBUG: Handler executed successfully
DEBUG: Executing route handler
DEBUG: json() called with data: map[data:map[id:1 name:Test] status:success]
DEBUG: json() wrote 50 bytes, error: <nil>
DEBUG: Handler executed successfully
DEBUG: Executing route handler
DEBUG: json() called with data: map[data:map[id:1 name:Test] status:success]
DEBUG: json() wrote 50 bytes, error: <nil>
DEBUG: Handler executed successfully
DEBUG: Executing route handler
DEBUG: json() called with data: map[data:map[id:1 name:Test] status:success]
DEBUG: json() wrote 50 bytes, error: <nil>
DEBUG: Handler executed successfully
DEBUG: Executing route handler
DEBUG: json() called with data: map[data:map[id:1 name:Test] status:success]
DEBUG: json() wrote 50 bytes, error: <nil>
DEBUG: Handler executed successfully
DEBUG: Executing route handler
DEBUG: json() called with data: map[data:map[id:1 name:Test] status:success]
DEBUG: json() wrote 50 bytes, error: <nil>
DEBUG: Handler executed successfully
DEBUG: Executing route handler
DEBUG: json() called with data: map[data:map[id:1 name:Test] status:success]
DEBUG: json() wrote 50 bytes, error: <nil>
DEBUG: Handler executed successfully
DEBUG: Executing route handler
DEBUG: json() called with data: map[data:map[id:1 name:Test] status:success]
DEBUG: json() wrote 50 bytes, error: <nil>
DEBUG: Handler executed successfully
DEBUG: Executing route handler
DEBUG: json() called with data: map[data:map[id:1 name:Test] status:success]
DEBUG: json() wrote 50 bytes, error: <nil>
DEBUG: Handler executed successfully
DEBUG: Executing route handler
DEBUG: json() called with data: map[data:map[id:1 name:Test] status:success]
DEBUG: json() wrote 50 bytes, error: <nil>
DEBUG: Handler executed successfully
DEBUG: Executing route handler
DEBUG: json() called with data: map[data:map[id:1 name:Test] status:success]
DEBUG: json() wrote 50 bytes, error: <nil>
DEBUG: Handler executed successfully
DEBUG: Executing route handler
DEBUG: json() called with data: map[data:map[id:1 name:Test] status:success]
DEBUG: json() wrote 50 bytes, error: <nil>
DEBUG: Handler executed successfully
DEBUG: Executing route handler
DEBUG: json() called with data: map[data:map[id:1 name:Test] status:success]
DEBUG: json() wrote 50 bytes, error: <nil>
DEBUG: Handler executed successfully
DEBUG: Executing route handler
DEBUG: json() called with data: map[data:map[id:1 name:Test] status:success]
DEBUG: json() wrote 50 bytes, error: <nil>
DEBUG: Handler executed successfully
DEBUG: Executing route handler
DEBUG: json() called with data: map[data:map[id:1 name:Test] status:success]
DEBUG: json() wrote 50 bytes, error: <nil>
DEBUG: Handler executed successfully
DEBUG: Executing route handler
DEBUG: json() called with data: map[data:map[id:1 name:Test] status:success]
DEBUG: json() wrote 50 bytes, error: <nil>
DEBUG: Handler executed successfully
DEBUG: Executing route handler
DEBUG: json() called with data: map[data:map[id:1 name:Test] status:success]
DEBUG: json() wrote 50 bytes, error: <nil>
DEBUG: Handler executed successfully
DEBUG: Executing route handler
DEBUG: json() called with data: map[data:map[id:1 name:Test] status:success]
DEBUG: json() wrote 50 bytes, error: <nil>
DEBUG: Handler executed successfully
DEBUG: Executing route handler
DEBUG: json() called with data: map[data:map[id:1 name:Test] status:success]
DEBUG: json() wrote 50 bytes, error: <nil>
DEBUG: Handler executed successfully
DEBUG: Executing route handler
DEBUG: json() called with data: map[data:map[id:1 name:Test] status:success]
DEBUG: json() wrote 50 bytes, error: <nil>
DEBUG: Handler executed successfully
DEBUG: Executing route handler
DEBUG: json() called with data: map[data:map[id:1 name:Test] status:success]
DEBUG: json() wrote 50 bytes, error: <nil>
DEBUG: Handler executed successfully
DEBUG: Executing route handler
DEBUG: json() called with data: map[data:map[id:1 name:Test] status:success]
DEBUG: json() wrote 50 bytes, error: <nil>
DEBUG: Handler executed successfully
DEBUG: Executing route handler
DEBUG: json() called with data: map[data:map[id:1 name:Test] status:success]
DEBUG: json() wrote 50 bytes, error: <nil>
DEBUG: Handler executed successfully
DEBUG: Executing route handler
DEBUG: json() called with data: map[data:map[id:1 name:Test] status:success]
DEBUG: json() wrote 50 bytes, error: <nil>
DEBUG: Handler executed successfully
DEBUG: Executing route handler
DEBUG: json() called with data: map[data:map[id:1 name:Test] status:success]
DEBUG: json() wrote 50 bytes, error: <nil>
DEBUG: Handler executed successfully
DEBUG: Executing route handler
DEBUG: json() called with data: map[data:map[id:1 name:Test] status:success]
DEBUG: json() wrote 50 bytes, error: <nil>
DEBUG: Handler executed successfully
DEBUG: Executing route handler
DEBUG: json() called with data: map[data:map[id:1 name:Test] status:success]
DEBUG: json() wrote 50 bytes, error: <nil>
DEBUG: Handler executed successfully
DEBUG: Executing route handler
DEBUG: json() called with data: map[data:map[id:1 name:Test] status:success]
DEBUG: json() wrote 50 bytes, error: <nil>
DEBUG: Handler executed successfully
DEBUG: Executing route handler
DEBUG: json() called with data: map[data:map[id:1 name:Test] status:success]
DEBUG: json() wrote 50 bytes, error: <nil>
DEBUG: Handler executed successfully
DEBUG: Executing route handler
DEBUG: json() called with data: map[data:map[id:1 name:Test] status:success]
DEBUG: json() wrote 50 bytes, error: <nil>
DEBUG: Handler executed successfully
DEBUG: Executing route handler
DEBUG: json() called with data: map[data:map[id:1 name:Test] status:success]
DEBUG: json() wrote 50 bytes, error: <nil>
DEBUG: Handler executed successfully
DEBUG: Executing route handler
DEBUG: json() called with data: map[data:map[id:1 name:Test] status:success]
DEBUG: json() wrote 50 bytes, error: <nil>
DEBUG: Handler executed successfully
DEBUG: Executing route handler
DEBUG: json() called with data: map[data:map[id:1 name:Test] status:success]
DEBUG: json() wrote 50 bytes, error: <nil>
DEBUG: Handler executed successfully
DEBUG: Executing route handler
DEBUG: json() called with data: map[data:map[id:1 name:Test] status:success]
DEBUG: json() wrote 50 bytes, error: <nil>
DEBUG: Handler executed successfully
DEBUG: Executing route handler
DEBUG: json() called with data: map[data:map[id:1 name:Test] status:success]
DEBUG: json() wrote 50 bytes, error: <nil>
DEBUG: Handler executed successfully
DEBUG: Executing route handler
DEBUG: json() called with data: map[data:map[id:1 name:Test] status:success]
DEBUG: json() wrote 50 bytes, error: <nil>
DEBUG: Handler executed successfully
DEBUG: Executing route handler
DEBUG: json() called with data: map[data:map[id:1 name:Test] status:success]
DEBUG: json() wrote 50 bytes, error: <nil>
DEBUG: Handler executed successfully
DEBUG: Executing route handler
DEBUG: json() called with data: map[data:map[id:1 name:Test] status:success]
DEBUG: json() wrote 50 bytes, error: <nil>
DEBUG: Handler executed successfully
DEBUG: Executing route handler
DEBUG: json() called with data: map[data:map[id:1 name:Test] status:success]
DEBUG: json() wrote 50 bytes, error: <nil>
DEBUG: Handler executed successfully
DEBUG: Executing route handler
DEBUG: json() called with data: map[data:map[id:1 name:Test] status:success]
DEBUG: json() wrote 50 bytes, error: <nil>
DEBUG: Handler executed successfully
DEBUG: Executing route handler
DEBUG: json() called with data: map[data:map[id:1 name:Test] status:success]
DEBUG: json() wrote 50 bytes, error: <nil>
DEBUG: Handler executed successfully
DEBUG: Executing route handler
DEBUG: json() called with data: map[data:map[id:1 name:Test] status:success]
DEBUG: json() wrote 50 bytes, error: <nil>
DEBUG: Handler executed successfully
DEBUG: Executing route handler
DEBUG: json() called with data: map[data:map[id:1 name:Test] status:success]
DEBUG: json() wrote 50 bytes, error: <nil>
DEBUG: Handler executed successfully
DEBUG: Executing route handler
DEBUG: json() called with data: map[data:map[id:1 name:Test] status:success]
DEBUG: json() wrote 50 bytes, error: <nil>
DEBUG: Handler executed successfully
DEBUG: Executing route handler
DEBUG: json() called with data: map[data:map[id:1 name:Test] status:success]
DEBUG: json() wrote 50 bytes, error: <nil>
DEBUG: Handler executed successfully
DEBUG: Executing route handler
DEBUG: json() called with data: map[data:map[id:1 name:Test] status:success]
DEBUG: json() wrote 50 bytes, error: <nil>
DEBUG: Handler executed successfully
DEBUG: Executing route handler
DEBUG: json() called with data: map[data:map[id:1 name:Test] status:success]
DEBUG: json() wrote 50 bytes, error: <nil>
DEBUG: Handler executed successfully
DEBUG: Executing route handler
DEBUG: json() called with data: map[data:map[id:1 name:Test] status:success]
DEBUG: json() wrote 50 bytes, error: <nil>
DEBUG: Handler executed successfully
DEBUG: Executing route handler
DEBUG: json() called with data: map[data:map[id:1 name:Test] status:success]
DEBUG: json() wrote 50 bytes, error: <nil>
DEBUG: Handler executed successfully
DEBUG: Executing route handler
DEBUG: json() called with data: map[data:map[id:1 name:Test] status:success]
DEBUG: json() wrote 50 bytes, error: <nil>
DEBUG: Handler executed successfully
DEBUG: Executing route handler
DEBUG: json() called with data: map[data:map[id:1 name:Test] status:success]
DEBUG: json() wrote 50 bytes, error: <nil>
DEBUG: Handler executed successfully
DEBUG: Executing route handler
DEBUG: json() called with data: map[data:map[id:1 name:Test] status:success]
DEBUG: json() wrote 50 bytes, error: <nil>
DEBUG: Handler executed successfully
DEBUG: Executing route handler
DEBUG: json() called with data: map[data:map[id:1 name:Test] status:success]
DEBUG: json() wrote 50 bytes, error: <nil>
DEBUG: Handler executed successfully
DEBUG: Executing route handler
DEBUG: json() called with data: map[data:map[id:1 name:Test] status:success]
DEBUG: json() wrote 50 bytes, error: <nil>
DEBUG: Handler executed successfully
DEBUG: Executing route handler
DEBUG: json() called with data: map[data:map[id:1 name:Test] status:success]
DEBUG: json() wrote 50 bytes, error: <nil>
DEBUG: Handler executed successfully
DEBUG: Executing route handler
DEBUG: json() called with data: map[data:map[id:1 name:Test] status:success]
DEBUG: json() wrote 50 bytes, error: <nil>
DEBUG: Handler executed successfully
DEBUG: Executing route handler
DEBUG: json() called with data: map[data:map[id:1 name:Test] status:success]
DEBUG: json() wrote 50 bytes, error: <nil>
DEBUG: Handler executed successfully
DEBUG: Executing route handler
DEBUG: json() called with data: map[data:map[id:1 name:Test] status:success]
DEBUG: json() wrote 50 bytes, error: <nil>
DEBUG: Handler executed successfully
DEBUG: Executing route handler
DEBUG: json() called with data: map[data:map[id:1 name:Test] status:success]
DEBUG: json() wrote 50 bytes, error: <nil>
DEBUG: Handler executed successfully
DEBUG: Executing route handler
DEBUG: json() called with data: map[data:map[id:1 name:Test] status:success]
DEBUG: json() wrote 50 bytes, error: <nil>
DEBUG: Handler executed successfully
DEBUG: Executing route handler
DEBUG: json() called with data: map[data:map[id:1 name:Test] status:success]
DEBUG: json() wrote 50 bytes, error: <nil>
DEBUG: Handler executed successfully
DEBUG: Executing route handler
DEBUG: json() called with data: map[data:map[id:1 name:Test] status:success]
DEBUG: json() wrote 50 bytes, error: <nil>
DEBUG: Handler executed successfully
DEBUG: Executing route handler
DEBUG: json() called with data: map[data:map[id:1 name:Test] status:success]
DEBUG: json() wrote 50 bytes, error: <nil>
DEBUG: Handler executed successfully
DEBUG: Executing route handler
DEBUG: json() called with data: map[data:map[id:1 name:Test] status:success]
DEBUG: json() wrote 50 bytes, error: <nil>
DEBUG: Handler executed successfully
DEBUG: Executing route handler
DEBUG: json() called with data: map[data:map[id:1 name:Test] status:success]
DEBUG: json() wrote 50 bytes, error: <nil>
DEBUG: Handler executed successfully
DEBUG: Executing route handler
DEBUG: json() called with data: map[data:map[id:1 name:Test] status:success]
DEBUG: json() wrote 50 bytes, error: <nil>
DEBUG: Handler executed successfully
DEBUG: Executing route handler
DEBUG: json() called with data: map[data:map[id:1 name:Test] status:success]
DEBUG: json() wrote 50 bytes, error: <nil>
DEBUG: Handler executed successfully
DEBUG: Executing route handler
DEBUG: json() called with data: map[data:map[id:1 name:Test] status:success]
DEBUG: json() wrote 50 bytes, error: <nil>
DEBUG: Handler executed successfully
DEBUG: Executing route handler
DEBUG: json() called with data: map[data:map[id:1 name:Test] status:success]
DEBUG: json() wrote 50 bytes, error: <nil>
DEBUG: Handler executed successfully
DEBUG: Executing route handler
DEBUG: json() called with data: map[data:map[id:1 name:Test] status:success]
DEBUG: json() wrote 50 bytes, error: <nil>
DEBUG: Handler executed successfully
DEBUG: Executing route handler
DEBUG: json() called with data: map[data:map[id:1 name:Test] status:success]
DEBUG: json() wrote 50 bytes, error: <nil>
DEBUG: Handler executed successfully
DEBUG: Executing route handler
DEBUG: json() called with data: map[data:map[id:1 name:Test] status:success]
DEBUG: json() wrote 50 bytes, error: <nil>
DEBUG: Handler executed successfully
DEBUG: Executing route handler
DEBUG: json() called with data: map[data:map[id:1 name:Test] status:success]
DEBUG: json() wrote 50 bytes, error: <nil>
DEBUG: Handler executed successfully
DEBUG: Executing route handler
DEBUG: json() called with data: map[data:map[id:1 name:Test] status:success]
DEBUG: json() wrote 50 bytes, error: <nil>
DEBUG: Handler executed successfully
DEBUG: Executing route handler
DEBUG: json() called with data: map[data:map[id:1 name:Test] status:success]
DEBUG: json() wrote 50 bytes, error: <nil>
DEBUG: Handler executed successfully
DEBUG: Executing route handler
DEBUG: json() called with data: map[data:map[id:1 name:Test] status:success]
DEBUG: json() wrote 50 bytes, error: <nil>
DEBUG: Handler executed successfully
DEBUG: Executing route handler
DEBUG: json() called with data: map[data:map[id:1 name:Test] status:success]
DEBUG: json() wrote 50 bytes, error: <nil>
DEBUG: Handler executed successfully
DEBUG: Executing route handler
DEBUG: json() called with data: map[data:map[id:1 name:Test] status:success]
DEBUG: json() wrote 50 bytes, error: <nil>
DEBUG: Handler executed successfully
DEBUG: Executing route handler
DEBUG: json() called with data: map[data:map[id:1 name:Test] status:success]
DEBUG: json() wrote 50 bytes, error: <nil>
DEBUG: Handler executed successfully
DEBUG: Executing route handler
DEBUG: json() called with data: map[data:map[id:1 name:Test] status:success]
DEBUG: json() wrote 50 bytes, error: <nil>
DEBUG: Handler executed successfully
DEBUG: Executing route handler
DEBUG: json() called with data: map[data:map[id:1 name:Test] status:success]
DEBUG: json() wrote 50 bytes, error: <nil>
DEBUG: Handler executed successfully
DEBUG: Executing route handler
DEBUG: json() called with data: map[data:map[id:1 name:Test] status:success]
DEBUG: json() wrote 50 bytes, error: <nil>
DEBUG: Handler executed successfully
DEBUG: Executing route handler
DEBUG: json() called with data: map[data:map[id:1 name:Test] status:success]
DEBUG: json() wrote 50 bytes, error: <nil>
DEBUG: Handler executed successfully
DEBUG: Executing route handler
DEBUG: json() called with data: map[data:map[id:1 name:Test] status:success]
DEBUG: json() wrote 50 bytes, error: <nil>
DEBUG: Handler executed successfully
DEBUG: Executing route handler
DEBUG: json() called with data: map[data:map[id:1 name:Test] status:success]
DEBUG: json() wrote 50 bytes, error: <nil>
DEBUG: Handler executed successfully
DEBUG: Executing route handler
DEBUG: json() called with data: map[data:map[id:1 name:Test] status:success]
DEBUG: json() wrote 50 bytes, error: <nil>
DEBUG: Handler executed successfully
DEBUG: Executing route handler
DEBUG: json() called with data: map[data:map[id:1 name:Test] status:success]
DEBUG: json() wrote 50 bytes, error: <nil>
DEBUG: Handler executed successfully
DEBUG: Executing route handler
DEBUG: json() called with data: map[data:map[id:1 name:Test] status:success]
DEBUG: json() wrote 50 bytes, error: <nil>
DEBUG: Handler executed successfully
DEBUG: Executing route handler
DEBUG: json() called with data: map[data:map[id:1 name:Test] status:success]
DEBUG: json() wrote 50 bytes, error: <nil>
DEBUG: Handler executed successfully
DEBUG: Executing route handler
DEBUG: json() called with data: map[data:map[id:1 name:Test] status:success]
DEBUG: json() wrote 50 bytes, error: <nil>
DEBUG: Handler executed successfully
DEBUG: Executing route handler
DEBUG: json() called with data: map[data:map[id:1 name:Test] status:success]
DEBUG: json() wrote 50 bytes, error: <nil>
DEBUG: Handler executed successfully
DEBUG: Executing route handler
DEBUG: json() called with data: map[data:map[id:1 name:Test] status:success]
DEBUG: json() wrote 50 bytes, error: <nil>
DEBUG: Handler executed successfully
DEBUG: Executing route handler
DEBUG: json() called with data: map[data:map[id:1 name:Test] status:success]
DEBUG: json() wrote 50 bytes, error: <nil>
DEBUG: Handler executed successfully
DEBUG: Executing route handler
DEBUG: json() called with data: map[data:map[id:1 name:Test] status:success]
DEBUG: json() wrote 50 bytes, error: <nil>
DEBUG: Handler executed successfully
DEBUG: Executing route handler
DEBUG: json() called with data: map[data:map[id:1 name:Test] status:success]
DEBUG: json() wrote 50 bytes, error: <nil>
DEBUG: Handler executed successfully
DEBUG: Executing route handler
DEBUG: json() called with data: map[data:map[id:1 name:Test] status:success]
DEBUG: json() wrote 50 bytes, error: <nil>
DEBUG: Handler executed successfully
DEBUG: Executing route handler
DEBUG: json() called with data: map[data:map[id:1 name:Test] status:success]
DEBUG: json() wrote 50 bytes, error: <nil>
DEBUG: Handler executed successfully
DEBUG: Executing route handler
DEBUG: json() called with data: map[data:map[id:1 name:Test] status:success]
DEBUG: json() wrote 50 bytes, error: <nil>
DEBUG: Handler executed successfully
DEBUG: Executing route handler
DEBUG: json() called with data: map[data:map[id:1 name:Test] status:success]
DEBUG: json() wrote 50 bytes, error: <nil>
DEBUG: Handler executed successfully
DEBUG: Executing route handler
DEBUG: json() called with data: map[data:map[id:1 name:Test] status:success]
DEBUG: json() wrote 50 bytes, error: <nil>
DEBUG: Handler executed successfully
DEBUG: Executing route handler
DEBUG: json() called with data: map[data:map[id:1 name:Test] status:success]
DEBUG: json() wrote 50 bytes, error: <nil>
DEBUG: Handler executed successfully
DEBUG: Executing route handler
DEBUG: json() called with data: map[data:map[id:1 name:Test] status:success]
DEBUG: json() wrote 50 bytes, error: <nil>
DEBUG: Handler executed successfully
DEBUG: Executing route handler
DEBUG: json() called with data: map[data:map[id:1 name:Test] status:success]
DEBUG: json() wrote 50 bytes, error: <nil>
DEBUG: Handler executed successfully
DEBUG: Executing route handler
DEBUG: json() called with data: map[data:map[id:1 name:Test] status:success]
DEBUG: json() wrote 50 bytes, error: <nil>
DEBUG: Handler executed successfully
DEBUG: Executing route handler
DEBUG: json() called with data: map[data:map[id:1 name:Test] status:success]
DEBUG: json() wrote 50 bytes, error: <nil>
DEBUG: Handler executed successfully
DEBUG: Executing route handler
DEBUG: json() called with data: map[data:map[id:1 name:Test] status:success]
DEBUG: json() wrote 50 bytes, error: <nil>
DEBUG: Handler executed successfully
DEBUG: Executing route handler
DEBUG: json() called with data: map[data:map[id:1 name:Test] status:success]
DEBUG: json() wrote 50 bytes, error: <nil>
DEBUG: Handler executed successfully
DEBUG: Executing route handler
DEBUG: json() called with data: map[data:map[id:1 name:Test] status:success]
DEBUG: json() wrote 50 bytes, error: <nil>
DEBUG: Handler executed successfully
DEBUG: Executing route handler
DEBUG: json() called with data: map[data:map[id:1 name:Test] status:success]
DEBUG: json() wrote 50 bytes, error: <nil>
DEBUG: Handler executed successfully
DEBUG: Executing route handler
DEBUG: json() called with data: map[data:map[id:1 name:Test] status:success]
DEBUG: json() wrote 50 bytes, error: <nil>
DEBUG: Handler executed successfully
DEBUG: Executing route handler
DEBUG: json() called with data: map[data:map[id:1 name:Test] status:success]
DEBUG: json() wrote 50 bytes, error: <nil>
DEBUG: Handler executed successfully
DEBUG: Executing route handler
DEBUG: json() called with data: map[data:map[id:1 name:Test] status:success]
DEBUG: json() wrote 50 bytes, error: <nil>
DEBUG: Handler executed successfully
DEBUG: Executing route handler
DEBUG: json() called with data: map[data:map[id:1 name:Test] status:success]
DEBUG: json() wrote 50 bytes, error: <nil>
DEBUG: Handler executed successfully
DEBUG: Executing route handler
DEBUG: json() called with data: map[data:map[id:1 name:Test] status:success]
DEBUG: json() wrote 50 bytes, error: <nil>
DEBUG: Handler executed successfully
DEBUG: Executing route handler
DEBUG: json() called with data: map[data:map[id:1 name:Test] status:success]
DEBUG: json() wrote 50 bytes, error: <nil>
DEBUG: Handler executed successfully
DEBUG: Executing route handler
DEBUG: json() called with data: map[data:map[id:1 name:Test] status:success]
DEBUG: json() wrote 50 bytes, error: <nil>
DEBUG: Handler executed successfully
DEBUG: Executing route handler
DEBUG: json() called with data: map[data:map[id:1 name:Test] status:success]
DEBUG: json() wrote 50 bytes, error: <nil>
DEBUG: Handler executed successfully
DEBUG: Executing route handler
DEBUG: json() called with data: map[data:map[id:1 name:Test] status:success]
DEBUG: json() wrote 50 bytes, error: <nil>
DEBUG: Handler executed successfully
DEBUG: Executing route handler
DEBUG: json() called with data: map[data:map[id:1 name:Test] status:success]
DEBUG: json() wrote 50 bytes, error: <nil>
DEBUG: Handler executed successfully
DEBUG: Executing route handler
DEBUG: json() called with data: map[data:map[id:1 name:Test] status:success]
DEBUG: json() wrote 50 bytes, error: <nil>
DEBUG: Handler executed successfully
DEBUG: Executing route handler
DEBUG: json() called with data: map[data:map[id:1 name:Test] status:success]
DEBUG: json() wrote 50 bytes, error: <nil>
DEBUG: Handler executed successfully
DEBUG: Executing route handler
DEBUG: json() called with data: map[data:map[id:1 name:Test] status:success]
DEBUG: json() wrote 50 bytes, error: <nil>
DEBUG: Handler executed successfully
DEBUG: Executing route handler
DEBUG: json() called with data: map[data:map[id:1 name:Test] status:success]
DEBUG: json() wrote 50 bytes, error: <nil>
DEBUG: Handler executed successfully
DEBUG: Executing route handler
DEBUG: json() called with data: map[data:map[id:1 name:Test] status:success]
DEBUG: json() wrote 50 bytes, error: <nil>
DEBUG: Handler executed successfully
DEBUG: Executing route handler
DEBUG: json() called with data: map[data:map[id:1 name:Test] status:success]
DEBUG: json() wrote 50 bytes, error: <nil>
DEBUG: Handler executed successfully
DEBUG: Executing route handler
DEBUG: json() called with data: map[data:map[id:1 name:Test] status:success]
DEBUG: json() wrote 50 bytes, error: <nil>
DEBUG: Handler executed successfully
DEBUG: Executing route handler
DEBUG: json() called with data: map[data:map[id:1 name:Test] status:success]
DEBUG: json() wrote 50 bytes, error: <nil>
DEBUG: Handler executed successfully
DEBUG: Executing route handler
DEBUG: json() called with data: map[data:map[id:1 name:Test] status:success]
DEBUG: json() wrote 50 bytes, error: <nil>
DEBUG: Handler executed successfully
DEBUG: Executing route handler
DEBUG: json() called with data: map[data:map[id:1 name:Test] status:success]
DEBUG: json() wrote 50 bytes, error: <nil>
DEBUG: Handler executed successfully
DEBUG: Executing route handler
DEBUG: json() called with data: map[data:map[id:1 name:Test] status:success]
DEBUG: json() wrote 50 bytes, error: <nil>
DEBUG: Handler executed successfully
DEBUG: Executing route handler
DEBUG: json() called with data: map[data:map[id:1 name:Test] status:success]
DEBUG: json() wrote 50 bytes, error: <nil>
DEBUG: Handler executed successfully
DEBUG: Executing route handler
DEBUG: json() called with data: map[data:map[id:1 name:Test] status:success]
DEBUG: json() wrote 50 bytes, error: <nil>
DEBUG: Handler executed successfully
DEBUG: Executing route handler
DEBUG: json() called with data: map[data:map[id:1 name:Test] status:success]
DEBUG: json() wrote 50 bytes, error: <nil>
DEBUG: Handler executed successfully
DEBUG: Executing route handler
DEBUG: json() called with data: map[data:map[id:1 name:Test] status:success]
DEBUG: json() wrote 50 bytes, error: <nil>
DEBUG: Handler executed successfully
DEBUG: Executing route handler
DEBUG: json() called with data: map[data:map[id:1 name:Test] status:success]
DEBUG: json() wrote 50 bytes, error: <nil>
DEBUG: Handler executed successfully
DEBUG: Executing route handler
DEBUG: json() called with data: map[data:map[id:1 name:Test] status:success]
DEBUG: json() wrote 50 bytes, error: <nil>
DEBUG: Handler executed successfully
DEBUG: Executing route handler
DEBUG: json() called with data: map[data:map[id:1 name:Test] status:success]
DEBUG: json() wrote 50 bytes, error: <nil>
DEBUG: Handler executed successfully
DEBUG: Executing route handler
DEBUG: json() called with data: map[data:map[id:1 name:Test] status:success]
DEBUG: json() wrote 50 bytes, error: <nil>
DEBUG: Handler executed successfully
DEBUG: Executing route handler
DEBUG: json() called with data: map[data:map[id:1 name:Test] status:success]
DEBUG: json() wrote 50 bytes, error: <nil>
DEBUG: Handler executed successfully
DEBUG: Executing route handler
DEBUG: json() called with data: map[data:map[id:1 name:Test] status:success]
DEBUG: json() wrote 50 bytes, error: <nil>
DEBUG: Handler executed successfully
DEBUG: Executing route handler
DEBUG: json() called with data: map[data:map[id:1 name:Test] status:success]
DEBUG: json() wrote 50 bytes, error: <nil>
DEBUG: Handler executed successfully
DEBUG: Executing route handler
DEBUG: json() called with data: map[data:map[id:1 name:Test] status:success]
DEBUG: json() wrote 50 bytes, error: <nil>
DEBUG: Handler executed successfully
DEBUG: Executing route handler
DEBUG: json() called with data: map[data:map[id:1 name:Test] status:success]
DEBUG: json() wrote 50 bytes, error: <nil>
DEBUG: Handler executed successfully
DEBUG: Executing route handler
DEBUG: json() called with data: map[data:map[id:1 name:Test] status:success]
DEBUG: json() wrote 50 bytes, error: <nil>
DEBUG: Handler executed successfully
DEBUG: Executing route handler
DEBUG: json() called with data: map[data:map[id:1 name:Test] status:success]
DEBUG: json() wrote 50 bytes, error: <nil>
DEBUG: Handler executed successfully
DEBUG: Executing route handler
DEBUG: json() called with data: map[data:map[id:1 name:Test] status:success]
DEBUG: json() wrote 50 bytes, error: <nil>
DEBUG: Handler executed successfully
DEBUG: Executing route handler
DEBUG: json() called with data: map[data:map[id:1 name:Test] status:success]
DEBUG: json() wrote 50 bytes, error: <nil>
DEBUG: Handler executed successfully
DEBUG: Executing route handler
DEBUG: json() called with data: map[data:map[id:1 name:Test] status:success]
DEBUG: json() wrote 50 bytes, error: <nil>
DEBUG: Handler executed successfully
DEBUG: Executing route handler
DEBUG: json() called with data: map[data:map[id:1 name:Test] status:success]
DEBUG: json() wrote 50 bytes, error: <nil>
DEBUG: Handler executed successfully
DEBUG: Executing route handler
DEBUG: json() called with data: map[data:map[id:1 name:Test] status:success]
DEBUG: json() wrote 50 bytes, error: <nil>
DEBUG: Handler executed successfully
DEBUG: Executing route handler
DEBUG: json() called with data: map[data:map[id:1 name:Test] status:success]
DEBUG: json() wrote 50 bytes, error: <nil>
DEBUG: Handler executed successfully
DEBUG: Executing route handler
DEBUG: json() called with data: map[data:map[id:1 name:Test] status:success]
DEBUG: json() wrote 50 bytes, error: <nil>
DEBUG: Handler executed successfully
DEBUG: Executing route handler
DEBUG: json() called with data: map[data:map[id:1 name:Test] status:success]
DEBUG: json() wrote 50 bytes, error: <nil>
DEBUG: Handler executed successfully
DEBUG: Executing route handler
DEBUG: json() called with data: map[data:map[id:1 name:Test] status:success]
DEBUG: json() wrote 50 bytes, error: <nil>
DEBUG: Handler executed successfully
DEBUG: Executing route handler
DEBUG: json() called with data: map[data:map[id:1 name:Test] status:success]
DEBUG: json() wrote 50 bytes, error: <nil>
DEBUG: Handler executed successfully
DEBUG: Executing route handler
DEBUG: json() called with data: map[data:map[id:1 name:Test] status:success]
DEBUG: json() wrote 50 bytes, error: <nil>
DEBUG: Handler executed successfully
DEBUG: Executing route handler
DEBUG: json() called with data: map[data:map[id:1 name:Test] status:success]
DEBUG: json() wrote 50 bytes, error: <nil>
DEBUG: Handler executed successfully
DEBUG: Executing route handler
DEBUG: json() called with data: map[data:map[id:1 name:Test] status:success]
DEBUG: json() wrote 50 bytes, error: <nil>
DEBUG: Handler executed successfully
DEBUG: Executing route handler
DEBUG: json() called with data: map[data:map[id:1 name:Test] status:success]
DEBUG: json() wrote 50 bytes, error: <nil>
DEBUG: Handler executed successfully
DEBUG: Executing route handler
DEBUG: json() called with data: map[data:map[id:1 name:Test] status:success]
DEBUG: json() wrote 50 bytes, error: <nil>
DEBUG: Handler executed successfully
DEBUG: Executing route handler
DEBUG: json() called with data: map[data:map[id:1 name:Test] status:success]
DEBUG: json() wrote 50 bytes, error: <nil>
DEBUG: Handler executed successfully
DEBUG: Executing route handler
DEBUG: json() called with data: map[data:map[id:1 name:Test] status:success]
DEBUG: json() wrote 50 bytes, error: <nil>
DEBUG: Handler executed successfully
DEBUG: Executing route handler
DEBUG: json() called with data: map[data:map[id:1 name:Test] status:success]
DEBUG: json() wrote 50 bytes, error: <nil>
DEBUG: Handler executed successfully
DEBUG: Executing route handler
DEBUG: json() called with data: map[data:map[id:1 name:Test] status:success]
DEBUG: json() wrote 50 bytes, error: <nil>
DEBUG: Handler executed successfully
DEBUG: Executing route handler
DEBUG: json() called with data: map[data:map[id:1 name:Test] status:success]
DEBUG: json() wrote 50 bytes, error: <nil>
DEBUG: Handler executed successfully
DEBUG: Executing route handler
DEBUG: json() called with data: map[data:map[id:1 name:Test] status:success]
DEBUG: json() wrote 50 bytes, error: <nil>
DEBUG: Handler executed successfully
DEBUG: Executing route handler
DEBUG: json() called with data: map[data:map[id:1 name:Test] status:success]
DEBUG: json() wrote 50 bytes, error: <nil>
DEBUG: Handler executed successfully
DEBUG: Executing route handler
DEBUG: json() called with data: map[data:map[id:1 name:Test] status:success]
DEBUG: json() wrote 50 bytes, error: <nil>
DEBUG: Handler executed successfully
DEBUG: Executing route handler
DEBUG: json() called with data: map[data:map[id:1 name:Test] status:success]
DEBUG: json() wrote 50 bytes, error: <nil>
DEBUG: Handler executed successfully
DEBUG: Executing route handler
DEBUG: json() called with data: map[data:map[id:1 name:Test] status:success]
DEBUG: json() wrote 50 bytes, error: <nil>
DEBUG: Handler executed successfully
DEBUG: Executing route handler
DEBUG: json() called with data: map[data:map[id:1 name:Test] status:success]
DEBUG: json() wrote 50 bytes, error: <nil>
DEBUG: Handler executed successfully
DEBUG: Executing route handler
DEBUG: json() called with data: map[data:map[id:1 name:Test] status:success]
DEBUG: json() wrote 50 bytes, error: <nil>
DEBUG: Handler executed successfully
DEBUG: Executing route handler
DEBUG: json() called with data: map[data:map[id:1 name:Test] status:success]
DEBUG: json() wrote 50 bytes, error: <nil>
DEBUG: Handler executed successfully
DEBUG: Executing route handler
DEBUG: json() called with data: map[data:map[id:1 name:Test] status:success]
DEBUG: json() wrote 50 bytes, error: <nil>
DEBUG: Handler executed successfully
DEBUG: Executing route handler
DEBUG: json() called with data: map[data:map[id:1 name:Test] status:success]
DEBUG: json() wrote 50 bytes, error: <nil>
DEBUG: Handler executed successfully
DEBUG: Executing route handler
DEBUG: json() called with data: map[data:map[id:1 name:Test] status:success]
DEBUG: json() wrote 50 bytes, error: <nil>
DEBUG: Handler executed successfully
DEBUG: Executing route handler
DEBUG: json() called with data: map[data:map[id:1 name:Test] status:success]
DEBUG: json() wrote 50 bytes, error: <nil>
DEBUG: Handler executed successfully
DEBUG: Executing route handler
DEBUG: json() called with data: map[data:map[id:1 name:Test] status:success]
DEBUG: json() wrote 50 bytes, error: <nil>
DEBUG: Handler executed successfully
DEBUG: Executing route handler
DEBUG: json() called with data: map[data:map[id:1 name:Test] status:success]
DEBUG: json() wrote 50 bytes, error: <nil>
DEBUG: Handler executed successfully
DEBUG: Executing route handler
DEBUG: json() called with data: map[data:map[id:1 name:Test] status:success]
DEBUG: json() wrote 50 bytes, error: <nil>
DEBUG: Handler executed successfully
DEBUG: Executing route handler
DEBUG: json() called with data: map[data:map[id:1 name:Test] status:success]
DEBUG: json() wrote 50 bytes, error: <nil>
DEBUG: Handler executed successfully
DEBUG: Executing route handler
DEBUG: json() called with data: map[data:map[id:1 name:Test] status:success]
DEBUG: json() wrote 50 bytes, error: <nil>
DEBUG: Handler executed successfully
DEBUG: Executing route handler
DEBUG: json() called with data: map[data:map[id:1 name:Test] status:success]
DEBUG: json() wrote 50 bytes, error: <nil>
DEBUG: Handler executed successfully
DEBUG: Executing route handler
DEBUG: json() called with data: map[data:map[id:1 name:Test] status:success]
DEBUG: json() wrote 50 bytes, error: <nil>
DEBUG: Handler executed successfully
DEBUG: Executing route handler
DEBUG: json() called with data: map[data:map[id:1 name:Test] status:success]
DEBUG: json() wrote 50 bytes, error: <nil>
DEBUG: Handler executed successfully
DEBUG: Executing route handler
DEBUG: json() called with data: map[data:map[id:1 name:Test] status:success]
DEBUG: json() wrote 50 bytes, error: <nil>
DEBUG: Handler executed successfully
DEBUG: Executing route handler
DEBUG: json() called with data: map[data:map[id:1 name:Test] status:success]
DEBUG: json() wrote 50 bytes, error: <nil>
DEBUG: Handler executed successfully
DEBUG: Executing route handler
DEBUG: json() called with data: map[data:map[id:1 name:Test] status:success]
DEBUG: json() wrote 50 bytes, error: <nil>
DEBUG: Handler executed successfully
DEBUG: Executing route handler
DEBUG: json() called with data: map[data:map[id:1 name:Test] status:success]
DEBUG: json() wrote 50 bytes, error: <nil>
DEBUG: Handler executed successfully
DEBUG: Executing route handler
DEBUG: json() called with data: map[data:map[id:1 name:Test] status:success]
DEBUG: json() wrote 50 bytes, error: <nil>
DEBUG: Handler executed successfully
DEBUG: Executing route handler
DEBUG: json() called with data: map[data:map[id:1 name:Test] status:success]
DEBUG: json() wrote 50 bytes, error: <nil>
DEBUG: Handler executed successfully
DEBUG: Executing route handler
DEBUG: json() called with data: map[data:map[id:1 name:Test] status:success]
DEBUG: json() wrote 50 bytes, error: <nil>
DEBUG: Handler executed successfully
DEBUG: Executing route handler
DEBUG: json() called with data: map[data:map[id:1 name:Test] status:success]
DEBUG: json() wrote 50 bytes, error: <nil>
DEBUG: Handler executed successfully
DEBUG: Executing route handler
DEBUG: json() called with data: map[data:map[id:1 name:Test] status:success]
DEBUG: json() wrote 50 bytes, error: <nil>
DEBUG: Handler executed successfully
DEBUG: Executing route handler
DEBUG: json() called with data: map[data:map[id:1 name:Test] status:success]
DEBUG: json() wrote 50 bytes, error: <nil>
DEBUG: Handler executed successfully
DEBUG: Executing route handler
DEBUG: json() called with data: map[data:map[id:1 name:Test] status:success]
DEBUG: json() wrote 50 bytes, error: <nil>
DEBUG: Handler executed successfully
DEBUG: Executing route handler
DEBUG: json() called with data: map[data:map[id:1 name:Test] status:success]
DEBUG: json() wrote 50 bytes, error: <nil>
DEBUG: Handler executed successfully
DEBUG: Executing route handler
DEBUG: json() called with data: map[data:map[id:1 name:Test] status:success]
DEBUG: json() wrote 50 bytes, error: <nil>
DEBUG: Handler executed successfully
DEBUG: Executing route handler
DEBUG: json() called with data: map[data:map[id:1 name:Test] status:success]
DEBUG: json() wrote 50 bytes, error: <nil>
DEBUG: Handler executed successfully
DEBUG: Executing route handler
DEBUG: json() called with data: map[data:map[id:1 name:Test] status:success]
DEBUG: json() wrote 50 bytes, error: <nil>
DEBUG: Handler executed successfully
DEBUG: Executing route handler
DEBUG: json() called with data: map[data:map[id:1 name:Test] status:success]
DEBUG: json() wrote 50 bytes, error: <nil>
DEBUG: Handler executed successfully
DEBUG: Executing route handler
DEBUG: json() called with data: map[data:map[id:1 name:Test] status:success]
DEBUG: json() wrote 50 bytes, error: <nil>
DEBUG: Handler executed successfully
DEBUG: Executing route handler
DEBUG: json() called with data: map[data:map[id:1 name:Test] status:success]
DEBUG: json() wrote 50 bytes, error: <nil>
DEBUG: Handler executed successfully
DEBUG: Executing route handler
DEBUG: json() called with data: map[data:map[id:1 name:Test] status:success]
DEBUG: json() wrote 50 bytes, error: <nil>
DEBUG: Handler executed successfully
DEBUG: Executing route handler
DEBUG: json() called with data: map[data:map[id:1 name:Test] status:success]
DEBUG: json() wrote 50 bytes, error: <nil>
DEBUG: Handler executed successfully
DEBUG: Executing route handler
DEBUG: json() called with data: map[data:map[id:1 name:Test] status:success]
DEBUG: json() wrote 50 bytes, error: <nil>
DEBUG: Handler executed successfully
DEBUG: Executing route handler
DEBUG: json() called with data: map[data:map[id:1 name:Test] status:success]
DEBUG: json() wrote 50 bytes, error: <nil>
DEBUG: Handler executed successfully
DEBUG: Executing route handler
DEBUG: json() called with data: map[data:map[id:1 name:Test] status:success]
DEBUG: json() wrote 50 bytes, error: <nil>
DEBUG: Handler executed successfully
DEBUG: Executing route handler
DEBUG: json() called with data: map[data:map[id:1 name:Test] status:success]
DEBUG: json() wrote 50 bytes, error: <nil>
DEBUG: Handler executed successfully
DEBUG: Executing route handler
DEBUG: json() called with data: map[data:map[id:1 name:Test] status:success]
DEBUG: json() wrote 50 bytes, error: <nil>
DEBUG: Handler executed successfully
DEBUG: Executing route handler
DEBUG: json() called with data: map[data:map[id:1 name:Test] status:success]
DEBUG: json() wrote 50 bytes, error: <nil>
DEBUG: Handler executed successfully
DEBUG: Executing route handler
DEBUG: json() called with data: map[data:map[id:1 name:Test] status:success]
DEBUG: json() wrote 50 bytes, error: <nil>
DEBUG: Handler executed successfully
DEBUG: Executing route handler
DEBUG: json() called with data: map[data:map[id:1 name:Test] status:success]
DEBUG: json() wrote 50 bytes, error: <nil>
DEBUG: Handler executed successfully
DEBUG: Executing route handler
DEBUG: json() called with data: map[data:map[id:1 name:Test] status:success]
DEBUG: json() wrote 50 bytes, error: <nil>
DEBUG: Handler executed successfully
DEBUG: Executing route handler
DEBUG: json() called with data: map[data:map[id:1 name:Test] status:success]
DEBUG: json() wrote 50 bytes, error: <nil>
DEBUG: Handler executed successfully
DEBUG: Executing route handler
DEBUG: json() called with data: map[data:map[id:1 name:Test] status:success]
DEBUG: json() wrote 50 bytes, error: <nil>
DEBUG: Handler executed successfully
DEBUG: Executing route handler
DEBUG: json() called with data: map[data:map[id:1 name:Test] status:success]
DEBUG: json() wrote 50 bytes, error: <nil>
DEBUG: Handler executed successfully
DEBUG: Executing route handler
DEBUG: json() called with data: map[data:map[id:1 name:Test] status:success]
DEBUG: json() wrote 50 bytes, error: <nil>
DEBUG: Handler executed successfully
DEBUG: Executing route handler
DEBUG: json() called with data: map[data:map[id:1 name:Test] status:success]
DEBUG: json() wrote 50 bytes, error: <nil>
DEBUG: Handler executed successfully
DEBUG: Executing route handler
DEBUG: json() called with data: map[data:map[id:1 name:Test] status:success]
DEBUG: json() wrote 50 bytes, error: <nil>
DEBUG: Handler executed successfully
DEBUG: Executing route handler
DEBUG: json() called with data: map[data:map[id:1 name:Test] status:success]
DEBUG: json() wrote 50 bytes, error: <nil>
DEBUG: Handler executed successfully
DEBUG: Executing route handler
DEBUG: json() called with data: map[data:map[id:1 name:Test] status:success]
DEBUG: json() wrote 50 bytes, error: <nil>
DEBUG: Handler executed successfully
DEBUG: Executing route handler
DEBUG: json() called with data: map[data:map[id:1 name:Test] status:success]
DEBUG: json() wrote 50 bytes, error: <nil>
DEBUG: Handler executed successfully
DEBUG: Executing route handler
DEBUG: json() called with data: map[data:map[id:1 name:Test] status:success]
DEBUG: json() wrote 50 bytes, error: <nil>
DEBUG: Handler executed successfully
DEBUG: Executing route handler
DEBUG: json() called with data: map[data:map[id:1 name:Test] status:success]
DEBUG: json() wrote 50 bytes, error: <nil>
DEBUG: Handler executed successfully
DEBUG: Executing route handler
DEBUG: json() called with data: map[data:map[id:1 name:Test] status:success]
DEBUG: json() wrote 50 bytes, error: <nil>
DEBUG: Handler executed successfully
DEBUG: Executing route handler
DEBUG: json() called with data: map[data:map[id:1 name:Test] status:success]
DEBUG: json() wrote 50 bytes, error: <nil>
DEBUG: Handler executed successfully
DEBUG: Executing route handler
DEBUG: json() called with data: map[data:map[id:1 name:Test] status:success]
DEBUG: json() wrote 50 bytes, error: <nil>
DEBUG: Handler executed successfully
DEBUG: Executing route handler
DEBUG: json() called with data: map[data:map[id:1 name:Test] status:success]
DEBUG: json() wrote 50 bytes, error: <nil>
DEBUG: Handler executed successfully
DEBUG: Executing route handler
DEBUG: json() called with data: map[data:map[id:1 name:Test] status:success]
DEBUG: json() wrote 50 bytes, error: <nil>
DEBUG: Handler executed successfully
DEBUG: Executing route handler
DEBUG: json() called with data: map[data:map[id:1 name:Test] status:success]
DEBUG: json() wrote 50 bytes, error: <nil>
DEBUG: Handler executed successfully
DEBUG: Executing route handler
DEBUG: json() called with data: map[data:map[id:1 name:Test] status:success]
DEBUG: json() wrote 50 bytes, error: <nil>
DEBUG: Handler executed successfully
DEBUG: Executing route handler
DEBUG: json() called with data: map[data:map[id:1 name:Test] status:success]
DEBUG: json() wrote 50 bytes, error: <nil>
DEBUG: Handler executed successfully
DEBUG: Executing route handler
DEBUG: json() called with data: map[data:map[id:1 name:Test] status:success]
DEBUG: json() wrote 50 bytes, error: <nil>
DEBUG: Handler executed successfully
DEBUG: Executing route handler
DEBUG: json() called with data: map[data:map[id:1 name:Test] status:success]
DEBUG: json() wrote 50 bytes, error: <nil>
DEBUG: Handler executed successfully
DEBUG: Executing route handler
DEBUG: json() called with data: map[data:map[id:1 name:Test] status:success]
DEBUG: json() wrote 50 bytes, error: <nil>
DEBUG: Handler executed successfully
DEBUG: Executing route handler
DEBUG: json() called with data: map[data:map[id:1 name:Test] status:success]
DEBUG: json() wrote 50 bytes, error: <nil>
DEBUG: Handler executed successfully
DEBUG: Executing route handler
DEBUG: json() called with data: map[data:map[id:1 name:Test] status:success]
DEBUG: json() wrote 50 bytes, error: <nil>
DEBUG: Handler executed successfully
DEBUG: Executing route handler
DEBUG: json() called with data: map[data:map[id:1 name:Test] status:success]
DEBUG: json() wrote 50 bytes, error: <nil>
DEBUG: Handler executed successfully
DEBUG: Executing route handler
DEBUG: json() called with data: map[data:map[id:1 name:Test] status:success]
DEBUG: json() wrote 50 bytes, error: <nil>
DEBUG: Handler executed successfully
DEBUG: Executing route handler
DEBUG: json() called with data: map[data:map[id:1 name:Test] status:success]
DEBUG: json() wrote 50 bytes, error: <nil>
DEBUG: Handler executed successfully
DEBUG: Executing route handler
DEBUG: json() called with data: map[data:map[id:1 name:Test] status:success]
DEBUG: json() wrote 50 bytes, error: <nil>
DEBUG: Handler executed successfully
DEBUG: Executing route handler
DEBUG: json() called with data: map[data:map[id:1 name:Test] status:success]
DEBUG: json() wrote 50 bytes, error: <nil>
DEBUG: Handler executed successfully
DEBUG: Executing route handler
DEBUG: json() called with data: map[data:map[id:1 name:Test] status:success]
DEBUG: json() wrote 50 bytes, error: <nil>
DEBUG: Handler executed successfully
DEBUG: Executing route handler
DEBUG: json() called with data: map[data:map[id:1 name:Test] status:success]
DEBUG: json() wrote 50 bytes, error: <nil>
DEBUG: Handler executed successfully
DEBUG: Executing route handler
DEBUG: json() called with data: map[data:map[id:1 name:Test] status:success]
DEBUG: json() wrote 50 bytes, error: <nil>
DEBUG: Handler executed successfully
DEBUG: Executing route handler
DEBUG: json() called with data: map[data:map[id:1 name:Test] status:success]
DEBUG: json() wrote 50 bytes, error: <nil>
DEBUG: Handler executed successfully
DEBUG: Executing route handler
DEBUG: json() called with data: map[data:map[id:1 name:Test] status:success]
DEBUG: json() wrote 50 bytes, error: <nil>
DEBUG: Handler executed successfully
DEBUG: Executing route handler
DEBUG: json() called with data: map[data:map[id:1 name:Test] status:success]
DEBUG: json() wrote 50 bytes, error: <nil>
DEBUG: Handler executed successfully
DEBUG: Executing route handler
DEBUG: json() called with data: map[data:map[id:1 name:Test] status:success]
DEBUG: json() wrote 50 bytes, error: <nil>
DEBUG: Handler executed successfully
DEBUG: Executing route handler
DEBUG: json() called with data: map[data:map[id:1 name:Test] status:success]
DEBUG: json() wrote 50 bytes, error: <nil>
DEBUG: Handler executed successfully
DEBUG: Executing route handler
DEBUG: json() called with data: map[data:map[id:1 name:Test] status:success]
DEBUG: json() wrote 50 bytes, error: <nil>
DEBUG: Handler executed successfully
DEBUG: Executing route handler
DEBUG: json() called with data: map[data:map[id:1 name:Test] status:success]
DEBUG: json() wrote 50 bytes, error: <nil>
DEBUG: Handler executed successfully
DEBUG: Executing route handler
DEBUG: json() called with data: map[data:map[id:1 name:Test] status:success]
DEBUG: json() wrote 50 bytes, error: <nil>
DEBUG: Handler executed successfully
DEBUG: Executing route handler
DEBUG: json() called with data: map[data:map[id:1 name:Test] status:success]
DEBUG: json() wrote 50 bytes, error: <nil>
DEBUG: Handler executed successfully
DEBUG: Executing route handler
DEBUG: json() called with data: map[data:map[id:1 name:Test] status:success]
DEBUG: json() wrote 50 bytes, error: <nil>
DEBUG: Handler executed successfully
DEBUG: Executing route handler
DEBUG: json() called with data: map[data:map[id:1 name:Test] status:success]
DEBUG: json() wrote 50 bytes, error: <nil>
DEBUG: Handler executed successfully
DEBUG: Executing route handler
DEBUG: json() called with data: map[data:map[id:1 name:Test] status:success]
DEBUG: json() wrote 50 bytes, error: <nil>
DEBUG: Handler executed successfully
DEBUG: Executing route handler
DEBUG: json() called with data: map[data:map[id:1 name:Test] status:success]
DEBUG: json() wrote 50 bytes, error: <nil>
DEBUG: Handler executed successfully
DEBUG: Executing route handler
DEBUG: json() called with data: map[data:map[id:1 name:Test] status:success]
DEBUG: json() wrote 50 bytes, error: <nil>
DEBUG: Handler executed successfully
DEBUG: Executing route handler
DEBUG: json() called with data: map[data:map[id:1 name:Test] status:success]
DEBUG: json() wrote 50 bytes, error: <nil>
DEBUG: Handler executed successfully
DEBUG: Executing route handler
DEBUG: json() called with data: map[data:map[id:1 name:Test] status:success]
DEBUG: json() wrote 50 bytes, error: <nil>
DEBUG: Handler executed successfully
DEBUG: Executing route handler
DEBUG: json() called with data: map[data:map[id:1 name:Test] status:success]
DEBUG: json() wrote 50 bytes, error: <nil>
DEBUG: Handler executed successfully
DEBUG: Executing route handler
DEBUG: json() called with data: map[data:map[id:1 name:Test] status:success]
DEBUG: json() wrote 50 bytes, error: <nil>
DEBUG: Handler executed successfully
DEBUG: Executing route handler
DEBUG: json() called with data: map[data:map[id:1 name:Test] status:success]
DEBUG: json() wrote 50 bytes, error: <nil>
DEBUG: Handler executed successfully
DEBUG: Executing route handler
DEBUG: json() called with data: map[data:map[id:1 name:Test] status:success]
DEBUG: json() wrote 50 bytes, error: <nil>
DEBUG: Handler executed successfully
DEBUG: Executing route handler
DEBUG: json() called with data: map[data:map[id:1 name:Test] status:success]
DEBUG: json() wrote 50 bytes, error: <nil>
DEBUG: Handler executed successfully
DEBUG: Executing route handler
DEBUG: json() called with data: map[data:map[id:1 name:Test] status:success]
DEBUG: json() wrote 50 bytes, error: <nil>
DEBUG: Handler executed successfully
DEBUG: Executing route handler
DEBUG: json() called with data: map[data:map[id:1 name:Test] status:success]
DEBUG: json() wrote 50 bytes, error: <nil>
DEBUG: Handler executed successfully
DEBUG: Executing route handler
DEBUG: json() called with data: map[data:map[id:1 name:Test] status:success]
DEBUG: json() wrote 50 bytes, error: <nil>
DEBUG: Handler executed successfully
DEBUG: Executing route handler
DEBUG: json() called with data: map[data:map[id:1 name:Test] status:success]
DEBUG: json() wrote 50 bytes, error: <nil>
DEBUG: Handler executed successfully
DEBUG: Executing route handler
DEBUG: json() called with data: map[data:map[id:1 name:Test] status:success]
DEBUG: json() wrote 50 bytes, error: <nil>
DEBUG: Handler executed successfully
DEBUG: Executing route handler
DEBUG: json() called with data: map[data:map[id:1 name:Test] status:success]
DEBUG: json() wrote 50 bytes, error: <nil>
DEBUG: Handler executed successfully
DEBUG: Executing route handler
DEBUG: json() called with data: map[data:map[id:1 name:Test] status:success]
DEBUG: json() wrote 50 bytes, error: <nil>
DEBUG: Handler executed successfully
DEBUG: Executing route handler
DEBUG: json() called with data: map[data:map[id:1 name:Test] status:success]
DEBUG: json() wrote 50 bytes, error: <nil>
DEBUG: Handler executed successfully
DEBUG: Executing route handler
DEBUG: json() called with data: map[data:map[id:1 name:Test] status:success]
DEBUG: json() wrote 50 bytes, error: <nil>
DEBUG: Handler executed successfully
DEBUG: Executing route handler
DEBUG: json() called with data: map[data:map[id:1 name:Test] status:success]
DEBUG: json() wrote 50 bytes, error: <nil>
DEBUG: Handler executed successfully
DEBUG: Executing route handler
DEBUG: json() called with data: map[data:map[id:1 name:Test] status:success]
DEBUG: json() wrote 50 bytes, error: <nil>
DEBUG: Handler executed successfully
DEBUG: Executing route handler
DEBUG: json() called with data: map[data:map[id:1 name:Test] status:success]
DEBUG: json() wrote 50 bytes, error: <nil>
DEBUG: Handler executed successfully
DEBUG: Executing route handler
DEBUG: json() called with data: map[data:map[id:1 name:Test] status:success]
DEBUG: json() wrote 50 bytes, error: <nil>
DEBUG: Handler executed successfully
DEBUG: Executing route handler
DEBUG: json() called with data: map[data:map[id:1 name:Test] status:success]
DEBUG: json() wrote 50 bytes, error: <nil>
DEBUG: Handler executed successfully
DEBUG: Executing route handler
DEBUG: json() called with data: map[data:map[id:1 name:Test] status:success]
DEBUG: json() wrote 50 bytes, error: <nil>
DEBUG: Handler executed successfully
DEBUG: Executing route handler
DEBUG: json() called with data: map[data:map[id:1 name:Test] status:success]
DEBUG: json() wrote 50 bytes, error: <nil>
DEBUG: Handler executed successfully
DEBUG: Executing route handler
DEBUG: json() called with data: map[data:map[id:1 name:Test] status:success]
DEBUG: json() wrote 50 bytes, error: <nil>
DEBUG: Handler executed successfully
DEBUG: Executing route handler
DEBUG: json() called with data: map[data:map[id:1 name:Test] status:success]
DEBUG: json() wrote 50 bytes, error: <nil>
DEBUG: Handler executed successfully
DEBUG: Executing route handler
DEBUG: json() called with data: map[data:map[id:1 name:Test] status:success]
DEBUG: json() wrote 50 bytes, error: <nil>
DEBUG: Handler executed successfully
DEBUG: Executing route handler
DEBUG: json() called with data: map[data:map[id:1 name:Test] status:success]
DEBUG: json() wrote 50 bytes, error: <nil>
DEBUG: Handler executed successfully
DEBUG: Executing route handler
DEBUG: json() called with data: map[data:map[id:1 name:Test] status:success]
DEBUG: json() wrote 50 bytes, error: <nil>
DEBUG: Handler executed successfully
DEBUG: Executing route handler
DEBUG: json() called with data: map[data:map[id:1 name:Test] status:success]
DEBUG: json() wrote 50 bytes, error: <nil>
DEBUG: Handler executed successfully
DEBUG: Executing route handler
DEBUG: json() called with data: map[data:map[id:1 name:Test] status:success]
DEBUG: json() wrote 50 bytes, error: <nil>
DEBUG: Handler executed successfully
DEBUG: Executing route handler
DEBUG: json() called with data: map[data:map[id:1 name:Test] status:success]
DEBUG: json() wrote 50 bytes, error: <nil>
DEBUG: Handler executed successfully
DEBUG: Executing route handler
DEBUG: json() called with data: map[data:map[id:1 name:Test] status:success]
DEBUG: json() wrote 50 bytes, error: <nil>
DEBUG: Handler executed successfully
DEBUG: Executing route handler
DEBUG: json() called with data: map[data:map[id:1 name:Test] status:success]
DEBUG: json() wrote 50 bytes, error: <nil>
DEBUG: Handler executed successfully
DEBUG: Executing route handler
DEBUG: json() called with data: map[data:map[id:1 name:Test] status:success]
DEBUG: json() wrote 50 bytes, error: <nil>
DEBUG: Handler executed successfully
DEBUG: Executing route handler
DEBUG: json() called with data: map[data:map[id:1 name:Test] status:success]
DEBUG: json() wrote 50 bytes, error: <nil>
DEBUG: Handler executed successfully
DEBUG: Executing route handler
DEBUG: json() called with data: map[data:map[id:1 name:Test] status:success]
DEBUG: json() wrote 50 bytes, error: <nil>
DEBUG: Handler executed successfully
DEBUG: Executing route handler
DEBUG: json() called with data: map[data:map[id:1 name:Test] status:success]
DEBUG: json() wrote 50 bytes, error: <nil>
DEBUG: Handler executed successfully
DEBUG: Executing route handler
DEBUG: json() called with data: map[data:map[id:1 name:Test] status:success]
DEBUG: json() wrote 50 bytes, error: <nil>
DEBUG: Handler executed successfully
DEBUG: Executing route handler
DEBUG: json() called with data: map[data:map[id:1 name:Test] status:success]
DEBUG: json() wrote 50 bytes, error: <nil>
DEBUG: Handler executed successfully
DEBUG: Executing route handler
DEBUG: json() called with data: map[data:map[id:1 name:Test] status:success]
DEBUG: json() wrote 50 bytes, error: <nil>
DEBUG: Handler executed successfully
DEBUG: Executing route handler
DEBUG: json() called with data: map[data:map[id:1 name:Test] status:success]
DEBUG: json() wrote 50 bytes, error: <nil>
DEBUG: Handler executed successfully
DEBUG: Executing route handler
DEBUG: json() called with data: map[data:map[id:1 name:Test] status:success]
DEBUG: json() wrote 50 bytes, error: <nil>
DEBUG: Handler executed successfully
DEBUG: Executing route handler
DEBUG: json() called with data: map[data:map[id:1 name:Test] status:success]
DEBUG: json() wrote 50 bytes, error: <nil>
DEBUG: Handler executed successfully
DEBUG: Executing route handler
DEBUG: json() called with data: map[data:map[id:1 name:Test] status:success]
DEBUG: json() wrote 50 bytes, error: <nil>
DEBUG: Handler executed successfully
DEBUG: Executing route handler
DEBUG: json() called with data: map[data:map[id:1 name:Test] status:success]
DEBUG: json() wrote 50 bytes, error: <nil>
DEBUG: Handler executed successfully
DEBUG: Executing route handler
DEBUG: json() called with data: map[data:map[id:1 name:Test] status:success]
DEBUG: json() wrote 50 bytes, error: <nil>
DEBUG: Handler executed successfully
DEBUG: Executing route handler
DEBUG: json() called with data: map[data:map[id:1 name:Test] status:success]
DEBUG: json() wrote 50 bytes, error: <nil>
DEBUG: Handler executed successfully
DEBUG: Executing route handler
DEBUG: json() called with data: map[data:map[id:1 name:Test] status:success]
DEBUG: json() wrote 50 bytes, error: <nil>
DEBUG: Handler executed successfully
DEBUG: Executing route handler
DEBUG: json() called with data: map[data:map[id:1 name:Test] status:success]
DEBUG: json() wrote 50 bytes, error: <nil>
DEBUG: Handler executed successfully
DEBUG: Executing route handler
DEBUG: json() called with data: map[data:map[id:1 name:Test] status:success]
DEBUG: json() wrote 50 bytes, error: <nil>
DEBUG: Handler executed successfully
DEBUG: Executing route handler
DEBUG: json() called with data: map[data:map[id:1 name:Test] status:success]
DEBUG: json() wrote 50 bytes, error: <nil>
DEBUG: Handler executed successfully
DEBUG: Executing route handler
DEBUG: json() called with data: map[data:map[id:1 name:Test] status:success]
DEBUG: json() wrote 50 bytes, error: <nil>
DEBUG: Handler executed successfully
DEBUG: Executing route handler
DEBUG: json() called with data: map[data:map[id:1 name:Test] status:success]
DEBUG: json() wrote 50 bytes, error: <nil>
DEBUG: Handler executed successfully
DEBUG: Executing route handler
DEBUG: json() called with data: map[data:map[id:1 name:Test] status:success]
DEBUG: json() wrote 50 bytes, error: <nil>
DEBUG: Handler executed successfully
DEBUG: Executing route handler
DEBUG: json() called with data: map[data:map[id:1 name:Test] status:success]
DEBUG: json() wrote 50 bytes, error: <nil>
DEBUG: Handler executed successfully
DEBUG: Executing route handler
DEBUG: json() called with data: map[data:map[id:1 name:Test] status:success]
DEBUG: json() wrote 50 bytes, error: <nil>
DEBUG: Handler executed successfully
DEBUG: Executing route handler
DEBUG: json() called with data: map[data:map[id:1 name:Test] status:success]
DEBUG: json() wrote 50 bytes, error: <nil>
DEBUG: Handler executed successfully
DEBUG: Executing route handler
DEBUG: json() called with data: map[data:map[id:1 name:Test] status:success]
DEBUG: json() wrote 50 bytes, error: <nil>
DEBUG: Handler executed successfully
DEBUG: Executing route handler
DEBUG: json() called with data: map[data:map[id:1 name:Test] status:success]
DEBUG: json() wrote 50 bytes, error: <nil>
DEBUG: Handler executed successfully
DEBUG: Executing route handler
DEBUG: json() called with data: map[data:map[id:1 name:Test] status:success]
DEBUG: json() wrote 50 bytes, error: <nil>
DEBUG: Handler executed successfully
DEBUG: Executing route handler
DEBUG: json() called with data: map[data:map[id:1 name:Test] status:success]
DEBUG: json() wrote 50 bytes, error: <nil>
DEBUG: Handler executed successfully
DEBUG: Executing route handler
DEBUG: json() called with data: map[data:map[id:1 name:Test] status:success]
DEBUG: json() wrote 50 bytes, error: <nil>
DEBUG: Handler executed successfully
DEBUG: Executing route handler
DEBUG: json() called with data: map[data:map[id:1 name:Test] status:success]
DEBUG: json() wrote 50 bytes, error: <nil>
DEBUG: Handler executed successfully
DEBUG: Executing route handler
DEBUG: json() called with data: map[data:map[id:1 name:Test] status:success]
DEBUG: json() wrote 50 bytes, error: <nil>
DEBUG: Handler executed successfully
DEBUG: Executing route handler
DEBUG: json() called with data: map[data:map[id:1 name:Test] status:success]
DEBUG: json() wrote 50 bytes, error: <nil>
DEBUG: Handler executed successfully
DEBUG: Executing route handler
DEBUG: json() called with data: map[data:map[id:1 name:Test] status:success]
DEBUG: json() wrote 50 bytes, error: <nil>
DEBUG: Handler executed successfully
DEBUG: Executing route handler
DEBUG: json() called with data: map[data:map[id:1 name:Test] status:success]
DEBUG: json() wrote 50 bytes, error: <nil>
DEBUG: Handler executed successfully
DEBUG: Executing route handler
DEBUG: json() called with data: map[data:map[id:1 name:Test] status:success]
DEBUG: json() wrote 50 bytes, error: <nil>
DEBUG: Handler executed successfully
DEBUG: Executing route handler
DEBUG: json() called with data: map[data:map[id:1 name:Test] status:success]
DEBUG: json() wrote 50 bytes, error: <nil>
DEBUG: Handler executed successfully
DEBUG: Executing route handler
DEBUG: json() called with data: map[data:map[id:1 name:Test] status:success]
DEBUG: json() wrote 50 bytes, error: <nil>
DEBUG: Handler executed successfully
DEBUG: Executing route handler
DEBUG: json() called with data: map[data:map[id:1 name:Test] status:success]
DEBUG: json() wrote 50 bytes, error: <nil>
DEBUG: Handler executed successfully
DEBUG: Executing route handler
DEBUG: json() called with data: map[data:map[id:1 name:Test] status:success]
DEBUG: json() wrote 50 bytes, error: <nil>
DEBUG: Handler executed successfully
DEBUG: Executing route handler
DEBUG: json() called with data: map[data:map[id:1 name:Test] status:success]
DEBUG: json() wrote 50 bytes, error: <nil>
DEBUG: Handler executed successfully
DEBUG: Executing route handler
DEBUG: json() called with data: map[data:map[id:1 name:Test] status:success]
DEBUG: json() wrote 50 bytes, error: <nil>
DEBUG: Handler executed successfully
DEBUG: Executing route handler
DEBUG: json() called with data: map[data:map[id:1 name:Test] status:success]
DEBUG: json() wrote 50 bytes, error: <nil>
DEBUG: Handler executed successfully
DEBUG: Executing route handler
DEBUG: json() called with data: map[data:map[id:1 name:Test] status:success]
DEBUG: json() wrote 50 bytes, error: <nil>
DEBUG: Handler executed successfully
DEBUG: Executing route handler
DEBUG: json() called with data: map[data:map[id:1 name:Test] status:success]
DEBUG: json() wrote 50 bytes, error: <nil>
DEBUG: Handler executed successfully
DEBUG: Executing route handler
DEBUG: json() called with data: map[data:map[id:1 name:Test] status:success]
DEBUG: json() wrote 50 bytes, error: <nil>
DEBUG: Handler executed successfully
DEBUG: Executing route handler
DEBUG: json() called with data: map[data:map[id:1 name:Test] status:success]
DEBUG: json() wrote 50 bytes, error: <nil>
DEBUG: Handler executed successfully
DEBUG: Executing route handler
DEBUG: json() called with data: map[data:map[id:1 name:Test] status:success]
DEBUG: json() wrote 50 bytes, error: <nil>
DEBUG: Handler executed successfully
DEBUG: Executing route handler
DEBUG: json() called with data: map[data:map[id:1 name:Test] status:success]
DEBUG: json() wrote 50 bytes, error: <nil>
DEBUG: Handler executed successfully
DEBUG: Executing route handler
DEBUG: json() called with data: map[data:map[id:1 name:Test] status:success]
DEBUG: json() wrote 50 bytes, error: <nil>
DEBUG: Handler executed successfully
DEBUG: Executing route handler
DEBUG: json() called with data: map[data:map[id:1 name:Test] status:success]
DEBUG: json() wrote 50 bytes, error: <nil>
DEBUG: Handler executed successfully
DEBUG: Executing route handler
DEBUG: json() called with data: map[data:map[id:1 name:Test] status:success]
DEBUG: json() wrote 50 bytes, error: <nil>
DEBUG: Handler executed successfully
DEBUG: Executing route handler
DEBUG: json() called with data: map[data:map[id:1 name:Test] status:success]
DEBUG: json() wrote 50 bytes, error: <nil>
DEBUG: Handler executed successfully
DEBUG: Executing route handler
DEBUG: json() called with data: map[data:map[id:1 name:Test] status:success]
DEBUG: json() wrote 50 bytes, error: <nil>
DEBUG: Handler executed successfully
DEBUG: Executing route handler
DEBUG: json() called with data: map[data:map[id:1 name:Test] status:success]
DEBUG: json() wrote 50 bytes, error: <nil>
DEBUG: Handler executed successfully
DEBUG: Executing route handler
DEBUG: json() called with data: map[data:map[id:1 name:Test] status:success]
DEBUG: json() wrote 50 bytes, error: <nil>
DEBUG: Handler executed successfully
DEBUG: Executing route handler
DEBUG: json() called with data: map[data:map[id:1 name:Test] status:success]
DEBUG: json() wrote 50 bytes, error: <nil>
DEBUG: Handler executed successfully
DEBUG: Executing route handler
DEBUG: json() called with data: map[data:map[id:1 name:Test] status:success]
DEBUG: json() wrote 50 bytes, error: <nil>
DEBUG: Handler executed successfully
DEBUG: Executing route handler
DEBUG: json() called with data: map[data:map[id:1 name:Test] status:success]
DEBUG: json() wrote 50 bytes, error: <nil>
DEBUG: Handler executed successfully
DEBUG: Executing route handler
DEBUG: json() called with data: map[data:map[id:1 name:Test] status:success]
DEBUG: json() wrote 50 bytes, error: <nil>
DEBUG: Handler executed successfully
DEBUG: Executing route handler
DEBUG: json() called with data: map[data:map[id:1 name:Test] status:success]
DEBUG: json() wrote 50 bytes, error: <nil>
DEBUG: Handler executed successfully
DEBUG: Executing route handler
DEBUG: json() called with data: map[data:map[id:1 name:Test] status:success]
DEBUG: json() wrote 50 bytes, error: <nil>
DEBUG: Handler executed successfully
DEBUG: Executing route handler
DEBUG: json() called with data: map[data:map[id:1 name:Test] status:success]
DEBUG: json() wrote 50 bytes, error: <nil>
DEBUG: Handler executed successfully
DEBUG: Executing route handler
DEBUG: json() called with data: map[data:map[id:1 name:Test] status:success]
DEBUG: json() wrote 50 bytes, error: <nil>
DEBUG: Handler executed successfully
DEBUG: Executing route handler
DEBUG: json() called with data: map[data:map[id:1 name:Test] status:success]
DEBUG: json() wrote 50 bytes, error: <nil>
DEBUG: Handler executed successfully
DEBUG: Executing route handler
DEBUG: json() called with data: map[data:map[id:1 name:Test] status:success]
DEBUG: json() wrote 50 bytes, error: <nil>
DEBUG: Handler executed successfully
DEBUG: Executing route handler
DEBUG: json() called with data: map[data:map[id:1 name:Test] status:success]
DEBUG: json() wrote 50 bytes, error: <nil>
DEBUG: Handler executed successfully
DEBUG: Executing route handler
DEBUG: json() called with data: map[data:map[id:1 name:Test] status:success]
DEBUG: json() wrote 50 bytes, error: <nil>
DEBUG: Handler executed successfully
DEBUG: Executing route handler
DEBUG: json() called with data: map[data:map[id:1 name:Test] status:success]
DEBUG: json() wrote 50 bytes, error: <nil>
DEBUG: Handler executed successfully
DEBUG: Executing route handler
DEBUG: json() called with data: map[data:map[id:1 name:Test] status:success]
DEBUG: json() wrote 50 bytes, error: <nil>
DEBUG: Handler executed successfully
DEBUG: Executing route handler
DEBUG: json() called with data: map[data:map[id:1 name:Test] status:success]
DEBUG: json() wrote 50 bytes, error: <nil>
DEBUG: Handler executed successfully
DEBUG: Executing route handler
DEBUG: json() called with data: map[data:map[id:1 name:Test] status:success]
DEBUG: json() wrote 50 bytes, error: <nil>
DEBUG: Handler executed successfully
DEBUG: Executing route handler
DEBUG: json() called with data: map[data:map[id:1 name:Test] status:success]
DEBUG: json() wrote 50 bytes, error: <nil>
DEBUG: Handler executed successfully
DEBUG: Executing route handler
DEBUG: json() called with data: map[data:map[id:1 name:Test] status:success]
DEBUG: json() wrote 50 bytes, error: <nil>
DEBUG: Handler executed successfully
DEBUG: Executing route handler
DEBUG: json() called with data: map[data:map[id:1 name:Test] status:success]
DEBUG: json() wrote 50 bytes, error: <nil>
DEBUG: Handler executed successfully
DEBUG: Executing route handler
DEBUG: json() called with data: map[data:map[id:1 name:Test] status:success]
DEBUG: json() wrote 50 bytes, error: <nil>
DEBUG: Handler executed successfully
DEBUG: Executing route handler
DEBUG: json() called with data: map[data:map[id:1 name:Test] status:success]
DEBUG: json() wrote 50 bytes, error: <nil>
DEBUG: Handler executed successfully
DEBUG: Executing route handler
DEBUG: json() called with data: map[data:map[id:1 name:Test] status:success]
DEBUG: json() wrote 50 bytes, error: <nil>
DEBUG: Handler executed successfully
DEBUG: Executing route handler
DEBUG: json() called with data: map[data:map[id:1 name:Test] status:success]
DEBUG: json() wrote 50 bytes, error: <nil>
DEBUG: Handler executed successfully
DEBUG: Executing route handler
DEBUG: json() called with data: map[data:map[id:1 name:Test] status:success]
DEBUG: json() wrote 50 bytes, error: <nil>
DEBUG: Handler executed successfully
DEBUG: Executing route handler
DEBUG: json() called with data: map[data:map[id:1 name:Test] status:success]
DEBUG: json() wrote 50 bytes, error: <nil>
DEBUG: Handler executed successfully
DEBUG: Executing route handler
DEBUG: json() called with data: map[data:map[id:1 name:Test] status:success]
DEBUG: json() wrote 50 bytes, error: <nil>
DEBUG: Handler executed successfully
DEBUG: Executing route handler
DEBUG: json() called with data: map[data:map[id:1 name:Test] status:success]
DEBUG: json() wrote 50 bytes, error: <nil>
DEBUG: Handler executed successfully
DEBUG: Executing route handler
DEBUG: json() called with data: map[data:map[id:1 name:Test] status:success]
DEBUG: json() wrote 50 bytes, error: <nil>
DEBUG: Handler executed successfully
DEBUG: Executing route handler
DEBUG: json() called with data: map[data:map[id:1 name:Test] status:success]
DEBUG: json() wrote 50 bytes, error: <nil>
DEBUG: Handler executed successfully
DEBUG: Executing route handler
DEBUG: json() called with data: map[data:map[id:1 name:Test] status:success]
DEBUG: json() wrote 50 bytes, error: <nil>
DEBUG: Handler executed successfully
DEBUG: Executing route handler
DEBUG: json() called with data: map[data:map[id:1 name:Test] status:success]
DEBUG: json() wrote 50 bytes, error: <nil>
DEBUG: Handler executed successfully
DEBUG: Executing route handler
DEBUG: json() called with data: map[data:map[id:1 name:Test] status:success]
DEBUG: json() wrote 50 bytes, error: <nil>
DEBUG: Handler executed successfully
DEBUG: Executing route handler
DEBUG: json() called with data: map[data:map[id:1 name:Test] status:success]
DEBUG: json() wrote 50 bytes, error: <nil>
DEBUG: Handler executed successfully
DEBUG: Executing route handler
DEBUG: json() called with data: map[data:map[id:1 name:Test] status:success]
DEBUG: json() wrote 50 bytes, error: <nil>
DEBUG: Handler executed successfully
DEBUG: Executing route handler
DEBUG: json() called with data: map[data:map[id:1 name:Test] status:success]
DEBUG: json() wrote 50 bytes, error: <nil>
DEBUG: Handler executed successfully
DEBUG: Executing route handler
DEBUG: json() called with data: map[data:map[id:1 name:Test] status:success]
DEBUG: json() wrote 50 bytes, error: <nil>
DEBUG: Handler executed successfully
DEBUG: Executing route handler
DEBUG: json() called with data: map[data:map[id:1 name:Test] status:success]
DEBUG: json() wrote 50 bytes, error: <nil>
DEBUG: Handler executed successfully
DEBUG: Executing route handler
DEBUG: json() called with data: map[data:map[id:1 name:Test] status:success]
DEBUG: json() wrote 50 bytes, error: <nil>
DEBUG: Handler executed successfully
DEBUG: Executing route handler
DEBUG: json() called with data: map[data:map[id:1 name:Test] status:success]
DEBUG: json() wrote 50 bytes, error: <nil>
DEBUG: Handler executed successfully
DEBUG: Executing route handler
DEBUG: json() called with data: map[data:map[id:1 name:Test] status:success]
DEBUG: json() wrote 50 bytes, error: <nil>
DEBUG: Handler executed successfully
DEBUG: Executing route handler
DEBUG: json() called with data: map[data:map[id:1 name:Test] status:success]
DEBUG: json() wrote 50 bytes, error: <nil>
DEBUG: Handler executed successfully
DEBUG: Executing route handler
DEBUG: json() called with data: map[data:map[id:1 name:Test] status:success]
DEBUG: json() wrote 50 bytes, error: <nil>
DEBUG: Handler executed successfully
DEBUG: Executing route handler
DEBUG: json() called with data: map[data:map[id:1 name:Test] status:success]
DEBUG: json() wrote 50 bytes, error: <nil>
DEBUG: Handler executed successfully
DEBUG: Executing route handler
DEBUG: json() called with data: map[data:map[id:1 name:Test] status:success]
DEBUG: json() wrote 50 bytes, error: <nil>
DEBUG: Handler executed successfully
DEBUG: Executing route handler
DEBUG: json() called with data: map[data:map[id:1 name:Test] status:success]
DEBUG: json() wrote 50 bytes, error: <nil>
DEBUG: Handler executed successfully
DEBUG: Executing route handler
DEBUG: json() called with data: map[data:map[id:1 name:Test] status:success]
DEBUG: json() wrote 50 bytes, error: <nil>
DEBUG: Handler executed successfully
DEBUG: Executing route handler
DEBUG: json() called with data: map[data:map[id:1 name:Test] status:success]
DEBUG: json() wrote 50 bytes, error: <nil>
DEBUG: Handler executed successfully
DEBUG: Executing route handler
DEBUG: json() called with data: map[data:map[id:1 name:Test] status:success]
DEBUG: json() wrote 50 bytes, error: <nil>
DEBUG: Handler executed successfully
DEBUG: Executing route handler
DEBUG: json() called with data: map[data:map[id:1 name:Test] status:success]
DEBUG: json() wrote 50 bytes, error: <nil>
DEBUG: Handler executed successfully
DEBUG: Executing route handler
DEBUG: json() called with data: map[data:map[id:1 name:Test] status:success]
DEBUG: json() wrote 50 bytes, error: <nil>
DEBUG: Handler executed successfully
DEBUG: Executing route handler
DEBUG: json() called with data: map[data:map[id:1 name:Test] status:success]
DEBUG: json() wrote 50 bytes, error: <nil>
DEBUG: Handler executed successfully
DEBUG: Executing route handler
DEBUG: json() called with data: map[data:map[id:1 name:Test] status:success]
DEBUG: json() wrote 50 bytes, error: <nil>
DEBUG: Handler executed successfully
DEBUG: Executing route handler
DEBUG: json() called with data: map[data:map[id:1 name:Test] status:success]
DEBUG: json() wrote 50 bytes, error: <nil>
DEBUG: Handler executed successfully
DEBUG: Executing route handler
DEBUG: json() called with data: map[data:map[id:1 name:Test] status:success]
DEBUG: json() wrote 50 bytes, error: <nil>
DEBUG: Handler executed successfully
DEBUG: Executing route handler
DEBUG: json() called with data: map[data:map[id:1 name:Test] status:success]
DEBUG: json() wrote 50 bytes, error: <nil>
DEBUG: Handler executed successfully
DEBUG: Executing route handler
DEBUG: json() called with data: map[data:map[id:1 name:Test] status:success]
DEBUG: json() wrote 50 bytes, error: <nil>
DEBUG: Handler executed successfully
DEBUG: Executing route handler
DEBUG: json() called with data: map[data:map[id:1 name:Test] status:success]
DEBUG: json() wrote 50 bytes, error: <nil>
DEBUG: Handler executed successfully
DEBUG: Executing route handler
DEBUG: json() called with data: map[data:map[id:1 name:Test] status:success]
DEBUG: json() wrote 50 bytes, error: <nil>
DEBUG: Handler executed successfully
DEBUG: Executing route handler
DEBUG: json() called with data: map[data:map[id:1 name:Test] status:success]
DEBUG: json() wrote 50 bytes, error: <nil>
DEBUG: Handler executed successfully
DEBUG: Executing route handler
DEBUG: json() called with data: map[data:map[id:1 name:Test] status:success]
DEBUG: json() wrote 50 bytes, error: <nil>
DEBUG: Handler executed successfully
DEBUG: Executing route handler
DEBUG: json() called with data: map[data:map[id:1 name:Test] status:success]
DEBUG: json() wrote 50 bytes, error: <nil>
DEBUG: Handler executed successfully
DEBUG: Executing route handler
DEBUG: json() called with data: map[data:map[id:1 name:Test] status:success]
DEBUG: json() wrote 50 bytes, error: <nil>
DEBUG: Handler executed successfully
DEBUG: Executing route handler
DEBUG: json() called with data: map[data:map[id:1 name:Test] status:success]
DEBUG: json() wrote 50 bytes, error: <nil>
DEBUG: Handler executed successfully
DEBUG: Executing route handler
DEBUG: json() called with data: map[data:map[id:1 name:Test] status:success]
DEBUG: json() wrote 50 bytes, error: <nil>
DEBUG: Handler executed successfully
DEBUG: Executing route handler
DEBUG: json() called with data: map[data:map[id:1 name:Test] status:success]
DEBUG: json() wrote 50 bytes, error: <nil>
DEBUG: Handler executed successfully
DEBUG: Executing route handler
DEBUG: json() called with data: map[data:map[id:1 name:Test] status:success]
DEBUG: json() wrote 50 bytes, error: <nil>
DEBUG: Handler executed successfully
DEBUG: Executing route handler
DEBUG: json() called with data: map[data:map[id:1 name:Test] status:success]
DEBUG: json() wrote 50 bytes, error: <nil>
DEBUG: Handler executed successfully
DEBUG: Executing route handler
DEBUG: json() called with data: map[data:map[id:1 name:Test] status:success]
DEBUG: json() wrote 50 bytes, error: <nil>
DEBUG: Handler executed successfully
DEBUG: Executing route handler
DEBUG: json() called with data: map[data:map[id:1 name:Test] status:success]
DEBUG: json() wrote 50 bytes, error: <nil>
DEBUG: Handler executed successfully
DEBUG: Executing route handler
DEBUG: json() called with data: map[data:map[id:1 name:Test] status:success]
DEBUG: json() wrote 50 bytes, error: <nil>
DEBUG: Handler executed successfully
DEBUG: Executing route handler
DEBUG: json() called with data: map[data:map[id:1 name:Test] status:success]
DEBUG: json() wrote 50 bytes, error: <nil>
DEBUG: Handler executed successfully
DEBUG: Executing route handler
DEBUG: json() called with data: map[data:map[id:1 name:Test] status:success]
DEBUG: json() wrote 50 bytes, error: <nil>
DEBUG: Handler executed successfully
DEBUG: Executing route handler
DEBUG: json() called with data: map[data:map[id:1 name:Test] status:success]
DEBUG: json() wrote 50 bytes, error: <nil>
DEBUG: Handler executed successfully
DEBUG: Executing route handler
DEBUG: json() called with data: map[data:map[id:1 name:Test] status:success]
DEBUG: json() wrote 50 bytes, error: <nil>
DEBUG: Handler executed successfully
DEBUG: Executing route handler
DEBUG: json() called with data: map[data:map[id:1 name:Test] status:success]
DEBUG: json() wrote 50 bytes, error: <nil>
DEBUG: Handler executed successfully
DEBUG: Executing route handler
DEBUG: json() called with data: map[data:map[id:1 name:Test] status:success]
DEBUG: json() wrote 50 bytes, error: <nil>
DEBUG: Handler executed successfully
DEBUG: Executing route handler
DEBUG: json() called with data: map[data:map[id:1 name:Test] status:success]
DEBUG: json() wrote 50 bytes, error: <nil>
DEBUG: Handler executed successfully
DEBUG: Executing route handler
DEBUG: json() called with data: map[data:map[id:1 name:Test] status:success]
DEBUG: json() wrote 50 bytes, error: <nil>
DEBUG: Handler executed successfully
DEBUG: Executing route handler
DEBUG: json() called with data: map[data:map[id:1 name:Test] status:success]
DEBUG: json() wrote 50 bytes, error: <nil>
DEBUG: Handler executed successfully
DEBUG: Executing route handler
DEBUG: json() called with data: map[data:map[id:1 name:Test] status:success]
DEBUG: json() wrote 50 bytes, error: <nil>
DEBUG: Handler executed successfully
DEBUG: Executing route handler
DEBUG: json() called with data: map[data:map[id:1 name:Test] status:success]
DEBUG: json() wrote 50 bytes, error: <nil>
DEBUG: Handler executed successfully
DEBUG: Executing route handler
DEBUG: json() called with data: map[data:map[id:1 name:Test] status:success]
DEBUG: json() wrote 50 bytes, error: <nil>
DEBUG: Handler executed successfully
DEBUG: Executing route handler
DEBUG: json() called with data: map[data:map[id:1 name:Test] status:success]
DEBUG: json() wrote 50 bytes, error: <nil>
DEBUG: Handler executed successfully
DEBUG: Executing route handler
DEBUG: json() called with data: map[data:map[id:1 name:Test] status:success]
DEBUG: json() wrote 50 bytes, error: <nil>
DEBUG: Handler executed successfully
DEBUG: Executing route handler
DEBUG: json() called with data: map[data:map[id:1 name:Test] status:success]
DEBUG: json() wrote 50 bytes, error: <nil>
DEBUG: Handler executed successfully
DEBUG: Executing route handler
DEBUG: json() called with data: map[data:map[id:1 name:Test] status:success]
DEBUG: json() wrote 50 bytes, error: <nil>
DEBUG: Handler executed successfully
DEBUG: Executing route handler
DEBUG: json() called with data: map[data:map[id:1 name:Test] status:success]
DEBUG: json() wrote 50 bytes, error: <nil>
DEBUG: Handler executed successfully
DEBUG: Executing route handler
DEBUG: json() called with data: map[data:map[id:1 name:Test] status:success]
DEBUG: json() wrote 50 bytes, error: <nil>
DEBUG: Handler executed successfully
DEBUG: Executing route handler
DEBUG: json() called with data: map[data:map[id:1 name:Test] status:success]
DEBUG: json() wrote 50 bytes, error: <nil>
DEBUG: Handler executed successfully
DEBUG: Executing route handler
DEBUG: json() called with data: map[data:map[id:1 name:Test] status:success]
DEBUG: json() wrote 50 bytes, error: <nil>
DEBUG: Handler executed successfully
DEBUG: Executing route handler
DEBUG: json() called with data: map[data:map[id:1 name:Test] status:success]
DEBUG: json() wrote 50 bytes, error: <nil>
DEBUG: Handler executed successfully
DEBUG: Executing route handler
DEBUG: json() called with data: map[data:map[id:1 name:Test] status:success]
DEBUG: json() wrote 50 bytes, error: <nil>
DEBUG: Handler executed successfully
DEBUG: Executing route handler
DEBUG: json() called with data: map[data:map[id:1 name:Test] status:success]
DEBUG: json() wrote 50 bytes, error: <nil>
DEBUG: Handler executed successfully
DEBUG: Executing route handler
DEBUG: json() called with data: map[data:map[id:1 name:Test] status:success]
DEBUG: json() wrote 50 bytes, error: <nil>
DEBUG: Handler executed successfully
DEBUG: Executing route handler
DEBUG: json() called with data: map[data:map[id:1 name:Test] status:success]
DEBUG: json() wrote 50 bytes, error: <nil>
DEBUG: Handler executed successfully
DEBUG: Executing route handler
DEBUG: json() called with data: map[data:map[id:1 name:Test] status:success]
DEBUG: json() wrote 50 bytes, error: <nil>
DEBUG: Handler executed successfully
DEBUG: Executing route handler
DEBUG: json() called with data: map[data:map[id:1 name:Test] status:success]
DEBUG: json() wrote 50 bytes, error: <nil>
DEBUG: Handler executed successfully
DEBUG: Executing route handler
DEBUG: json() called with data: map[data:map[id:1 name:Test] status:success]
DEBUG: json() wrote 50 bytes, error: <nil>
DEBUG: Handler executed successfully
DEBUG: Executing route handler
DEBUG: json() called with data: map[data:map[id:1 name:Test] status:success]
DEBUG: json() wrote 50 bytes, error: <nil>
DEBUG: Handler executed successfully
DEBUG: Executing route handler
DEBUG: json() called with data: map[data:map[id:1 name:Test] status:success]
DEBUG: json() wrote 50 bytes, error: <nil>
DEBUG: Handler executed successfully
DEBUG: Executing route handler
DEBUG: json() called with data: map[data:map[id:1 name:Test] status:success]
DEBUG: json() wrote 50 bytes, error: <nil>
DEBUG: Handler executed successfully
DEBUG: Executing route handler
DEBUG: json() called with data: map[data:map[id:1 name:Test] status:success]
DEBUG: json() wrote 50 bytes, error: <nil>
DEBUG: Handler executed successfully
DEBUG: Executing route handler
DEBUG: json() called with data: map[data:map[id:1 name:Test] status:success]
DEBUG: json() wrote 50 bytes, error: <nil>
DEBUG: Handler executed successfully
DEBUG: Executing route handler
DEBUG: json() called with data: map[data:map[id:1 name:Test] status:success]
DEBUG: json() wrote 50 bytes, error: <nil>
DEBUG: Handler executed successfully
DEBUG: Executing route handler
DEBUG: json() called with data: map[data:map[id:1 name:Test] status:success]
DEBUG: json() wrote 50 bytes, error: <nil>
DEBUG: Handler executed successfully
DEBUG: Executing route handler
DEBUG: json() called with data: map[data:map[id:1 name:Test] status:success]
DEBUG: json() wrote 50 bytes, error: <nil>
DEBUG: Handler executed successfully
DEBUG: Executing route handler
DEBUG: json() called with data: map[data:map[id:1 name:Test] status:success]
DEBUG: json() wrote 50 bytes, error: <nil>
DEBUG: Handler executed successfully
DEBUG: Executing route handler
DEBUG: json() called with data: map[data:map[id:1 name:Test] status:success]
DEBUG: json() wrote 50 bytes, error: <nil>
DEBUG: Handler executed successfully
DEBUG: Executing route handler
DEBUG: json() called with data: map[data:map[id:1 name:Test] status:success]
DEBUG: json() wrote 50 bytes, error: <nil>
DEBUG: Handler executed successfully
DEBUG: Executing route handler
DEBUG: json() called with data: map[data:map[id:1 name:Test] status:success]
DEBUG: json() wrote 50 bytes, error: <nil>
DEBUG: Handler executed successfully
DEBUG: Executing route handler
DEBUG: json() called with data: map[data:map[id:1 name:Test] status:success]
DEBUG: json() wrote 50 bytes, error: <nil>
DEBUG: Handler executed successfully
DEBUG: Executing route handler
DEBUG: json() called with data: map[data:map[id:1 name:Test] status:success]
DEBUG: json() wrote 50 bytes, error: <nil>
DEBUG: Handler executed successfully
DEBUG: Executing route handler
DEBUG: json() called with data: map[data:map[id:1 name:Test] status:success]
DEBUG: json() wrote 50 bytes, error: <nil>
DEBUG: Handler executed successfully
DEBUG: Executing route handler
DEBUG: json() called with data: map[data:map[id:1 name:Test] status:success]
DEBUG: json() wrote 50 bytes, error: <nil>
DEBUG: Handler executed successfully
DEBUG: Executing route handler
DEBUG: json() called with data: map[data:map[id:1 name:Test] status:success]
DEBUG: json() wrote 50 bytes, error: <nil>
DEBUG: Handler executed successfully
DEBUG: Executing route handler
DEBUG: json() called with data: map[data:map[id:1 name:Test] status:success]
DEBUG: json() wrote 50 bytes, error: <nil>
DEBUG: Handler executed successfully
DEBUG: Executing route handler
DEBUG: json() called with data: map[data:map[id:1 name:Test] status:success]
DEBUG: json() wrote 50 bytes, error: <nil>
DEBUG: Handler executed successfully
DEBUG: Executing route handler
DEBUG: json() called with data: map[data:map[id:1 name:Test] status:success]
DEBUG: json() wrote 50 bytes, error: <nil>
DEBUG: Handler executed successfully
DEBUG: Executing route handler
DEBUG: json() called with data: map[data:map[id:1 name:Test] status:success]
DEBUG: json() wrote 50 bytes, error: <nil>
DEBUG: Handler executed successfully
DEBUG: Executing route handler
DEBUG: json() called with data: map[data:map[id:1 name:Test] status:success]
DEBUG: json() wrote 50 bytes, error: <nil>
DEBUG: Handler executed successfully
DEBUG: Executing route handler
DEBUG: json() called with data: map[data:map[id:1 name:Test] status:success]
DEBUG: json() wrote 50 bytes, error: <nil>
DEBUG: Handler executed successfully
DEBUG: Executing route handler
DEBUG: json() called with data: map[data:map[id:1 name:Test] status:success]
DEBUG: json() wrote 50 bytes, error: <nil>
DEBUG: Handler executed successfully
DEBUG: Executing route handler
DEBUG: json() called with data: map[data:map[id:1 name:Test] status:success]
DEBUG: json() wrote 50 bytes, error: <nil>
DEBUG: Handler executed successfully
DEBUG: Executing route handler
DEBUG: json() called with data: map[data:map[id:1 name:Test] status:success]
DEBUG: json() wrote 50 bytes, error: <nil>
DEBUG: Handler executed successfully
DEBUG: Executing route handler
DEBUG: json() called with data: map[data:map[id:1 name:Test] status:success]
DEBUG: json() wrote 50 bytes, error: <nil>
DEBUG: Handler executed successfully
DEBUG: Executing route handler
DEBUG: json() called with data: map[data:map[id:1 name:Test] status:success]
DEBUG: json() wrote 50 bytes, error: <nil>
DEBUG: Handler executed successfully
DEBUG: Executing route handler
DEBUG: json() called with data: map[data:map[id:1 name:Test] status:success]
DEBUG: json() wrote 50 bytes, error: <nil>
DEBUG: Handler executed successfully
DEBUG: Executing route handler
DEBUG: json() called with data: map[data:map[id:1 name:Test] status:success]
DEBUG: json() wrote 50 bytes, error: <nil>
DEBUG: Handler executed successfully
DEBUG: Executing route handler
DEBUG: json() called with data: map[data:map[id:1 name:Test] status:success]
DEBUG: json() wrote 50 bytes, error: <nil>
DEBUG: Handler executed successfully
DEBUG: Executing route handler
DEBUG: json() called with data: map[data:map[id:1 name:Test] status:success]
DEBUG: json() wrote 50 bytes, error: <nil>
DEBUG: Handler executed successfully
DEBUG: Executing route handler
DEBUG: json() called with data: map[data:map[id:1 name:Test] status:success]
DEBUG: json() wrote 50 bytes, error: <nil>
DEBUG: Handler executed successfully
DEBUG: Executing route handler
DEBUG: json() called with data: map[data:map[id:1 name:Test] status:success]
DEBUG: json() wrote 50 bytes, error: <nil>
DEBUG: Handler executed successfully
DEBUG: Executing route handler
DEBUG: json() called with data: map[data:map[id:1 name:Test] status:success]
DEBUG: json() wrote 50 bytes, error: <nil>
DEBUG: Handler executed successfully
DEBUG: Executing route handler
DEBUG: json() called with data: map[data:map[id:1 name:Test] status:success]
DEBUG: json() wrote 50 bytes, error: <nil>
DEBUG: Handler executed successfully
DEBUG: Executing route handler
DEBUG: json() called with data: map[data:map[id:1 name:Test] status:success]
DEBUG: json() wrote 50 bytes, error: <nil>
DEBUG: Handler executed successfully
DEBUG: Executing route handler
DEBUG: json() called with data: map[data:map[id:1 name:Test] status:success]
DEBUG: json() wrote 50 bytes, error: <nil>
DEBUG: Handler executed successfully
DEBUG: Executing route handler
DEBUG: json() called with data: map[data:map[id:1 name:Test] status:success]
DEBUG: json() wrote 50 bytes, error: <nil>
DEBUG: Handler executed successfully
DEBUG: Executing route handler
DEBUG: json() called with data: map[data:map[id:1 name:Test] status:success]
DEBUG: json() wrote 50 bytes, error: <nil>
DEBUG: Handler executed successfully
DEBUG: Executing route handler
DEBUG: json() called with data: map[data:map[id:1 name:Test] status:success]
DEBUG: json() wrote 50 bytes, error: <nil>
DEBUG: Handler executed successfully
DEBUG: Executing route handler
DEBUG: json() called with data: map[data:map[id:1 name:Test] status:success]
DEBUG: json() wrote 50 bytes, error: <nil>
DEBUG: Handler executed successfully
DEBUG: Executing route handler
DEBUG: json() called with data: map[data:map[id:1 name:Test] status:success]
DEBUG: json() wrote 50 bytes, error: <nil>
DEBUG: Handler executed successfully
DEBUG: Executing route handler
DEBUG: json() called with data: map[data:map[id:1 name:Test] status:success]
DEBUG: json() wrote 50 bytes, error: <nil>
DEBUG: Handler executed successfully
DEBUG: Executing route handler
DEBUG: json() called with data: map[data:map[id:1 name:Test] status:success]
DEBUG: json() wrote 50 bytes, error: <nil>
DEBUG: Handler executed successfully
DEBUG: Executing route handler
DEBUG: json() called with data: map[data:map[id:1 name:Test] status:success]
DEBUG: json() wrote 50 bytes, error: <nil>
DEBUG: Handler executed successfully
DEBUG: Executing route handler
DEBUG: json() called with data: map[data:map[id:1 name:Test] status:success]
DEBUG: json() wrote 50 bytes, error: <nil>
DEBUG: Handler executed successfully
DEBUG: Executing route handler
DEBUG: json() called with data: map[data:map[id:1 name:Test] status:success]
DEBUG: json() wrote 50 bytes, error: <nil>
DEBUG: Handler executed successfully
DEBUG: Executing route handler
DEBUG: json() called with data: map[data:map[id:1 name:Test] status:success]
DEBUG: json() wrote 50 bytes, error: <nil>
DEBUG: Handler executed successfully
DEBUG: Executing route handler
DEBUG: json() called with data: map[data:map[id:1 name:Test] status:success]
DEBUG: json() wrote 50 bytes, error: <nil>
DEBUG: Handler executed successfully
DEBUG: Executing route handler
DEBUG: json() called with data: map[data:map[id:1 name:Test] status:success]
DEBUG: json() wrote 50 bytes, error: <nil>
DEBUG: Handler executed successfully
DEBUG: Executing route handler
DEBUG: json() called with data: map[data:map[id:1 name:Test] status:success]
DEBUG: json() wrote 50 bytes, error: <nil>
DEBUG: Handler executed successfully
DEBUG: Executing route handler
DEBUG: json() called with data: map[data:map[id:1 name:Test] status:success]
DEBUG: json() wrote 50 bytes, error: <nil>
DEBUG: Handler executed successfully
DEBUG: Executing route handler
DEBUG: json() called with data: map[data:map[id:1 name:Test] status:success]
DEBUG: json() wrote 50 bytes, error: <nil>
DEBUG: Handler executed successfully
DEBUG: Executing route handler
DEBUG: json() called with data: map[data:map[id:1 name:Test] status:success]
DEBUG: json() wrote 50 bytes, error: <nil>
DEBUG: Handler executed successfully
DEBUG: Executing route handler
DEBUG: json() called with data: map[data:map[id:1 name:Test] status:success]
DEBUG: json() wrote 50 bytes, error: <nil>
DEBUG: Handler executed successfully
DEBUG: Executing route handler
DEBUG: json() called with data: map[data:map[id:1 name:Test] status:success]
DEBUG: json() wrote 50 bytes, error: <nil>
DEBUG: Handler executed successfully
DEBUG: Executing route handler
DEBUG: json() called with data: map[data:map[id:1 name:Test] status:success]
DEBUG: json() wrote 50 bytes, error: <nil>
DEBUG: Handler executed successfully
DEBUG: Executing route handler
DEBUG: json() called with data: map[data:map[id:1 name:Test] status:success]
DEBUG: json() wrote 50 bytes, error: <nil>
DEBUG: Handler executed successfully
DEBUG: Executing route handler
DEBUG: json() called with data: map[data:map[id:1 name:Test] status:success]
DEBUG: json() wrote 50 bytes, error: <nil>
DEBUG: Handler executed successfully
DEBUG: Executing route handler
DEBUG: json() called with data: map[data:map[id:1 name:Test] status:success]
DEBUG: json() wrote 50 bytes, error: <nil>
DEBUG: Handler executed successfully
DEBUG: Executing route handler
DEBUG: json() called with data: map[data:map[id:1 name:Test] status:success]
DEBUG: json() wrote 50 bytes, error: <nil>
DEBUG: Handler executed successfully
DEBUG: Executing route handler
DEBUG: json() called with data: map[data:map[id:1 name:Test] status:success]
DEBUG: json() wrote 50 bytes, error: <nil>
DEBUG: Handler executed successfully
DEBUG: Executing route handler
DEBUG: json() called with data: map[data:map[id:1 name:Test] status:success]
DEBUG: json() wrote 50 bytes, error: <nil>
DEBUG: Handler executed successfully
DEBUG: Executing route handler
DEBUG: json() called with data: map[data:map[id:1 name:Test] status:success]
DEBUG: json() wrote 50 bytes, error: <nil>
DEBUG: Handler executed successfully
DEBUG: Executing route handler
DEBUG: json() called with data: map[data:map[id:1 name:Test] status:success]
DEBUG: json() wrote 50 bytes, error: <nil>
DEBUG: Handler executed successfully
DEBUG: Executing route handler
DEBUG: json() called with data: map[data:map[id:1 name:Test] status:success]
DEBUG: json() wrote 50 bytes, error: <nil>
DEBUG: Handler executed successfully
DEBUG: Executing route handler
DEBUG: json() called with data: map[data:map[id:1 name:Test] status:success]
DEBUG: json() wrote 50 bytes, error: <nil>
DEBUG: Handler executed successfully
DEBUG: Executing route handler
DEBUG: json() called with data: map[data:map[id:1 name:Test] status:success]
DEBUG: json() wrote 50 bytes, error: <nil>
DEBUG: Handler executed successfully
DEBUG: Executing route handler
DEBUG: json() called with data: map[data:map[id:1 name:Test] status:success]
DEBUG: json() wrote 50 bytes, error: <nil>
DEBUG: Handler executed successfully
DEBUG: Executing route handler
DEBUG: json() called with data: map[data:map[id:1 name:Test] status:success]
DEBUG: json() wrote 50 bytes, error: <nil>
DEBUG: Handler executed successfully
DEBUG: Executing route handler
DEBUG: json() called with data: map[data:map[id:1 name:Test] status:success]
DEBUG: json() wrote 50 bytes, error: <nil>
DEBUG: Handler executed successfully
DEBUG: Executing route handler
DEBUG: json() called with data: map[data:map[id:1 name:Test] status:success]
DEBUG: json() wrote 50 bytes, error: <nil>
DEBUG: Handler executed successfully
DEBUG: Executing route handler
DEBUG: json() called with data: map[data:map[id:1 name:Test] status:success]
DEBUG: json() wrote 50 bytes, error: <nil>
DEBUG: Handler executed successfully
DEBUG: Executing route handler
DEBUG: json() called with data: map[data:map[id:1 name:Test] status:success]
DEBUG: json() wrote 50 bytes, error: <nil>
DEBUG: Handler executed successfully
DEBUG: Executing route handler
DEBUG: json() called with data: map[data:map[id:1 name:Test] status:success]
DEBUG: json() wrote 50 bytes, error: <nil>
DEBUG: Handler executed successfully
DEBUG: Executing route handler
DEBUG: json() called with data: map[data:map[id:1 name:Test] status:success]
DEBUG: json() wrote 50 bytes, error: <nil>
DEBUG: Handler executed successfully
DEBUG: Executing route handler
DEBUG: json() called with data: map[data:map[id:1 name:Test] status:success]
DEBUG: json() wrote 50 bytes, error: <nil>
DEBUG: Handler executed successfully
DEBUG: Executing route handler
DEBUG: json() called with data: map[data:map[id:1 name:Test] status:success]
DEBUG: json() wrote 50 bytes, error: <nil>
DEBUG: Handler executed successfully
DEBUG: Executing route handler
DEBUG: json() called with data: map[data:map[id:1 name:Test] status:success]
DEBUG: json() wrote 50 bytes, error: <nil>
DEBUG: Handler executed successfully
DEBUG: Executing route handler
DEBUG: json() called with data: map[data:map[id:1 name:Test] status:success]
DEBUG: json() wrote 50 bytes, error: <nil>
DEBUG: Handler executed successfully
DEBUG: Executing route handler
DEBUG: json() called with data: map[data:map[id:1 name:Test] status:success]
DEBUG: json() wrote 50 bytes, error: <nil>
DEBUG: Handler executed successfully
DEBUG: Executing route handler
DEBUG: json() called with data: map[data:map[id:1 name:Test] status:success]
DEBUG: json() wrote 50 bytes, error: <nil>
DEBUG: Handler executed successfully
DEBUG: Executing route handler
DEBUG: json() called with data: map[data:map[id:1 name:Test] status:success]
DEBUG: json() wrote 50 bytes, error: <nil>
DEBUG: Handler executed successfully
DEBUG: Executing route handler
DEBUG: json() called with data: map[data:map[id:1 name:Test] status:success]
DEBUG: json() wrote 50 bytes, error: <nil>
DEBUG: Handler executed successfully
DEBUG: Executing route handler
DEBUG: json() called with data: map[data:map[id:1 name:Test] status:success]
DEBUG: json() wrote 50 bytes, error: <nil>
DEBUG: Handler executed successfully
DEBUG: Executing route handler
DEBUG: json() called with data: map[data:map[id:1 name:Test] status:success]
DEBUG: json() wrote 50 bytes, error: <nil>
DEBUG: Handler executed successfully
DEBUG: Executing route handler
DEBUG: json() called with data: map[data:map[id:1 name:Test] status:success]
DEBUG: json() wrote 50 bytes, error: <nil>
DEBUG: Handler executed successfully
DEBUG: Executing route handler
DEBUG: json() called with data: map[data:map[id:1 name:Test] status:success]
DEBUG: json() wrote 50 bytes, error: <nil>
DEBUG: Handler executed successfully
DEBUG: Executing route handler
DEBUG: json() called with data: map[data:map[id:1 name:Test] status:success]
DEBUG: json() wrote 50 bytes, error: <nil>
DEBUG: Handler executed successfully
DEBUG: Executing route handler
DEBUG: json() called with data: map[data:map[id:1 name:Test] status:success]
DEBUG: json() wrote 50 bytes, error: <nil>
DEBUG: Handler executed successfully
DEBUG: Executing route handler
DEBUG: json() called with data: map[data:map[id:1 name:Test] status:success]
DEBUG: json() wrote 50 bytes, error: <nil>
DEBUG: Handler executed successfully
DEBUG: Executing route handler
DEBUG: json() called with data: map[data:map[id:1 name:Test] status:success]
DEBUG: json() wrote 50 bytes, error: <nil>
DEBUG: Handler executed successfully
DEBUG: Executing route handler
DEBUG: json() called with data: map[data:map[id:1 name:Test] status:success]
DEBUG: json() wrote 50 bytes, error: <nil>
DEBUG: Handler executed successfully
DEBUG: Executing route handler
DEBUG: json() called with data: map[data:map[id:1 name:Test] status:success]
DEBUG: json() wrote 50 bytes, error: <nil>
DEBUG: Handler executed successfully
DEBUG: Executing route handler
DEBUG: json() called with data: map[data:map[id:1 name:Test] status:success]
DEBUG: json() wrote 50 bytes, error: <nil>
DEBUG: Handler executed successfully
DEBUG: Executing route handler
DEBUG: json() called with data: map[data:map[id:1 name:Test] status:success]
DEBUG: json() wrote 50 bytes, error: <nil>
DEBUG: Handler executed successfully
DEBUG: Executing route handler
DEBUG: json() called with data: map[data:map[id:1 name:Test] status:success]
DEBUG: json() wrote 50 bytes, error: <nil>
DEBUG: Handler executed successfully
DEBUG: Executing route handler
DEBUG: json() called with data: map[data:map[id:1 name:Test] status:success]
DEBUG: json() wrote 50 bytes, error: <nil>
DEBUG: Handler executed successfully
DEBUG: Executing route handler
DEBUG: json() called with data: map[data:map[id:1 name:Test] status:success]
DEBUG: json() wrote 50 bytes, error: <nil>
DEBUG: Handler executed successfully
DEBUG: Executing route handler
DEBUG: json() called with data: map[data:map[id:1 name:Test] status:success]
DEBUG: json() wrote 50 bytes, error: <nil>
DEBUG: Handler executed successfully
DEBUG: Executing route handler
DEBUG: json() called with data: map[data:map[id:1 name:Test] status:success]
DEBUG: json() wrote 50 bytes, error: <nil>
DEBUG: Handler executed successfully
DEBUG: Executing route handler
DEBUG: json() called with data: map[data:map[id:1 name:Test] status:success]
DEBUG: json() wrote 50 bytes, error: <nil>
DEBUG: Handler executed successfully
DEBUG: Executing route handler
DEBUG: json() called with data: map[data:map[id:1 name:Test] status:success]
DEBUG: json() wrote 50 bytes, error: <nil>
DEBUG: Handler executed successfully
DEBUG: Executing route handler
DEBUG: json() called with data: map[data:map[id:1 name:Test] status:success]
DEBUG: json() wrote 50 bytes, error: <nil>
DEBUG: Handler executed successfully
DEBUG: Executing route handler
DEBUG: json() called with data: map[data:map[id:1 name:Test] status:success]
DEBUG: json() wrote 50 bytes, error: <nil>
DEBUG: Handler executed successfully
DEBUG: Executing route handler
DEBUG: json() called with data: map[data:map[id:1 name:Test] status:success]
DEBUG: json() wrote 50 bytes, error: <nil>
DEBUG: Handler executed successfully
DEBUG: Executing route handler
DEBUG: json() called with data: map[data:map[id:1 name:Test] status:success]
DEBUG: json() wrote 50 bytes, error: <nil>
DEBUG: Handler executed successfully
DEBUG: Executing route handler
DEBUG: json() called with data: map[data:map[id:1 name:Test] status:success]
DEBUG: json() wrote 50 bytes, error: <nil>
DEBUG: Handler executed successfully
DEBUG: Executing route handler
DEBUG: json() called with data: map[data:map[id:1 name:Test] status:success]
DEBUG: json() wrote 50 bytes, error: <nil>
DEBUG: Handler executed successfully
DEBUG: Executing route handler
DEBUG: json() called with data: map[data:map[id:1 name:Test] status:success]
DEBUG: json() wrote 50 bytes, error: <nil>
DEBUG: Handler executed successfully
DEBUG: Executing route handler
DEBUG: json() called with data: map[data:map[id:1 name:Test] status:success]
DEBUG: json() wrote 50 bytes, error: <nil>
DEBUG: Handler executed successfully
DEBUG: Executing route handler
DEBUG: json() called with data: map[data:map[id:1 name:Test] status:success]
DEBUG: json() wrote 50 bytes, error: <nil>
DEBUG: Handler executed successfully
DEBUG: Executing route handler
DEBUG: json() called with data: map[data:map[id:1 name:Test] status:success]
DEBUG: json() wrote 50 bytes, error: <nil>
DEBUG: Handler executed successfully
DEBUG: Executing route handler
DEBUG: json() called with data: map[data:map[id:1 name:Test] status:success]
DEBUG: json() wrote 50 bytes, error: <nil>
DEBUG: Handler executed successfully
DEBUG: Executing route handler
DEBUG: json() called with data: map[data:map[id:1 name:Test] status:success]
DEBUG: json() wrote 50 bytes, error: <nil>
DEBUG: Handler executed successfully
DEBUG: Executing route handler
DEBUG: json() called with data: map[data:map[id:1 name:Test] status:success]
DEBUG: json() wrote 50 bytes, error: <nil>
DEBUG: Handler executed successfully
DEBUG: Executing route handler
DEBUG: json() called with data: map[data:map[id:1 name:Test] status:success]
DEBUG: json() wrote 50 bytes, error: <nil>
DEBUG: Handler executed successfully
DEBUG: Executing route handler
DEBUG: json() called with data: map[data:map[id:1 name:Test] status:success]
DEBUG: json() wrote 50 bytes, error: <nil>
DEBUG: Handler executed successfully
DEBUG: Executing route handler
DEBUG: json() called with data: map[data:map[id:1 name:Test] status:success]
DEBUG: json() wrote 50 bytes, error: <nil>
DEBUG: Handler executed successfully
DEBUG: Executing route handler
DEBUG: json() called with data: map[data:map[id:1 name:Test] status:success]
DEBUG: json() wrote 50 bytes, error: <nil>
DEBUG: Handler executed successfully
DEBUG: Executing route handler
DEBUG: json() called with data: map[data:map[id:1 name:Test] status:success]
DEBUG: json() wrote 50 bytes, error: <nil>
DEBUG: Handler executed successfully
DEBUG: Executing route handler
DEBUG: json() called with data: map[data:map[id:1 name:Test] status:success]
DEBUG: json() wrote 50 bytes, error: <nil>
DEBUG: Handler executed successfully
DEBUG: Executing route handler
DEBUG: json() called with data: map[data:map[id:1 name:Test] status:success]
DEBUG: json() wrote 50 bytes, error: <nil>
DEBUG: Handler executed successfully
DEBUG: Executing route handler
DEBUG: json() called with data: map[data:map[id:1 name:Test] status:success]
DEBUG: json() wrote 50 bytes, error: <nil>
DEBUG: Handler executed successfully
DEBUG: Executing route handler
DEBUG: json() called with data: map[data:map[id:1 name:Test] status:success]
DEBUG: json() wrote 50 bytes, error: <nil>
DEBUG: Handler executed successfully
DEBUG: Executing route handler
DEBUG: json() called with data: map[data:map[id:1 name:Test] status:success]
DEBUG: json() wrote 50 bytes, error: <nil>
DEBUG: Handler executed successfully
DEBUG: Executing route handler
DEBUG: json() called with data: map[data:map[id:1 name:Test] status:success]
DEBUG: json() wrote 50 bytes, error: <nil>
DEBUG: Handler executed successfully
DEBUG: Executing route handler
DEBUG: json() called with data: map[data:map[id:1 name:Test] status:success]
DEBUG: json() wrote 50 bytes, error: <nil>
DEBUG: Handler executed successfully
DEBUG: Executing route handler
DEBUG: json() called with data: map[data:map[id:1 name:Test] status:success]
DEBUG: json() wrote 50 bytes, error: <nil>
DEBUG: Handler executed successfully
DEBUG: Executing route handler
DEBUG: json() called with data: map[data:map[id:1 name:Test] status:success]
DEBUG: json() wrote 50 bytes, error: <nil>
DEBUG: Handler executed successfully
DEBUG: Executing route handler
DEBUG: json() called with data: map[data:map[id:1 name:Test] status:success]
DEBUG: json() wrote 50 bytes, error: <nil>
DEBUG: Handler executed successfully
DEBUG: Executing route handler
DEBUG: json() called with data: map[data:map[id:1 name:Test] status:success]
DEBUG: json() wrote 50 bytes, error: <nil>
DEBUG: Handler executed successfully
DEBUG: Executing route handler
DEBUG: json() called with data: map[data:map[id:1 name:Test] status:success]
DEBUG: json() wrote 50 bytes, error: <nil>
DEBUG: Handler executed successfully
DEBUG: Executing route handler
DEBUG: json() called with data: map[data:map[id:1 name:Test] status:success]
DEBUG: json() wrote 50 bytes, error: <nil>
DEBUG: Handler executed successfully
DEBUG: Executing route handler
DEBUG: json() called with data: map[data:map[id:1 name:Test] status:success]
DEBUG: json() wrote 50 bytes, error: <nil>
DEBUG: Handler executed successfully
DEBUG: Executing route handler
DEBUG: json() called with data: map[data:map[id:1 name:Test] status:success]
DEBUG: json() wrote 50 bytes, error: <nil>
DEBUG: Handler executed successfully
DEBUG: Executing route handler
DEBUG: json() called with data: map[data:map[id:1 name:Test] status:success]
DEBUG: json() wrote 50 bytes, error: <nil>
DEBUG: Handler executed successfully
DEBUG: Executing route handler
DEBUG: json() called with data: map[data:map[id:1 name:Test] status:success]
DEBUG: json() wrote 50 bytes, error: <nil>
DEBUG: Handler executed successfully
DEBUG: Executing route handler
DEBUG: json() called with data: map[data:map[id:1 name:Test] status:success]
DEBUG: json() wrote 50 bytes, error: <nil>
DEBUG: Handler executed successfully
DEBUG: Executing route handler
DEBUG: json() called with data: map[data:map[id:1 name:Test] status:success]
DEBUG: json() wrote 50 bytes, error: <nil>
DEBUG: Handler executed successfully
DEBUG: Executing route handler
DEBUG: json() called with data: map[data:map[id:1 name:Test] status:success]
DEBUG: json() wrote 50 bytes, error: <nil>
DEBUG: Handler executed successfully
DEBUG: Executing route handler
DEBUG: json() called with data: map[data:map[id:1 name:Test] status:success]
DEBUG: json() wrote 50 bytes, error: <nil>
DEBUG: Handler executed successfully
DEBUG: Executing route handler
DEBUG: json() called with data: map[data:map[id:1 name:Test] status:success]
DEBUG: json() wrote 50 bytes, error: <nil>
DEBUG: Handler executed successfully
DEBUG: Executing route handler
DEBUG: json() called with data: map[data:map[id:1 name:Test] status:success]
DEBUG: json() wrote 50 bytes, error: <nil>
DEBUG: Handler executed successfully
DEBUG: Executing route handler
DEBUG: json() called with data: map[data:map[id:1 name:Test] status:success]
DEBUG: json() wrote 50 bytes, error: <nil>
DEBUG: Handler executed successfully
DEBUG: Executing route handler
DEBUG: json() called with data: map[data:map[id:1 name:Test] status:success]
DEBUG: json() wrote 50 bytes, error: <nil>
DEBUG: Handler executed successfully
DEBUG: Executing route handler
DEBUG: json() called with data: map[data:map[id:1 name:Test] status:success]
DEBUG: json() wrote 50 bytes, error: <nil>
DEBUG: Handler executed successfully
DEBUG: Executing route handler
DEBUG: json() called with data: map[data:map[id:1 name:Test] status:success]
DEBUG: json() wrote 50 bytes, error: <nil>
DEBUG: Handler executed successfully
DEBUG: Executing route handler
DEBUG: json() called with data: map[data:map[id:1 name:Test] status:success]
DEBUG: json() wrote 50 bytes, error: <nil>
DEBUG: Handler executed successfully
DEBUG: Executing route handler
DEBUG: json() called with data: map[data:map[id:1 name:Test] status:success]
DEBUG: json() wrote 50 bytes, error: <nil>
DEBUG: Handler executed successfully
DEBUG: Executing route handler
DEBUG: json() called with data: map[data:map[id:1 name:Test] status:success]
DEBUG: json() wrote 50 bytes, error: <nil>
DEBUG: Handler executed successfully
DEBUG: Executing route handler
DEBUG: json() called with data: map[data:map[id:1 name:Test] status:success]
DEBUG: json() wrote 50 bytes, error: <nil>
DEBUG: Handler executed successfully
DEBUG: Executing route handler
DEBUG: json() called with data: map[data:map[id:1 name:Test] status:success]
DEBUG: json() wrote 50 bytes, error: <nil>
DEBUG: Handler executed successfully
DEBUG: Executing route handler
DEBUG: json() called with data: map[data:map[id:1 name:Test] status:success]
DEBUG: json() wrote 50 bytes, error: <nil>
DEBUG: Handler executed successfully
DEBUG: Executing route handler
DEBUG: json() called with data: map[data:map[id:1 name:Test] status:success]
DEBUG: json() wrote 50 bytes, error: <nil>
DEBUG: Handler executed successfully
DEBUG: Executing route handler
DEBUG: json() called with data: map[data:map[id:1 name:Test] status:success]
DEBUG: json() wrote 50 bytes, error: <nil>
DEBUG: Handler executed successfully
DEBUG: Executing route handler
DEBUG: json() called with data: map[data:map[id:1 name:Test] status:success]
DEBUG: json() wrote 50 bytes, error: <nil>
DEBUG: Handler executed successfully
DEBUG: Executing route handler
DEBUG: json() called with data: map[data:map[id:1 name:Test] status:success]
DEBUG: json() wrote 50 bytes, error: <nil>
DEBUG: Handler executed successfully
DEBUG: Executing route handler
DEBUG: json() called with data: map[data:map[id:1 name:Test] status:success]
DEBUG: json() wrote 50 bytes, error: <nil>
DEBUG: Handler executed successfully
DEBUG: Executing route handler
DEBUG: json() called with data: map[data:map[id:1 name:Test] status:success]
DEBUG: json() wrote 50 bytes, error: <nil>
DEBUG: Handler executed successfully
DEBUG: Executing route handler
DEBUG: json() called with data: map[data:map[id:1 name:Test] status:success]
DEBUG: json() wrote 50 bytes, error: <nil>
DEBUG: Handler executed successfully
DEBUG: Executing route handler
DEBUG: json() called with data: map[data:map[id:1 name:Test] status:success]
DEBUG: json() wrote 50 bytes, error: <nil>
DEBUG: Handler executed successfully
DEBUG: Executing route handler
DEBUG: json() called with data: map[data:map[id:1 name:Test] status:success]
DEBUG: json() wrote 50 bytes, error: <nil>
DEBUG: Handler executed successfully
DEBUG: Executing route handler
DEBUG: json() called with data: map[data:map[id:1 name:Test] status:success]
DEBUG: json() wrote 50 bytes, error: <nil>
DEBUG: Handler executed successfully
DEBUG: Executing route handler
DEBUG: json() called with data: map[data:map[id:1 name:Test] status:success]
DEBUG: json() wrote 50 bytes, error: <nil>
DEBUG: Handler executed successfully
DEBUG: Executing route handler
DEBUG: json() called with data: map[data:map[id:1 name:Test] status:success]
DEBUG: json() wrote 50 bytes, error: <nil>
DEBUG: Handler executed successfully
DEBUG: Executing route handler
DEBUG: json() called with data: map[data:map[id:1 name:Test] status:success]
DEBUG: json() wrote 50 bytes, error: <nil>
DEBUG: Handler executed successfully
DEBUG: Executing route handler
DEBUG: json() called with data: map[data:map[id:1 name:Test] status:success]
DEBUG: json() wrote 50 bytes, error: <nil>
DEBUG: Handler executed successfully
DEBUG: Executing route handler
DEBUG: json() called with data: map[data:map[id:1 name:Test] status:success]
DEBUG: json() wrote 50 bytes, error: <nil>
DEBUG: Handler executed successfully
DEBUG: Executing route handler
DEBUG: json() called with data: map[data:map[id:1 name:Test] status:success]
DEBUG: json() wrote 50 bytes, error: <nil>
DEBUG: Handler executed successfully
DEBUG: Executing route handler
DEBUG: json() called with data: map[data:map[id:1 name:Test] status:success]
DEBUG: json() wrote 50 bytes, error: <nil>
DEBUG: Handler executed successfully
DEBUG: Executing route handler
DEBUG: json() called with data: map[data:map[id:1 name:Test] status:success]
DEBUG: json() wrote 50 bytes, error: <nil>
DEBUG: Handler executed successfully
DEBUG: Executing route handler
DEBUG: json() called with data: map[data:map[id:1 name:Test] status:success]
DEBUG: json() wrote 50 bytes, error: <nil>
DEBUG: Handler executed successfully
DEBUG: Executing route handler
DEBUG: json() called with data: map[data:map[id:1 name:Test] status:success]
DEBUG: json() wrote 50 bytes, error: <nil>
DEBUG: Handler executed successfully
DEBUG: Executing route handler
DEBUG: json() called with data: map[data:map[id:1 name:Test] status:success]
DEBUG: json() wrote 50 bytes, error: <nil>
DEBUG: Handler executed successfully
DEBUG: Executing route handler
DEBUG: json() called with data: map[data:map[id:1 name:Test] status:success]
DEBUG: json() wrote 50 bytes, error: <nil>
DEBUG: Handler executed successfully
DEBUG: Executing route handler
DEBUG: json() called with data: map[data:map[id:1 name:Test] status:success]
DEBUG: json() wrote 50 bytes, error: <nil>
DEBUG: Handler executed successfully
DEBUG: Executing route handler
DEBUG: json() called with data: map[data:map[id:1 name:Test] status:success]
DEBUG: json() wrote 50 bytes, error: <nil>
DEBUG: Handler executed successfully
DEBUG: Executing route handler
DEBUG: json() called with data: map[data:map[id:1 name:Test] status:success]
DEBUG: json() wrote 50 bytes, error: <nil>
DEBUG: Handler executed successfully
DEBUG: Executing route handler
DEBUG: json() called with data: map[data:map[id:1 name:Test] status:success]
DEBUG: json() wrote 50 bytes, error: <nil>
DEBUG: Handler executed successfully
DEBUG: Executing route handler
DEBUG: json() called with data: map[data:map[id:1 name:Test] status:success]
DEBUG: json() wrote 50 bytes, error: <nil>
DEBUG: Handler executed successfully
DEBUG: Executing route handler
DEBUG: json() called with data: map[data:map[id:1 name:Test] status:success]
DEBUG: json() wrote 50 bytes, error: <nil>
DEBUG: Handler executed successfully
DEBUG: Executing route handler
DEBUG: json() called with data: map[data:map[id:1 name:Test] status:success]
DEBUG: json() wrote 50 bytes, error: <nil>
DEBUG: Handler executed successfully
DEBUG: Executing route handler
DEBUG: json() called with data: map[data:map[id:1 name:Test] status:success]
DEBUG: json() wrote 50 bytes, error: <nil>
DEBUG: Handler executed successfully
DEBUG: Executing route handler
DEBUG: json() called with data: map[data:map[id:1 name:Test] status:success]
DEBUG: json() wrote 50 bytes, error: <nil>
DEBUG: Handler executed successfully
DEBUG: Executing route handler
DEBUG: json() called with data: map[data:map[id:1 name:Test] status:success]
DEBUG: json() wrote 50 bytes, error: <nil>
DEBUG: Handler executed successfully
DEBUG: Executing route handler
DEBUG: json() called with data: map[data:map[id:1 name:Test] status:success]
DEBUG: json() wrote 50 bytes, error: <nil>
DEBUG: Handler executed successfully
DEBUG: Executing route handler
DEBUG: json() called with data: map[data:map[id:1 name:Test] status:success]
DEBUG: json() wrote 50 bytes, error: <nil>
DEBUG: Handler executed successfully
DEBUG: Executing route handler
DEBUG: json() called with data: map[data:map[id:1 name:Test] status:success]
DEBUG: json() wrote 50 bytes, error: <nil>
DEBUG: Handler executed successfully
DEBUG: Executing route handler
DEBUG: json() called with data: map[data:map[id:1 name:Test] status:success]
DEBUG: json() wrote 50 bytes, error: <nil>
DEBUG: Handler executed successfully
DEBUG: Executing route handler
DEBUG: json() called with data: map[data:map[id:1 name:Test] status:success]
DEBUG: json() wrote 50 bytes, error: <nil>
DEBUG: Handler executed successfully
DEBUG: Executing route handler
DEBUG: json() called with data: map[data:map[id:1 name:Test] status:success]
DEBUG: json() wrote 50 bytes, error: <nil>
DEBUG: Handler executed successfully
DEBUG: Executing route handler
DEBUG: json() called with data: map[data:map[id:1 name:Test] status:success]
DEBUG: json() wrote 50 bytes, error: <nil>
DEBUG: Handler executed successfully
DEBUG: Executing route handler
DEBUG: json() called with data: map[data:map[id:1 name:Test] status:success]
DEBUG: json() wrote 50 bytes, error: <nil>
DEBUG: Handler executed successfully
DEBUG: Executing route handler
DEBUG: json() called with data: map[data:map[id:1 name:Test] status:success]
DEBUG: json() wrote 50 bytes, error: <nil>
DEBUG: Handler executed successfully
DEBUG: Executing route handler
DEBUG: json() called with data: map[data:map[id:1 name:Test] status:success]
DEBUG: json() wrote 50 bytes, error: <nil>
DEBUG: Handler executed successfully
DEBUG: Executing route handler
DEBUG: json() called with data: map[data:map[id:1 name:Test] status:success]
DEBUG: json() wrote 50 bytes, error: <nil>
DEBUG: Handler executed successfully
DEBUG: Executing route handler
DEBUG: json() called with data: map[data:map[id:1 name:Test] status:success]
DEBUG: json() wrote 50 bytes, error: <nil>
DEBUG: Handler executed successfully
DEBUG: Executing route handler
DEBUG: json() called with data: map[data:map[id:1 name:Test] status:success]
DEBUG: json() wrote 50 bytes, error: <nil>
DEBUG: Handler executed successfully
DEBUG: Executing route handler
DEBUG: json() called with data: map[data:map[id:1 name:Test] status:success]
DEBUG: json() wrote 50 bytes, error: <nil>
DEBUG: Handler executed successfully
DEBUG: Executing route handler
DEBUG: json() called with data: map[data:map[id:1 name:Test] status:success]
DEBUG: json() wrote 50 bytes, error: <nil>
DEBUG: Handler executed successfully
DEBUG: Executing route handler
DEBUG: json() called with data: map[data:map[id:1 name:Test] status:success]
DEBUG: json() wrote 50 bytes, error: <nil>
DEBUG: Handler executed successfully
DEBUG: Executing route handler
DEBUG: json() called with data: map[data:map[id:1 name:Test] status:success]
DEBUG: json() wrote 50 bytes, error: <nil>
DEBUG: Handler executed successfully
DEBUG: Executing route handler
DEBUG: json() called with data: map[data:map[id:1 name:Test] status:success]
DEBUG: json() wrote 50 bytes, error: <nil>
DEBUG: Handler executed successfully
    httpserver_benchmark_test.go:349: 鉁?JSON Response:
    httpserver_benchmark_test.go:350:    - 鎬昏€楁椂: 79.9ms
    httpserver_benchmark_test.go:351:    - 骞冲潎寤惰繜: 79.9碌s
    httpserver_benchmark_test.go:352:    - 璇锋眰/绉? 12515.64 req/s
DEBUG: Executing route handler
DEBUG: html() called with 39 bytes
DEBUG: html() wrote 39 bytes, error: <nil>
DEBUG: Handler executed successfully
DEBUG: Executing route handler
DEBUG: html() called with 39 bytes
DEBUG: html() wrote 39 bytes, error: <nil>
DEBUG: Handler executed successfully
DEBUG: Executing route handler
DEBUG: html() called with 39 bytes
DEBUG: html() wrote 39 bytes, error: <nil>
DEBUG: Handler executed successfully
DEBUG: Executing route handler
DEBUG: html() called with 39 bytes
DEBUG: html() wrote 39 bytes, error: <nil>
DEBUG: Handler executed successfully
DEBUG: Executing route handler
DEBUG: html() called with 39 bytes
DEBUG: html() wrote 39 bytes, error: <nil>
DEBUG: Handler executed successfully
DEBUG: Executing route handler
DEBUG: html() called with 39 bytes
DEBUG: html() wrote 39 bytes, error: <nil>
DEBUG: Handler executed successfully
DEBUG: Executing route handler
DEBUG: html() called with 39 bytes
DEBUG: html() wrote 39 bytes, error: <nil>
DEBUG: Handler executed successfully
DEBUG: Executing route handler
DEBUG: html() called with 39 bytes
DEBUG: html() wrote 39 bytes, error: <nil>
DEBUG: Handler executed successfully
DEBUG: Executing route handler
DEBUG: html() called with 39 bytes
DEBUG: html() wrote 39 bytes, error: <nil>
DEBUG: Handler executed successfully
DEBUG: Executing route handler
DEBUG: html() called with 39 bytes
DEBUG: html() wrote 39 bytes, error: <nil>
DEBUG: Handler executed successfully
DEBUG: Executing route handler
DEBUG: html() called with 39 bytes
DEBUG: html() wrote 39 bytes, error: <nil>
DEBUG: Handler executed successfully
DEBUG: Executing route handler
DEBUG: html() called with 39 bytes
DEBUG: html() wrote 39 bytes, error: <nil>
DEBUG: Handler executed successfully
DEBUG: Executing route handler
DEBUG: html() called with 39 bytes
DEBUG: html() wrote 39 bytes, error: <nil>
DEBUG: Handler executed successfully
DEBUG: Executing route handler
DEBUG: html() called with 39 bytes
DEBUG: html() wrote 39 bytes, error: <nil>
DEBUG: Handler executed successfully
DEBUG: Executing route handler
DEBUG: html() called with 39 bytes
DEBUG: html() wrote 39 bytes, error: <nil>
DEBUG: Handler executed successfully
DEBUG: Executing route handler
DEBUG: html() called with 39 bytes
DEBUG: html() wrote 39 bytes, error: <nil>
DEBUG: Handler executed successfully
DEBUG: Executing route handler
DEBUG: html() called with 39 bytes
DEBUG: html() wrote 39 bytes, error: <nil>
DEBUG: Handler executed successfully
DEBUG: Executing route handler
DEBUG: html() called with 39 bytes
DEBUG: html() wrote 39 bytes, error: <nil>
DEBUG: Handler executed successfully
DEBUG: Executing route handler
DEBUG: html() called with 39 bytes
DEBUG: html() wrote 39 bytes, error: <nil>
DEBUG: Handler executed successfully
DEBUG: Executing route handler
DEBUG: html() called with 39 bytes
DEBUG: html() wrote 39 bytes, error: <nil>
DEBUG: Handler executed successfully
DEBUG: Executing route handler
DEBUG: html() called with 39 bytes
DEBUG: html() wrote 39 bytes, error: <nil>
DEBUG: Handler executed successfully
DEBUG: Executing route handler
DEBUG: html() called with 39 bytes
DEBUG: html() wrote 39 bytes, error: <nil>
DEBUG: Handler executed successfully
DEBUG: Executing route handler
DEBUG: html() called with 39 bytes
DEBUG: html() wrote 39 bytes, error: <nil>
DEBUG: Handler executed successfully
DEBUG: Executing route handler
DEBUG: html() called with 39 bytes
DEBUG: html() wrote 39 bytes, error: <nil>
DEBUG: Handler executed successfully
DEBUG: Executing route handler
DEBUG: html() called with 39 bytes
DEBUG: html() wrote 39 bytes, error: <nil>
DEBUG: Handler executed successfully
DEBUG: Executing route handler
DEBUG: html() called with 39 bytes
DEBUG: html() wrote 39 bytes, error: <nil>
DEBUG: Handler executed successfully
DEBUG: Executing route handler
DEBUG: html() called with 39 bytes
DEBUG: html() wrote 39 bytes, error: <nil>
DEBUG: Handler executed successfully
DEBUG: Executing route handler
DEBUG: html() called with 39 bytes
DEBUG: html() wrote 39 bytes, error: <nil>
DEBUG: Handler executed successfully
DEBUG: Executing route handler
DEBUG: html() called with 39 bytes
DEBUG: html() wrote 39 bytes, error: <nil>
DEBUG: Handler executed successfully
DEBUG: Executing route handler
DEBUG: html() called with 39 bytes
DEBUG: html() wrote 39 bytes, error: <nil>
DEBUG: Handler executed successfully
DEBUG: Executing route handler
DEBUG: html() called with 39 bytes
DEBUG: html() wrote 39 bytes, error: <nil>
DEBUG: Handler executed successfully
DEBUG: Executing route handler
DEBUG: html() called with 39 bytes
DEBUG: html() wrote 39 bytes, error: <nil>
DEBUG: Handler executed successfully
DEBUG: Executing route handler
DEBUG: html() called with 39 bytes
DEBUG: html() wrote 39 bytes, error: <nil>
DEBUG: Handler executed successfully
DEBUG: Executing route handler
DEBUG: html() called with 39 bytes
DEBUG: html() wrote 39 bytes, error: <nil>
DEBUG: Handler executed successfully
DEBUG: Executing route handler
DEBUG: html() called with 39 bytes
DEBUG: html() wrote 39 bytes, error: <nil>
DEBUG: Handler executed successfully
DEBUG: Executing route handler
DEBUG: html() called with 39 bytes
DEBUG: html() wrote 39 bytes, error: <nil>
DEBUG: Handler executed successfully
DEBUG: Executing route handler
DEBUG: html() called with 39 bytes
DEBUG: html() wrote 39 bytes, error: <nil>
DEBUG: Handler executed successfully
DEBUG: Executing route handler
DEBUG: html() called with 39 bytes
DEBUG: html() wrote 39 bytes, error: <nil>
DEBUG: Handler executed successfully
DEBUG: Executing route handler
DEBUG: html() called with 39 bytes
DEBUG: html() wrote 39 bytes, error: <nil>
DEBUG: Handler executed successfully
DEBUG: Executing route handler
DEBUG: html() called with 39 bytes
DEBUG: html() wrote 39 bytes, error: <nil>
DEBUG: Handler executed successfully
DEBUG: Executing route handler
DEBUG: html() called with 39 bytes
DEBUG: html() wrote 39 bytes, error: <nil>
DEBUG: Handler executed successfully
DEBUG: Executing route handler
DEBUG: html() called with 39 bytes
DEBUG: html() wrote 39 bytes, error: <nil>
DEBUG: Handler executed successfully
DEBUG: Executing route handler
DEBUG: html() called with 39 bytes
DEBUG: html() wrote 39 bytes, error: <nil>
DEBUG: Handler executed successfully
DEBUG: Executing route handler
DEBUG: html() called with 39 bytes
DEBUG: html() wrote 39 bytes, error: <nil>
DEBUG: Handler executed successfully
DEBUG: Executing route handler
DEBUG: html() called with 39 bytes
DEBUG: html() wrote 39 bytes, error: <nil>
DEBUG: Handler executed successfully
DEBUG: Executing route handler
DEBUG: html() called with 39 bytes
DEBUG: html() wrote 39 bytes, error: <nil>
DEBUG: Handler executed successfully
DEBUG: Executing route handler
DEBUG: html() called with 39 bytes
DEBUG: html() wrote 39 bytes, error: <nil>
DEBUG: Handler executed successfully
DEBUG: Executing route handler
DEBUG: html() called with 39 bytes
DEBUG: html() wrote 39 bytes, error: <nil>
DEBUG: Handler executed successfully
DEBUG: Executing route handler
DEBUG: html() called with 39 bytes
DEBUG: html() wrote 39 bytes, error: <nil>
DEBUG: Handler executed successfully
DEBUG: Executing route handler
DEBUG: html() called with 39 bytes
DEBUG: html() wrote 39 bytes, error: <nil>
DEBUG: Handler executed successfully
DEBUG: Executing route handler
DEBUG: html() called with 39 bytes
DEBUG: html() wrote 39 bytes, error: <nil>
DEBUG: Handler executed successfully
DEBUG: Executing route handler
DEBUG: html() called with 39 bytes
DEBUG: html() wrote 39 bytes, error: <nil>
DEBUG: Handler executed successfully
DEBUG: Executing route handler
DEBUG: html() called with 39 bytes
DEBUG: html() wrote 39 bytes, error: <nil>
DEBUG: Handler executed successfully
DEBUG: Executing route handler
DEBUG: html() called with 39 bytes
DEBUG: html() wrote 39 bytes, error: <nil>
DEBUG: Handler executed successfully
DEBUG: Executing route handler
DEBUG: html() called with 39 bytes
DEBUG: html() wrote 39 bytes, error: <nil>
DEBUG: Handler executed successfully
DEBUG: Executing route handler
DEBUG: html() called with 39 bytes
DEBUG: html() wrote 39 bytes, error: <nil>
DEBUG: Handler executed successfully
DEBUG: Executing route handler
DEBUG: html() called with 39 bytes
DEBUG: html() wrote 39 bytes, error: <nil>
DEBUG: Handler executed successfully
DEBUG: Executing route handler
DEBUG: html() called with 39 bytes
DEBUG: html() wrote 39 bytes, error: <nil>
DEBUG: Handler executed successfully
DEBUG: Executing route handler
DEBUG: html() called with 39 bytes
DEBUG: html() wrote 39 bytes, error: <nil>
DEBUG: Handler executed successfully
DEBUG: Executing route handler
DEBUG: html() called with 39 bytes
DEBUG: html() wrote 39 bytes, error: <nil>
DEBUG: Handler executed successfully
DEBUG: Executing route handler
DEBUG: html() called with 39 bytes
DEBUG: html() wrote 39 bytes, error: <nil>
DEBUG: Handler executed successfully
DEBUG: Executing route handler
DEBUG: html() called with 39 bytes
DEBUG: html() wrote 39 bytes, error: <nil>
DEBUG: Handler executed successfully
DEBUG: Executing route handler
DEBUG: html() called with 39 bytes
DEBUG: html() wrote 39 bytes, error: <nil>
DEBUG: Handler executed successfully
DEBUG: Executing route handler
DEBUG: html() called with 39 bytes
DEBUG: html() wrote 39 bytes, error: <nil>
DEBUG: Handler executed successfully
DEBUG: Executing route handler
DEBUG: html() called with 39 bytes
DEBUG: html() wrote 39 bytes, error: <nil>
DEBUG: Handler executed successfully
DEBUG: Executing route handler
DEBUG: html() called with 39 bytes
DEBUG: html() wrote 39 bytes, error: <nil>
DEBUG: Handler executed successfully
DEBUG: Executing route handler
DEBUG: html() called with 39 bytes
DEBUG: html() wrote 39 bytes, error: <nil>
DEBUG: Handler executed successfully
DEBUG: Executing route handler
DEBUG: html() called with 39 bytes
DEBUG: html() wrote 39 bytes, error: <nil>
DEBUG: Handler executed successfully
DEBUG: Executing route handler
DEBUG: html() called with 39 bytes
DEBUG: html() wrote 39 bytes, error: <nil>
DEBUG: Handler executed successfully
DEBUG: Executing route handler
DEBUG: html() called with 39 bytes
DEBUG: html() wrote 39 bytes, error: <nil>
DEBUG: Handler executed successfully
DEBUG: Executing route handler
DEBUG: html() called with 39 bytes
DEBUG: html() wrote 39 bytes, error: <nil>
DEBUG: Handler executed successfully
DEBUG: Executing route handler
DEBUG: html() called with 39 bytes
DEBUG: html() wrote 39 bytes, error: <nil>
DEBUG: Handler executed successfully
DEBUG: Executing route handler
DEBUG: html() called with 39 bytes
DEBUG: html() wrote 39 bytes, error: <nil>
DEBUG: Handler executed successfully
DEBUG: Executing route handler
DEBUG: html() called with 39 bytes
DEBUG: html() wrote 39 bytes, error: <nil>
DEBUG: Handler executed successfully
DEBUG: Executing route handler
DEBUG: html() called with 39 bytes
DEBUG: html() wrote 39 bytes, error: <nil>
DEBUG: Handler executed successfully
DEBUG: Executing route handler
DEBUG: html() called with 39 bytes
DEBUG: html() wrote 39 bytes, error: <nil>
DEBUG: Handler executed successfully
DEBUG: Executing route handler
DEBUG: html() called with 39 bytes
DEBUG: html() wrote 39 bytes, error: <nil>
DEBUG: Handler executed successfully
DEBUG: Executing route handler
DEBUG: html() called with 39 bytes
DEBUG: html() wrote 39 bytes, error: <nil>
DEBUG: Handler executed successfully
DEBUG: Executing route handler
DEBUG: html() called with 39 bytes
DEBUG: html() wrote 39 bytes, error: <nil>
DEBUG: Handler executed successfully
DEBUG: Executing route handler
DEBUG: html() called with 39 bytes
DEBUG: html() wrote 39 bytes, error: <nil>
DEBUG: Handler executed successfully
DEBUG: Executing route handler
DEBUG: html() called with 39 bytes
DEBUG: html() wrote 39 bytes, error: <nil>
DEBUG: Handler executed successfully
DEBUG: Executing route handler
DEBUG: html() called with 39 bytes
DEBUG: html() wrote 39 bytes, error: <nil>
DEBUG: Handler executed successfully
DEBUG: Executing route handler
DEBUG: html() called with 39 bytes
DEBUG: html() wrote 39 bytes, error: <nil>
DEBUG: Handler executed successfully
DEBUG: Executing route handler
DEBUG: html() called with 39 bytes
DEBUG: html() wrote 39 bytes, error: <nil>
DEBUG: Handler executed successfully
DEBUG: Executing route handler
DEBUG: html() called with 39 bytes
DEBUG: html() wrote 39 bytes, error: <nil>
DEBUG: Handler executed successfully
DEBUG: Executing route handler
DEBUG: html() called with 39 bytes
DEBUG: html() wrote 39 bytes, error: <nil>
DEBUG: Handler executed successfully
DEBUG: Executing route handler
DEBUG: html() called with 39 bytes
DEBUG: html() wrote 39 bytes, error: <nil>
DEBUG: Handler executed successfully
DEBUG: Executing route handler
DEBUG: html() called with 39 bytes
DEBUG: html() wrote 39 bytes, error: <nil>
DEBUG: Handler executed successfully
DEBUG: Executing route handler
DEBUG: html() called with 39 bytes
DEBUG: html() wrote 39 bytes, error: <nil>
DEBUG: Handler executed successfully
DEBUG: Executing route handler
DEBUG: html() called with 39 bytes
DEBUG: html() wrote 39 bytes, error: <nil>
DEBUG: Handler executed successfully
DEBUG: Executing route handler
DEBUG: html() called with 39 bytes
DEBUG: html() wrote 39 bytes, error: <nil>
DEBUG: Handler executed successfully
DEBUG: Executing route handler
DEBUG: html() called with 39 bytes
DEBUG: html() wrote 39 bytes, error: <nil>
DEBUG: Handler executed successfully
DEBUG: Executing route handler
DEBUG: html() called with 39 bytes
DEBUG: html() wrote 39 bytes, error: <nil>
DEBUG: Handler executed successfully
DEBUG: Executing route handler
DEBUG: html() called with 39 bytes
DEBUG: html() wrote 39 bytes, error: <nil>
DEBUG: Handler executed successfully
DEBUG: Executing route handler
DEBUG: html() called with 39 bytes
DEBUG: html() wrote 39 bytes, error: <nil>
DEBUG: Handler executed successfully
DEBUG: Executing route handler
DEBUG: html() called with 39 bytes
DEBUG: html() wrote 39 bytes, error: <nil>
DEBUG: Handler executed successfully
DEBUG: Executing route handler
DEBUG: html() called with 39 bytes
DEBUG: html() wrote 39 bytes, error: <nil>
DEBUG: Handler executed successfully
DEBUG: Executing route handler
DEBUG: html() called with 39 bytes
DEBUG: html() wrote 39 bytes, error: <nil>
DEBUG: Handler executed successfully
DEBUG: Executing route handler
DEBUG: html() called with 39 bytes
DEBUG: html() wrote 39 bytes, error: <nil>
DEBUG: Handler executed successfully
DEBUG: Executing route handler
DEBUG: html() called with 39 bytes
DEBUG: html() wrote 39 bytes, error: <nil>
DEBUG: Handler executed successfully
DEBUG: Executing route handler
DEBUG: html() called with 39 bytes
DEBUG: html() wrote 39 bytes, error: <nil>
DEBUG: Handler executed successfully
DEBUG: Executing route handler
DEBUG: html() called with 39 bytes
DEBUG: html() wrote 39 bytes, error: <nil>
DEBUG: Handler executed successfully
DEBUG: Executing route handler
DEBUG: html() called with 39 bytes
DEBUG: html() wrote 39 bytes, error: <nil>
DEBUG: Handler executed successfully
DEBUG: Executing route handler
DEBUG: html() called with 39 bytes
DEBUG: html() wrote 39 bytes, error: <nil>
DEBUG: Handler executed successfully
DEBUG: Executing route handler
DEBUG: html() called with 39 bytes
DEBUG: html() wrote 39 bytes, error: <nil>
DEBUG: Handler executed successfully
DEBUG: Executing route handler
DEBUG: html() called with 39 bytes
DEBUG: html() wrote 39 bytes, error: <nil>
DEBUG: Handler executed successfully
DEBUG: Executing route handler
DEBUG: html() called with 39 bytes
DEBUG: html() wrote 39 bytes, error: <nil>
DEBUG: Handler executed successfully
DEBUG: Executing route handler
DEBUG: html() called with 39 bytes
DEBUG: html() wrote 39 bytes, error: <nil>
DEBUG: Handler executed successfully
DEBUG: Executing route handler
DEBUG: html() called with 39 bytes
DEBUG: html() wrote 39 bytes, error: <nil>
DEBUG: Handler executed successfully
DEBUG: Executing route handler
DEBUG: html() called with 39 bytes
DEBUG: html() wrote 39 bytes, error: <nil>
DEBUG: Handler executed successfully
DEBUG: Executing route handler
DEBUG: html() called with 39 bytes
DEBUG: html() wrote 39 bytes, error: <nil>
DEBUG: Handler executed successfully
DEBUG: Executing route handler
DEBUG: html() called with 39 bytes
DEBUG: html() wrote 39 bytes, error: <nil>
DEBUG: Handler executed successfully
DEBUG: Executing route handler
DEBUG: html() called with 39 bytes
DEBUG: html() wrote 39 bytes, error: <nil>
DEBUG: Handler executed successfully
DEBUG: Executing route handler
DEBUG: html() called with 39 bytes
DEBUG: html() wrote 39 bytes, error: <nil>
DEBUG: Handler executed successfully
DEBUG: Executing route handler
DEBUG: html() called with 39 bytes
DEBUG: html() wrote 39 bytes, error: <nil>
DEBUG: Handler executed successfully
DEBUG: Executing route handler
DEBUG: html() called with 39 bytes
DEBUG: html() wrote 39 bytes, error: <nil>
DEBUG: Handler executed successfully
DEBUG: Executing route handler
DEBUG: html() called with 39 bytes
DEBUG: html() wrote 39 bytes, error: <nil>
DEBUG: Handler executed successfully
DEBUG: Executing route handler
DEBUG: html() called with 39 bytes
DEBUG: html() wrote 39 bytes, error: <nil>
DEBUG: Handler executed successfully
DEBUG: Executing route handler
DEBUG: html() called with 39 bytes
DEBUG: html() wrote 39 bytes, error: <nil>
DEBUG: Handler executed successfully
DEBUG: Executing route handler
DEBUG: html() called with 39 bytes
DEBUG: html() wrote 39 bytes, error: <nil>
DEBUG: Handler executed successfully
DEBUG: Executing route handler
DEBUG: html() called with 39 bytes
DEBUG: html() wrote 39 bytes, error: <nil>
DEBUG: Handler executed successfully
DEBUG: Executing route handler
DEBUG: html() called with 39 bytes
DEBUG: html() wrote 39 bytes, error: <nil>
DEBUG: Handler executed successfully
DEBUG: Executing route handler
DEBUG: html() called with 39 bytes
DEBUG: html() wrote 39 bytes, error: <nil>
DEBUG: Handler executed successfully
DEBUG: Executing route handler
DEBUG: html() called with 39 bytes
DEBUG: html() wrote 39 bytes, error: <nil>
DEBUG: Handler executed successfully
DEBUG: Executing route handler
DEBUG: html() called with 39 bytes
DEBUG: html() wrote 39 bytes, error: <nil>
DEBUG: Handler executed successfully
DEBUG: Executing route handler
DEBUG: html() called with 39 bytes
DEBUG: html() wrote 39 bytes, error: <nil>
DEBUG: Handler executed successfully
DEBUG: Executing route handler
DEBUG: html() called with 39 bytes
DEBUG: html() wrote 39 bytes, error: <nil>
DEBUG: Handler executed successfully
DEBUG: Executing route handler
DEBUG: html() called with 39 bytes
DEBUG: html() wrote 39 bytes, error: <nil>
DEBUG: Handler executed successfully
DEBUG: Executing route handler
DEBUG: html() called with 39 bytes
DEBUG: html() wrote 39 bytes, error: <nil>
DEBUG: Handler executed successfully
DEBUG: Executing route handler
DEBUG: html() called with 39 bytes
DEBUG: html() wrote 39 bytes, error: <nil>
DEBUG: Handler executed successfully
DEBUG: Executing route handler
DEBUG: html() called with 39 bytes
DEBUG: html() wrote 39 bytes, error: <nil>
DEBUG: Handler executed successfully
DEBUG: Executing route handler
DEBUG: html() called with 39 bytes
DEBUG: html() wrote 39 bytes, error: <nil>
DEBUG: Handler executed successfully
DEBUG: Executing route handler
DEBUG: html() called with 39 bytes
DEBUG: html() wrote 39 bytes, error: <nil>
DEBUG: Handler executed successfully
DEBUG: Executing route handler
DEBUG: html() called with 39 bytes
DEBUG: html() wrote 39 bytes, error: <nil>
DEBUG: Handler executed successfully
DEBUG: Executing route handler
DEBUG: html() called with 39 bytes
DEBUG: html() wrote 39 bytes, error: <nil>
DEBUG: Handler executed successfully
DEBUG: Executing route handler
DEBUG: html() called with 39 bytes
DEBUG: html() wrote 39 bytes, error: <nil>
DEBUG: Handler executed successfully
DEBUG: Executing route handler
DEBUG: html() called with 39 bytes
DEBUG: html() wrote 39 bytes, error: <nil>
DEBUG: Handler executed successfully
DEBUG: Executing route handler
DEBUG: html() called with 39 bytes
DEBUG: html() wrote 39 bytes, error: <nil>
DEBUG: Handler executed successfully
DEBUG: Executing route handler
DEBUG: html() called with 39 bytes
DEBUG: html() wrote 39 bytes, error: <nil>
DEBUG: Handler executed successfully
DEBUG: Executing route handler
DEBUG: html() called with 39 bytes
DEBUG: html() wrote 39 bytes, error: <nil>
DEBUG: Handler executed successfully
DEBUG: Executing route handler
DEBUG: html() called with 39 bytes
DEBUG: html() wrote 39 bytes, error: <nil>
DEBUG: Handler executed successfully
DEBUG: Executing route handler
DEBUG: html() called with 39 bytes
DEBUG: html() wrote 39 bytes, error: <nil>
DEBUG: Handler executed successfully
DEBUG: Executing route handler
DEBUG: html() called with 39 bytes
DEBUG: html() wrote 39 bytes, error: <nil>
DEBUG: Handler executed successfully
DEBUG: Executing route handler
DEBUG: html() called with 39 bytes
DEBUG: html() wrote 39 bytes, error: <nil>
DEBUG: Handler executed successfully
DEBUG: Executing route handler
DEBUG: html() called with 39 bytes
DEBUG: html() wrote 39 bytes, error: <nil>
DEBUG: Handler executed successfully
DEBUG: Executing route handler
DEBUG: html() called with 39 bytes
DEBUG: html() wrote 39 bytes, error: <nil>
DEBUG: Handler executed successfully
DEBUG: Executing route handler
DEBUG: html() called with 39 bytes
DEBUG: html() wrote 39 bytes, error: <nil>
DEBUG: Handler executed successfully
DEBUG: Executing route handler
DEBUG: html() called with 39 bytes
DEBUG: html() wrote 39 bytes, error: <nil>
DEBUG: Handler executed successfully
DEBUG: Executing route handler
DEBUG: html() called with 39 bytes
DEBUG: html() wrote 39 bytes, error: <nil>
DEBUG: Handler executed successfully
DEBUG: Executing route handler
DEBUG: html() called with 39 bytes
DEBUG: html() wrote 39 bytes, error: <nil>
DEBUG: Handler executed successfully
DEBUG: Executing route handler
DEBUG: html() called with 39 bytes
DEBUG: html() wrote 39 bytes, error: <nil>
DEBUG: Handler executed successfully
DEBUG: Executing route handler
DEBUG: html() called with 39 bytes
DEBUG: html() wrote 39 bytes, error: <nil>
DEBUG: Handler executed successfully
DEBUG: Executing route handler
DEBUG: html() called with 39 bytes
DEBUG: html() wrote 39 bytes, error: <nil>
DEBUG: Handler executed successfully
DEBUG: Executing route handler
DEBUG: html() called with 39 bytes
DEBUG: html() wrote 39 bytes, error: <nil>
DEBUG: Handler executed successfully
DEBUG: Executing route handler
DEBUG: html() called with 39 bytes
DEBUG: html() wrote 39 bytes, error: <nil>
DEBUG: Handler executed successfully
DEBUG: Executing route handler
DEBUG: html() called with 39 bytes
DEBUG: html() wrote 39 bytes, error: <nil>
DEBUG: Handler executed successfully
DEBUG: Executing route handler
DEBUG: html() called with 39 bytes
DEBUG: html() wrote 39 bytes, error: <nil>
DEBUG: Handler executed successfully
DEBUG: Executing route handler
DEBUG: html() called with 39 bytes
DEBUG: html() wrote 39 bytes, error: <nil>
DEBUG: Handler executed successfully
DEBUG: Executing route handler
DEBUG: html() called with 39 bytes
DEBUG: html() wrote 39 bytes, error: <nil>
DEBUG: Handler executed successfully
DEBUG: Executing route handler
DEBUG: html() called with 39 bytes
DEBUG: html() wrote 39 bytes, error: <nil>
DEBUG: Handler executed successfully
DEBUG: Executing route handler
DEBUG: html() called with 39 bytes
DEBUG: html() wrote 39 bytes, error: <nil>
DEBUG: Handler executed successfully
DEBUG: Executing route handler
DEBUG: html() called with 39 bytes
DEBUG: html() wrote 39 bytes, error: <nil>
DEBUG: Handler executed successfully
DEBUG: Executing route handler
DEBUG: html() called with 39 bytes
DEBUG: html() wrote 39 bytes, error: <nil>
DEBUG: Handler executed successfully
DEBUG: Executing route handler
DEBUG: html() called with 39 bytes
DEBUG: html() wrote 39 bytes, error: <nil>
DEBUG: Handler executed successfully
DEBUG: Executing route handler
DEBUG: html() called with 39 bytes
DEBUG: html() wrote 39 bytes, error: <nil>
DEBUG: Handler executed successfully
DEBUG: Executing route handler
DEBUG: html() called with 39 bytes
DEBUG: html() wrote 39 bytes, error: <nil>
DEBUG: Handler executed successfully
DEBUG: Executing route handler
DEBUG: html() called with 39 bytes
DEBUG: html() wrote 39 bytes, error: <nil>
DEBUG: Handler executed successfully
DEBUG: Executing route handler
DEBUG: html() called with 39 bytes
DEBUG: html() wrote 39 bytes, error: <nil>
DEBUG: Handler executed successfully
DEBUG: Executing route handler
DEBUG: html() called with 39 bytes
DEBUG: html() wrote 39 bytes, error: <nil>
DEBUG: Handler executed successfully
DEBUG: Executing route handler
DEBUG: html() called with 39 bytes
DEBUG: html() wrote 39 bytes, error: <nil>
DEBUG: Handler executed successfully
DEBUG: Executing route handler
DEBUG: html() called with 39 bytes
DEBUG: html() wrote 39 bytes, error: <nil>
DEBUG: Handler executed successfully
DEBUG: Executing route handler
DEBUG: html() called with 39 bytes
DEBUG: html() wrote 39 bytes, error: <nil>
DEBUG: Handler executed successfully
DEBUG: Executing route handler
DEBUG: html() called with 39 bytes
DEBUG: html() wrote 39 bytes, error: <nil>
DEBUG: Handler executed successfully
DEBUG: Executing route handler
DEBUG: html() called with 39 bytes
DEBUG: html() wrote 39 bytes, error: <nil>
DEBUG: Handler executed successfully
DEBUG: Executing route handler
DEBUG: html() called with 39 bytes
DEBUG: html() wrote 39 bytes, error: <nil>
DEBUG: Handler executed successfully
DEBUG: Executing route handler
DEBUG: html() called with 39 bytes
DEBUG: html() wrote 39 bytes, error: <nil>
DEBUG: Handler executed successfully
DEBUG: Executing route handler
DEBUG: html() called with 39 bytes
DEBUG: html() wrote 39 bytes, error: <nil>
DEBUG: Handler executed successfully
DEBUG: Executing route handler
DEBUG: html() called with 39 bytes
DEBUG: html() wrote 39 bytes, error: <nil>
DEBUG: Handler executed successfully
DEBUG: Executing route handler
DEBUG: html() called with 39 bytes
DEBUG: html() wrote 39 bytes, error: <nil>
DEBUG: Handler executed successfully
DEBUG: Executing route handler
DEBUG: html() called with 39 bytes
DEBUG: html() wrote 39 bytes, error: <nil>
DEBUG: Handler executed successfully
DEBUG: Executing route handler
DEBUG: html() called with 39 bytes
DEBUG: html() wrote 39 bytes, error: <nil>
DEBUG: Handler executed successfully
DEBUG: Executing route handler
DEBUG: html() called with 39 bytes
DEBUG: html() wrote 39 bytes, error: <nil>
DEBUG: Handler executed successfully
DEBUG: Executing route handler
DEBUG: html() called with 39 bytes
DEBUG: html() wrote 39 bytes, error: <nil>
DEBUG: Handler executed successfully
DEBUG: Executing route handler
DEBUG: html() called with 39 bytes
DEBUG: html() wrote 39 bytes, error: <nil>
DEBUG: Handler executed successfully
DEBUG: Executing route handler
DEBUG: html() called with 39 bytes
DEBUG: html() wrote 39 bytes, error: <nil>
DEBUG: Handler executed successfully
DEBUG: Executing route handler
DEBUG: html() called with 39 bytes
DEBUG: html() wrote 39 bytes, error: <nil>
DEBUG: Handler executed successfully
DEBUG: Executing route handler
DEBUG: html() called with 39 bytes
DEBUG: html() wrote 39 bytes, error: <nil>
DEBUG: Handler executed successfully
DEBUG: Executing route handler
DEBUG: html() called with 39 bytes
DEBUG: html() wrote 39 bytes, error: <nil>
DEBUG: Handler executed successfully
DEBUG: Executing route handler
DEBUG: html() called with 39 bytes
DEBUG: html() wrote 39 bytes, error: <nil>
DEBUG: Handler executed successfully
DEBUG: Executing route handler
DEBUG: html() called with 39 bytes
DEBUG: html() wrote 39 bytes, error: <nil>
DEBUG: Handler executed successfully
DEBUG: Executing route handler
DEBUG: html() called with 39 bytes
DEBUG: html() wrote 39 bytes, error: <nil>
DEBUG: Handler executed successfully
DEBUG: Executing route handler
DEBUG: html() called with 39 bytes
DEBUG: html() wrote 39 bytes, error: <nil>
DEBUG: Handler executed successfully
DEBUG: Executing route handler
DEBUG: html() called with 39 bytes
DEBUG: html() wrote 39 bytes, error: <nil>
DEBUG: Handler executed successfully
DEBUG: Executing route handler
DEBUG: html() called with 39 bytes
DEBUG: html() wrote 39 bytes, error: <nil>
DEBUG: Handler executed successfully
DEBUG: Executing route handler
DEBUG: html() called with 39 bytes
DEBUG: html() wrote 39 bytes, error: <nil>
DEBUG: Handler executed successfully
DEBUG: Executing route handler
DEBUG: html() called with 39 bytes
DEBUG: html() wrote 39 bytes, error: <nil>
DEBUG: Handler executed successfully
DEBUG: Executing route handler
DEBUG: html() called with 39 bytes
DEBUG: html() wrote 39 bytes, error: <nil>
DEBUG: Handler executed successfully
DEBUG: Executing route handler
DEBUG: html() called with 39 bytes
DEBUG: html() wrote 39 bytes, error: <nil>
DEBUG: Handler executed successfully
DEBUG: Executing route handler
DEBUG: html() called with 39 bytes
DEBUG: html() wrote 39 bytes, error: <nil>
DEBUG: Handler executed successfully
DEBUG: Executing route handler
DEBUG: html() called with 39 bytes
DEBUG: html() wrote 39 bytes, error: <nil>
DEBUG: Handler executed successfully
DEBUG: Executing route handler
DEBUG: html() called with 39 bytes
DEBUG: html() wrote 39 bytes, error: <nil>
DEBUG: Handler executed successfully
DEBUG: Executing route handler
DEBUG: html() called with 39 bytes
DEBUG: html() wrote 39 bytes, error: <nil>
DEBUG: Handler executed successfully
DEBUG: Executing route handler
DEBUG: html() called with 39 bytes
DEBUG: html() wrote 39 bytes, error: <nil>
DEBUG: Handler executed successfully
DEBUG: Executing route handler
DEBUG: html() called with 39 bytes
DEBUG: html() wrote 39 bytes, error: <nil>
DEBUG: Handler executed successfully
DEBUG: Executing route handler
DEBUG: html() called with 39 bytes
DEBUG: html() wrote 39 bytes, error: <nil>
DEBUG: Handler executed successfully
DEBUG: Executing route handler
DEBUG: html() called with 39 bytes
DEBUG: html() wrote 39 bytes, error: <nil>
DEBUG: Handler executed successfully
DEBUG: Executing route handler
DEBUG: html() called with 39 bytes
DEBUG: html() wrote 39 bytes, error: <nil>
DEBUG: Handler executed successfully
DEBUG: Executing route handler
DEBUG: html() called with 39 bytes
DEBUG: html() wrote 39 bytes, error: <nil>
DEBUG: Handler executed successfully
DEBUG: Executing route handler
DEBUG: html() called with 39 bytes
DEBUG: html() wrote 39 bytes, error: <nil>
DEBUG: Handler executed successfully
DEBUG: Executing route handler
DEBUG: html() called with 39 bytes
DEBUG: html() wrote 39 bytes, error: <nil>
DEBUG: Handler executed successfully
DEBUG: Executing route handler
DEBUG: html() called with 39 bytes
DEBUG: html() wrote 39 bytes, error: <nil>
DEBUG: Handler executed successfully
DEBUG: Executing route handler
DEBUG: html() called with 39 bytes
DEBUG: html() wrote 39 bytes, error: <nil>
DEBUG: Handler executed successfully
DEBUG: Executing route handler
DEBUG: html() called with 39 bytes
DEBUG: html() wrote 39 bytes, error: <nil>
DEBUG: Handler executed successfully
DEBUG: Executing route handler
DEBUG: html() called with 39 bytes
DEBUG: html() wrote 39 bytes, error: <nil>
DEBUG: Handler executed successfully
DEBUG: Executing route handler
DEBUG: html() called with 39 bytes
DEBUG: html() wrote 39 bytes, error: <nil>
DEBUG: Handler executed successfully
DEBUG: Executing route handler
DEBUG: html() called with 39 bytes
DEBUG: html() wrote 39 bytes, error: <nil>
DEBUG: Handler executed successfully
DEBUG: Executing route handler
DEBUG: html() called with 39 bytes
DEBUG: html() wrote 39 bytes, error: <nil>
DEBUG: Handler executed successfully
DEBUG: Executing route handler
DEBUG: html() called with 39 bytes
DEBUG: html() wrote 39 bytes, error: <nil>
DEBUG: Handler executed successfully
DEBUG: Executing route handler
DEBUG: html() called with 39 bytes
DEBUG: html() wrote 39 bytes, error: <nil>
DEBUG: Handler executed successfully
DEBUG: Executing route handler
DEBUG: html() called with 39 bytes
DEBUG: html() wrote 39 bytes, error: <nil>
DEBUG: Handler executed successfully
DEBUG: Executing route handler
DEBUG: html() called with 39 bytes
DEBUG: html() wrote 39 bytes, error: <nil>
DEBUG: Handler executed successfully
DEBUG: Executing route handler
DEBUG: html() called with 39 bytes
DEBUG: html() wrote 39 bytes, error: <nil>
DEBUG: Handler executed successfully
DEBUG: Executing route handler
DEBUG: html() called with 39 bytes
DEBUG: html() wrote 39 bytes, error: <nil>
DEBUG: Handler executed successfully
DEBUG: Executing route handler
DEBUG: html() called with 39 bytes
DEBUG: html() wrote 39 bytes, error: <nil>
DEBUG: Handler executed successfully
DEBUG: Executing route handler
DEBUG: html() called with 39 bytes
DEBUG: html() wrote 39 bytes, error: <nil>
DEBUG: Handler executed successfully
DEBUG: Executing route handler
DEBUG: html() called with 39 bytes
DEBUG: html() wrote 39 bytes, error: <nil>
DEBUG: Handler executed successfully
DEBUG: Executing route handler
DEBUG: html() called with 39 bytes
DEBUG: html() wrote 39 bytes, error: <nil>
DEBUG: Handler executed successfully
DEBUG: Executing route handler
DEBUG: html() called with 39 bytes
DEBUG: html() wrote 39 bytes, error: <nil>
DEBUG: Handler executed successfully
DEBUG: Executing route handler
DEBUG: html() called with 39 bytes
DEBUG: html() wrote 39 bytes, error: <nil>
DEBUG: Handler executed successfully
DEBUG: Executing route handler
DEBUG: html() called with 39 bytes
DEBUG: html() wrote 39 bytes, error: <nil>
DEBUG: Handler executed successfully
DEBUG: Executing route handler
DEBUG: html() called with 39 bytes
DEBUG: html() wrote 39 bytes, error: <nil>
DEBUG: Handler executed successfully
DEBUG: Executing route handler
DEBUG: html() called with 39 bytes
DEBUG: html() wrote 39 bytes, error: <nil>
DEBUG: Handler executed successfully
DEBUG: Executing route handler
DEBUG: html() called with 39 bytes
DEBUG: html() wrote 39 bytes, error: <nil>
DEBUG: Handler executed successfully
DEBUG: Executing route handler
DEBUG: html() called with 39 bytes
DEBUG: html() wrote 39 bytes, error: <nil>
DEBUG: Handler executed successfully
DEBUG: Executing route handler
DEBUG: html() called with 39 bytes
DEBUG: html() wrote 39 bytes, error: <nil>
DEBUG: Handler executed successfully
DEBUG: Executing route handler
DEBUG: html() called with 39 bytes
DEBUG: html() wrote 39 bytes, error: <nil>
DEBUG: Handler executed successfully
DEBUG: Executing route handler
DEBUG: html() called with 39 bytes
DEBUG: html() wrote 39 bytes, error: <nil>
DEBUG: Handler executed successfully
DEBUG: Executing route handler
DEBUG: html() called with 39 bytes
DEBUG: html() wrote 39 bytes, error: <nil>
DEBUG: Handler executed successfully
DEBUG: Executing route handler
DEBUG: html() called with 39 bytes
DEBUG: html() wrote 39 bytes, error: <nil>
DEBUG: Handler executed successfully
DEBUG: Executing route handler
DEBUG: html() called with 39 bytes
DEBUG: html() wrote 39 bytes, error: <nil>
DEBUG: Handler executed successfully
DEBUG: Executing route handler
DEBUG: html() called with 39 bytes
DEBUG: html() wrote 39 bytes, error: <nil>
DEBUG: Handler executed successfully
DEBUG: Executing route handler
DEBUG: html() called with 39 bytes
DEBUG: html() wrote 39 bytes, error: <nil>
DEBUG: Handler executed successfully
DEBUG: Executing route handler
DEBUG: html() called with 39 bytes
DEBUG: html() wrote 39 bytes, error: <nil>
DEBUG: Handler executed successfully
DEBUG: Executing route handler
DEBUG: html() called with 39 bytes
DEBUG: html() wrote 39 bytes, error: <nil>
DEBUG: Handler executed successfully
DEBUG: Executing route handler
DEBUG: html() called with 39 bytes
DEBUG: html() wrote 39 bytes, error: <nil>
DEBUG: Handler executed successfully
DEBUG: Executing route handler
DEBUG: html() called with 39 bytes
DEBUG: html() wrote 39 bytes, error: <nil>
DEBUG: Handler executed successfully
DEBUG: Executing route handler
DEBUG: html() called with 39 bytes
DEBUG: html() wrote 39 bytes, error: <nil>
DEBUG: Handler executed successfully
DEBUG: Executing route handler
DEBUG: html() called with 39 bytes
DEBUG: html() wrote 39 bytes, error: <nil>
DEBUG: Handler executed successfully
DEBUG: Executing route handler
DEBUG: html() called with 39 bytes
DEBUG: html() wrote 39 bytes, error: <nil>
DEBUG: Handler executed successfully
DEBUG: Executing route handler
DEBUG: html() called with 39 bytes
DEBUG: html() wrote 39 bytes, error: <nil>
DEBUG: Handler executed successfully
DEBUG: Executing route handler
DEBUG: html() called with 39 bytes
DEBUG: html() wrote 39 bytes, error: <nil>
DEBUG: Handler executed successfully
DEBUG: Executing route handler
DEBUG: html() called with 39 bytes
DEBUG: html() wrote 39 bytes, error: <nil>
DEBUG: Handler executed successfully
DEBUG: Executing route handler
DEBUG: html() called with 39 bytes
DEBUG: html() wrote 39 bytes, error: <nil>
DEBUG: Handler executed successfully
DEBUG: Executing route handler
DEBUG: html() called with 39 bytes
DEBUG: html() wrote 39 bytes, error: <nil>
DEBUG: Handler executed successfully
DEBUG: Executing route handler
DEBUG: html() called with 39 bytes
DEBUG: html() wrote 39 bytes, error: <nil>
DEBUG: Handler executed successfully
DEBUG: Executing route handler
DEBUG: html() called with 39 bytes
DEBUG: html() wrote 39 bytes, error: <nil>
DEBUG: Handler executed successfully
DEBUG: Executing route handler
DEBUG: html() called with 39 bytes
DEBUG: html() wrote 39 bytes, error: <nil>
DEBUG: Handler executed successfully
DEBUG: Executing route handler
DEBUG: html() called with 39 bytes
DEBUG: html() wrote 39 bytes, error: <nil>
DEBUG: Handler executed successfully
DEBUG: Executing route handler
DEBUG: html() called with 39 bytes
DEBUG: html() wrote 39 bytes, error: <nil>
DEBUG: Handler executed successfully
DEBUG: Executing route handler
DEBUG: html() called with 39 bytes
DEBUG: html() wrote 39 bytes, error: <nil>
DEBUG: Handler executed successfully
DEBUG: Executing route handler
DEBUG: html() called with 39 bytes
DEBUG: html() wrote 39 bytes, error: <nil>
DEBUG: Handler executed successfully
DEBUG: Executing route handler
DEBUG: html() called with 39 bytes
DEBUG: html() wrote 39 bytes, error: <nil>
DEBUG: Handler executed successfully
DEBUG: Executing route handler
DEBUG: html() called with 39 bytes
DEBUG: html() wrote 39 bytes, error: <nil>
DEBUG: Handler executed successfully
DEBUG: Executing route handler
DEBUG: html() called with 39 bytes
DEBUG: html() wrote 39 bytes, error: <nil>
DEBUG: Handler executed successfully
DEBUG: Executing route handler
DEBUG: html() called with 39 bytes
DEBUG: html() wrote 39 bytes, error: <nil>
DEBUG: Handler executed successfully
DEBUG: Executing route handler
DEBUG: html() called with 39 bytes
DEBUG: html() wrote 39 bytes, error: <nil>
DEBUG: Handler executed successfully
DEBUG: Executing route handler
DEBUG: html() called with 39 bytes
DEBUG: html() wrote 39 bytes, error: <nil>
DEBUG: Handler executed successfully
DEBUG: Executing route handler
DEBUG: html() called with 39 bytes
DEBUG: html() wrote 39 bytes, error: <nil>
DEBUG: Handler executed successfully
DEBUG: Executing route handler
DEBUG: html() called with 39 bytes
DEBUG: html() wrote 39 bytes, error: <nil>
DEBUG: Handler executed successfully
DEBUG: Executing route handler
DEBUG: html() called with 39 bytes
DEBUG: html() wrote 39 bytes, error: <nil>
DEBUG: Handler executed successfully
DEBUG: Executing route handler
DEBUG: html() called with 39 bytes
DEBUG: html() wrote 39 bytes, error: <nil>
DEBUG: Handler executed successfully
DEBUG: Executing route handler
DEBUG: html() called with 39 bytes
DEBUG: html() wrote 39 bytes, error: <nil>
DEBUG: Handler executed successfully
DEBUG: Executing route handler
DEBUG: html() called with 39 bytes
DEBUG: html() wrote 39 bytes, error: <nil>
DEBUG: Handler executed successfully
DEBUG: Executing route handler
DEBUG: html() called with 39 bytes
DEBUG: html() wrote 39 bytes, error: <nil>
DEBUG: Handler executed successfully
DEBUG: Executing route handler
DEBUG: html() called with 39 bytes
DEBUG: html() wrote 39 bytes, error: <nil>
DEBUG: Handler executed successfully
DEBUG: Executing route handler
DEBUG: html() called with 39 bytes
DEBUG: html() wrote 39 bytes, error: <nil>
DEBUG: Handler executed successfully
DEBUG: Executing route handler
DEBUG: html() called with 39 bytes
DEBUG: html() wrote 39 bytes, error: <nil>
DEBUG: Handler executed successfully
DEBUG: Executing route handler
DEBUG: html() called with 39 bytes
DEBUG: html() wrote 39 bytes, error: <nil>
DEBUG: Handler executed successfully
DEBUG: Executing route handler
DEBUG: html() called with 39 bytes
DEBUG: html() wrote 39 bytes, error: <nil>
DEBUG: Handler executed successfully
DEBUG: Executing route handler
DEBUG: html() called with 39 bytes
DEBUG: html() wrote 39 bytes, error: <nil>
DEBUG: Handler executed successfully
DEBUG: Executing route handler
DEBUG: html() called with 39 bytes
DEBUG: html() wrote 39 bytes, error: <nil>
DEBUG: Handler executed successfully
DEBUG: Executing route handler
DEBUG: html() called with 39 bytes
DEBUG: html() wrote 39 bytes, error: <nil>
DEBUG: Handler executed successfully
DEBUG: Executing route handler
DEBUG: html() called with 39 bytes
DEBUG: html() wrote 39 bytes, error: <nil>
DEBUG: Handler executed successfully
DEBUG: Executing route handler
DEBUG: html() called with 39 bytes
DEBUG: html() wrote 39 bytes, error: <nil>
DEBUG: Handler executed successfully
DEBUG: Executing route handler
DEBUG: html() called with 39 bytes
DEBUG: html() wrote 39 bytes, error: <nil>
DEBUG: Handler executed successfully
DEBUG: Executing route handler
DEBUG: html() called with 39 bytes
DEBUG: html() wrote 39 bytes, error: <nil>
DEBUG: Handler executed successfully
DEBUG: Executing route handler
DEBUG: html() called with 39 bytes
DEBUG: html() wrote 39 bytes, error: <nil>
DEBUG: Handler executed successfully
DEBUG: Executing route handler
DEBUG: html() called with 39 bytes
DEBUG: html() wrote 39 bytes, error: <nil>
DEBUG: Handler executed successfully
DEBUG: Executing route handler
DEBUG: html() called with 39 bytes
DEBUG: html() wrote 39 bytes, error: <nil>
DEBUG: Handler executed successfully
DEBUG: Executing route handler
DEBUG: html() called with 39 bytes
DEBUG: html() wrote 39 bytes, error: <nil>
DEBUG: Handler executed successfully
DEBUG: Executing route handler
DEBUG: html() called with 39 bytes
DEBUG: html() wrote 39 bytes, error: <nil>
DEBUG: Handler executed successfully
DEBUG: Executing route handler
DEBUG: html() called with 39 bytes
DEBUG: html() wrote 39 bytes, error: <nil>
DEBUG: Handler executed successfully
DEBUG: Executing route handler
DEBUG: html() called with 39 bytes
DEBUG: html() wrote 39 bytes, error: <nil>
DEBUG: Handler executed successfully
DEBUG: Executing route handler
DEBUG: html() called with 39 bytes
DEBUG: html() wrote 39 bytes, error: <nil>
DEBUG: Handler executed successfully
DEBUG: Executing route handler
DEBUG: html() called with 39 bytes
DEBUG: html() wrote 39 bytes, error: <nil>
DEBUG: Handler executed successfully
DEBUG: Executing route handler
DEBUG: html() called with 39 bytes
DEBUG: html() wrote 39 bytes, error: <nil>
DEBUG: Handler executed successfully
DEBUG: Executing route handler
DEBUG: html() called with 39 bytes
DEBUG: html() wrote 39 bytes, error: <nil>
DEBUG: Handler executed successfully
DEBUG: Executing route handler
DEBUG: html() called with 39 bytes
DEBUG: html() wrote 39 bytes, error: <nil>
DEBUG: Handler executed successfully
DEBUG: Executing route handler
DEBUG: html() called with 39 bytes
DEBUG: html() wrote 39 bytes, error: <nil>
DEBUG: Handler executed successfully
DEBUG: Executing route handler
DEBUG: html() called with 39 bytes
DEBUG: html() wrote 39 bytes, error: <nil>
DEBUG: Handler executed successfully
DEBUG: Executing route handler
DEBUG: html() called with 39 bytes
DEBUG: html() wrote 39 bytes, error: <nil>
DEBUG: Handler executed successfully
DEBUG: Executing route handler
DEBUG: html() called with 39 bytes
DEBUG: html() wrote 39 bytes, error: <nil>
DEBUG: Handler executed successfully
DEBUG: Executing route handler
DEBUG: html() called with 39 bytes
DEBUG: html() wrote 39 bytes, error: <nil>
DEBUG: Handler executed successfully
DEBUG: Executing route handler
DEBUG: html() called with 39 bytes
DEBUG: html() wrote 39 bytes, error: <nil>
DEBUG: Handler executed successfully
DEBUG: Executing route handler
DEBUG: html() called with 39 bytes
DEBUG: html() wrote 39 bytes, error: <nil>
DEBUG: Handler executed successfully
DEBUG: Executing route handler
DEBUG: html() called with 39 bytes
DEBUG: html() wrote 39 bytes, error: <nil>
DEBUG: Handler executed successfully
DEBUG: Executing route handler
DEBUG: html() called with 39 bytes
DEBUG: html() wrote 39 bytes, error: <nil>
DEBUG: Handler executed successfully
DEBUG: Executing route handler
DEBUG: html() called with 39 bytes
DEBUG: html() wrote 39 bytes, error: <nil>
DEBUG: Handler executed successfully
DEBUG: Executing route handler
DEBUG: html() called with 39 bytes
DEBUG: html() wrote 39 bytes, error: <nil>
DEBUG: Handler executed successfully
DEBUG: Executing route handler
DEBUG: html() called with 39 bytes
DEBUG: html() wrote 39 bytes, error: <nil>
DEBUG: Handler executed successfully
DEBUG: Executing route handler
DEBUG: html() called with 39 bytes
DEBUG: html() wrote 39 bytes, error: <nil>
DEBUG: Handler executed successfully
DEBUG: Executing route handler
DEBUG: html() called with 39 bytes
DEBUG: html() wrote 39 bytes, error: <nil>
DEBUG: Handler executed successfully
DEBUG: Executing route handler
DEBUG: html() called with 39 bytes
DEBUG: html() wrote 39 bytes, error: <nil>
DEBUG: Handler executed successfully
DEBUG: Executing route handler
DEBUG: html() called with 39 bytes
DEBUG: html() wrote 39 bytes, error: <nil>
DEBUG: Handler executed successfully
DEBUG: Executing route handler
DEBUG: html() called with 39 bytes
DEBUG: html() wrote 39 bytes, error: <nil>
DEBUG: Handler executed successfully
DEBUG: Executing route handler
DEBUG: html() called with 39 bytes
DEBUG: html() wrote 39 bytes, error: <nil>
DEBUG: Handler executed successfully
DEBUG: Executing route handler
DEBUG: html() called with 39 bytes
DEBUG: html() wrote 39 bytes, error: <nil>
DEBUG: Handler executed successfully
DEBUG: Executing route handler
DEBUG: html() called with 39 bytes
DEBUG: html() wrote 39 bytes, error: <nil>
DEBUG: Handler executed successfully
DEBUG: Executing route handler
DEBUG: html() called with 39 bytes
DEBUG: html() wrote 39 bytes, error: <nil>
DEBUG: Handler executed successfully
DEBUG: Executing route handler
DEBUG: html() called with 39 bytes
DEBUG: html() wrote 39 bytes, error: <nil>
DEBUG: Handler executed successfully
DEBUG: Executing route handler
DEBUG: html() called with 39 bytes
DEBUG: html() wrote 39 bytes, error: <nil>
DEBUG: Handler executed successfully
DEBUG: Executing route handler
DEBUG: html() called with 39 bytes
DEBUG: html() wrote 39 bytes, error: <nil>
DEBUG: Handler executed successfully
DEBUG: Executing route handler
DEBUG: html() called with 39 bytes
DEBUG: html() wrote 39 bytes, error: <nil>
DEBUG: Handler executed successfully
DEBUG: Executing route handler
DEBUG: html() called with 39 bytes
DEBUG: html() wrote 39 bytes, error: <nil>
DEBUG: Handler executed successfully
DEBUG: Executing route handler
DEBUG: html() called with 39 bytes
DEBUG: html() wrote 39 bytes, error: <nil>
DEBUG: Handler executed successfully
DEBUG: Executing route handler
DEBUG: html() called with 39 bytes
DEBUG: html() wrote 39 bytes, error: <nil>
DEBUG: Handler executed successfully
DEBUG: Executing route handler
DEBUG: html() called with 39 bytes
DEBUG: html() wrote 39 bytes, error: <nil>
DEBUG: Handler executed successfully
DEBUG: Executing route handler
DEBUG: html() called with 39 bytes
DEBUG: html() wrote 39 bytes, error: <nil>
DEBUG: Handler executed successfully
DEBUG: Executing route handler
DEBUG: html() called with 39 bytes
DEBUG: html() wrote 39 bytes, error: <nil>
DEBUG: Handler executed successfully
DEBUG: Executing route handler
DEBUG: html() called with 39 bytes
DEBUG: html() wrote 39 bytes, error: <nil>
DEBUG: Handler executed successfully
DEBUG: Executing route handler
DEBUG: html() called with 39 bytes
DEBUG: html() wrote 39 bytes, error: <nil>
DEBUG: Handler executed successfully
DEBUG: Executing route handler
DEBUG: html() called with 39 bytes
DEBUG: html() wrote 39 bytes, error: <nil>
DEBUG: Handler executed successfully
DEBUG: Executing route handler
DEBUG: html() called with 39 bytes
DEBUG: html() wrote 39 bytes, error: <nil>
DEBUG: Handler executed successfully
DEBUG: Executing route handler
DEBUG: html() called with 39 bytes
DEBUG: html() wrote 39 bytes, error: <nil>
DEBUG: Handler executed successfully
DEBUG: Executing route handler
DEBUG: html() called with 39 bytes
DEBUG: html() wrote 39 bytes, error: <nil>
DEBUG: Handler executed successfully
DEBUG: Executing route handler
DEBUG: html() called with 39 bytes
DEBUG: html() wrote 39 bytes, error: <nil>
DEBUG: Handler executed successfully
DEBUG: Executing route handler
DEBUG: html() called with 39 bytes
DEBUG: html() wrote 39 bytes, error: <nil>
DEBUG: Handler executed successfully
DEBUG: Executing route handler
DEBUG: html() called with 39 bytes
DEBUG: html() wrote 39 bytes, error: <nil>
DEBUG: Handler executed successfully
DEBUG: Executing route handler
DEBUG: html() called with 39 bytes
DEBUG: html() wrote 39 bytes, error: <nil>
DEBUG: Handler executed successfully
DEBUG: Executing route handler
DEBUG: html() called with 39 bytes
DEBUG: html() wrote 39 bytes, error: <nil>
DEBUG: Handler executed successfully
DEBUG: Executing route handler
DEBUG: html() called with 39 bytes
DEBUG: html() wrote 39 bytes, error: <nil>
DEBUG: Handler executed successfully
DEBUG: Executing route handler
DEBUG: html() called with 39 bytes
DEBUG: html() wrote 39 bytes, error: <nil>
DEBUG: Handler executed successfully
DEBUG: Executing route handler
DEBUG: html() called with 39 bytes
DEBUG: html() wrote 39 bytes, error: <nil>
DEBUG: Handler executed successfully
DEBUG: Executing route handler
DEBUG: html() called with 39 bytes
DEBUG: html() wrote 39 bytes, error: <nil>
DEBUG: Handler executed successfully
DEBUG: Executing route handler
DEBUG: html() called with 39 bytes
DEBUG: html() wrote 39 bytes, error: <nil>
DEBUG: Handler executed successfully
DEBUG: Executing route handler
DEBUG: html() called with 39 bytes
DEBUG: html() wrote 39 bytes, error: <nil>
DEBUG: Handler executed successfully
DEBUG: Executing route handler
DEBUG: html() called with 39 bytes
DEBUG: html() wrote 39 bytes, error: <nil>
DEBUG: Handler executed successfully
DEBUG: Executing route handler
DEBUG: html() called with 39 bytes
DEBUG: html() wrote 39 bytes, error: <nil>
DEBUG: Handler executed successfully
DEBUG: Executing route handler
DEBUG: html() called with 39 bytes
DEBUG: html() wrote 39 bytes, error: <nil>
DEBUG: Handler executed successfully
DEBUG: Executing route handler
DEBUG: html() called with 39 bytes
DEBUG: html() wrote 39 bytes, error: <nil>
DEBUG: Handler executed successfully
DEBUG: Executing route handler
DEBUG: html() called with 39 bytes
DEBUG: html() wrote 39 bytes, error: <nil>
DEBUG: Handler executed successfully
DEBUG: Executing route handler
DEBUG: html() called with 39 bytes
DEBUG: html() wrote 39 bytes, error: <nil>
DEBUG: Handler executed successfully
DEBUG: Executing route handler
DEBUG: html() called with 39 bytes
DEBUG: html() wrote 39 bytes, error: <nil>
DEBUG: Handler executed successfully
DEBUG: Executing route handler
DEBUG: html() called with 39 bytes
DEBUG: html() wrote 39 bytes, error: <nil>
DEBUG: Handler executed successfully
DEBUG: Executing route handler
DEBUG: html() called with 39 bytes
DEBUG: html() wrote 39 bytes, error: <nil>
DEBUG: Handler executed successfully
DEBUG: Executing route handler
DEBUG: html() called with 39 bytes
DEBUG: html() wrote 39 bytes, error: <nil>
DEBUG: Handler executed successfully
DEBUG: Executing route handler
DEBUG: html() called with 39 bytes
DEBUG: html() wrote 39 bytes, error: <nil>
DEBUG: Handler executed successfully
DEBUG: Executing route handler
DEBUG: html() called with 39 bytes
DEBUG: html() wrote 39 bytes, error: <nil>
DEBUG: Handler executed successfully
DEBUG: Executing route handler
DEBUG: html() called with 39 bytes
DEBUG: html() wrote 39 bytes, error: <nil>
DEBUG: Handler executed successfully
DEBUG: Executing route handler
DEBUG: html() called with 39 bytes
DEBUG: html() wrote 39 bytes, error: <nil>
DEBUG: Handler executed successfully
DEBUG: Executing route handler
DEBUG: html() called with 39 bytes
DEBUG: html() wrote 39 bytes, error: <nil>
DEBUG: Handler executed successfully
DEBUG: Executing route handler
DEBUG: html() called with 39 bytes
DEBUG: html() wrote 39 bytes, error: <nil>
DEBUG: Handler executed successfully
DEBUG: Executing route handler
DEBUG: html() called with 39 bytes
DEBUG: html() wrote 39 bytes, error: <nil>
DEBUG: Handler executed successfully
DEBUG: Executing route handler
DEBUG: html() called with 39 bytes
DEBUG: html() wrote 39 bytes, error: <nil>
DEBUG: Handler executed successfully
DEBUG: Executing route handler
DEBUG: html() called with 39 bytes
DEBUG: html() wrote 39 bytes, error: <nil>
DEBUG: Handler executed successfully
DEBUG: Executing route handler
DEBUG: html() called with 39 bytes
DEBUG: html() wrote 39 bytes, error: <nil>
DEBUG: Handler executed successfully
DEBUG: Executing route handler
DEBUG: html() called with 39 bytes
DEBUG: html() wrote 39 bytes, error: <nil>
DEBUG: Handler executed successfully
DEBUG: Executing route handler
DEBUG: html() called with 39 bytes
DEBUG: html() wrote 39 bytes, error: <nil>
DEBUG: Handler executed successfully
DEBUG: Executing route handler
DEBUG: html() called with 39 bytes
DEBUG: html() wrote 39 bytes, error: <nil>
DEBUG: Handler executed successfully
DEBUG: Executing route handler
DEBUG: html() called with 39 bytes
DEBUG: html() wrote 39 bytes, error: <nil>
DEBUG: Handler executed successfully
DEBUG: Executing route handler
DEBUG: html() called with 39 bytes
DEBUG: html() wrote 39 bytes, error: <nil>
DEBUG: Handler executed successfully
DEBUG: Executing route handler
DEBUG: html() called with 39 bytes
DEBUG: html() wrote 39 bytes, error: <nil>
DEBUG: Handler executed successfully
DEBUG: Executing route handler
DEBUG: html() called with 39 bytes
DEBUG: html() wrote 39 bytes, error: <nil>
DEBUG: Handler executed successfully
DEBUG: Executing route handler
DEBUG: html() called with 39 bytes
DEBUG: html() wrote 39 bytes, error: <nil>
DEBUG: Handler executed successfully
DEBUG: Executing route handler
DEBUG: html() called with 39 bytes
DEBUG: html() wrote 39 bytes, error: <nil>
DEBUG: Handler executed successfully
DEBUG: Executing route handler
DEBUG: html() called with 39 bytes
DEBUG: html() wrote 39 bytes, error: <nil>
DEBUG: Handler executed successfully
DEBUG: Executing route handler
DEBUG: html() called with 39 bytes
DEBUG: html() wrote 39 bytes, error: <nil>
DEBUG: Handler executed successfully
DEBUG: Executing route handler
DEBUG: html() called with 39 bytes
DEBUG: html() wrote 39 bytes, error: <nil>
DEBUG: Handler executed successfully
DEBUG: Executing route handler
DEBUG: html() called with 39 bytes
DEBUG: html() wrote 39 bytes, error: <nil>
DEBUG: Handler executed successfully
DEBUG: Executing route handler
DEBUG: html() called with 39 bytes
DEBUG: html() wrote 39 bytes, error: <nil>
DEBUG: Handler executed successfully
DEBUG: Executing route handler
DEBUG: html() called with 39 bytes
DEBUG: html() wrote 39 bytes, error: <nil>
DEBUG: Handler executed successfully
DEBUG: Executing route handler
DEBUG: html() called with 39 bytes
DEBUG: html() wrote 39 bytes, error: <nil>
DEBUG: Handler executed successfully
DEBUG: Executing route handler
DEBUG: html() called with 39 bytes
DEBUG: html() wrote 39 bytes, error: <nil>
DEBUG: Handler executed successfully
DEBUG: Executing route handler
DEBUG: html() called with 39 bytes
DEBUG: html() wrote 39 bytes, error: <nil>
DEBUG: Handler executed successfully
DEBUG: Executing route handler
DEBUG: html() called with 39 bytes
DEBUG: html() wrote 39 bytes, error: <nil>
DEBUG: Handler executed successfully
DEBUG: Executing route handler
DEBUG: html() called with 39 bytes
DEBUG: html() wrote 39 bytes, error: <nil>
DEBUG: Handler executed successfully
DEBUG: Executing route handler
DEBUG: html() called with 39 bytes
DEBUG: html() wrote 39 bytes, error: <nil>
DEBUG: Handler executed successfully
DEBUG: Executing route handler
DEBUG: html() called with 39 bytes
DEBUG: html() wrote 39 bytes, error: <nil>
DEBUG: Handler executed successfully
DEBUG: Executing route handler
DEBUG: html() called with 39 bytes
DEBUG: html() wrote 39 bytes, error: <nil>
DEBUG: Handler executed successfully
DEBUG: Executing route handler
DEBUG: html() called with 39 bytes
DEBUG: html() wrote 39 bytes, error: <nil>
DEBUG: Handler executed successfully
DEBUG: Executing route handler
DEBUG: html() called with 39 bytes
DEBUG: html() wrote 39 bytes, error: <nil>
DEBUG: Handler executed successfully
DEBUG: Executing route handler
DEBUG: html() called with 39 bytes
DEBUG: html() wrote 39 bytes, error: <nil>
DEBUG: Handler executed successfully
DEBUG: Executing route handler
DEBUG: html() called with 39 bytes
DEBUG: html() wrote 39 bytes, error: <nil>
DEBUG: Handler executed successfully
DEBUG: Executing route handler
DEBUG: html() called with 39 bytes
DEBUG: html() wrote 39 bytes, error: <nil>
DEBUG: Handler executed successfully
DEBUG: Executing route handler
DEBUG: html() called with 39 bytes
DEBUG: html() wrote 39 bytes, error: <nil>
DEBUG: Handler executed successfully
DEBUG: Executing route handler
DEBUG: html() called with 39 bytes
DEBUG: html() wrote 39 bytes, error: <nil>
DEBUG: Handler executed successfully
DEBUG: Executing route handler
DEBUG: html() called with 39 bytes
DEBUG: html() wrote 39 bytes, error: <nil>
DEBUG: Handler executed successfully
DEBUG: Executing route handler
DEBUG: html() called with 39 bytes
DEBUG: html() wrote 39 bytes, error: <nil>
DEBUG: Handler executed successfully
DEBUG: Executing route handler
DEBUG: html() called with 39 bytes
DEBUG: html() wrote 39 bytes, error: <nil>
DEBUG: Handler executed successfully
DEBUG: Executing route handler
DEBUG: html() called with 39 bytes
DEBUG: html() wrote 39 bytes, error: <nil>
DEBUG: Handler executed successfully
DEBUG: Executing route handler
DEBUG: html() called with 39 bytes
DEBUG: html() wrote 39 bytes, error: <nil>
DEBUG: Handler executed successfully
DEBUG: Executing route handler
DEBUG: html() called with 39 bytes
DEBUG: html() wrote 39 bytes, error: <nil>
DEBUG: Handler executed successfully
DEBUG: Executing route handler
DEBUG: html() called with 39 bytes
DEBUG: html() wrote 39 bytes, error: <nil>
DEBUG: Handler executed successfully
DEBUG: Executing route handler
DEBUG: html() called with 39 bytes
DEBUG: html() wrote 39 bytes, error: <nil>
DEBUG: Handler executed successfully
DEBUG: Executing route handler
DEBUG: html() called with 39 bytes
DEBUG: html() wrote 39 bytes, error: <nil>
DEBUG: Handler executed successfully
DEBUG: Executing route handler
DEBUG: html() called with 39 bytes
DEBUG: html() wrote 39 bytes, error: <nil>
DEBUG: Handler executed successfully
DEBUG: Executing route handler
DEBUG: html() called with 39 bytes
DEBUG: html() wrote 39 bytes, error: <nil>
DEBUG: Handler executed successfully
DEBUG: Executing route handler
DEBUG: html() called with 39 bytes
DEBUG: html() wrote 39 bytes, error: <nil>
DEBUG: Handler executed successfully
DEBUG: Executing route handler
DEBUG: html() called with 39 bytes
DEBUG: html() wrote 39 bytes, error: <nil>
DEBUG: Handler executed successfully
DEBUG: Executing route handler
DEBUG: html() called with 39 bytes
DEBUG: html() wrote 39 bytes, error: <nil>
DEBUG: Handler executed successfully
DEBUG: Executing route handler
DEBUG: html() called with 39 bytes
DEBUG: html() wrote 39 bytes, error: <nil>
DEBUG: Handler executed successfully
DEBUG: Executing route handler
DEBUG: html() called with 39 bytes
DEBUG: html() wrote 39 bytes, error: <nil>
DEBUG: Handler executed successfully
DEBUG: Executing route handler
DEBUG: html() called with 39 bytes
DEBUG: html() wrote 39 bytes, error: <nil>
DEBUG: Handler executed successfully
DEBUG: Executing route handler
DEBUG: html() called with 39 bytes
DEBUG: html() wrote 39 bytes, error: <nil>
DEBUG: Handler executed successfully
DEBUG: Executing route handler
DEBUG: html() called with 39 bytes
DEBUG: html() wrote 39 bytes, error: <nil>
DEBUG: Handler executed successfully
DEBUG: Executing route handler
DEBUG: html() called with 39 bytes
DEBUG: html() wrote 39 bytes, error: <nil>
DEBUG: Handler executed successfully
DEBUG: Executing route handler
DEBUG: html() called with 39 bytes
DEBUG: html() wrote 39 bytes, error: <nil>
DEBUG: Handler executed successfully
DEBUG: Executing route handler
DEBUG: html() called with 39 bytes
DEBUG: html() wrote 39 bytes, error: <nil>
DEBUG: Handler executed successfully
DEBUG: Executing route handler
DEBUG: html() called with 39 bytes
DEBUG: html() wrote 39 bytes, error: <nil>
DEBUG: Handler executed successfully
DEBUG: Executing route handler
DEBUG: html() called with 39 bytes
DEBUG: html() wrote 39 bytes, error: <nil>
DEBUG: Handler executed successfully
DEBUG: Executing route handler
DEBUG: html() called with 39 bytes
DEBUG: html() wrote 39 bytes, error: <nil>
DEBUG: Handler executed successfully
DEBUG: Executing route handler
DEBUG: html() called with 39 bytes
DEBUG: html() wrote 39 bytes, error: <nil>
DEBUG: Handler executed successfully
DEBUG: Executing route handler
DEBUG: html() called with 39 bytes
DEBUG: html() wrote 39 bytes, error: <nil>
DEBUG: Handler executed successfully
DEBUG: Executing route handler
DEBUG: html() called with 39 bytes
DEBUG: html() wrote 39 bytes, error: <nil>
DEBUG: Handler executed successfully
DEBUG: Executing route handler
DEBUG: html() called with 39 bytes
DEBUG: html() wrote 39 bytes, error: <nil>
DEBUG: Handler executed successfully
DEBUG: Executing route handler
DEBUG: html() called with 39 bytes
DEBUG: html() wrote 39 bytes, error: <nil>
DEBUG: Handler executed successfully
DEBUG: Executing route handler
DEBUG: html() called with 39 bytes
DEBUG: html() wrote 39 bytes, error: <nil>
DEBUG: Handler executed successfully
DEBUG: Executing route handler
DEBUG: html() called with 39 bytes
DEBUG: html() wrote 39 bytes, error: <nil>
DEBUG: Handler executed successfully
DEBUG: Executing route handler
DEBUG: html() called with 39 bytes
DEBUG: html() wrote 39 bytes, error: <nil>
DEBUG: Handler executed successfully
DEBUG: Executing route handler
DEBUG: html() called with 39 bytes
DEBUG: html() wrote 39 bytes, error: <nil>
DEBUG: Handler executed successfully
DEBUG: Executing route handler
DEBUG: html() called with 39 bytes
DEBUG: html() wrote 39 bytes, error: <nil>
DEBUG: Handler executed successfully
DEBUG: Executing route handler
DEBUG: html() called with 39 bytes
DEBUG: html() wrote 39 bytes, error: <nil>
DEBUG: Handler executed successfully
DEBUG: Executing route handler
DEBUG: html() called with 39 bytes
DEBUG: html() wrote 39 bytes, error: <nil>
DEBUG: Handler executed successfully
DEBUG: Executing route handler
DEBUG: html() called with 39 bytes
DEBUG: html() wrote 39 bytes, error: <nil>
DEBUG: Handler executed successfully
DEBUG: Executing route handler
DEBUG: html() called with 39 bytes
DEBUG: html() wrote 39 bytes, error: <nil>
DEBUG: Handler executed successfully
DEBUG: Executing route handler
DEBUG: html() called with 39 bytes
DEBUG: html() wrote 39 bytes, error: <nil>
DEBUG: Handler executed successfully
DEBUG: Executing route handler
DEBUG: html() called with 39 bytes
DEBUG: html() wrote 39 bytes, error: <nil>
DEBUG: Handler executed successfully
DEBUG: Executing route handler
DEBUG: html() called with 39 bytes
DEBUG: html() wrote 39 bytes, error: <nil>
DEBUG: Handler executed successfully
DEBUG: Executing route handler
DEBUG: html() called with 39 bytes
DEBUG: html() wrote 39 bytes, error: <nil>
DEBUG: Handler executed successfully
DEBUG: Executing route handler
DEBUG: html() called with 39 bytes
DEBUG: html() wrote 39 bytes, error: <nil>
DEBUG: Handler executed successfully
DEBUG: Executing route handler
DEBUG: html() called with 39 bytes
DEBUG: html() wrote 39 bytes, error: <nil>
DEBUG: Handler executed successfully
DEBUG: Executing route handler
DEBUG: html() called with 39 bytes
DEBUG: html() wrote 39 bytes, error: <nil>
DEBUG: Handler executed successfully
DEBUG: Executing route handler
DEBUG: html() called with 39 bytes
DEBUG: html() wrote 39 bytes, error: <nil>
DEBUG: Handler executed successfully
DEBUG: Executing route handler
DEBUG: html() called with 39 bytes
DEBUG: html() wrote 39 bytes, error: <nil>
DEBUG: Handler executed successfully
DEBUG: Executing route handler
DEBUG: html() called with 39 bytes
DEBUG: html() wrote 39 bytes, error: <nil>
DEBUG: Handler executed successfully
DEBUG: Executing route handler
DEBUG: html() called with 39 bytes
DEBUG: html() wrote 39 bytes, error: <nil>
DEBUG: Handler executed successfully
DEBUG: Executing route handler
DEBUG: html() called with 39 bytes
DEBUG: html() wrote 39 bytes, error: <nil>
DEBUG: Handler executed successfully
DEBUG: Executing route handler
DEBUG: html() called with 39 bytes
DEBUG: html() wrote 39 bytes, error: <nil>
DEBUG: Handler executed successfully
DEBUG: Executing route handler
DEBUG: html() called with 39 bytes
DEBUG: html() wrote 39 bytes, error: <nil>
DEBUG: Handler executed successfully
DEBUG: Executing route handler
DEBUG: html() called with 39 bytes
DEBUG: html() wrote 39 bytes, error: <nil>
DEBUG: Handler executed successfully
DEBUG: Executing route handler
DEBUG: html() called with 39 bytes
DEBUG: html() wrote 39 bytes, error: <nil>
DEBUG: Handler executed successfully
DEBUG: Executing route handler
DEBUG: html() called with 39 bytes
DEBUG: html() wrote 39 bytes, error: <nil>
DEBUG: Handler executed successfully
DEBUG: Executing route handler
DEBUG: html() called with 39 bytes
DEBUG: html() wrote 39 bytes, error: <nil>
DEBUG: Handler executed successfully
DEBUG: Executing route handler
DEBUG: html() called with 39 bytes
DEBUG: html() wrote 39 bytes, error: <nil>
DEBUG: Handler executed successfully
DEBUG: Executing route handler
DEBUG: html() called with 39 bytes
DEBUG: html() wrote 39 bytes, error: <nil>
DEBUG: Handler executed successfully
DEBUG: Executing route handler
DEBUG: html() called with 39 bytes
DEBUG: html() wrote 39 bytes, error: <nil>
DEBUG: Handler executed successfully
DEBUG: Executing route handler
DEBUG: html() called with 39 bytes
DEBUG: html() wrote 39 bytes, error: <nil>
DEBUG: Handler executed successfully
DEBUG: Executing route handler
DEBUG: html() called with 39 bytes
DEBUG: html() wrote 39 bytes, error: <nil>
DEBUG: Handler executed successfully
DEBUG: Executing route handler
DEBUG: html() called with 39 bytes
DEBUG: html() wrote 39 bytes, error: <nil>
DEBUG: Handler executed successfully
DEBUG: Executing route handler
DEBUG: html() called with 39 bytes
DEBUG: html() wrote 39 bytes, error: <nil>
DEBUG: Handler executed successfully
DEBUG: Executing route handler
DEBUG: html() called with 39 bytes
DEBUG: html() wrote 39 bytes, error: <nil>
DEBUG: Handler executed successfully
DEBUG: Executing route handler
DEBUG: html() called with 39 bytes
DEBUG: html() wrote 39 bytes, error: <nil>
DEBUG: Handler executed successfully
DEBUG: Executing route handler
DEBUG: html() called with 39 bytes
DEBUG: html() wrote 39 bytes, error: <nil>
DEBUG: Handler executed successfully
DEBUG: Executing route handler
DEBUG: html() called with 39 bytes
DEBUG: html() wrote 39 bytes, error: <nil>
DEBUG: Handler executed successfully
DEBUG: Executing route handler
DEBUG: html() called with 39 bytes
DEBUG: html() wrote 39 bytes, error: <nil>
DEBUG: Handler executed successfully
DEBUG: Executing route handler
DEBUG: html() called with 39 bytes
DEBUG: html() wrote 39 bytes, error: <nil>
DEBUG: Handler executed successfully
DEBUG: Executing route handler
DEBUG: html() called with 39 bytes
DEBUG: html() wrote 39 bytes, error: <nil>
DEBUG: Handler executed successfully
DEBUG: Executing route handler
DEBUG: html() called with 39 bytes
DEBUG: html() wrote 39 bytes, error: <nil>
DEBUG: Handler executed successfully
DEBUG: Executing route handler
DEBUG: html() called with 39 bytes
DEBUG: html() wrote 39 bytes, error: <nil>
DEBUG: Handler executed successfully
DEBUG: Executing route handler
DEBUG: html() called with 39 bytes
DEBUG: html() wrote 39 bytes, error: <nil>
DEBUG: Handler executed successfully
DEBUG: Executing route handler
DEBUG: html() called with 39 bytes
DEBUG: html() wrote 39 bytes, error: <nil>
DEBUG: Handler executed successfully
DEBUG: Executing route handler
DEBUG: html() called with 39 bytes
DEBUG: html() wrote 39 bytes, error: <nil>
DEBUG: Handler executed successfully
DEBUG: Executing route handler
DEBUG: html() called with 39 bytes
DEBUG: html() wrote 39 bytes, error: <nil>
DEBUG: Handler executed successfully
DEBUG: Executing route handler
DEBUG: html() called with 39 bytes
DEBUG: html() wrote 39 bytes, error: <nil>
DEBUG: Handler executed successfully
DEBUG: Executing route handler
DEBUG: html() called with 39 bytes
DEBUG: html() wrote 39 bytes, error: <nil>
DEBUG: Handler executed successfully
DEBUG: Executing route handler
DEBUG: html() called with 39 bytes
DEBUG: html() wrote 39 bytes, error: <nil>
DEBUG: Handler executed successfully
DEBUG: Executing route handler
DEBUG: html() called with 39 bytes
DEBUG: html() wrote 39 bytes, error: <nil>
DEBUG: Handler executed successfully
DEBUG: Executing route handler
DEBUG: html() called with 39 bytes
DEBUG: html() wrote 39 bytes, error: <nil>
DEBUG: Handler executed successfully
DEBUG: Executing route handler
DEBUG: html() called with 39 bytes
DEBUG: html() wrote 39 bytes, error: <nil>
DEBUG: Handler executed successfully
DEBUG: Executing route handler
DEBUG: html() called with 39 bytes
DEBUG: html() wrote 39 bytes, error: <nil>
DEBUG: Handler executed successfully
DEBUG: Executing route handler
DEBUG: html() called with 39 bytes
DEBUG: html() wrote 39 bytes, error: <nil>
DEBUG: Handler executed successfully
DEBUG: Executing route handler
DEBUG: html() called with 39 bytes
DEBUG: html() wrote 39 bytes, error: <nil>
DEBUG: Handler executed successfully
DEBUG: Executing route handler
DEBUG: html() called with 39 bytes
DEBUG: html() wrote 39 bytes, error: <nil>
DEBUG: Handler executed successfully
DEBUG: Executing route handler
DEBUG: html() called with 39 bytes
DEBUG: html() wrote 39 bytes, error: <nil>
DEBUG: Handler executed successfully
DEBUG: Executing route handler
DEBUG: html() called with 39 bytes
DEBUG: html() wrote 39 bytes, error: <nil>
DEBUG: Handler executed successfully
DEBUG: Executing route handler
DEBUG: html() called with 39 bytes
DEBUG: html() wrote 39 bytes, error: <nil>
DEBUG: Handler executed successfully
DEBUG: Executing route handler
DEBUG: html() called with 39 bytes
DEBUG: html() wrote 39 bytes, error: <nil>
DEBUG: Handler executed successfully
DEBUG: Executing route handler
DEBUG: html() called with 39 bytes
DEBUG: html() wrote 39 bytes, error: <nil>
DEBUG: Handler executed successfully
DEBUG: Executing route handler
DEBUG: html() called with 39 bytes
DEBUG: html() wrote 39 bytes, error: <nil>
DEBUG: Handler executed successfully
DEBUG: Executing route handler
DEBUG: html() called with 39 bytes
DEBUG: html() wrote 39 bytes, error: <nil>
DEBUG: Handler executed successfully
DEBUG: Executing route handler
DEBUG: html() called with 39 bytes
DEBUG: html() wrote 39 bytes, error: <nil>
DEBUG: Handler executed successfully
DEBUG: Executing route handler
DEBUG: html() called with 39 bytes
DEBUG: html() wrote 39 bytes, error: <nil>
DEBUG: Handler executed successfully
DEBUG: Executing route handler
DEBUG: html() called with 39 bytes
DEBUG: html() wrote 39 bytes, error: <nil>
DEBUG: Handler executed successfully
DEBUG: Executing route handler
DEBUG: html() called with 39 bytes
DEBUG: html() wrote 39 bytes, error: <nil>
DEBUG: Handler executed successfully
DEBUG: Executing route handler
DEBUG: html() called with 39 bytes
DEBUG: html() wrote 39 bytes, error: <nil>
DEBUG: Handler executed successfully
DEBUG: Executing route handler
DEBUG: html() called with 39 bytes
DEBUG: html() wrote 39 bytes, error: <nil>
DEBUG: Handler executed successfully
DEBUG: Executing route handler
DEBUG: html() called with 39 bytes
DEBUG: html() wrote 39 bytes, error: <nil>
DEBUG: Handler executed successfully
DEBUG: Executing route handler
DEBUG: html() called with 39 bytes
DEBUG: html() wrote 39 bytes, error: <nil>
DEBUG: Handler executed successfully
DEBUG: Executing route handler
DEBUG: html() called with 39 bytes
DEBUG: html() wrote 39 bytes, error: <nil>
DEBUG: Handler executed successfully
DEBUG: Executing route handler
DEBUG: html() called with 39 bytes
DEBUG: html() wrote 39 bytes, error: <nil>
DEBUG: Handler executed successfully
DEBUG: Executing route handler
DEBUG: html() called with 39 bytes
DEBUG: html() wrote 39 bytes, error: <nil>
DEBUG: Handler executed successfully
DEBUG: Executing route handler
DEBUG: html() called with 39 bytes
DEBUG: html() wrote 39 bytes, error: <nil>
DEBUG: Handler executed successfully
DEBUG: Executing route handler
DEBUG: html() called with 39 bytes
DEBUG: html() wrote 39 bytes, error: <nil>
DEBUG: Handler executed successfully
DEBUG: Executing route handler
DEBUG: html() called with 39 bytes
DEBUG: html() wrote 39 bytes, error: <nil>
DEBUG: Handler executed successfully
DEBUG: Executing route handler
DEBUG: html() called with 39 bytes
DEBUG: html() wrote 39 bytes, error: <nil>
DEBUG: Handler executed successfully
DEBUG: Executing route handler
DEBUG: html() called with 39 bytes
DEBUG: html() wrote 39 bytes, error: <nil>
DEBUG: Handler executed successfully
DEBUG: Executing route handler
DEBUG: html() called with 39 bytes
DEBUG: html() wrote 39 bytes, error: <nil>
DEBUG: Handler executed successfully
DEBUG: Executing route handler
DEBUG: html() called with 39 bytes
DEBUG: html() wrote 39 bytes, error: <nil>
DEBUG: Handler executed successfully
DEBUG: Executing route handler
DEBUG: html() called with 39 bytes
DEBUG: html() wrote 39 bytes, error: <nil>
DEBUG: Handler executed successfully
DEBUG: Executing route handler
DEBUG: html() called with 39 bytes
DEBUG: html() wrote 39 bytes, error: <nil>
DEBUG: Handler executed successfully
DEBUG: Executing route handler
DEBUG: html() called with 39 bytes
DEBUG: html() wrote 39 bytes, error: <nil>
DEBUG: Handler executed successfully
DEBUG: Executing route handler
DEBUG: html() called with 39 bytes
DEBUG: html() wrote 39 bytes, error: <nil>
DEBUG: Handler executed successfully
DEBUG: Executing route handler
DEBUG: html() called with 39 bytes
DEBUG: html() wrote 39 bytes, error: <nil>
DEBUG: Handler executed successfully
DEBUG: Executing route handler
DEBUG: html() called with 39 bytes
DEBUG: html() wrote 39 bytes, error: <nil>
DEBUG: Handler executed successfully
DEBUG: Executing route handler
DEBUG: html() called with 39 bytes
DEBUG: html() wrote 39 bytes, error: <nil>
DEBUG: Handler executed successfully
DEBUG: Executing route handler
DEBUG: html() called with 39 bytes
DEBUG: html() wrote 39 bytes, error: <nil>
DEBUG: Handler executed successfully
DEBUG: Executing route handler
DEBUG: html() called with 39 bytes
DEBUG: html() wrote 39 bytes, error: <nil>
DEBUG: Handler executed successfully
DEBUG: Executing route handler
DEBUG: html() called with 39 bytes
DEBUG: html() wrote 39 bytes, error: <nil>
DEBUG: Handler executed successfully
DEBUG: Executing route handler
DEBUG: html() called with 39 bytes
DEBUG: html() wrote 39 bytes, error: <nil>
DEBUG: Handler executed successfully
DEBUG: Executing route handler
DEBUG: html() called with 39 bytes
DEBUG: html() wrote 39 bytes, error: <nil>
DEBUG: Handler executed successfully
DEBUG: Executing route handler
DEBUG: html() called with 39 bytes
DEBUG: html() wrote 39 bytes, error: <nil>
DEBUG: Handler executed successfully
DEBUG: Executing route handler
DEBUG: html() called with 39 bytes
DEBUG: html() wrote 39 bytes, error: <nil>
DEBUG: Handler executed successfully
DEBUG: Executing route handler
DEBUG: html() called with 39 bytes
DEBUG: html() wrote 39 bytes, error: <nil>
DEBUG: Handler executed successfully
DEBUG: Executing route handler
DEBUG: html() called with 39 bytes
DEBUG: html() wrote 39 bytes, error: <nil>
DEBUG: Handler executed successfully
DEBUG: Executing route handler
DEBUG: html() called with 39 bytes
DEBUG: html() wrote 39 bytes, error: <nil>
DEBUG: Handler executed successfully
DEBUG: Executing route handler
DEBUG: html() called with 39 bytes
DEBUG: html() wrote 39 bytes, error: <nil>
DEBUG: Handler executed successfully
DEBUG: Executing route handler
DEBUG: html() called with 39 bytes
DEBUG: html() wrote 39 bytes, error: <nil>
DEBUG: Handler executed successfully
DEBUG: Executing route handler
DEBUG: html() called with 39 bytes
DEBUG: html() wrote 39 bytes, error: <nil>
DEBUG: Handler executed successfully
DEBUG: Executing route handler
DEBUG: html() called with 39 bytes
DEBUG: html() wrote 39 bytes, error: <nil>
DEBUG: Handler executed successfully
DEBUG: Executing route handler
DEBUG: html() called with 39 bytes
DEBUG: html() wrote 39 bytes, error: <nil>
DEBUG: Handler executed successfully
DEBUG: Executing route handler
DEBUG: html() called with 39 bytes
DEBUG: html() wrote 39 bytes, error: <nil>
DEBUG: Handler executed successfully
DEBUG: Executing route handler
DEBUG: html() called with 39 bytes
DEBUG: html() wrote 39 bytes, error: <nil>
DEBUG: Handler executed successfully
DEBUG: Executing route handler
DEBUG: html() called with 39 bytes
DEBUG: html() wrote 39 bytes, error: <nil>
DEBUG: Handler executed successfully
DEBUG: Executing route handler
DEBUG: html() called with 39 bytes
DEBUG: html() wrote 39 bytes, error: <nil>
DEBUG: Handler executed successfully
DEBUG: Executing route handler
DEBUG: html() called with 39 bytes
DEBUG: html() wrote 39 bytes, error: <nil>
DEBUG: Handler executed successfully
DEBUG: Executing route handler
DEBUG: html() called with 39 bytes
DEBUG: html() wrote 39 bytes, error: <nil>
DEBUG: Handler executed successfully
DEBUG: Executing route handler
DEBUG: html() called with 39 bytes
DEBUG: html() wrote 39 bytes, error: <nil>
DEBUG: Handler executed successfully
DEBUG: Executing route handler
DEBUG: html() called with 39 bytes
DEBUG: html() wrote 39 bytes, error: <nil>
DEBUG: Handler executed successfully
DEBUG: Executing route handler
DEBUG: html() called with 39 bytes
DEBUG: html() wrote 39 bytes, error: <nil>
DEBUG: Handler executed successfully
DEBUG: Executing route handler
DEBUG: html() called with 39 bytes
DEBUG: html() wrote 39 bytes, error: <nil>
DEBUG: Handler executed successfully
DEBUG: Executing route handler
DEBUG: html() called with 39 bytes
DEBUG: html() wrote 39 bytes, error: <nil>
DEBUG: Handler executed successfully
DEBUG: Executing route handler
DEBUG: html() called with 39 bytes
DEBUG: html() wrote 39 bytes, error: <nil>
DEBUG: Handler executed successfully
DEBUG: Executing route handler
DEBUG: html() called with 39 bytes
DEBUG: html() wrote 39 bytes, error: <nil>
DEBUG: Handler executed successfully
DEBUG: Executing route handler
DEBUG: html() called with 39 bytes
DEBUG: html() wrote 39 bytes, error: <nil>
DEBUG: Handler executed successfully
DEBUG: Executing route handler
DEBUG: html() called with 39 bytes
DEBUG: html() wrote 39 bytes, error: <nil>
DEBUG: Handler executed successfully
DEBUG: Executing route handler
DEBUG: html() called with 39 bytes
DEBUG: html() wrote 39 bytes, error: <nil>
DEBUG: Handler executed successfully
DEBUG: Executing route handler
DEBUG: html() called with 39 bytes
DEBUG: html() wrote 39 bytes, error: <nil>
DEBUG: Handler executed successfully
DEBUG: Executing route handler
DEBUG: html() called with 39 bytes
DEBUG: html() wrote 39 bytes, error: <nil>
DEBUG: Handler executed successfully
DEBUG: Executing route handler
DEBUG: html() called with 39 bytes
DEBUG: html() wrote 39 bytes, error: <nil>
DEBUG: Handler executed successfully
DEBUG: Executing route handler
DEBUG: html() called with 39 bytes
DEBUG: html() wrote 39 bytes, error: <nil>
DEBUG: Handler executed successfully
DEBUG: Executing route handler
DEBUG: html() called with 39 bytes
DEBUG: html() wrote 39 bytes, error: <nil>
DEBUG: Handler executed successfully
DEBUG: Executing route handler
DEBUG: html() called with 39 bytes
DEBUG: html() wrote 39 bytes, error: <nil>
DEBUG: Handler executed successfully
DEBUG: Executing route handler
DEBUG: html() called with 39 bytes
DEBUG: html() wrote 39 bytes, error: <nil>
DEBUG: Handler executed successfully
DEBUG: Executing route handler
DEBUG: html() called with 39 bytes
DEBUG: html() wrote 39 bytes, error: <nil>
DEBUG: Handler executed successfully
DEBUG: Executing route handler
DEBUG: html() called with 39 bytes
DEBUG: html() wrote 39 bytes, error: <nil>
DEBUG: Handler executed successfully
DEBUG: Executing route handler
DEBUG: html() called with 39 bytes
DEBUG: html() wrote 39 bytes, error: <nil>
DEBUG: Handler executed successfully
DEBUG: Executing route handler
DEBUG: html() called with 39 bytes
DEBUG: html() wrote 39 bytes, error: <nil>
DEBUG: Handler executed successfully
DEBUG: Executing route handler
DEBUG: html() called with 39 bytes
DEBUG: html() wrote 39 bytes, error: <nil>
DEBUG: Handler executed successfully
DEBUG: Executing route handler
DEBUG: html() called with 39 bytes
DEBUG: html() wrote 39 bytes, error: <nil>
DEBUG: Handler executed successfully
DEBUG: Executing route handler
DEBUG: html() called with 39 bytes
DEBUG: html() wrote 39 bytes, error: <nil>
DEBUG: Handler executed successfully
DEBUG: Executing route handler
DEBUG: html() called with 39 bytes
DEBUG: html() wrote 39 bytes, error: <nil>
DEBUG: Handler executed successfully
DEBUG: Executing route handler
DEBUG: html() called with 39 bytes
DEBUG: html() wrote 39 bytes, error: <nil>
DEBUG: Handler executed successfully
DEBUG: Executing route handler
DEBUG: html() called with 39 bytes
DEBUG: html() wrote 39 bytes, error: <nil>
DEBUG: Handler executed successfully
DEBUG: Executing route handler
DEBUG: html() called with 39 bytes
DEBUG: html() wrote 39 bytes, error: <nil>
DEBUG: Handler executed successfully
DEBUG: Executing route handler
DEBUG: html() called with 39 bytes
DEBUG: html() wrote 39 bytes, error: <nil>
DEBUG: Handler executed successfully
DEBUG: Executing route handler
DEBUG: html() called with 39 bytes
DEBUG: html() wrote 39 bytes, error: <nil>
DEBUG: Handler executed successfully
DEBUG: Executing route handler
DEBUG: html() called with 39 bytes
DEBUG: html() wrote 39 bytes, error: <nil>
DEBUG: Handler executed successfully
DEBUG: Executing route handler
DEBUG: html() called with 39 bytes
DEBUG: html() wrote 39 bytes, error: <nil>
DEBUG: Handler executed successfully
DEBUG: Executing route handler
DEBUG: html() called with 39 bytes
DEBUG: html() wrote 39 bytes, error: <nil>
DEBUG: Handler executed successfully
DEBUG: Executing route handler
DEBUG: html() called with 39 bytes
DEBUG: html() wrote 39 bytes, error: <nil>
DEBUG: Handler executed successfully
DEBUG: Executing route handler
DEBUG: html() called with 39 bytes
DEBUG: html() wrote 39 bytes, error: <nil>
DEBUG: Handler executed successfully
DEBUG: Executing route handler
DEBUG: html() called with 39 bytes
DEBUG: html() wrote 39 bytes, error: <nil>
DEBUG: Handler executed successfully
DEBUG: Executing route handler
DEBUG: html() called with 39 bytes
DEBUG: html() wrote 39 bytes, error: <nil>
DEBUG: Handler executed successfully
DEBUG: Executing route handler
DEBUG: html() called with 39 bytes
DEBUG: html() wrote 39 bytes, error: <nil>
DEBUG: Handler executed successfully
DEBUG: Executing route handler
DEBUG: html() called with 39 bytes
DEBUG: html() wrote 39 bytes, error: <nil>
DEBUG: Handler executed successfully
DEBUG: Executing route handler
DEBUG: html() called with 39 bytes
DEBUG: html() wrote 39 bytes, error: <nil>
DEBUG: Handler executed successfully
DEBUG: Executing route handler
DEBUG: html() called with 39 bytes
DEBUG: html() wrote 39 bytes, error: <nil>
DEBUG: Handler executed successfully
DEBUG: Executing route handler
DEBUG: html() called with 39 bytes
DEBUG: html() wrote 39 bytes, error: <nil>
DEBUG: Handler executed successfully
DEBUG: Executing route handler
DEBUG: html() called with 39 bytes
DEBUG: html() wrote 39 bytes, error: <nil>
DEBUG: Handler executed successfully
DEBUG: Executing route handler
DEBUG: html() called with 39 bytes
DEBUG: html() wrote 39 bytes, error: <nil>
DEBUG: Handler executed successfully
DEBUG: Executing route handler
DEBUG: html() called with 39 bytes
DEBUG: html() wrote 39 bytes, error: <nil>
DEBUG: Handler executed successfully
DEBUG: Executing route handler
DEBUG: html() called with 39 bytes
DEBUG: html() wrote 39 bytes, error: <nil>
DEBUG: Handler executed successfully
DEBUG: Executing route handler
DEBUG: html() called with 39 bytes
DEBUG: html() wrote 39 bytes, error: <nil>
DEBUG: Handler executed successfully
DEBUG: Executing route handler
DEBUG: html() called with 39 bytes
DEBUG: html() wrote 39 bytes, error: <nil>
DEBUG: Handler executed successfully
DEBUG: Executing route handler
DEBUG: html() called with 39 bytes
DEBUG: html() wrote 39 bytes, error: <nil>
DEBUG: Handler executed successfully
DEBUG: Executing route handler
DEBUG: html() called with 39 bytes
DEBUG: html() wrote 39 bytes, error: <nil>
DEBUG: Handler executed successfully
DEBUG: Executing route handler
DEBUG: html() called with 39 bytes
DEBUG: html() wrote 39 bytes, error: <nil>
DEBUG: Handler executed successfully
DEBUG: Executing route handler
DEBUG: html() called with 39 bytes
DEBUG: html() wrote 39 bytes, error: <nil>
DEBUG: Handler executed successfully
DEBUG: Executing route handler
DEBUG: html() called with 39 bytes
DEBUG: html() wrote 39 bytes, error: <nil>
DEBUG: Handler executed successfully
DEBUG: Executing route handler
DEBUG: html() called with 39 bytes
DEBUG: html() wrote 39 bytes, error: <nil>
DEBUG: Handler executed successfully
DEBUG: Executing route handler
DEBUG: html() called with 39 bytes
DEBUG: html() wrote 39 bytes, error: <nil>
DEBUG: Handler executed successfully
DEBUG: Executing route handler
DEBUG: html() called with 39 bytes
DEBUG: html() wrote 39 bytes, error: <nil>
DEBUG: Handler executed successfully
DEBUG: Executing route handler
DEBUG: html() called with 39 bytes
DEBUG: html() wrote 39 bytes, error: <nil>
DEBUG: Handler executed successfully
DEBUG: Executing route handler
DEBUG: html() called with 39 bytes
DEBUG: html() wrote 39 bytes, error: <nil>
DEBUG: Handler executed successfully
DEBUG: Executing route handler
DEBUG: html() called with 39 bytes
DEBUG: html() wrote 39 bytes, error: <nil>
DEBUG: Handler executed successfully
DEBUG: Executing route handler
DEBUG: html() called with 39 bytes
DEBUG: html() wrote 39 bytes, error: <nil>
DEBUG: Handler executed successfully
DEBUG: Executing route handler
DEBUG: html() called with 39 bytes
DEBUG: html() wrote 39 bytes, error: <nil>
DEBUG: Handler executed successfully
DEBUG: Executing route handler
DEBUG: html() called with 39 bytes
DEBUG: html() wrote 39 bytes, error: <nil>
DEBUG: Handler executed successfully
DEBUG: Executing route handler
DEBUG: html() called with 39 bytes
DEBUG: html() wrote 39 bytes, error: <nil>
DEBUG: Handler executed successfully
DEBUG: Executing route handler
DEBUG: html() called with 39 bytes
DEBUG: html() wrote 39 bytes, error: <nil>
DEBUG: Handler executed successfully
DEBUG: Executing route handler
DEBUG: html() called with 39 bytes
DEBUG: html() wrote 39 bytes, error: <nil>
DEBUG: Handler executed successfully
DEBUG: Executing route handler
DEBUG: html() called with 39 bytes
DEBUG: html() wrote 39 bytes, error: <nil>
DEBUG: Handler executed successfully
DEBUG: Executing route handler
DEBUG: html() called with 39 bytes
DEBUG: html() wrote 39 bytes, error: <nil>
DEBUG: Handler executed successfully
DEBUG: Executing route handler
DEBUG: html() called with 39 bytes
DEBUG: html() wrote 39 bytes, error: <nil>
DEBUG: Handler executed successfully
DEBUG: Executing route handler
DEBUG: html() called with 39 bytes
DEBUG: html() wrote 39 bytes, error: <nil>
DEBUG: Handler executed successfully
DEBUG: Executing route handler
DEBUG: html() called with 39 bytes
DEBUG: html() wrote 39 bytes, error: <nil>
DEBUG: Handler executed successfully
DEBUG: Executing route handler
DEBUG: html() called with 39 bytes
DEBUG: html() wrote 39 bytes, error: <nil>
DEBUG: Handler executed successfully
DEBUG: Executing route handler
DEBUG: html() called with 39 bytes
DEBUG: html() wrote 39 bytes, error: <nil>
DEBUG: Handler executed successfully
DEBUG: Executing route handler
DEBUG: html() called with 39 bytes
DEBUG: html() wrote 39 bytes, error: <nil>
DEBUG: Handler executed successfully
DEBUG: Executing route handler
DEBUG: html() called with 39 bytes
DEBUG: html() wrote 39 bytes, error: <nil>
DEBUG: Handler executed successfully
DEBUG: Executing route handler
DEBUG: html() called with 39 bytes
DEBUG: html() wrote 39 bytes, error: <nil>
DEBUG: Handler executed successfully
DEBUG: Executing route handler
DEBUG: html() called with 39 bytes
DEBUG: html() wrote 39 bytes, error: <nil>
DEBUG: Handler executed successfully
DEBUG: Executing route handler
DEBUG: html() called with 39 bytes
DEBUG: html() wrote 39 bytes, error: <nil>
DEBUG: Handler executed successfully
DEBUG: Executing route handler
DEBUG: html() called with 39 bytes
DEBUG: html() wrote 39 bytes, error: <nil>
DEBUG: Handler executed successfully
DEBUG: Executing route handler
DEBUG: html() called with 39 bytes
DEBUG: html() wrote 39 bytes, error: <nil>
DEBUG: Handler executed successfully
DEBUG: Executing route handler
DEBUG: html() called with 39 bytes
DEBUG: html() wrote 39 bytes, error: <nil>
DEBUG: Handler executed successfully
DEBUG: Executing route handler
DEBUG: html() called with 39 bytes
DEBUG: html() wrote 39 bytes, error: <nil>
DEBUG: Handler executed successfully
DEBUG: Executing route handler
DEBUG: html() called with 39 bytes
DEBUG: html() wrote 39 bytes, error: <nil>
DEBUG: Handler executed successfully
DEBUG: Executing route handler
DEBUG: html() called with 39 bytes
DEBUG: html() wrote 39 bytes, error: <nil>
DEBUG: Handler executed successfully
DEBUG: Executing route handler
DEBUG: html() called with 39 bytes
DEBUG: html() wrote 39 bytes, error: <nil>
DEBUG: Handler executed successfully
DEBUG: Executing route handler
DEBUG: html() called with 39 bytes
DEBUG: html() wrote 39 bytes, error: <nil>
DEBUG: Handler executed successfully
DEBUG: Executing route handler
DEBUG: html() called with 39 bytes
DEBUG: html() wrote 39 bytes, error: <nil>
DEBUG: Handler executed successfully
DEBUG: Executing route handler
DEBUG: html() called with 39 bytes
DEBUG: html() wrote 39 bytes, error: <nil>
DEBUG: Handler executed successfully
DEBUG: Executing route handler
DEBUG: html() called with 39 bytes
DEBUG: html() wrote 39 bytes, error: <nil>
DEBUG: Handler executed successfully
DEBUG: Executing route handler
DEBUG: html() called with 39 bytes
DEBUG: html() wrote 39 bytes, error: <nil>
DEBUG: Handler executed successfully
DEBUG: Executing route handler
DEBUG: html() called with 39 bytes
DEBUG: html() wrote 39 bytes, error: <nil>
DEBUG: Handler executed successfully
DEBUG: Executing route handler
DEBUG: html() called with 39 bytes
DEBUG: html() wrote 39 bytes, error: <nil>
DEBUG: Handler executed successfully
DEBUG: Executing route handler
DEBUG: html() called with 39 bytes
DEBUG: html() wrote 39 bytes, error: <nil>
DEBUG: Handler executed successfully
DEBUG: Executing route handler
DEBUG: html() called with 39 bytes
DEBUG: html() wrote 39 bytes, error: <nil>
DEBUG: Handler executed successfully
DEBUG: Executing route handler
DEBUG: html() called with 39 bytes
DEBUG: html() wrote 39 bytes, error: <nil>
DEBUG: Handler executed successfully
DEBUG: Executing route handler
DEBUG: html() called with 39 bytes
DEBUG: html() wrote 39 bytes, error: <nil>
DEBUG: Handler executed successfully
DEBUG: Executing route handler
DEBUG: html() called with 39 bytes
DEBUG: html() wrote 39 bytes, error: <nil>
DEBUG: Handler executed successfully
DEBUG: Executing route handler
DEBUG: html() called with 39 bytes
DEBUG: html() wrote 39 bytes, error: <nil>
DEBUG: Handler executed successfully
DEBUG: Executing route handler
DEBUG: html() called with 39 bytes
DEBUG: html() wrote 39 bytes, error: <nil>
DEBUG: Handler executed successfully
DEBUG: Executing route handler
DEBUG: html() called with 39 bytes
DEBUG: html() wrote 39 bytes, error: <nil>
DEBUG: Handler executed successfully
DEBUG: Executing route handler
DEBUG: html() called with 39 bytes
DEBUG: html() wrote 39 bytes, error: <nil>
DEBUG: Handler executed successfully
DEBUG: Executing route handler
DEBUG: html() called with 39 bytes
DEBUG: html() wrote 39 bytes, error: <nil>
DEBUG: Handler executed successfully
DEBUG: Executing route handler
DEBUG: html() called with 39 bytes
DEBUG: html() wrote 39 bytes, error: <nil>
DEBUG: Handler executed successfully
DEBUG: Executing route handler
DEBUG: html() called with 39 bytes
DEBUG: html() wrote 39 bytes, error: <nil>
DEBUG: Handler executed successfully
DEBUG: Executing route handler
DEBUG: html() called with 39 bytes
DEBUG: html() wrote 39 bytes, error: <nil>
DEBUG: Handler executed successfully
DEBUG: Executing route handler
DEBUG: html() called with 39 bytes
DEBUG: html() wrote 39 bytes, error: <nil>
DEBUG: Handler executed successfully
DEBUG: Executing route handler
DEBUG: html() called with 39 bytes
DEBUG: html() wrote 39 bytes, error: <nil>
DEBUG: Handler executed successfully
DEBUG: Executing route handler
DEBUG: html() called with 39 bytes
DEBUG: html() wrote 39 bytes, error: <nil>
DEBUG: Handler executed successfully
DEBUG: Executing route handler
DEBUG: html() called with 39 bytes
DEBUG: html() wrote 39 bytes, error: <nil>
DEBUG: Handler executed successfully
DEBUG: Executing route handler
DEBUG: html() called with 39 bytes
DEBUG: html() wrote 39 bytes, error: <nil>
DEBUG: Handler executed successfully
DEBUG: Executing route handler
DEBUG: html() called with 39 bytes
DEBUG: html() wrote 39 bytes, error: <nil>
DEBUG: Handler executed successfully
DEBUG: Executing route handler
DEBUG: html() called with 39 bytes
DEBUG: html() wrote 39 bytes, error: <nil>
DEBUG: Handler executed successfully
DEBUG: Executing route handler
DEBUG: html() called with 39 bytes
DEBUG: html() wrote 39 bytes, error: <nil>
DEBUG: Handler executed successfully
DEBUG: Executing route handler
DEBUG: html() called with 39 bytes
DEBUG: html() wrote 39 bytes, error: <nil>
DEBUG: Handler executed successfully
DEBUG: Executing route handler
DEBUG: html() called with 39 bytes
DEBUG: html() wrote 39 bytes, error: <nil>
DEBUG: Handler executed successfully
DEBUG: Executing route handler
DEBUG: html() called with 39 bytes
DEBUG: html() wrote 39 bytes, error: <nil>
DEBUG: Handler executed successfully
DEBUG: Executing route handler
DEBUG: html() called with 39 bytes
DEBUG: html() wrote 39 bytes, error: <nil>
DEBUG: Handler executed successfully
DEBUG: Executing route handler
DEBUG: html() called with 39 bytes
DEBUG: html() wrote 39 bytes, error: <nil>
DEBUG: Handler executed successfully
DEBUG: Executing route handler
DEBUG: html() called with 39 bytes
DEBUG: html() wrote 39 bytes, error: <nil>
DEBUG: Handler executed successfully
DEBUG: Executing route handler
DEBUG: html() called with 39 bytes
DEBUG: html() wrote 39 bytes, error: <nil>
DEBUG: Handler executed successfully
DEBUG: Executing route handler
DEBUG: html() called with 39 bytes
DEBUG: html() wrote 39 bytes, error: <nil>
DEBUG: Handler executed successfully
DEBUG: Executing route handler
DEBUG: html() called with 39 bytes
DEBUG: html() wrote 39 bytes, error: <nil>
DEBUG: Handler executed successfully
DEBUG: Executing route handler
DEBUG: html() called with 39 bytes
DEBUG: html() wrote 39 bytes, error: <nil>
DEBUG: Handler executed successfully
DEBUG: Executing route handler
DEBUG: html() called with 39 bytes
DEBUG: html() wrote 39 bytes, error: <nil>
DEBUG: Handler executed successfully
DEBUG: Executing route handler
DEBUG: html() called with 39 bytes
DEBUG: html() wrote 39 bytes, error: <nil>
DEBUG: Handler executed successfully
DEBUG: Executing route handler
DEBUG: html() called with 39 bytes
DEBUG: html() wrote 39 bytes, error: <nil>
DEBUG: Handler executed successfully
DEBUG: Executing route handler
DEBUG: html() called with 39 bytes
DEBUG: html() wrote 39 bytes, error: <nil>
DEBUG: Handler executed successfully
DEBUG: Executing route handler
DEBUG: html() called with 39 bytes
DEBUG: html() wrote 39 bytes, error: <nil>
DEBUG: Handler executed successfully
DEBUG: Executing route handler
DEBUG: html() called with 39 bytes
DEBUG: html() wrote 39 bytes, error: <nil>
DEBUG: Handler executed successfully
DEBUG: Executing route handler
DEBUG: html() called with 39 bytes
DEBUG: html() wrote 39 bytes, error: <nil>
DEBUG: Handler executed successfully
DEBUG: Executing route handler
DEBUG: html() called with 39 bytes
DEBUG: html() wrote 39 bytes, error: <nil>
DEBUG: Handler executed successfully
DEBUG: Executing route handler
DEBUG: html() called with 39 bytes
DEBUG: html() wrote 39 bytes, error: <nil>
DEBUG: Handler executed successfully
DEBUG: Executing route handler
DEBUG: html() called with 39 bytes
DEBUG: html() wrote 39 bytes, error: <nil>
DEBUG: Handler executed successfully
DEBUG: Executing route handler
DEBUG: html() called with 39 bytes
DEBUG: html() wrote 39 bytes, error: <nil>
DEBUG: Handler executed successfully
DEBUG: Executing route handler
DEBUG: html() called with 39 bytes
DEBUG: html() wrote 39 bytes, error: <nil>
DEBUG: Handler executed successfully
DEBUG: Executing route handler
DEBUG: html() called with 39 bytes
DEBUG: html() wrote 39 bytes, error: <nil>
DEBUG: Handler executed successfully
DEBUG: Executing route handler
DEBUG: html() called with 39 bytes
DEBUG: html() wrote 39 bytes, error: <nil>
DEBUG: Handler executed successfully
DEBUG: Executing route handler
DEBUG: html() called with 39 bytes
DEBUG: html() wrote 39 bytes, error: <nil>
DEBUG: Handler executed successfully
DEBUG: Executing route handler
DEBUG: html() called with 39 bytes
DEBUG: html() wrote 39 bytes, error: <nil>
DEBUG: Handler executed successfully
DEBUG: Executing route handler
DEBUG: html() called with 39 bytes
DEBUG: html() wrote 39 bytes, error: <nil>
DEBUG: Handler executed successfully
DEBUG: Executing route handler
DEBUG: html() called with 39 bytes
DEBUG: html() wrote 39 bytes, error: <nil>
DEBUG: Handler executed successfully
DEBUG: Executing route handler
DEBUG: html() called with 39 bytes
DEBUG: html() wrote 39 bytes, error: <nil>
DEBUG: Handler executed successfully
DEBUG: Executing route handler
DEBUG: html() called with 39 bytes
DEBUG: html() wrote 39 bytes, error: <nil>
DEBUG: Handler executed successfully
DEBUG: Executing route handler
DEBUG: html() called with 39 bytes
DEBUG: html() wrote 39 bytes, error: <nil>
DEBUG: Handler executed successfully
DEBUG: Executing route handler
DEBUG: html() called with 39 bytes
DEBUG: html() wrote 39 bytes, error: <nil>
DEBUG: Handler executed successfully
DEBUG: Executing route handler
DEBUG: html() called with 39 bytes
DEBUG: html() wrote 39 bytes, error: <nil>
DEBUG: Handler executed successfully
DEBUG: Executing route handler
DEBUG: html() called with 39 bytes
DEBUG: html() wrote 39 bytes, error: <nil>
DEBUG: Handler executed successfully
DEBUG: Executing route handler
DEBUG: html() called with 39 bytes
DEBUG: html() wrote 39 bytes, error: <nil>
DEBUG: Handler executed successfully
DEBUG: Executing route handler
DEBUG: html() called with 39 bytes
DEBUG: html() wrote 39 bytes, error: <nil>
DEBUG: Handler executed successfully
DEBUG: Executing route handler
DEBUG: html() called with 39 bytes
DEBUG: html() wrote 39 bytes, error: <nil>
DEBUG: Handler executed successfully
DEBUG: Executing route handler
DEBUG: html() called with 39 bytes
DEBUG: html() wrote 39 bytes, error: <nil>
DEBUG: Handler executed successfully
DEBUG: Executing route handler
DEBUG: html() called with 39 bytes
DEBUG: html() wrote 39 bytes, error: <nil>
DEBUG: Handler executed successfully
DEBUG: Executing route handler
DEBUG: html() called with 39 bytes
DEBUG: html() wrote 39 bytes, error: <nil>
DEBUG: Handler executed successfully
DEBUG: Executing route handler
DEBUG: html() called with 39 bytes
DEBUG: html() wrote 39 bytes, error: <nil>
DEBUG: Handler executed successfully
DEBUG: Executing route handler
DEBUG: html() called with 39 bytes
DEBUG: html() wrote 39 bytes, error: <nil>
DEBUG: Handler executed successfully
DEBUG: Executing route handler
DEBUG: html() called with 39 bytes
DEBUG: html() wrote 39 bytes, error: <nil>
DEBUG: Handler executed successfully
DEBUG: Executing route handler
DEBUG: html() called with 39 bytes
DEBUG: html() wrote 39 bytes, error: <nil>
DEBUG: Handler executed successfully
DEBUG: Executing route handler
DEBUG: html() called with 39 bytes
DEBUG: html() wrote 39 bytes, error: <nil>
DEBUG: Handler executed successfully
DEBUG: Executing route handler
DEBUG: html() called with 39 bytes
DEBUG: html() wrote 39 bytes, error: <nil>
DEBUG: Handler executed successfully
DEBUG: Executing route handler
DEBUG: html() called with 39 bytes
DEBUG: html() wrote 39 bytes, error: <nil>
DEBUG: Handler executed successfully
DEBUG: Executing route handler
DEBUG: html() called with 39 bytes
DEBUG: html() wrote 39 bytes, error: <nil>
DEBUG: Handler executed successfully
DEBUG: Executing route handler
DEBUG: html() called with 39 bytes
DEBUG: html() wrote 39 bytes, error: <nil>
DEBUG: Handler executed successfully
DEBUG: Executing route handler
DEBUG: html() called with 39 bytes
DEBUG: html() wrote 39 bytes, error: <nil>
DEBUG: Handler executed successfully
DEBUG: Executing route handler
DEBUG: html() called with 39 bytes
DEBUG: html() wrote 39 bytes, error: <nil>
DEBUG: Handler executed successfully
DEBUG: Executing route handler
DEBUG: html() called with 39 bytes
DEBUG: html() wrote 39 bytes, error: <nil>
DEBUG: Handler executed successfully
DEBUG: Executing route handler
DEBUG: html() called with 39 bytes
DEBUG: html() wrote 39 bytes, error: <nil>
DEBUG: Handler executed successfully
DEBUG: Executing route handler
DEBUG: html() called with 39 bytes
DEBUG: html() wrote 39 bytes, error: <nil>
DEBUG: Handler executed successfully
DEBUG: Executing route handler
DEBUG: html() called with 39 bytes
DEBUG: html() wrote 39 bytes, error: <nil>
DEBUG: Handler executed successfully
DEBUG: Executing route handler
DEBUG: html() called with 39 bytes
DEBUG: html() wrote 39 bytes, error: <nil>
DEBUG: Handler executed successfully
DEBUG: Executing route handler
DEBUG: html() called with 39 bytes
DEBUG: html() wrote 39 bytes, error: <nil>
DEBUG: Handler executed successfully
DEBUG: Executing route handler
DEBUG: html() called with 39 bytes
DEBUG: html() wrote 39 bytes, error: <nil>
DEBUG: Handler executed successfully
DEBUG: Executing route handler
DEBUG: html() called with 39 bytes
DEBUG: html() wrote 39 bytes, error: <nil>
DEBUG: Handler executed successfully
DEBUG: Executing route handler
DEBUG: html() called with 39 bytes
DEBUG: html() wrote 39 bytes, error: <nil>
DEBUG: Handler executed successfully
DEBUG: Executing route handler
DEBUG: html() called with 39 bytes
DEBUG: html() wrote 39 bytes, error: <nil>
DEBUG: Handler executed successfully
DEBUG: Executing route handler
DEBUG: html() called with 39 bytes
DEBUG: html() wrote 39 bytes, error: <nil>
DEBUG: Handler executed successfully
DEBUG: Executing route handler
DEBUG: html() called with 39 bytes
DEBUG: html() wrote 39 bytes, error: <nil>
DEBUG: Handler executed successfully
DEBUG: Executing route handler
DEBUG: html() called with 39 bytes
DEBUG: html() wrote 39 bytes, error: <nil>
DEBUG: Handler executed successfully
DEBUG: Executing route handler
DEBUG: html() called with 39 bytes
DEBUG: html() wrote 39 bytes, error: <nil>
DEBUG: Handler executed successfully
DEBUG: Executing route handler
DEBUG: html() called with 39 bytes
DEBUG: html() wrote 39 bytes, error: <nil>
DEBUG: Handler executed successfully
DEBUG: Executing route handler
DEBUG: html() called with 39 bytes
DEBUG: html() wrote 39 bytes, error: <nil>
DEBUG: Handler executed successfully
DEBUG: Executing route handler
DEBUG: html() called with 39 bytes
DEBUG: html() wrote 39 bytes, error: <nil>
DEBUG: Handler executed successfully
DEBUG: Executing route handler
DEBUG: html() called with 39 bytes
DEBUG: html() wrote 39 bytes, error: <nil>
DEBUG: Handler executed successfully
DEBUG: Executing route handler
DEBUG: html() called with 39 bytes
DEBUG: html() wrote 39 bytes, error: <nil>
DEBUG: Handler executed successfully
DEBUG: Executing route handler
DEBUG: html() called with 39 bytes
DEBUG: html() wrote 39 bytes, error: <nil>
DEBUG: Handler executed successfully
DEBUG: Executing route handler
DEBUG: html() called with 39 bytes
DEBUG: html() wrote 39 bytes, error: <nil>
DEBUG: Handler executed successfully
DEBUG: Executing route handler
DEBUG: html() called with 39 bytes
DEBUG: html() wrote 39 bytes, error: <nil>
DEBUG: Handler executed successfully
DEBUG: Executing route handler
DEBUG: html() called with 39 bytes
DEBUG: html() wrote 39 bytes, error: <nil>
DEBUG: Handler executed successfully
DEBUG: Executing route handler
DEBUG: html() called with 39 bytes
DEBUG: html() wrote 39 bytes, error: <nil>
DEBUG: Handler executed successfully
DEBUG: Executing route handler
DEBUG: html() called with 39 bytes
DEBUG: html() wrote 39 bytes, error: <nil>
DEBUG: Handler executed successfully
DEBUG: Executing route handler
DEBUG: html() called with 39 bytes
DEBUG: html() wrote 39 bytes, error: <nil>
DEBUG: Handler executed successfully
DEBUG: Executing route handler
DEBUG: html() called with 39 bytes
DEBUG: html() wrote 39 bytes, error: <nil>
DEBUG: Handler executed successfully
DEBUG: Executing route handler
DEBUG: html() called with 39 bytes
DEBUG: html() wrote 39 bytes, error: <nil>
DEBUG: Handler executed successfully
DEBUG: Executing route handler
DEBUG: html() called with 39 bytes
DEBUG: html() wrote 39 bytes, error: <nil>
DEBUG: Handler executed successfully
DEBUG: Executing route handler
DEBUG: html() called with 39 bytes
DEBUG: html() wrote 39 bytes, error: <nil>
DEBUG: Handler executed successfully
DEBUG: Executing route handler
DEBUG: html() called with 39 bytes
DEBUG: html() wrote 39 bytes, error: <nil>
DEBUG: Handler executed successfully
DEBUG: Executing route handler
DEBUG: html() called with 39 bytes
DEBUG: html() wrote 39 bytes, error: <nil>
DEBUG: Handler executed successfully
DEBUG: Executing route handler
DEBUG: html() called with 39 bytes
DEBUG: html() wrote 39 bytes, error: <nil>
DEBUG: Handler executed successfully
DEBUG: Executing route handler
DEBUG: html() called with 39 bytes
DEBUG: html() wrote 39 bytes, error: <nil>
DEBUG: Handler executed successfully
DEBUG: Executing route handler
DEBUG: html() called with 39 bytes
DEBUG: html() wrote 39 bytes, error: <nil>
DEBUG: Handler executed successfully
DEBUG: Executing route handler
DEBUG: html() called with 39 bytes
DEBUG: html() wrote 39 bytes, error: <nil>
DEBUG: Handler executed successfully
DEBUG: Executing route handler
DEBUG: html() called with 39 bytes
DEBUG: html() wrote 39 bytes, error: <nil>
DEBUG: Handler executed successfully
DEBUG: Executing route handler
DEBUG: html() called with 39 bytes
DEBUG: html() wrote 39 bytes, error: <nil>
DEBUG: Handler executed successfully
DEBUG: Executing route handler
DEBUG: html() called with 39 bytes
DEBUG: html() wrote 39 bytes, error: <nil>
DEBUG: Handler executed successfully
DEBUG: Executing route handler
DEBUG: html() called with 39 bytes
DEBUG: html() wrote 39 bytes, error: <nil>
DEBUG: Handler executed successfully
DEBUG: Executing route handler
DEBUG: html() called with 39 bytes
DEBUG: html() wrote 39 bytes, error: <nil>
DEBUG: Handler executed successfully
DEBUG: Executing route handler
DEBUG: html() called with 39 bytes
DEBUG: html() wrote 39 bytes, error: <nil>
DEBUG: Handler executed successfully
DEBUG: Executing route handler
DEBUG: html() called with 39 bytes
DEBUG: html() wrote 39 bytes, error: <nil>
DEBUG: Handler executed successfully
DEBUG: Executing route handler
DEBUG: html() called with 39 bytes
DEBUG: html() wrote 39 bytes, error: <nil>
DEBUG: Handler executed successfully
DEBUG: Executing route handler
DEBUG: html() called with 39 bytes
DEBUG: html() wrote 39 bytes, error: <nil>
DEBUG: Handler executed successfully
DEBUG: Executing route handler
DEBUG: html() called with 39 bytes
DEBUG: html() wrote 39 bytes, error: <nil>
DEBUG: Handler executed successfully
DEBUG: Executing route handler
DEBUG: html() called with 39 bytes
DEBUG: html() wrote 39 bytes, error: <nil>
DEBUG: Handler executed successfully
DEBUG: Executing route handler
DEBUG: html() called with 39 bytes
DEBUG: html() wrote 39 bytes, error: <nil>
DEBUG: Handler executed successfully
DEBUG: Executing route handler
DEBUG: html() called with 39 bytes
DEBUG: html() wrote 39 bytes, error: <nil>
DEBUG: Handler executed successfully
DEBUG: Executing route handler
DEBUG: html() called with 39 bytes
DEBUG: html() wrote 39 bytes, error: <nil>
DEBUG: Handler executed successfully
DEBUG: Executing route handler
DEBUG: html() called with 39 bytes
DEBUG: html() wrote 39 bytes, error: <nil>
DEBUG: Handler executed successfully
DEBUG: Executing route handler
DEBUG: html() called with 39 bytes
DEBUG: html() wrote 39 bytes, error: <nil>
DEBUG: Handler executed successfully
DEBUG: Executing route handler
DEBUG: html() called with 39 bytes
DEBUG: html() wrote 39 bytes, error: <nil>
DEBUG: Handler executed successfully
DEBUG: Executing route handler
DEBUG: html() called with 39 bytes
DEBUG: html() wrote 39 bytes, error: <nil>
DEBUG: Handler executed successfully
DEBUG: Executing route handler
DEBUG: html() called with 39 bytes
DEBUG: html() wrote 39 bytes, error: <nil>
DEBUG: Handler executed successfully
DEBUG: Executing route handler
DEBUG: html() called with 39 bytes
DEBUG: html() wrote 39 bytes, error: <nil>
DEBUG: Handler executed successfully
DEBUG: Executing route handler
DEBUG: html() called with 39 bytes
DEBUG: html() wrote 39 bytes, error: <nil>
DEBUG: Handler executed successfully
DEBUG: Executing route handler
DEBUG: html() called with 39 bytes
DEBUG: html() wrote 39 bytes, error: <nil>
DEBUG: Handler executed successfully
DEBUG: Executing route handler
DEBUG: html() called with 39 bytes
DEBUG: html() wrote 39 bytes, error: <nil>
DEBUG: Handler executed successfully
DEBUG: Executing route handler
DEBUG: html() called with 39 bytes
DEBUG: html() wrote 39 bytes, error: <nil>
DEBUG: Handler executed successfully
DEBUG: Executing route handler
DEBUG: html() called with 39 bytes
DEBUG: html() wrote 39 bytes, error: <nil>
DEBUG: Handler executed successfully
DEBUG: Executing route handler
DEBUG: html() called with 39 bytes
DEBUG: html() wrote 39 bytes, error: <nil>
DEBUG: Handler executed successfully
DEBUG: Executing route handler
DEBUG: html() called with 39 bytes
DEBUG: html() wrote 39 bytes, error: <nil>
DEBUG: Handler executed successfully
DEBUG: Executing route handler
DEBUG: html() called with 39 bytes
DEBUG: html() wrote 39 bytes, error: <nil>
DEBUG: Handler executed successfully
DEBUG: Executing route handler
DEBUG: html() called with 39 bytes
DEBUG: html() wrote 39 bytes, error: <nil>
DEBUG: Handler executed successfully
DEBUG: Executing route handler
DEBUG: html() called with 39 bytes
DEBUG: html() wrote 39 bytes, error: <nil>
DEBUG: Handler executed successfully
DEBUG: Executing route handler
DEBUG: html() called with 39 bytes
DEBUG: html() wrote 39 bytes, error: <nil>
DEBUG: Handler executed successfully
DEBUG: Executing route handler
DEBUG: html() called with 39 bytes
DEBUG: html() wrote 39 bytes, error: <nil>
DEBUG: Handler executed successfully
DEBUG: Executing route handler
DEBUG: html() called with 39 bytes
DEBUG: html() wrote 39 bytes, error: <nil>
DEBUG: Handler executed successfully
DEBUG: Executing route handler
DEBUG: html() called with 39 bytes
DEBUG: html() wrote 39 bytes, error: <nil>
DEBUG: Handler executed successfully
DEBUG: Executing route handler
DEBUG: html() called with 39 bytes
DEBUG: html() wrote 39 bytes, error: <nil>
DEBUG: Handler executed successfully
DEBUG: Executing route handler
DEBUG: html() called with 39 bytes
DEBUG: html() wrote 39 bytes, error: <nil>
DEBUG: Handler executed successfully
DEBUG: Executing route handler
DEBUG: html() called with 39 bytes
DEBUG: html() wrote 39 bytes, error: <nil>
DEBUG: Handler executed successfully
DEBUG: Executing route handler
DEBUG: html() called with 39 bytes
DEBUG: html() wrote 39 bytes, error: <nil>
DEBUG: Handler executed successfully
DEBUG: Executing route handler
DEBUG: html() called with 39 bytes
DEBUG: html() wrote 39 bytes, error: <nil>
DEBUG: Handler executed successfully
DEBUG: Executing route handler
DEBUG: html() called with 39 bytes
DEBUG: html() wrote 39 bytes, error: <nil>
DEBUG: Handler executed successfully
DEBUG: Executing route handler
DEBUG: html() called with 39 bytes
DEBUG: html() wrote 39 bytes, error: <nil>
DEBUG: Handler executed successfully
DEBUG: Executing route handler
DEBUG: html() called with 39 bytes
DEBUG: html() wrote 39 bytes, error: <nil>
DEBUG: Handler executed successfully
DEBUG: Executing route handler
DEBUG: html() called with 39 bytes
DEBUG: html() wrote 39 bytes, error: <nil>
DEBUG: Handler executed successfully
DEBUG: Executing route handler
DEBUG: html() called with 39 bytes
DEBUG: html() wrote 39 bytes, error: <nil>
DEBUG: Handler executed successfully
DEBUG: Executing route handler
DEBUG: html() called with 39 bytes
DEBUG: html() wrote 39 bytes, error: <nil>
DEBUG: Handler executed successfully
DEBUG: Executing route handler
DEBUG: html() called with 39 bytes
DEBUG: html() wrote 39 bytes, error: <nil>
DEBUG: Handler executed successfully
DEBUG: Executing route handler
DEBUG: html() called with 39 bytes
DEBUG: html() wrote 39 bytes, error: <nil>
DEBUG: Handler executed successfully
DEBUG: Executing route handler
DEBUG: html() called with 39 bytes
DEBUG: html() wrote 39 bytes, error: <nil>
DEBUG: Handler executed successfully
DEBUG: Executing route handler
DEBUG: html() called with 39 bytes
DEBUG: html() wrote 39 bytes, error: <nil>
DEBUG: Handler executed successfully
DEBUG: Executing route handler
DEBUG: html() called with 39 bytes
DEBUG: html() wrote 39 bytes, error: <nil>
DEBUG: Handler executed successfully
DEBUG: Executing route handler
DEBUG: html() called with 39 bytes
DEBUG: html() wrote 39 bytes, error: <nil>
DEBUG: Handler executed successfully
DEBUG: Executing route handler
DEBUG: html() called with 39 bytes
DEBUG: html() wrote 39 bytes, error: <nil>
DEBUG: Handler executed successfully
DEBUG: Executing route handler
DEBUG: html() called with 39 bytes
DEBUG: html() wrote 39 bytes, error: <nil>
DEBUG: Handler executed successfully
DEBUG: Executing route handler
DEBUG: html() called with 39 bytes
DEBUG: html() wrote 39 bytes, error: <nil>
DEBUG: Handler executed successfully
DEBUG: Executing route handler
DEBUG: html() called with 39 bytes
DEBUG: html() wrote 39 bytes, error: <nil>
DEBUG: Handler executed successfully
DEBUG: Executing route handler
DEBUG: html() called with 39 bytes
DEBUG: html() wrote 39 bytes, error: <nil>
DEBUG: Handler executed successfully
DEBUG: Executing route handler
DEBUG: html() called with 39 bytes
DEBUG: html() wrote 39 bytes, error: <nil>
DEBUG: Handler executed successfully
DEBUG: Executing route handler
DEBUG: html() called with 39 bytes
DEBUG: html() wrote 39 bytes, error: <nil>
DEBUG: Handler executed successfully
DEBUG: Executing route handler
DEBUG: html() called with 39 bytes
DEBUG: html() wrote 39 bytes, error: <nil>
DEBUG: Handler executed successfully
DEBUG: Executing route handler
DEBUG: html() called with 39 bytes
DEBUG: html() wrote 39 bytes, error: <nil>
DEBUG: Handler executed successfully
DEBUG: Executing route handler
DEBUG: html() called with 39 bytes
DEBUG: html() wrote 39 bytes, error: <nil>
DEBUG: Handler executed successfully
DEBUG: Executing route handler
DEBUG: html() called with 39 bytes
DEBUG: html() wrote 39 bytes, error: <nil>
DEBUG: Handler executed successfully
DEBUG: Executing route handler
DEBUG: html() called with 39 bytes
DEBUG: html() wrote 39 bytes, error: <nil>
DEBUG: Handler executed successfully
DEBUG: Executing route handler
DEBUG: html() called with 39 bytes
DEBUG: html() wrote 39 bytes, error: <nil>
DEBUG: Handler executed successfully
DEBUG: Executing route handler
DEBUG: html() called with 39 bytes
DEBUG: html() wrote 39 bytes, error: <nil>
DEBUG: Handler executed successfully
DEBUG: Executing route handler
DEBUG: html() called with 39 bytes
DEBUG: html() wrote 39 bytes, error: <nil>
DEBUG: Handler executed successfully
DEBUG: Executing route handler
DEBUG: html() called with 39 bytes
DEBUG: html() wrote 39 bytes, error: <nil>
DEBUG: Handler executed successfully
DEBUG: Executing route handler
DEBUG: html() called with 39 bytes
DEBUG: html() wrote 39 bytes, error: <nil>
DEBUG: Handler executed successfully
DEBUG: Executing route handler
DEBUG: html() called with 39 bytes
DEBUG: html() wrote 39 bytes, error: <nil>
DEBUG: Handler executed successfully
DEBUG: Executing route handler
DEBUG: html() called with 39 bytes
DEBUG: html() wrote 39 bytes, error: <nil>
DEBUG: Handler executed successfully
DEBUG: Executing route handler
DEBUG: html() called with 39 bytes
DEBUG: html() wrote 39 bytes, error: <nil>
DEBUG: Handler executed successfully
DEBUG: Executing route handler
DEBUG: html() called with 39 bytes
DEBUG: html() wrote 39 bytes, error: <nil>
DEBUG: Handler executed successfully
DEBUG: Executing route handler
DEBUG: html() called with 39 bytes
DEBUG: html() wrote 39 bytes, error: <nil>
DEBUG: Handler executed successfully
DEBUG: Executing route handler
DEBUG: html() called with 39 bytes
DEBUG: html() wrote 39 bytes, error: <nil>
DEBUG: Handler executed successfully
DEBUG: Executing route handler
DEBUG: html() called with 39 bytes
DEBUG: html() wrote 39 bytes, error: <nil>
DEBUG: Handler executed successfully
DEBUG: Executing route handler
DEBUG: html() called with 39 bytes
DEBUG: html() wrote 39 bytes, error: <nil>
DEBUG: Handler executed successfully
DEBUG: Executing route handler
DEBUG: html() called with 39 bytes
DEBUG: html() wrote 39 bytes, error: <nil>
DEBUG: Handler executed successfully
DEBUG: Executing route handler
DEBUG: html() called with 39 bytes
DEBUG: html() wrote 39 bytes, error: <nil>
DEBUG: Handler executed successfully
DEBUG: Executing route handler
DEBUG: html() called with 39 bytes
DEBUG: html() wrote 39 bytes, error: <nil>
DEBUG: Handler executed successfully
DEBUG: Executing route handler
DEBUG: html() called with 39 bytes
DEBUG: html() wrote 39 bytes, error: <nil>
DEBUG: Handler executed successfully
DEBUG: Executing route handler
DEBUG: html() called with 39 bytes
DEBUG: html() wrote 39 bytes, error: <nil>
DEBUG: Handler executed successfully
DEBUG: Executing route handler
DEBUG: html() called with 39 bytes
DEBUG: html() wrote 39 bytes, error: <nil>
DEBUG: Handler executed successfully
DEBUG: Executing route handler
DEBUG: html() called with 39 bytes
DEBUG: html() wrote 39 bytes, error: <nil>
DEBUG: Handler executed successfully
DEBUG: Executing route handler
DEBUG: html() called with 39 bytes
DEBUG: html() wrote 39 bytes, error: <nil>
DEBUG: Handler executed successfully
DEBUG: Executing route handler
DEBUG: html() called with 39 bytes
DEBUG: html() wrote 39 bytes, error: <nil>
DEBUG: Handler executed successfully
DEBUG: Executing route handler
DEBUG: html() called with 39 bytes
DEBUG: html() wrote 39 bytes, error: <nil>
DEBUG: Handler executed successfully
DEBUG: Executing route handler
DEBUG: html() called with 39 bytes
DEBUG: html() wrote 39 bytes, error: <nil>
DEBUG: Handler executed successfully
DEBUG: Executing route handler
DEBUG: html() called with 39 bytes
DEBUG: html() wrote 39 bytes, error: <nil>
DEBUG: Handler executed successfully
DEBUG: Executing route handler
DEBUG: html() called with 39 bytes
DEBUG: html() wrote 39 bytes, error: <nil>
DEBUG: Handler executed successfully
DEBUG: Executing route handler
DEBUG: html() called with 39 bytes
DEBUG: html() wrote 39 bytes, error: <nil>
DEBUG: Handler executed successfully
DEBUG: Executing route handler
DEBUG: html() called with 39 bytes
DEBUG: html() wrote 39 bytes, error: <nil>
DEBUG: Handler executed successfully
DEBUG: Executing route handler
DEBUG: html() called with 39 bytes
DEBUG: html() wrote 39 bytes, error: <nil>
DEBUG: Handler executed successfully
DEBUG: Executing route handler
DEBUG: html() called with 39 bytes
DEBUG: html() wrote 39 bytes, error: <nil>
DEBUG: Handler executed successfully
DEBUG: Executing route handler
DEBUG: html() called with 39 bytes
DEBUG: html() wrote 39 bytes, error: <nil>
DEBUG: Handler executed successfully
DEBUG: Executing route handler
DEBUG: html() called with 39 bytes
DEBUG: html() wrote 39 bytes, error: <nil>
DEBUG: Handler executed successfully
DEBUG: Executing route handler
DEBUG: html() called with 39 bytes
DEBUG: html() wrote 39 bytes, error: <nil>
DEBUG: Handler executed successfully
DEBUG: Executing route handler
DEBUG: html() called with 39 bytes
DEBUG: html() wrote 39 bytes, error: <nil>
DEBUG: Handler executed successfully
DEBUG: Executing route handler
DEBUG: html() called with 39 bytes
DEBUG: html() wrote 39 bytes, error: <nil>
DEBUG: Handler executed successfully
DEBUG: Executing route handler
DEBUG: html() called with 39 bytes
DEBUG: html() wrote 39 bytes, error: <nil>
DEBUG: Handler executed successfully
DEBUG: Executing route handler
DEBUG: html() called with 39 bytes
DEBUG: html() wrote 39 bytes, error: <nil>
DEBUG: Handler executed successfully
DEBUG: Executing route handler
DEBUG: html() called with 39 bytes
DEBUG: html() wrote 39 bytes, error: <nil>
DEBUG: Handler executed successfully
DEBUG: Executing route handler
DEBUG: html() called with 39 bytes
DEBUG: html() wrote 39 bytes, error: <nil>
DEBUG: Handler executed successfully
DEBUG: Executing route handler
DEBUG: html() called with 39 bytes
DEBUG: html() wrote 39 bytes, error: <nil>
DEBUG: Handler executed successfully
DEBUG: Executing route handler
DEBUG: html() called with 39 bytes
DEBUG: html() wrote 39 bytes, error: <nil>
DEBUG: Handler executed successfully
DEBUG: Executing route handler
DEBUG: html() called with 39 bytes
DEBUG: html() wrote 39 bytes, error: <nil>
DEBUG: Handler executed successfully
DEBUG: Executing route handler
DEBUG: html() called with 39 bytes
DEBUG: html() wrote 39 bytes, error: <nil>
DEBUG: Handler executed successfully
DEBUG: Executing route handler
DEBUG: html() called with 39 bytes
DEBUG: html() wrote 39 bytes, error: <nil>
DEBUG: Handler executed successfully
DEBUG: Executing route handler
DEBUG: html() called with 39 bytes
DEBUG: html() wrote 39 bytes, error: <nil>
DEBUG: Handler executed successfully
DEBUG: Executing route handler
DEBUG: html() called with 39 bytes
DEBUG: html() wrote 39 bytes, error: <nil>
DEBUG: Handler executed successfully
DEBUG: Executing route handler
DEBUG: html() called with 39 bytes
DEBUG: html() wrote 39 bytes, error: <nil>
DEBUG: Handler executed successfully
DEBUG: Executing route handler
DEBUG: html() called with 39 bytes
DEBUG: html() wrote 39 bytes, error: <nil>
DEBUG: Handler executed successfully
DEBUG: Executing route handler
DEBUG: html() called with 39 bytes
DEBUG: html() wrote 39 bytes, error: <nil>
DEBUG: Handler executed successfully
DEBUG: Executing route handler
DEBUG: html() called with 39 bytes
DEBUG: html() wrote 39 bytes, error: <nil>
DEBUG: Handler executed successfully
DEBUG: Executing route handler
DEBUG: html() called with 39 bytes
DEBUG: html() wrote 39 bytes, error: <nil>
DEBUG: Handler executed successfully
DEBUG: Executing route handler
DEBUG: html() called with 39 bytes
DEBUG: html() wrote 39 bytes, error: <nil>
DEBUG: Handler executed successfully
DEBUG: Executing route handler
DEBUG: html() called with 39 bytes
DEBUG: html() wrote 39 bytes, error: <nil>
DEBUG: Handler executed successfully
DEBUG: Executing route handler
DEBUG: html() called with 39 bytes
DEBUG: html() wrote 39 bytes, error: <nil>
DEBUG: Handler executed successfully
DEBUG: Executing route handler
DEBUG: html() called with 39 bytes
DEBUG: html() wrote 39 bytes, error: <nil>
DEBUG: Handler executed successfully
DEBUG: Executing route handler
DEBUG: html() called with 39 bytes
DEBUG: html() wrote 39 bytes, error: <nil>
DEBUG: Handler executed successfully
DEBUG: Executing route handler
DEBUG: html() called with 39 bytes
DEBUG: html() wrote 39 bytes, error: <nil>
DEBUG: Handler executed successfully
DEBUG: Executing route handler
DEBUG: html() called with 39 bytes
DEBUG: html() wrote 39 bytes, error: <nil>
DEBUG: Handler executed successfully
DEBUG: Executing route handler
DEBUG: html() called with 39 bytes
DEBUG: html() wrote 39 bytes, error: <nil>
DEBUG: Handler executed successfully
DEBUG: Executing route handler
DEBUG: html() called with 39 bytes
DEBUG: html() wrote 39 bytes, error: <nil>
DEBUG: Handler executed successfully
DEBUG: Executing route handler
DEBUG: html() called with 39 bytes
DEBUG: html() wrote 39 bytes, error: <nil>
DEBUG: Handler executed successfully
DEBUG: Executing route handler
DEBUG: html() called with 39 bytes
DEBUG: html() wrote 39 bytes, error: <nil>
DEBUG: Handler executed successfully
DEBUG: Executing route handler
DEBUG: html() called with 39 bytes
DEBUG: html() wrote 39 bytes, error: <nil>
DEBUG: Handler executed successfully
DEBUG: Executing route handler
DEBUG: html() called with 39 bytes
DEBUG: html() wrote 39 bytes, error: <nil>
DEBUG: Handler executed successfully
DEBUG: Executing route handler
DEBUG: html() called with 39 bytes
DEBUG: html() wrote 39 bytes, error: <nil>
DEBUG: Handler executed successfully
DEBUG: Executing route handler
DEBUG: html() called with 39 bytes
DEBUG: html() wrote 39 bytes, error: <nil>
DEBUG: Handler executed successfully
DEBUG: Executing route handler
DEBUG: html() called with 39 bytes
DEBUG: html() wrote 39 bytes, error: <nil>
DEBUG: Handler executed successfully
DEBUG: Executing route handler
DEBUG: html() called with 39 bytes
DEBUG: html() wrote 39 bytes, error: <nil>
DEBUG: Handler executed successfully
DEBUG: Executing route handler
DEBUG: html() called with 39 bytes
DEBUG: html() wrote 39 bytes, error: <nil>
DEBUG: Handler executed successfully
DEBUG: Executing route handler
DEBUG: html() called with 39 bytes
DEBUG: html() wrote 39 bytes, error: <nil>
DEBUG: Handler executed successfully
DEBUG: Executing route handler
DEBUG: html() called with 39 bytes
DEBUG: html() wrote 39 bytes, error: <nil>
DEBUG: Handler executed successfully
DEBUG: Executing route handler
DEBUG: html() called with 39 bytes
DEBUG: html() wrote 39 bytes, error: <nil>
DEBUG: Handler executed successfully
DEBUG: Executing route handler
DEBUG: html() called with 39 bytes
DEBUG: html() wrote 39 bytes, error: <nil>
DEBUG: Handler executed successfully
DEBUG: Executing route handler
DEBUG: html() called with 39 bytes
DEBUG: html() wrote 39 bytes, error: <nil>
DEBUG: Handler executed successfully
DEBUG: Executing route handler
DEBUG: html() called with 39 bytes
DEBUG: html() wrote 39 bytes, error: <nil>
DEBUG: Handler executed successfully
DEBUG: Executing route handler
DEBUG: html() called with 39 bytes
DEBUG: html() wrote 39 bytes, error: <nil>
DEBUG: Handler executed successfully
DEBUG: Executing route handler
DEBUG: html() called with 39 bytes
DEBUG: html() wrote 39 bytes, error: <nil>
DEBUG: Handler executed successfully
DEBUG: Executing route handler
DEBUG: html() called with 39 bytes
DEBUG: html() wrote 39 bytes, error: <nil>
DEBUG: Handler executed successfully
DEBUG: Executing route handler
DEBUG: html() called with 39 bytes
DEBUG: html() wrote 39 bytes, error: <nil>
DEBUG: Handler executed successfully
DEBUG: Executing route handler
DEBUG: html() called with 39 bytes
DEBUG: html() wrote 39 bytes, error: <nil>
DEBUG: Handler executed successfully
DEBUG: Executing route handler
DEBUG: html() called with 39 bytes
DEBUG: html() wrote 39 bytes, error: <nil>
DEBUG: Handler executed successfully
DEBUG: Executing route handler
DEBUG: html() called with 39 bytes
DEBUG: html() wrote 39 bytes, error: <nil>
DEBUG: Handler executed successfully
DEBUG: Executing route handler
DEBUG: html() called with 39 bytes
DEBUG: html() wrote 39 bytes, error: <nil>
DEBUG: Handler executed successfully
DEBUG: Executing route handler
DEBUG: html() called with 39 bytes
DEBUG: html() wrote 39 bytes, error: <nil>
DEBUG: Handler executed successfully
DEBUG: Executing route handler
DEBUG: html() called with 39 bytes
DEBUG: html() wrote 39 bytes, error: <nil>
DEBUG: Handler executed successfully
DEBUG: Executing route handler
DEBUG: html() called with 39 bytes
DEBUG: html() wrote 39 bytes, error: <nil>
DEBUG: Handler executed successfully
DEBUG: Executing route handler
DEBUG: html() called with 39 bytes
DEBUG: html() wrote 39 bytes, error: <nil>
DEBUG: Handler executed successfully
DEBUG: Executing route handler
DEBUG: html() called with 39 bytes
DEBUG: html() wrote 39 bytes, error: <nil>
DEBUG: Handler executed successfully
DEBUG: Executing route handler
DEBUG: html() called with 39 bytes
DEBUG: html() wrote 39 bytes, error: <nil>
DEBUG: Handler executed successfully
DEBUG: Executing route handler
DEBUG: html() called with 39 bytes
DEBUG: html() wrote 39 bytes, error: <nil>
DEBUG: Handler executed successfully
DEBUG: Executing route handler
DEBUG: html() called with 39 bytes
DEBUG: html() wrote 39 bytes, error: <nil>
DEBUG: Handler executed successfully
DEBUG: Executing route handler
DEBUG: html() called with 39 bytes
DEBUG: html() wrote 39 bytes, error: <nil>
DEBUG: Handler executed successfully
DEBUG: Executing route handler
DEBUG: html() called with 39 bytes
DEBUG: html() wrote 39 bytes, error: <nil>
DEBUG: Handler executed successfully
DEBUG: Executing route handler
DEBUG: html() called with 39 bytes
DEBUG: html() wrote 39 bytes, error: <nil>
DEBUG: Handler executed successfully
DEBUG: Executing route handler
DEBUG: html() called with 39 bytes
DEBUG: html() wrote 39 bytes, error: <nil>
DEBUG: Handler executed successfully
DEBUG: Executing route handler
DEBUG: html() called with 39 bytes
DEBUG: html() wrote 39 bytes, error: <nil>
DEBUG: Handler executed successfully
DEBUG: Executing route handler
DEBUG: html() called with 39 bytes
DEBUG: html() wrote 39 bytes, error: <nil>
DEBUG: Handler executed successfully
DEBUG: Executing route handler
DEBUG: html() called with 39 bytes
DEBUG: html() wrote 39 bytes, error: <nil>
DEBUG: Handler executed successfully
DEBUG: Executing route handler
DEBUG: html() called with 39 bytes
DEBUG: html() wrote 39 bytes, error: <nil>
DEBUG: Handler executed successfully
DEBUG: Executing route handler
DEBUG: html() called with 39 bytes
DEBUG: html() wrote 39 bytes, error: <nil>
DEBUG: Handler executed successfully
DEBUG: Executing route handler
DEBUG: html() called with 39 bytes
DEBUG: html() wrote 39 bytes, error: <nil>
DEBUG: Handler executed successfully
DEBUG: Executing route handler
DEBUG: html() called with 39 bytes
DEBUG: html() wrote 39 bytes, error: <nil>
DEBUG: Handler executed successfully
DEBUG: Executing route handler
DEBUG: html() called with 39 bytes
DEBUG: html() wrote 39 bytes, error: <nil>
DEBUG: Handler executed successfully
DEBUG: Executing route handler
DEBUG: html() called with 39 bytes
DEBUG: html() wrote 39 bytes, error: <nil>
DEBUG: Handler executed successfully
DEBUG: Executing route handler
DEBUG: html() called with 39 bytes
DEBUG: html() wrote 39 bytes, error: <nil>
DEBUG: Handler executed successfully
DEBUG: Executing route handler
DEBUG: html() called with 39 bytes
DEBUG: html() wrote 39 bytes, error: <nil>
DEBUG: Handler executed successfully
DEBUG: Executing route handler
DEBUG: html() called with 39 bytes
DEBUG: html() wrote 39 bytes, error: <nil>
DEBUG: Handler executed successfully
DEBUG: Executing route handler
DEBUG: html() called with 39 bytes
DEBUG: html() wrote 39 bytes, error: <nil>
DEBUG: Handler executed successfully
DEBUG: Executing route handler
DEBUG: html() called with 39 bytes
DEBUG: html() wrote 39 bytes, error: <nil>
DEBUG: Handler executed successfully
DEBUG: Executing route handler
DEBUG: html() called with 39 bytes
DEBUG: html() wrote 39 bytes, error: <nil>
DEBUG: Handler executed successfully
DEBUG: Executing route handler
DEBUG: html() called with 39 bytes
DEBUG: html() wrote 39 bytes, error: <nil>
DEBUG: Handler executed successfully
DEBUG: Executing route handler
DEBUG: html() called with 39 bytes
DEBUG: html() wrote 39 bytes, error: <nil>
DEBUG: Handler executed successfully
DEBUG: Executing route handler
DEBUG: html() called with 39 bytes
DEBUG: html() wrote 39 bytes, error: <nil>
DEBUG: Handler executed successfully
DEBUG: Executing route handler
DEBUG: html() called with 39 bytes
DEBUG: html() wrote 39 bytes, error: <nil>
DEBUG: Handler executed successfully
DEBUG: Executing route handler
DEBUG: html() called with 39 bytes
DEBUG: html() wrote 39 bytes, error: <nil>
DEBUG: Handler executed successfully
DEBUG: Executing route handler
DEBUG: html() called with 39 bytes
DEBUG: html() wrote 39 bytes, error: <nil>
DEBUG: Handler executed successfully
DEBUG: Executing route handler
DEBUG: html() called with 39 bytes
DEBUG: html() wrote 39 bytes, error: <nil>
DEBUG: Handler executed successfully
DEBUG: Executing route handler
DEBUG: html() called with 39 bytes
DEBUG: html() wrote 39 bytes, error: <nil>
DEBUG: Handler executed successfully
DEBUG: Executing route handler
DEBUG: html() called with 39 bytes
DEBUG: html() wrote 39 bytes, error: <nil>
DEBUG: Handler executed successfully
DEBUG: Executing route handler
DEBUG: html() called with 39 bytes
DEBUG: html() wrote 39 bytes, error: <nil>
DEBUG: Handler executed successfully
DEBUG: Executing route handler
DEBUG: html() called with 39 bytes
DEBUG: html() wrote 39 bytes, error: <nil>
DEBUG: Handler executed successfully
DEBUG: Executing route handler
DEBUG: html() called with 39 bytes
DEBUG: html() wrote 39 bytes, error: <nil>
DEBUG: Handler executed successfully
DEBUG: Executing route handler
DEBUG: html() called with 39 bytes
DEBUG: html() wrote 39 bytes, error: <nil>
DEBUG: Handler executed successfully
DEBUG: Executing route handler
DEBUG: html() called with 39 bytes
DEBUG: html() wrote 39 bytes, error: <nil>
DEBUG: Handler executed successfully
DEBUG: Executing route handler
DEBUG: html() called with 39 bytes
DEBUG: html() wrote 39 bytes, error: <nil>
DEBUG: Handler executed successfully
DEBUG: Executing route handler
DEBUG: html() called with 39 bytes
DEBUG: html() wrote 39 bytes, error: <nil>
DEBUG: Handler executed successfully
DEBUG: Executing route handler
DEBUG: html() called with 39 bytes
DEBUG: html() wrote 39 bytes, error: <nil>
DEBUG: Handler executed successfully
DEBUG: Executing route handler
DEBUG: html() called with 39 bytes
DEBUG: html() wrote 39 bytes, error: <nil>
DEBUG: Handler executed successfully
DEBUG: Executing route handler
DEBUG: html() called with 39 bytes
DEBUG: html() wrote 39 bytes, error: <nil>
DEBUG: Handler executed successfully
DEBUG: Executing route handler
DEBUG: html() called with 39 bytes
DEBUG: html() wrote 39 bytes, error: <nil>
DEBUG: Handler executed successfully
DEBUG: Executing route handler
DEBUG: html() called with 39 bytes
DEBUG: html() wrote 39 bytes, error: <nil>
DEBUG: Handler executed successfully
DEBUG: Executing route handler
DEBUG: html() called with 39 bytes
DEBUG: html() wrote 39 bytes, error: <nil>
DEBUG: Handler executed successfully
DEBUG: Executing route handler
DEBUG: html() called with 39 bytes
DEBUG: html() wrote 39 bytes, error: <nil>
DEBUG: Handler executed successfully
DEBUG: Executing route handler
DEBUG: html() called with 39 bytes
DEBUG: html() wrote 39 bytes, error: <nil>
DEBUG: Handler executed successfully
DEBUG: Executing route handler
DEBUG: html() called with 39 bytes
DEBUG: html() wrote 39 bytes, error: <nil>
DEBUG: Handler executed successfully
DEBUG: Executing route handler
DEBUG: html() called with 39 bytes
DEBUG: html() wrote 39 bytes, error: <nil>
DEBUG: Handler executed successfully
DEBUG: Executing route handler
DEBUG: html() called with 39 bytes
DEBUG: html() wrote 39 bytes, error: <nil>
DEBUG: Handler executed successfully
DEBUG: Executing route handler
DEBUG: html() called with 39 bytes
DEBUG: html() wrote 39 bytes, error: <nil>
DEBUG: Handler executed successfully
DEBUG: Executing route handler
DEBUG: html() called with 39 bytes
DEBUG: html() wrote 39 bytes, error: <nil>
DEBUG: Handler executed successfully
DEBUG: Executing route handler
DEBUG: html() called with 39 bytes
DEBUG: html() wrote 39 bytes, error: <nil>
DEBUG: Handler executed successfully
DEBUG: Executing route handler
DEBUG: html() called with 39 bytes
DEBUG: html() wrote 39 bytes, error: <nil>
DEBUG: Handler executed successfully
DEBUG: Executing route handler
DEBUG: html() called with 39 bytes
DEBUG: html() wrote 39 bytes, error: <nil>
DEBUG: Handler executed successfully
DEBUG: Executing route handler
DEBUG: html() called with 39 bytes
DEBUG: html() wrote 39 bytes, error: <nil>
DEBUG: Handler executed successfully
DEBUG: Executing route handler
DEBUG: html() called with 39 bytes
DEBUG: html() wrote 39 bytes, error: <nil>
DEBUG: Handler executed successfully
DEBUG: Executing route handler
DEBUG: html() called with 39 bytes
DEBUG: html() wrote 39 bytes, error: <nil>
DEBUG: Handler executed successfully
DEBUG: Executing route handler
DEBUG: html() called with 39 bytes
DEBUG: html() wrote 39 bytes, error: <nil>
DEBUG: Handler executed successfully
DEBUG: Executing route handler
DEBUG: html() called with 39 bytes
DEBUG: html() wrote 39 bytes, error: <nil>
DEBUG: Handler executed successfully
DEBUG: Executing route handler
DEBUG: html() called with 39 bytes
DEBUG: html() wrote 39 bytes, error: <nil>
DEBUG: Handler executed successfully
DEBUG: Executing route handler
DEBUG: html() called with 39 bytes
DEBUG: html() wrote 39 bytes, error: <nil>
DEBUG: Handler executed successfully
DEBUG: Executing route handler
DEBUG: html() called with 39 bytes
DEBUG: html() wrote 39 bytes, error: <nil>
DEBUG: Handler executed successfully
DEBUG: Executing route handler
DEBUG: html() called with 39 bytes
DEBUG: html() wrote 39 bytes, error: <nil>
DEBUG: Handler executed successfully
DEBUG: Executing route handler
DEBUG: html() called with 39 bytes
DEBUG: html() wrote 39 bytes, error: <nil>
DEBUG: Handler executed successfully
DEBUG: Executing route handler
DEBUG: html() called with 39 bytes
DEBUG: html() wrote 39 bytes, error: <nil>
DEBUG: Handler executed successfully
DEBUG: Executing route handler
DEBUG: html() called with 39 bytes
DEBUG: html() wrote 39 bytes, error: <nil>
DEBUG: Handler executed successfully
DEBUG: Executing route handler
DEBUG: html() called with 39 bytes
DEBUG: html() wrote 39 bytes, error: <nil>
DEBUG: Handler executed successfully
DEBUG: Executing route handler
DEBUG: html() called with 39 bytes
DEBUG: html() wrote 39 bytes, error: <nil>
DEBUG: Handler executed successfully
DEBUG: Executing route handler
DEBUG: html() called with 39 bytes
DEBUG: html() wrote 39 bytes, error: <nil>
DEBUG: Handler executed successfully
DEBUG: Executing route handler
DEBUG: html() called with 39 bytes
DEBUG: html() wrote 39 bytes, error: <nil>
DEBUG: Handler executed successfully
DEBUG: Executing route handler
DEBUG: html() called with 39 bytes
DEBUG: html() wrote 39 bytes, error: <nil>
DEBUG: Handler executed successfully
DEBUG: Executing route handler
DEBUG: html() called with 39 bytes
DEBUG: html() wrote 39 bytes, error: <nil>
DEBUG: Handler executed successfully
DEBUG: Executing route handler
DEBUG: html() called with 39 bytes
DEBUG: html() wrote 39 bytes, error: <nil>
DEBUG: Handler executed successfully
DEBUG: Executing route handler
DEBUG: html() called with 39 bytes
DEBUG: html() wrote 39 bytes, error: <nil>
DEBUG: Handler executed successfully
DEBUG: Executing route handler
DEBUG: html() called with 39 bytes
DEBUG: html() wrote 39 bytes, error: <nil>
DEBUG: Handler executed successfully
DEBUG: Executing route handler
DEBUG: html() called with 39 bytes
DEBUG: html() wrote 39 bytes, error: <nil>
DEBUG: Handler executed successfully
DEBUG: Executing route handler
DEBUG: html() called with 39 bytes
DEBUG: html() wrote 39 bytes, error: <nil>
DEBUG: Handler executed successfully
DEBUG: Executing route handler
DEBUG: html() called with 39 bytes
DEBUG: html() wrote 39 bytes, error: <nil>
DEBUG: Handler executed successfully
DEBUG: Executing route handler
DEBUG: html() called with 39 bytes
DEBUG: html() wrote 39 bytes, error: <nil>
DEBUG: Handler executed successfully
DEBUG: Executing route handler
DEBUG: html() called with 39 bytes
DEBUG: html() wrote 39 bytes, error: <nil>
DEBUG: Handler executed successfully
DEBUG: Executing route handler
DEBUG: html() called with 39 bytes
DEBUG: html() wrote 39 bytes, error: <nil>
DEBUG: Handler executed successfully
DEBUG: Executing route handler
DEBUG: html() called with 39 bytes
DEBUG: html() wrote 39 bytes, error: <nil>
DEBUG: Handler executed successfully
DEBUG: Executing route handler
DEBUG: html() called with 39 bytes
DEBUG: html() wrote 39 bytes, error: <nil>
DEBUG: Handler executed successfully
DEBUG: Executing route handler
DEBUG: html() called with 39 bytes
DEBUG: html() wrote 39 bytes, error: <nil>
DEBUG: Handler executed successfully
DEBUG: Executing route handler
DEBUG: html() called with 39 bytes
DEBUG: html() wrote 39 bytes, error: <nil>
DEBUG: Handler executed successfully
DEBUG: Executing route handler
DEBUG: html() called with 39 bytes
DEBUG: html() wrote 39 bytes, error: <nil>
DEBUG: Handler executed successfully
DEBUG: Executing route handler
DEBUG: html() called with 39 bytes
DEBUG: html() wrote 39 bytes, error: <nil>
DEBUG: Handler executed successfully
DEBUG: Executing route handler
DEBUG: html() called with 39 bytes
DEBUG: html() wrote 39 bytes, error: <nil>
DEBUG: Handler executed successfully
DEBUG: Executing route handler
DEBUG: html() called with 39 bytes
DEBUG: html() wrote 39 bytes, error: <nil>
DEBUG: Handler executed successfully
DEBUG: Executing route handler
DEBUG: html() called with 39 bytes
DEBUG: html() wrote 39 bytes, error: <nil>
DEBUG: Handler executed successfully
DEBUG: Executing route handler
DEBUG: html() called with 39 bytes
DEBUG: html() wrote 39 bytes, error: <nil>
DEBUG: Handler executed successfully
DEBUG: Executing route handler
DEBUG: html() called with 39 bytes
DEBUG: html() wrote 39 bytes, error: <nil>
DEBUG: Handler executed successfully
DEBUG: Executing route handler
DEBUG: html() called with 39 bytes
DEBUG: html() wrote 39 bytes, error: <nil>
DEBUG: Handler executed successfully
DEBUG: Executing route handler
DEBUG: html() called with 39 bytes
DEBUG: html() wrote 39 bytes, error: <nil>
DEBUG: Handler executed successfully
DEBUG: Executing route handler
DEBUG: html() called with 39 bytes
DEBUG: html() wrote 39 bytes, error: <nil>
DEBUG: Handler executed successfully
DEBUG: Executing route handler
DEBUG: html() called with 39 bytes
DEBUG: html() wrote 39 bytes, error: <nil>
DEBUG: Handler executed successfully
DEBUG: Executing route handler
DEBUG: html() called with 39 bytes
DEBUG: html() wrote 39 bytes, error: <nil>
DEBUG: Handler executed successfully
DEBUG: Executing route handler
DEBUG: html() called with 39 bytes
DEBUG: html() wrote 39 bytes, error: <nil>
DEBUG: Handler executed successfully
DEBUG: Executing route handler
DEBUG: html() called with 39 bytes
DEBUG: html() wrote 39 bytes, error: <nil>
DEBUG: Handler executed successfully
DEBUG: Executing route handler
DEBUG: html() called with 39 bytes
DEBUG: html() wrote 39 bytes, error: <nil>
DEBUG: Handler executed successfully
DEBUG: Executing route handler
DEBUG: html() called with 39 bytes
DEBUG: html() wrote 39 bytes, error: <nil>
DEBUG: Handler executed successfully
DEBUG: Executing route handler
DEBUG: html() called with 39 bytes
DEBUG: html() wrote 39 bytes, error: <nil>
DEBUG: Handler executed successfully
DEBUG: Executing route handler
DEBUG: html() called with 39 bytes
DEBUG: html() wrote 39 bytes, error: <nil>
DEBUG: Handler executed successfully
DEBUG: Executing route handler
DEBUG: html() called with 39 bytes
DEBUG: html() wrote 39 bytes, error: <nil>
DEBUG: Handler executed successfully
DEBUG: Executing route handler
DEBUG: html() called with 39 bytes
DEBUG: html() wrote 39 bytes, error: <nil>
DEBUG: Handler executed successfully
DEBUG: Executing route handler
DEBUG: html() called with 39 bytes
DEBUG: html() wrote 39 bytes, error: <nil>
DEBUG: Handler executed successfully
DEBUG: Executing route handler
DEBUG: html() called with 39 bytes
DEBUG: html() wrote 39 bytes, error: <nil>
DEBUG: Handler executed successfully
DEBUG: Executing route handler
DEBUG: html() called with 39 bytes
DEBUG: html() wrote 39 bytes, error: <nil>
DEBUG: Handler executed successfully
DEBUG: Executing route handler
DEBUG: html() called with 39 bytes
DEBUG: html() wrote 39 bytes, error: <nil>
DEBUG: Handler executed successfully
DEBUG: Executing route handler
DEBUG: html() called with 39 bytes
DEBUG: html() wrote 39 bytes, error: <nil>
DEBUG: Handler executed successfully
DEBUG: Executing route handler
DEBUG: html() called with 39 bytes
DEBUG: html() wrote 39 bytes, error: <nil>
DEBUG: Handler executed successfully
DEBUG: Executing route handler
DEBUG: html() called with 39 bytes
DEBUG: html() wrote 39 bytes, error: <nil>
DEBUG: Handler executed successfully
DEBUG: Executing route handler
DEBUG: html() called with 39 bytes
DEBUG: html() wrote 39 bytes, error: <nil>
DEBUG: Handler executed successfully
DEBUG: Executing route handler
DEBUG: html() called with 39 bytes
DEBUG: html() wrote 39 bytes, error: <nil>
DEBUG: Handler executed successfully
    httpserver_benchmark_test.go:349: 鉁?HTML Response:
    httpserver_benchmark_test.go:350:    - 鎬昏€楁椂: 75.1086ms
    httpserver_benchmark_test.go:351:    - 骞冲潎寤惰繜: 75.108碌s
    httpserver_benchmark_test.go:352:    - 璇锋眰/绉? 13314.05 req/s
--- PASS: TestHTTPServerPerformanceProfile (0.76s)
=== RUN   TestHTTPServerThroughput
DEBUG: Executing route handler
DEBUG: Handler executed successfully
DEBUG: Executing route handler
DEBUG: Handler executed successfully
DEBUG: Executing route handler
DEBUG: Handler executed successfully
DEBUG: Executing route handler
DEBUG: Handler executed successfully
DEBUG: Executing route handler
DEBUG: Handler executed successfully
DEBUG: Executing route handler
DEBUG: Handler executed successfully
DEBUG: Executing route handler
DEBUG: Handler executed successfully
DEBUG: Executing route handler
DEBUG: Handler executed successfully
DEBUG: Executing route handler
DEBUG: Handler executed successfully
DEBUG: Executing route handler
DEBUG: Handler executed successfully
DEBUG: Executing route handler
DEBUG: Handler executed successfully
DEBUG: Executing route handler
DEBUG: Handler executed successfully
DEBUG: Executing route handler
DEBUG: Handler executed successfully
DEBUG: Executing route handler
DEBUG: Handler executed successfully
DEBUG: Executing route handler
DEBUG: Handler executed successfully
DEBUG: Executing route handler
DEBUG: Handler executed successfully
DEBUG: Executing route handler
DEBUG: Handler executed successfully
DEBUG: Executing route handler
DEBUG: Handler executed successfully
DEBUG: Executing route handler
DEBUG: Handler executed successfully
DEBUG: Executing route handler
DEBUG: Handler executed successfully
DEBUG: Executing route handler
DEBUG: Handler executed successfully
DEBUG: Executing route handler
DEBUG: Handler executed successfully
DEBUG: Executing route handler
DEBUG: Handler executed successfully
DEBUG: Executing route handler
DEBUG: Handler executed successfully
DEBUG: Executing route handler
DEBUG: Handler executed successfully
DEBUG: Executing route handler
DEBUG: Handler executed successfully
DEBUG: Executing route handler
DEBUG: Handler executed successfully
DEBUG: Executing route handler
DEBUG: Handler executed successfully
DEBUG: Executing route handler
DEBUG: Handler executed successfully
DEBUG: Executing route handler
DEBUG: Handler executed successfully
DEBUG: Executing route handler
DEBUG: Handler executed successfully
DEBUG: Executing route handler
DEBUG: Handler executed successfully
DEBUG: Executing route handler
DEBUG: Handler executed successfully
DEBUG: Executing route handler
DEBUG: Handler executed successfully
DEBUG: Executing route handler
DEBUG: Handler executed successfully
DEBUG: Executing route handler
DEBUG: Handler executed successfully
DEBUG: Executing route handler
DEBUG: Handler executed successfully
DEBUG: Executing route handler
DEBUG: Handler executed successfully
DEBUG: Executing route handler
DEBUG: Handler executed successfully
DEBUG: Executing route handler
DEBUG: Handler executed successfully
DEBUG: Executing route handler
DEBUG: Handler executed successfully
DEBUG: Executing route handler
DEBUG: Handler executed successfully
DEBUG: Executing route handler
DEBUG: Handler executed successfully
DEBUG: Executing route handler
DEBUG: Handler executed successfully
DEBUG: Executing route handler
DEBUG: Handler executed successfully
DEBUG: Executing route handler
DEBUG: Handler executed successfully
DEBUG: Executing route handler
DEBUG: Handler executed successfully
DEBUG: Executing route handler
DEBUG: Handler executed successfully
DEBUG: Executing route handler
DEBUG: Handler executed successfully
DEBUG: Executing route handler
DEBUG: Handler executed successfully
DEBUG: Executing route handler
DEBUG: Handler executed successfully
DEBUG: Executing route handler
DEBUG: Handler executed successfully
DEBUG: Executing route handler
DEBUG: Handler executed successfully
DEBUG: Executing route handler
DEBUG: Handler executed successfully
DEBUG: Executing route handler
DEBUG: Handler executed successfully
DEBUG: Executing route handler
DEBUG: Handler executed successfully
DEBUG: Executing route handler
DEBUG: Handler executed successfully
DEBUG: Executing route handler
DEBUG: Handler executed successfully
DEBUG: Executing route handler
DEBUG: Handler executed successfully
DEBUG: Executing route handler
DEBUG: Handler executed successfully
DEBUG: Executing route handler
DEBUG: Handler executed successfully
DEBUG: Executing route handler
DEBUG: Handler executed successfully
DEBUG: Executing route handler
DEBUG: Handler executed successfully
DEBUG: Executing route handler
DEBUG: Handler executed successfully
DEBUG: Executing route handler
DEBUG: Handler executed successfully
DEBUG: Executing route handler
DEBUG: Handler executed successfully
DEBUG: Executing route handler
DEBUG: Handler executed successfully
DEBUG: Executing route handler
DEBUG: Handler executed successfully
DEBUG: Executing route handler
DEBUG: Handler executed successfully
DEBUG: Executing route handler
DEBUG: Handler executed successfully
DEBUG: Executing route handler
DEBUG: Handler executed successfully
DEBUG: Executing route handler
DEBUG: Handler executed successfully
DEBUG: Executing route handler
DEBUG: Handler executed successfully
DEBUG: Executing route handler
DEBUG: Handler executed successfully
DEBUG: Executing route handler
DEBUG: Handler executed successfully
DEBUG: Executing route handler
DEBUG: Handler executed successfully
DEBUG: Executing route handler
DEBUG: Handler executed successfully
DEBUG: Executing route handler
DEBUG: Handler executed successfully
DEBUG: Executing route handler
DEBUG: Handler executed successfully
DEBUG: Executing route handler
DEBUG: Handler executed successfully
DEBUG: Executing route handler
DEBUG: Handler executed successfully
DEBUG: Executing route handler
DEBUG: Handler executed successfully
DEBUG: Executing route handler
DEBUG: Handler executed successfully
DEBUG: Executing route handler
DEBUG: Handler executed successfully
DEBUG: Executing route handler
DEBUG: Handler executed successfully
DEBUG: Executing route handler
DEBUG: Handler executed successfully
DEBUG: Executing route handler
DEBUG: Handler executed successfully
DEBUG: Executing route handler
DEBUG: Handler executed successfully
DEBUG: Executing route handler
DEBUG: Handler executed successfully
DEBUG: Executing route handler
DEBUG: Handler executed successfully
DEBUG: Executing route handler
DEBUG: Handler executed successfully
DEBUG: Executing route handler
DEBUG: Handler executed successfully
DEBUG: Executing route handler
DEBUG: Handler executed successfully
DEBUG: Executing route handler
DEBUG: Handler executed successfully
DEBUG: Executing route handler
DEBUG: Handler executed successfully
DEBUG: Executing route handler
DEBUG: Handler executed successfully
DEBUG: Executing route handler
DEBUG: Handler executed successfully
DEBUG: Executing route handler
DEBUG: Handler executed successfully
DEBUG: Executing route handler
DEBUG: Handler executed successfully
DEBUG: Executing route handler
DEBUG: Handler executed successfully
DEBUG: Executing route handler
DEBUG: Handler executed successfully
DEBUG: Executing route handler
DEBUG: Handler executed successfully
DEBUG: Executing route handler
DEBUG: Handler executed successfully
DEBUG: Executing route handler
DEBUG: Handler executed successfully
DEBUG: Executing route handler
DEBUG: Handler executed successfully
DEBUG: Executing route handler
DEBUG: Handler executed successfully
DEBUG: Executing route handler
DEBUG: Handler executed successfully
DEBUG: Executing route handler
DEBUG: Handler executed successfully
DEBUG: Executing route handler
DEBUG: Handler executed successfully
DEBUG: Executing route handler
DEBUG: Handler executed successfully
DEBUG: Executing route handler
DEBUG: Handler executed successfully
DEBUG: Executing route handler
DEBUG: Handler executed successfully
DEBUG: Executing route handler
DEBUG: Handler executed successfully
DEBUG: Executing route handler
DEBUG: Handler executed successfully
DEBUG: Executing route handler
DEBUG: Handler executed successfully
DEBUG: Executing route handler
DEBUG: Handler executed successfully
DEBUG: Executing route handler
DEBUG: Handler executed successfully
DEBUG: Executing route handler
DEBUG: Handler executed successfully
DEBUG: Executing route handler
DEBUG: Handler executed successfully
DEBUG: Executing route handler
DEBUG: Handler executed successfully
DEBUG: Executing route handler
DEBUG: Handler executed successfully
DEBUG: Executing route handler
DEBUG: Handler executed successfully
DEBUG: Executing route handler
DEBUG: Handler executed successfully
DEBUG: Executing route handler
DEBUG: Handler executed successfully
DEBUG: Executing route handler
DEBUG: Handler executed successfully
DEBUG: Executing route handler
DEBUG: Handler executed successfully
DEBUG: Executing route handler
DEBUG: Handler executed successfully
DEBUG: Executing route handler
DEBUG: Handler executed successfully
DEBUG: Executing route handler
DEBUG: Handler executed successfully
DEBUG: Executing route handler
DEBUG: Handler executed successfully
DEBUG: Executing route handler
DEBUG: Handler executed successfully
DEBUG: Executing route handler
DEBUG: Handler executed successfully
DEBUG: Executing route handler
DEBUG: Handler executed successfully
DEBUG: Executing route handler
DEBUG: Handler executed successfully
DEBUG: Executing route handler
DEBUG: Handler executed successfully
DEBUG: Executing route handler
DEBUG: Handler executed successfully
DEBUG: Executing route handler
DEBUG: Handler executed successfully
DEBUG: Executing route handler
DEBUG: Handler executed successfully
DEBUG: Executing route handler
DEBUG: Handler executed successfully
DEBUG: Executing route handler
DEBUG: Handler executed successfully
DEBUG: Executing route handler
DEBUG: Handler executed successfully
DEBUG: Executing route handler
DEBUG: Handler executed successfully
DEBUG: Executing route handler
DEBUG: Handler executed successfully
DEBUG: Executing route handler
DEBUG: Handler executed successfully
DEBUG: Executing route handler
DEBUG: Handler executed successfully
DEBUG: Executing route handler
DEBUG: Handler executed successfully
DEBUG: Executing route handler
DEBUG: Handler executed successfully
DEBUG: Executing route handler
DEBUG: Handler executed successfully
DEBUG: Executing route handler
DEBUG: Handler executed successfully
DEBUG: Executing route handler
DEBUG: Handler executed successfully
DEBUG: Executing route handler
DEBUG: Handler executed successfully
DEBUG: Executing route handler
DEBUG: Handler executed successfully
DEBUG: Executing route handler
DEBUG: Handler executed successfully
DEBUG: Executing route handler
DEBUG: Handler executed successfully
DEBUG: Executing route handler
DEBUG: Handler executed successfully
DEBUG: Executing route handler
DEBUG: Handler executed successfully
DEBUG: Executing route handler
DEBUG: Handler executed successfully
DEBUG: Executing route handler
DEBUG: Handler executed successfully
DEBUG: Executing route handler
DEBUG: Handler executed successfully
DEBUG: Executing route handler
DEBUG: Handler executed successfully
DEBUG: Executing route handler
DEBUG: Handler executed successfully
DEBUG: Executing route handler
DEBUG: Handler executed successfully
DEBUG: Executing route handler
DEBUG: Handler executed successfully
DEBUG: Executing route handler
DEBUG: Handler executed successfully
DEBUG: Executing route handler
DEBUG: Handler executed successfully
DEBUG: Executing route handler
DEBUG: Handler executed successfully
DEBUG: Executing route handler
DEBUG: Handler executed successfully
DEBUG: Executing route handler
DEBUG: Handler executed successfully
DEBUG: Executing route handler
DEBUG: Handler executed successfully
DEBUG: Executing route handler
DEBUG: Handler executed successfully
DEBUG: Executing route handler
DEBUG: Handler executed successfully
DEBUG: Executing route handler
DEBUG: Handler executed successfully
DEBUG: Executing route handler
DEBUG: Handler executed successfully
DEBUG: Executing route handler
DEBUG: Handler executed successfully
DEBUG: Executing route handler
DEBUG: Handler executed successfully
DEBUG: Executing route handler
DEBUG: Handler executed successfully
DEBUG: Executing route handler
DEBUG: Handler executed successfully
DEBUG: Executing route handler
DEBUG: Handler executed successfully
DEBUG: Executing route handler
DEBUG: Handler executed successfully
DEBUG: Executing route handler
DEBUG: Handler executed successfully
DEBUG: Executing route handler
DEBUG: Handler executed successfully
DEBUG: Executing route handler
DEBUG: Handler executed successfully
DEBUG: Executing route handler
DEBUG: Handler executed successfully
DEBUG: Executing route handler
DEBUG: Handler executed successfully
DEBUG: Executing route handler
DEBUG: Handler executed successfully
DEBUG: Executing route handler
DEBUG: Handler executed successfully
DEBUG: Executing route handler
DEBUG: Handler executed successfully
DEBUG: Executing route handler
DEBUG: Handler executed successfully
DEBUG: Executing route handler
DEBUG: Handler executed successfully
DEBUG: Executing route handler
DEBUG: Handler executed successfully
DEBUG: Executing route handler
DEBUG: Handler executed successfully
DEBUG: Executing route handler
DEBUG: Handler executed successfully
DEBUG: Executing route handler
DEBUG: Handler executed successfully
DEBUG: Executing route handler
DEBUG: Handler executed successfully
DEBUG: Executing route handler
DEBUG: Handler executed successfully
DEBUG: Executing route handler
DEBUG: Handler executed successfully
DEBUG: Executing route handler
DEBUG: Handler executed successfully
DEBUG: Executing route handler
DEBUG: Handler executed successfully
DEBUG: Executing route handler
DEBUG: Handler executed successfully
DEBUG: Executing route handler
DEBUG: Handler executed successfully
DEBUG: Executing route handler
DEBUG: Handler executed successfully
DEBUG: Executing route handler
DEBUG: Handler executed successfully
DEBUG: Executing route handler
DEBUG: Handler executed successfully
DEBUG: Executing route handler
DEBUG: Handler executed successfully
DEBUG: Executing route handler
DEBUG: Handler executed successfully
DEBUG: Executing route handler
DEBUG: Handler executed successfully
DEBUG: Executing route handler
DEBUG: Handler executed successfully
DEBUG: Executing route handler
DEBUG: Handler executed successfully
DEBUG: Executing route handler
DEBUG: Handler executed successfully
DEBUG: Executing route handler
DEBUG: Handler executed successfully
DEBUG: Executing route handler
DEBUG: Handler executed successfully
DEBUG: Executing route handler
DEBUG: Handler executed successfully
DEBUG: Executing route handler
DEBUG: Handler executed successfully
DEBUG: Executing route handler
DEBUG: Handler executed successfully
DEBUG: Executing route handler
DEBUG: Handler executed successfully
DEBUG: Executing route handler
DEBUG: Handler executed successfully
DEBUG: Executing route handler
DEBUG: Handler executed successfully
DEBUG: Executing route handler
DEBUG: Handler executed successfully
DEBUG: Executing route handler
DEBUG: Handler executed successfully
DEBUG: Executing route handler
DEBUG: Handler executed successfully
DEBUG: Executing route handler
DEBUG: Handler executed successfully
DEBUG: Executing route handler
DEBUG: Handler executed successfully
DEBUG: Executing route handler
DEBUG: Handler executed successfully
DEBUG: Executing route handler
DEBUG: Handler executed successfully
DEBUG: Executing route handler
DEBUG: Handler executed successfully
DEBUG: Executing route handler
DEBUG: Handler executed successfully
DEBUG: Executing route handler
DEBUG: Handler executed successfully
DEBUG: Executing route handler
DEBUG: Handler executed successfully
DEBUG: Executing route handler
DEBUG: Handler executed successfully
DEBUG: Executing route handler
DEBUG: Handler executed successfully
DEBUG: Executing route handler
DEBUG: Handler executed successfully
DEBUG: Executing route handler
DEBUG: Handler executed successfully
DEBUG: Executing route handler
DEBUG: Handler executed successfully
DEBUG: Executing route handler
DEBUG: Handler executed successfully
DEBUG: Executing route handler
DEBUG: Handler executed successfully
DEBUG: Executing route handler
DEBUG: Handler executed successfully
DEBUG: Executing route handler
DEBUG: Handler executed successfully
DEBUG: Executing route handler
DEBUG: Handler executed successfully
DEBUG: Executing route handler
DEBUG: Handler executed successfully
DEBUG: Executing route handler
DEBUG: Handler executed successfully
DEBUG: Executing route handler
DEBUG: Handler executed successfully
DEBUG: Executing route handler
DEBUG: Handler executed successfully
DEBUG: Executing route handler
DEBUG: Handler executed successfully
DEBUG: Executing route handler
DEBUG: Handler executed successfully
DEBUG: Executing route handler
DEBUG: Handler executed successfully
DEBUG: Executing route handler
DEBUG: Handler executed successfully
DEBUG: Executing route handler
DEBUG: Handler executed successfully
DEBUG: Executing route handler
DEBUG: Handler executed successfully
DEBUG: Executing route handler
DEBUG: Handler executed successfully
DEBUG: Executing route handler
DEBUG: Handler executed successfully
DEBUG: Executing route handler
DEBUG: Handler executed successfully
DEBUG: Executing route handler
DEBUG: Handler executed successfully
DEBUG: Executing route handler
DEBUG: Handler executed successfully
DEBUG: Executing route handler
DEBUG: Handler executed successfully
DEBUG: Executing route handler
DEBUG: Handler executed successfully
DEBUG: Executing route handler
DEBUG: Handler executed successfully
DEBUG: Executing route handler
DEBUG: Handler executed successfully
DEBUG: Executing route handler
DEBUG: Handler executed successfully
DEBUG: Executing route handler
DEBUG: Handler executed successfully
DEBUG: Executing route handler
DEBUG: Handler executed successfully
DEBUG: Executing route handler
DEBUG: Handler executed successfully
DEBUG: Executing route handler
DEBUG: Handler executed successfully
DEBUG: Executing route handler
DEBUG: Handler executed successfully
DEBUG: Executing route handler
DEBUG: Handler executed successfully
DEBUG: Executing route handler
DEBUG: Handler executed successfully
DEBUG: Executing route handler
DEBUG: Handler executed successfully
DEBUG: Executing route handler
DEBUG: Handler executed successfully
DEBUG: Executing route handler
DEBUG: Handler executed successfully
DEBUG: Executing route handler
DEBUG: Handler executed successfully
DEBUG: Executing route handler
DEBUG: Handler executed successfully
DEBUG: Executing route handler
DEBUG: Handler executed successfully
DEBUG: Executing route handler
DEBUG: Handler executed successfully
DEBUG: Executing route handler
DEBUG: Handler executed successfully
DEBUG: Executing route handler
DEBUG: Handler executed successfully
DEBUG: Executing route handler
DEBUG: Handler executed successfully
DEBUG: Executing route handler
DEBUG: Handler executed successfully
DEBUG: Executing route handler
DEBUG: Handler executed successfully
DEBUG: Executing route handler
DEBUG: Handler executed successfully
DEBUG: Executing route handler
DEBUG: Handler executed successfully
DEBUG: Executing route handler
DEBUG: Handler executed successfully
DEBUG: Executing route handler
DEBUG: Handler executed successfully
DEBUG: Executing route handler
DEBUG: Handler executed successfully
DEBUG: Executing route handler
DEBUG: Handler executed successfully
DEBUG: Executing route handler
DEBUG: Handler executed successfully
DEBUG: Executing route handler
DEBUG: Handler executed successfully
DEBUG: Executing route handler
DEBUG: Handler executed successfully
DEBUG: Executing route handler
DEBUG: Handler executed successfully
DEBUG: Executing route handler
DEBUG: Handler executed successfully
DEBUG: Executing route handler
DEBUG: Handler executed successfully
DEBUG: Executing route handler
DEBUG: Handler executed successfully
DEBUG: Executing route handler
DEBUG: Handler executed successfully
DEBUG: Executing route handler
DEBUG: Handler executed successfully
DEBUG: Executing route handler
DEBUG: Handler executed successfully
DEBUG: Executing route handler
DEBUG: Handler executed successfully
DEBUG: Executing route handler
DEBUG: Handler executed successfully
DEBUG: Executing route handler
DEBUG: Handler executed successfully
DEBUG: Executing route handler
DEBUG: Handler executed successfully
DEBUG: Executing route handler
DEBUG: Handler executed successfully
DEBUG: Executing route handler
DEBUG: Handler executed successfully
DEBUG: Executing route handler
DEBUG: Handler executed successfully
DEBUG: Executing route handler
DEBUG: Handler executed successfully
DEBUG: Executing route handler
DEBUG: Handler executed successfully
DEBUG: Executing route handler
DEBUG: Handler executed successfully
DEBUG: Executing route handler
DEBUG: Handler executed successfully
DEBUG: Executing route handler
DEBUG: Handler executed successfully
DEBUG: Executing route handler
DEBUG: Handler executed successfully
DEBUG: Executing route handler
DEBUG: Handler executed successfully
DEBUG: Executing route handler
DEBUG: Handler executed successfully
DEBUG: Executing route handler
DEBUG: Handler executed successfully
DEBUG: Executing route handler
DEBUG: Handler executed successfully
DEBUG: Executing route handler
DEBUG: Handler executed successfully
DEBUG: Executing route handler
DEBUG: Handler executed successfully
DEBUG: Executing route handler
DEBUG: Handler executed successfully
DEBUG: Executing route handler
DEBUG: Handler executed successfully
DEBUG: Executing route handler
DEBUG: Handler executed successfully
DEBUG: Executing route handler
DEBUG: Handler executed successfully
DEBUG: Executing route handler
DEBUG: Handler executed successfully
DEBUG: Executing route handler
DEBUG: Handler executed successfully
DEBUG: Executing route handler
DEBUG: Handler executed successfully
DEBUG: Executing route handler
DEBUG: Handler executed successfully
DEBUG: Executing route handler
DEBUG: Handler executed successfully
DEBUG: Executing route handler
DEBUG: Handler executed successfully
DEBUG: Executing route handler
DEBUG: Handler executed successfully
DEBUG: Executing route handler
DEBUG: Handler executed successfully
DEBUG: Executing route handler
DEBUG: Handler executed successfully
DEBUG: Executing route handler
DEBUG: Handler executed successfully
DEBUG: Executing route handler
DEBUG: Handler executed successfully
DEBUG: Executing route handler
DEBUG: Handler executed successfully
DEBUG: Executing route handler
DEBUG: Handler executed successfully
DEBUG: Executing route handler
DEBUG: Handler executed successfully
DEBUG: Executing route handler
DEBUG: Handler executed successfully
DEBUG: Executing route handler
DEBUG: Handler executed successfully
DEBUG: Executing route handler
DEBUG: Handler executed successfully
DEBUG: Executing route handler
DEBUG: Handler executed successfully
DEBUG: Executing route handler
DEBUG: Handler executed successfully
DEBUG: Executing route handler
DEBUG: Handler executed successfully
DEBUG: Executing route handler
DEBUG: Handler executed successfully
DEBUG: Executing route handler
DEBUG: Handler executed successfully
DEBUG: Executing route handler
DEBUG: Handler executed successfully
DEBUG: Executing route handler
DEBUG: Handler executed successfully
DEBUG: Executing route handler
DEBUG: Handler executed successfully
DEBUG: Executing route handler
DEBUG: Handler executed successfully
DEBUG: Executing route handler
DEBUG: Handler executed successfully
DEBUG: Executing route handler
DEBUG: Handler executed successfully
DEBUG: Executing route handler
DEBUG: Handler executed successfully
DEBUG: Executing route handler
DEBUG: Handler executed successfully
DEBUG: Executing route handler
DEBUG: Handler executed successfully
DEBUG: Executing route handler
DEBUG: Handler executed successfully
DEBUG: Executing route handler
DEBUG: Handler executed successfully
DEBUG: Executing route handler
DEBUG: Handler executed successfully
DEBUG: Executing route handler
DEBUG: Handler executed successfully
DEBUG: Executing route handler
DEBUG: Handler executed successfully
DEBUG: Executing route handler
DEBUG: Handler executed successfully
DEBUG: Executing route handler
DEBUG: Handler executed successfully
DEBUG: Executing route handler
DEBUG: Handler executed successfully
DEBUG: Executing route handler
DEBUG: Handler executed successfully
DEBUG: Executing route handler
DEBUG: Handler executed successfully
DEBUG: Executing route handler
DEBUG: Handler executed successfully
DEBUG: Executing route handler
DEBUG: Handler executed successfully
DEBUG: Executing route handler
DEBUG: Handler executed successfully
DEBUG: Executing route handler
DEBUG: Handler executed successfully
DEBUG: Executing route handler
DEBUG: Handler executed successfully
DEBUG: Executing route handler
DEBUG: Handler executed successfully
DEBUG: Executing route handler
DEBUG: Handler executed successfully
DEBUG: Executing route handler
DEBUG: Handler executed successfully
DEBUG: Executing route handler
DEBUG: Handler executed successfully
DEBUG: Executing route handler
DEBUG: Handler executed successfully
DEBUG: Executing route handler
DEBUG: Handler executed successfully
DEBUG: Executing route handler
DEBUG: Handler executed successfully
DEBUG: Executing route handler
DEBUG: Handler executed successfully
DEBUG: Executing route handler
DEBUG: Handler executed successfully
DEBUG: Executing route handler
DEBUG: Handler executed successfully
DEBUG: Executing route handler
DEBUG: Handler executed successfully
DEBUG: Executing route handler
DEBUG: Handler executed successfully
DEBUG: Executing route handler
DEBUG: Handler executed successfully
DEBUG: Executing route handler
DEBUG: Handler executed successfully
DEBUG: Executing route handler
DEBUG: Handler executed successfully
DEBUG: Executing route handler
DEBUG: Handler executed successfully
DEBUG: Executing route handler
DEBUG: Handler executed successfully
DEBUG: Executing route handler
DEBUG: Handler executed successfully
DEBUG: Executing route handler
DEBUG: Handler executed successfully
DEBUG: Executing route handler
DEBUG: Handler executed successfully
DEBUG: Executing route handler
DEBUG: Handler executed successfully
DEBUG: Executing route handler
DEBUG: Handler executed successfully
DEBUG: Executing route handler
DEBUG: Handler executed successfully
DEBUG: Executing route handler
DEBUG: Handler executed successfully
DEBUG: Executing route handler
DEBUG: Handler executed successfully
DEBUG: Executing route handler
DEBUG: Handler executed successfully
DEBUG: Executing route handler
DEBUG: Handler executed successfully
DEBUG: Executing route handler
DEBUG: Handler executed successfully
DEBUG: Executing route handler
DEBUG: Handler executed successfully
DEBUG: Executing route handler
DEBUG: Handler executed successfully
DEBUG: Executing route handler
DEBUG: Handler executed successfully
DEBUG: Executing route handler
DEBUG: Handler executed successfully
DEBUG: Executing route handler
DEBUG: Handler executed successfully
DEBUG: Executing route handler
DEBUG: Handler executed successfully
DEBUG: Executing route handler
DEBUG: Handler executed successfully
DEBUG: Executing route handler
DEBUG: Handler executed successfully
DEBUG: Executing route handler
DEBUG: Handler executed successfully
DEBUG: Executing route handler
DEBUG: Handler executed successfully
DEBUG: Executing route handler
DEBUG: Handler executed successfully
DEBUG: Executing route handler
DEBUG: Handler executed successfully
DEBUG: Executing route handler
DEBUG: Handler executed successfully
DEBUG: Executing route handler
DEBUG: Handler executed successfully
DEBUG: Executing route handler
DEBUG: Handler executed successfully
DEBUG: Executing route handler
DEBUG: Handler executed successfully
DEBUG: Executing route handler
DEBUG: Handler executed successfully
DEBUG: Executing route handler
DEBUG: Handler executed successfully
DEBUG: Executing route handler
DEBUG: Handler executed successfully
DEBUG: Executing route handler
DEBUG: Handler executed successfully
DEBUG: Executing route handler
DEBUG: Handler executed successfully
DEBUG: Executing route handler
DEBUG: Handler executed successfully
DEBUG: Executing route handler
DEBUG: Handler executed successfully
DEBUG: Executing route handler
DEBUG: Handler executed successfully
DEBUG: Executing route handler
DEBUG: Handler executed successfully
DEBUG: Executing route handler
DEBUG: Handler executed successfully
DEBUG: Executing route handler
DEBUG: Handler executed successfully
DEBUG: Executing route handler
DEBUG: Handler executed successfully
DEBUG: Executing route handler
DEBUG: Handler executed successfully
DEBUG: Executing route handler
DEBUG: Handler executed successfully
DEBUG: Executing route handler
DEBUG: Handler executed successfully
DEBUG: Executing route handler
DEBUG: Handler executed successfully
DEBUG: Executing route handler
DEBUG: Handler executed successfully
DEBUG: Executing route handler
DEBUG: Handler executed successfully
DEBUG: Executing route handler
DEBUG: Handler executed successfully
DEBUG: Executing route handler
DEBUG: Handler executed successfully
DEBUG: Executing route handler
DEBUG: Handler executed successfully
DEBUG: Executing route handler
DEBUG: Handler executed successfully
DEBUG: Executing route handler
DEBUG: Handler executed successfully
DEBUG: Executing route handler
DEBUG: Handler executed successfully
DEBUG: Executing route handler
DEBUG: Handler executed successfully
DEBUG: Executing route handler
DEBUG: Handler executed successfully
DEBUG: Executing route handler
DEBUG: Handler executed successfully
DEBUG: Executing route handler
DEBUG: Handler executed successfully
DEBUG: Executing route handler
DEBUG: Handler executed successfully
DEBUG: Executing route handler
DEBUG: Handler executed successfully
DEBUG: Executing route handler
DEBUG: Handler executed successfully
DEBUG: Executing route handler
DEBUG: Handler executed successfully
DEBUG: Executing route handler
DEBUG: Handler executed successfully
DEBUG: Executing route handler
DEBUG: Handler executed successfully
DEBUG: Executing route handler
DEBUG: Handler executed successfully
DEBUG: Executing route handler
DEBUG: Handler executed successfully
DEBUG: Executing route handler
DEBUG: Handler executed successfully
DEBUG: Executing route handler
DEBUG: Handler executed successfully
DEBUG: Executing route handler
DEBUG: Handler executed successfully
DEBUG: Executing route handler
DEBUG: Handler executed successfully
DEBUG: Executing route handler
DEBUG: Handler executed successfully
DEBUG: Executing route handler
DEBUG: Handler executed successfully
DEBUG: Executing route handler
DEBUG: Handler executed successfully
DEBUG: Executing route handler
DEBUG: Handler executed successfully
DEBUG: Executing route handler
DEBUG: Handler executed successfully
DEBUG: Executing route handler
DEBUG: Handler executed successfully
DEBUG: Executing route handler
DEBUG: Handler executed successfully
DEBUG: Executing route handler
DEBUG: Handler executed successfully
DEBUG: Executing route handler
DEBUG: Handler executed successfully
DEBUG: Executing route handler
DEBUG: Handler executed successfully
DEBUG: Executing route handler
DEBUG: Handler executed successfully
DEBUG: Executing route handler
DEBUG: Handler executed successfully
DEBUG: Executing route handler
DEBUG: Handler executed successfully
DEBUG: Executing route handler
DEBUG: Handler executed successfully
DEBUG: Executing route handler
DEBUG: Handler executed successfully
DEBUG: Executing route handler
DEBUG: Handler executed successfully
DEBUG: Executing route handler
DEBUG: Handler executed successfully
DEBUG: Executing route handler
DEBUG: Handler executed successfully
DEBUG: Executing route handler
DEBUG: Handler executed successfully
DEBUG: Executing route handler
DEBUG: Handler executed successfully
DEBUG: Executing route handler
DEBUG: Handler executed successfully
DEBUG: Executing route handler
DEBUG: Handler executed successfully
DEBUG: Executing route handler
DEBUG: Handler executed successfully
DEBUG: Executing route handler
DEBUG: Handler executed successfully
DEBUG: Executing route handler
DEBUG: Handler executed successfully
DEBUG: Executing route handler
DEBUG: Handler executed successfully
DEBUG: Executing route handler
DEBUG: Handler executed successfully
DEBUG: Executing route handler
DEBUG: Handler executed successfully
DEBUG: Executing route handler
DEBUG: Handler executed successfully
DEBUG: Executing route handler
DEBUG: Handler executed successfully
DEBUG: Executing route handler
DEBUG: Handler executed successfully
DEBUG: Executing route handler
DEBUG: Handler executed successfully
DEBUG: Executing route handler
DEBUG: Handler executed successfully
DEBUG: Executing route handler
DEBUG: Handler executed successfully
DEBUG: Executing route handler
DEBUG: Handler executed successfully
DEBUG: Executing route handler
DEBUG: Handler executed successfully
DEBUG: Executing route handler
DEBUG: Handler executed successfully
DEBUG: Executing route handler
DEBUG: Handler executed successfully
DEBUG: Executing route handler
DEBUG: Handler executed successfully
DEBUG: Executing route handler
DEBUG: Handler executed successfully
DEBUG: Executing route handler
DEBUG: Handler executed successfully
DEBUG: Executing route handler
DEBUG: Handler executed successfully
DEBUG: Executing route handler
DEBUG: Handler executed successfully
DEBUG: Executing route handler
DEBUG: Handler executed successfully
DEBUG: Executing route handler
DEBUG: Handler executed successfully
DEBUG: Executing route handler
DEBUG: Handler executed successfully
DEBUG: Executing route handler
DEBUG: Handler executed successfully
DEBUG: Executing route handler
DEBUG: Handler executed successfully
DEBUG: Executing route handler
DEBUG: Handler executed successfully
DEBUG: Executing route handler
DEBUG: Handler executed successfully
DEBUG: Executing route handler
DEBUG: Handler executed successfully
DEBUG: Executing route handler
DEBUG: Handler executed successfully
DEBUG: Executing route handler
DEBUG: Handler executed successfully
DEBUG: Executing route handler
DEBUG: Handler executed successfully
    httpserver_benchmark_test.go:408: 鉁?HTTP 鏈嶅姟鍣ㄥ悶鍚愰噺娴嬭瘯:
    httpserver_benchmark_test.go:409:    - 鏂囦欢澶у皬: 28000 bytes
    httpserver_benchmark_test.go:410:    - 璇锋眰娆℃暟: 500
    httpserver_benchmark_test.go:411:    - 鎬讳紶杈? 13.35 MB
    httpserver_benchmark_test.go:412:    - 鎬昏€楁椂: 192.3561ms
    httpserver_benchmark_test.go:413:    - 鍚炲悙閲? 69.41 MB/s
    httpserver_benchmark_test.go:414:    - 骞冲潎寤惰繜: 384.712碌s
--- PASS: TestHTTPServerThroughput (0.69s)
=== RUN   TestHTTPServerStressTest
DEBUG: Executing route handler
DEBUG: json() called with data: map[request_number:1 result:4950 timestamp:1766843088420]
DEBUG: json() wrote 60 bytes, error: <nil>
DEBUG: Handler executed successfully
DEBUG: Executing route handler
DEBUG: Executing route handler
DEBUG: json() called with data: map[request_number:3 result:4950 timestamp:1766843088420]
DEBUG: json() wrote 60 bytes, error: <nil>
DEBUG: Handler executed successfully
DEBUG: json() called with data: map[request_number:2 result:4950 timestamp:1766843088420]
DEBUG: json() wrote 60 bytes, error: <nil>
DEBUG: Handler executed successfully
DEBUG: Executing route handler
DEBUG: json() called with data: map[request_number:4 result:4950 timestamp:1766843088422]
DEBUG: json() wrote 60 bytes, error: <nil>
DEBUG: Handler executed successfully
DEBUG: Executing route handler
DEBUG: Executing route handler
DEBUG: Executing route handler
DEBUG: Executing route handler
DEBUG: Handler error: TypeError: Value is not an object: 7 at <eval>:14:24(35)
DEBUG: Executing route handler
DEBUG: json() called with data: map[request_number:8 result:4950 timestamp:1766843088423]
DEBUG: json() wrote 60 bytes, error: <nil>
DEBUG: Handler executed successfully
DEBUG: Executing route handler
DEBUG: json() called with data: map[request_number:9 result:4950 timestamp:1766843088425]
DEBUG: json() wrote 60 bytes, error: <nil>
DEBUG: Handler executed successfully
DEBUG: Executing route handler
DEBUG: json() called with data: map[request_number:10 result:4950 timestamp:1766843088425]
DEBUG: json() wrote 61 bytes, error: <nil>
DEBUG: Handler executed successfully
DEBUG: Executing route handler
DEBUG: json() called with data: map[request_number:11 result:4950 timestamp:1766843088425]
DEBUG: json() wrote 61 bytes, error: <nil>
DEBUG: Handler executed successfully
DEBUG: Executing route handler
DEBUG: json() called with data: map[request_number:12 result:4950 timestamp:1766843088427]
DEBUG: json() wrote 61 bytes, error: <nil>
DEBUG: Handler executed successfully
DEBUG: Executing route handler
DEBUG: json() called with data: map[request_number:13 result:4950 timestamp:1766843088427]
DEBUG: json() wrote 61 bytes, error: <nil>
DEBUG: Handler executed successfully
DEBUG: Executing route handler
DEBUG: json() called with data: map[request_number:14 result:4950 timestamp:1766843088428]
DEBUG: json() wrote 61 bytes, error: <nil>
DEBUG: Handler executed successfully
DEBUG: Executing route handler
DEBUG: Executing route handler
DEBUG: Executing route handler
DEBUG: json() called with data: map[request_number:17 result:4950 timestamp:1766843088429]
DEBUG: json() wrote 61 bytes, error: <nil>
DEBUG: Handler executed successfully
DEBUG: Executing route handler
DEBUG: json() called with data: map[request_number:18 result:4950 timestamp:1766843088429]
DEBUG: Executing route handler
DEBUG: json() called with data: map[request_number:19 result:4950 timestamp:1766843088429]
DEBUG: json() wrote 61 bytes, error: <nil>
DEBUG: json() wrote 61 bytes, error: <nil>
DEBUG: Handler executed successfully
DEBUG: Handler executed successfully
DEBUG: json() called with data: map[request_number:15 result:4950 timestamp:1766843088428]
DEBUG: json() wrote 61 bytes, error: <nil>
DEBUG: Handler executed successfully
DEBUG: Executing route handler
DEBUG: json() called with data: map[request_number:20 result:4950 timestamp:1766843088430]
DEBUG: Executing route handler
DEBUG: json() wrote 61 bytes, error: <nil>
DEBUG: Handler executed successfully
DEBUG: Executing route handler
DEBUG: Executing route handler
DEBUG: json() called with data: map[request_number:22 result:0x19638c0 timestamp:1766843088430]
DEBUG: Executing route handler
DEBUG: Handler executed successfully
DEBUG: json() called with data: map[request_number:16 result:4950 timestamp:1766843088428]
DEBUG: Executing route handler
DEBUG: json() wrote 61 bytes, error: <nil>
DEBUG: json() called with data: map[request_number:23 result:4950 timestamp:1766843088430]
DEBUG: Executing route handler
DEBUG: json() wrote 61 bytes, error: <nil>
DEBUG: Handler executed successfully
DEBUG: Handler executed successfully
DEBUG: json() marshal error: json: unsupported type: func(goja.FunctionCall) goja.Value
DEBUG: Handler executed successfully
DEBUG: Executing route handler
DEBUG: Executing route handler
DEBUG: Executing route handler
DEBUG: Handler error: ReferenceError: Cannot access a variable before initialization at <eval>:9:5(15)
DEBUG: Handler error: ReferenceError: Cannot access a variable before initialization at <eval>:9:5(15)
DEBUG: Handler error: ReferenceError: Cannot access a variable before initialization at <eval>:9:5(15)
DEBUG: Executing route handler
DEBUG: Executing route handler
DEBUG: Executing route handler
DEBUG: json() called with data: map[request_number:29 result:4889 timestamp:1766843088431]
DEBUG: json() called with data: map[request_number:30 result:4950 timestamp:1766843088431]
DEBUG: json() wrote 61 bytes, error: <nil>
DEBUG: json() wrote 61 bytes, error: <nil>
DEBUG: Handler executed successfully
DEBUG: Handler executed successfully
DEBUG: Executing route handler
DEBUG: json() called with data: map[request_number:31 result:4950 timestamp:1766843088432]
DEBUG: json() wrote 61 bytes, error: <nil>
DEBUG: Handler executed successfully
DEBUG: Executing route handler
DEBUG: json() called with data: map[request_number:32 result:4950 timestamp:1766843088432]
DEBUG: json() wrote 61 bytes, error: <nil>
DEBUG: Handler executed successfully
DEBUG: Executing route handler
DEBUG: json() called with data: map[request_number:33 result:4950 timestamp:1766843088433]
DEBUG: json() wrote 61 bytes, error: <nil>
DEBUG: Handler executed successfully
DEBUG: Executing route handler
DEBUG: json() called with data: map[request_number:34 result:4950 timestamp:1766843088434]
DEBUG: json() wrote 61 bytes, error: <nil>
DEBUG: Handler executed successfully
DEBUG: Executing route handler
DEBUG: Executing route handler
DEBUG: Executing route handler
DEBUG: json() called with data: map[request_number:37 result:4950 timestamp:1766843088438]
DEBUG: json() wrote 61 bytes, error: <nil>
DEBUG: Handler executed successfully
DEBUG: Executing route handler
DEBUG: json() called with data: map[request_number:38 result:4950 timestamp:1766843088439]
DEBUG: json() wrote 61 bytes, error: <nil>
DEBUG: Handler executed successfully
DEBUG: Executing route handler
DEBUG: json() called with data: map[request_number:39 result:4950 timestamp:1766843088441]
DEBUG: json() wrote 61 bytes, error: <nil>
DEBUG: Handler executed successfully
DEBUG: Executing route handler
DEBUG: json() called with data: map[request_number:40 result:4950 timestamp:1766843088441]
DEBUG: json() wrote 61 bytes, error: <nil>
DEBUG: Handler executed successfully
DEBUG: Executing route handler
DEBUG: json() called with data: map[request_number:41 result:4950 timestamp:1766843088441]
DEBUG: json() wrote 61 bytes, error: <nil>
DEBUG: Handler executed successfully
DEBUG: Executing route handler
DEBUG: json() called with data: map[request_number:42 result:4950 timestamp:1766843088442]
DEBUG: json() wrote 61 bytes, error: <nil>
DEBUG: Handler executed successfully
DEBUG: Executing route handler
DEBUG: json() called with data: map[request_number:43 result:4950 timestamp:1766843088442]
DEBUG: json() wrote 61 bytes, error: <nil>
DEBUG: Handler executed successfully
DEBUG: Executing route handler
DEBUG: json() called with data: map[request_number:44 result:4950 timestamp:1766843088442]
DEBUG: json() wrote 61 bytes, error: <nil>
DEBUG: Handler executed successfully
DEBUG: Executing route handler
DEBUG: json() called with data: map[request_number:45 result:4950 timestamp:1766843088442]
DEBUG: json() wrote 61 bytes, error: <nil>
DEBUG: Handler executed successfully
DEBUG: Executing route handler
DEBUG: json() called with data: map[request_number:46 result:4950 timestamp:1766843088442]
DEBUG: json() wrote 61 bytes, error: <nil>
DEBUG: Handler executed successfully
DEBUG: Executing route handler
DEBUG: json() called with data: map[request_number:47 result:4950 timestamp:1766843088442]
DEBUG: json() wrote 61 bytes, error: <nil>
DEBUG: Handler executed successfully
DEBUG: Executing route handler
DEBUG: json() called with data: map[request_number:48 result:4950 timestamp:1766843088443]
DEBUG: json() wrote 61 bytes, error: <nil>
DEBUG: Handler executed successfully
DEBUG: Executing route handler
DEBUG: json() called with data: map[request_number:49 result:4950 timestamp:1766843088443]
DEBUG: json() wrote 61 bytes, error: <nil>
DEBUG: Handler executed successfully
DEBUG: Executing route handler
DEBUG: json() called with data: map[request_number:50 result:4950 timestamp:1766843088443]
DEBUG: json() wrote 61 bytes, error: <nil>
DEBUG: Handler executed successfully
DEBUG: Executing route handler
DEBUG: json() called with data: map[request_number:51 result:4950 timestamp:1766843088443]
DEBUG: json() wrote 61 bytes, error: <nil>
DEBUG: Handler executed successfully
DEBUG: Executing route handler
DEBUG: json() called with data: map[request_number:52 result:4950 timestamp:1766843088443]
DEBUG: json() wrote 61 bytes, error: <nil>
DEBUG: Handler executed successfully
DEBUG: Executing route handler
DEBUG: json() called with data: map[request_number:53 result:4950 timestamp:1766843088443]
DEBUG: json() wrote 61 bytes, error: <nil>
DEBUG: Handler executed successfully
DEBUG: Executing route handler
DEBUG: json() called with data: map[request_number:54 result:4950 timestamp:1766843088443]
DEBUG: json() wrote 61 bytes, error: <nil>
DEBUG: Handler executed successfully
DEBUG: Executing route handler
DEBUG: json() called with data: map[request_number:55 result:4950 timestamp:1766843088444]
DEBUG: json() wrote 61 bytes, error: <nil>
DEBUG: Handler executed successfully
DEBUG: Executing route handler
DEBUG: json() called with data: map[request_number:56 result:4950 timestamp:1766843088444]
DEBUG: json() wrote 61 bytes, error: <nil>
DEBUG: Handler executed successfully
DEBUG: Executing route handler
DEBUG: json() called with data: map[request_number:57 result:4950 timestamp:1766843088444]
DEBUG: json() wrote 61 bytes, error: <nil>
DEBUG: Handler executed successfully
DEBUG: Executing route handler
DEBUG: json() called with data: map[request_number:58 result:4950 timestamp:1766843088444]
DEBUG: json() wrote 61 bytes, error: <nil>
DEBUG: Handler executed successfully
DEBUG: Executing route handler
DEBUG: json() called with data: map[request_number:59 result:4950 timestamp:1766843088445]
DEBUG: json() wrote 61 bytes, error: <nil>
DEBUG: Handler executed successfully
DEBUG: Executing route handler
DEBUG: json() called with data: map[request_number:60 result:4950 timestamp:1766843088445]
DEBUG: json() wrote 61 bytes, error: <nil>
DEBUG: Handler executed successfully
DEBUG: Executing route handler
DEBUG: json() called with data: map[request_number:61 result:4950 timestamp:1766843088446]
DEBUG: json() wrote 61 bytes, error: <nil>
DEBUG: Handler executed successfully
DEBUG: Executing route handler
DEBUG: json() called with data: map[request_number:62 result:4950 timestamp:1766843088446]
DEBUG: json() wrote 61 bytes, error: <nil>
DEBUG: Handler executed successfully
DEBUG: Executing route handler
DEBUG: json() called with data: map[request_number:63 result:4950 timestamp:1766843088447]
DEBUG: json() wrote 61 bytes, error: <nil>
DEBUG: Handler executed successfully
DEBUG: Executing route handler
DEBUG: json() called with data: map[request_number:64 result:4950 timestamp:1766843088448]
DEBUG: json() wrote 61 bytes, error: <nil>
DEBUG: Handler executed successfully
DEBUG: Executing route handler
DEBUG: json() called with data: map[request_number:65 result:4950 timestamp:1766843088448]
DEBUG: json() wrote 61 bytes, error: <nil>
DEBUG: Handler executed successfully
DEBUG: Executing route handler
DEBUG: json() called with data: map[request_number:66 result:4950 timestamp:1766843088449]
DEBUG: json() wrote 61 bytes, error: <nil>
DEBUG: Handler executed successfully
DEBUG: Executing route handler
DEBUG: json() called with data: map[request_number:67 result:4950 timestamp:1766843088449]
DEBUG: json() wrote 61 bytes, error: <nil>
DEBUG: Handler executed successfully
2025/12/27 21:44:48 http: panic serving [::1]:56889: runtime error: invalid memory address or nil pointer dereference
goroutine 4649 [running]:
net/http.(*conn).serve.func1()
	C:/Users/issue/.g/go/src/net/http/server.go:1947 +0xbe
panic({0x1d5aa80?, 0x298abd0?})
	C:/Users/issue/.g/go/src/runtime/panic.go:792 +0x132
github.com/dop251/goja.(*Runtime).runWrapped.func1()
	D:/dev/codes/golang/pkg/mod/github.com/dop251/goja@v0.0.0-20251201205617-2bb4c724c0f9/runtime.go:2512 +0xe5
panic({0x1d5aa80?, 0x298abd0?})
	C:/Users/issue/.g/go/src/runtime/panic.go:792 +0x132
github.com/dop251/goja.(*vm).handleThrow(0xc0000da360, {0x1d5aa80, 0x298abd0})
	D:/dev/codes/golang/pkg/mod/github.com/dop251/goja@v0.0.0-20251201205617-2bb4c724c0f9/vm.go:841 +0x405
github.com/dop251/goja.(*vm).try.func1()
	D:/dev/codes/golang/pkg/mod/github.com/dop251/goja@v0.0.0-20251201205617-2bb4c724c0f9/vm.go:860 +0x3f
panic({0x1d5aa80?, 0x298abd0?})
	C:/Users/issue/.g/go/src/runtime/panic.go:792 +0x132
github.com/dop251/goja.(*vm).handleThrow(0xc0000da360, {0x1d5aa80, 0x298abd0})
	D:/dev/codes/golang/pkg/mod/github.com/dop251/goja@v0.0.0-20251201205617-2bb4c724c0f9/vm.go:841 +0x405
github.com/dop251/goja.(*vm).runTryInner.func1()
	D:/dev/codes/golang/pkg/mod/github.com/dop251/goja@v0.0.0-20251201205617-2bb4c724c0f9/vm.go:883 +0x3f
panic({0x1d5aa80?, 0x298abd0?})
	C:/Users/issue/.g/go/src/runtime/panic.go:792 +0x132
github.com/dop251/goja.asciiString.Concat({0xc0003630e8, 0x3}, {0x204fbe8?, 0x20668b0?})
	D:/dev/codes/golang/pkg/mod/github.com/dop251/goja@v0.0.0-20251201205617-2bb4c724c0f9/string_ascii.go:330 +0x9d
github.com/dop251/goja._add.exec({}, 0xc0000da360)
	D:/dev/codes/golang/pkg/mod/github.com/dop251/goja@v0.0.0-20251201205617-2bb4c724c0f9/vm.go:1282 +0x19b
github.com/dop251/goja.(*vm).run(0xc0000da360)
	D:/dev/codes/golang/pkg/mod/github.com/dop251/goja@v0.0.0-20251201205617-2bb4c724c0f9/vm.go:635 +0x5b
github.com/dop251/goja.(*vm).runTryInner(0xc0000da360?)
	D:/dev/codes/golang/pkg/mod/github.com/dop251/goja@v0.0.0-20251201205617-2bb4c724c0f9/vm.go:887 +0x52
github.com/dop251/goja.(*baseJsFuncObject).__call(0xc0003ca1c0, {0xc000475c60?, 0x2, 0x1043440?}, {0x0, 0x0}, {0x0?, 0x0?})
	D:/dev/codes/golang/pkg/mod/github.com/dop251/goja@v0.0.0-20251201205617-2bb4c724c0f9/func.go:434 +0x705
github.com/dop251/goja.(*baseJsFuncObject)._call(...)
	D:/dev/codes/golang/pkg/mod/github.com/dop251/goja@v0.0.0-20251201205617-2bb4c724c0f9/func.go:450
github.com/dop251/goja.(*arrowFuncObject).Call(0xfdb80b?, {{0x204bde0, 0x2a00520}, {0xc000475c60, 0x2, 0x2}})
	D:/dev/codes/golang/pkg/mod/github.com/dop251/goja@v0.0.0-20251201205617-2bb4c724c0f9/func.go:394 +0x51
github.com/dop251/goja.AssertFunction.func1.1()
	D:/dev/codes/golang/pkg/mod/github.com/dop251/goja@v0.0.0-20251201205617-2bb4c724c0f9/runtime.go:2472 +0x56
github.com/dop251/goja.(*vm).try(0xc0000da360, 0xc0005078a0)
	D:/dev/codes/golang/pkg/mod/github.com/dop251/goja@v0.0.0-20251201205617-2bb4c724c0f9/vm.go:864 +0x23c
github.com/dop251/goja.(*Runtime).runWrapped(0xc000004408, 0xc0005078b8?)
	D:/dev/codes/golang/pkg/mod/github.com/dop251/goja@v0.0.0-20251201205617-2bb4c724c0f9/runtime.go:2516 +0x5f
github.com/dop251/goja.AssertFunction.func1({0x204bde0?, 0x2a00520?}, {0xc000475c60?, 0x1f?, 0x0?})
	D:/dev/codes/golang/pkg/mod/github.com/dop251/goja@v0.0.0-20251201205617-2bb4c724c0f9/runtime.go:2471 +0x8c
sw_runtime/internal/builtins.(*HTTPServerModule).createHTTPHandler.func1.1()
	D:/dev/codes/golang/src/issueye/sw_runtime/internal/builtins/httpserver.go:417 +0x3db
sw_runtime/internal/builtins.(*HTTPServerModule).createHTTPHandler.func1({0x2040ef0, 0xc000772000}, 0xc00070e500)
	D:/dev/codes/golang/src/issueye/sw_runtime/internal/builtins/httpserver.go:449 +0x3a6
net/http.HandlerFunc.ServeHTTP(0xc0000c4e40?, {0x2040ef0?, 0xc000772000?}, 0x158c056?)
	C:/Users/issue/.g/go/src/net/http/server.go:2294 +0x29
net/http.(*ServeMux).ServeHTTP(0x1036599?, {0x2040ef0, 0xc000772000}, 0xc00070e500)
	C:/Users/issue/.g/go/src/net/http/server.go:2822 +0x1c4
net/http.serverHandler.ServeHTTP({0xc0002ea1b0?}, {0x2040ef0?, 0xc000772000?}, 0x1?)
	C:/Users/issue/.g/go/src/net/http/server.go:3301 +0x8e
net/http.(*conn).serve(0xc0003b22d0, {0x20424a0, 0xc00062a2d0})
	C:/Users/issue/.g/go/src/net/http/server.go:2102 +0x625
created by net/http.(*Server).Serve in goroutine 4590
	C:/Users/issue/.g/go/src/net/http/server.go:3454 +0x485
2025/12/27 21:44:48 http: panic serving [::1]:56888: runtime error: invalid memory address or nil pointer dereference
goroutine 4571 [running]:
net/http.(*conn).serve.func1()
	C:/Users/issue/.g/go/src/net/http/server.go:1947 +0xbe
panic({0x1d5aa80?, 0x298abd0?})
	C:/Users/issue/.g/go/src/runtime/panic.go:792 +0x132
github.com/dop251/goja.(*Runtime).runWrapped.func1()
	D:/dev/codes/golang/pkg/mod/github.com/dop251/goja@v0.0.0-20251201205617-2bb4c724c0f9/runtime.go:2512 +0xe5
panic({0x1d5aa80?, 0x298abd0?})
	C:/Users/issue/.g/go/src/runtime/panic.go:792 +0x132
github.com/dop251/goja.(*vm).handleThrow(0xc0000da360, {0x1d5aa80, 0x298abd0})
	D:/dev/codes/golang/pkg/mod/github.com/dop251/goja@v0.0.0-20251201205617-2bb4c724c0f9/vm.go:841 +0x405
github.com/dop251/goja.(*vm).try.func1()
	D:/dev/codes/golang/pkg/mod/github.com/dop251/goja@v0.0.0-20251201205617-2bb4c724c0f9/vm.go:860 +0x3f
panic({0x1d5aa80?, 0x298abd0?})
	C:/Users/issue/.g/go/src/runtime/panic.go:792 +0x132
github.com/dop251/goja.(*vm).handleThrow(0xc0000da360, {0x1d5aa80, 0x298abd0})
	D:/dev/codes/golang/pkg/mod/github.com/dop251/goja@v0.0.0-20251201205617-2bb4c724c0f9/vm.go:841 +0x405
github.com/dop251/goja.(*vm).runTryInner.func1()
	D:/dev/codes/golang/pkg/mod/github.com/dop251/goja@v0.0.0-20251201205617-2bb4c724c0f9/vm.go:883 +0x3f
panic({0x1d5aa80?, 0x298abd0?})
	C:/Users/issue/.g/go/src/runtime/panic.go:792 +0x132
strings.TrimSpace({0x1e?, 0x1e452e0?})
	C:/Users/issue/.g/go/src/strings/strings.go:1093 +0x25
github.com/dop251/goja.asciiString.ToFloat({0x1e, 0x1f})
	D:/dev/codes/golang/pkg/mod/github.com/dop251/goja@v0.0.0-20251201205617-2bb4c724c0f9/string_ascii.go:192 +0x25
github.com/dop251/goja._inc.exec({}, 0xc0000da360)
	D:/dev/codes/golang/pkg/mod/github.com/dop251/goja@v0.0.0-20251201205617-2bb4c724c0f9/vm.go:1622 +0x18e
github.com/dop251/goja.(*vm).run(0xc0000da360)
	D:/dev/codes/golang/pkg/mod/github.com/dop251/goja@v0.0.0-20251201205617-2bb4c724c0f9/vm.go:635 +0x5b
github.com/dop251/goja.(*vm).runTryInner(0xc0000da360?)
	D:/dev/codes/golang/pkg/mod/github.com/dop251/goja@v0.0.0-20251201205617-2bb4c724c0f9/vm.go:887 +0x52
github.com/dop251/goja.(*baseJsFuncObject).__call(0xc0003ca1c0, {0xc0003a47e0?, 0x2, 0x1043440?}, {0x0, 0x0}, {0x0?, 0x0?})
	D:/dev/codes/golang/pkg/mod/github.com/dop251/goja@v0.0.0-20251201205617-2bb4c724c0f9/func.go:434 +0x705
github.com/dop251/goja.(*baseJsFuncObject)._call(...)
	D:/dev/codes/golang/pkg/mod/github.com/dop251/goja@v0.0.0-20251201205617-2bb4c724c0f9/func.go:450
github.com/dop251/goja.(*arrowFuncObject).Call(0xfdb80b?, {{0x204bde0, 0x2a00520}, {0xc0003a47e0, 0x2, 0x2}})
	D:/dev/codes/golang/pkg/mod/github.com/dop251/goja@v0.0.0-20251201205617-2bb4c724c0f9/func.go:394 +0x51
github.com/dop251/goja.AssertFunction.func1.1()
	D:/dev/codes/golang/pkg/mod/github.com/dop251/goja@v0.0.0-20251201205617-2bb4c724c0f9/runtime.go:2472 +0x56
github.com/dop251/goja.(*vm).try(0xc0000da360, 0xc00053b8a0)
	D:/dev/codes/golang/pkg/mod/github.com/dop251/goja@v0.0.0-20251201205617-2bb4c724c0f9/vm.go:864 +0x23c
github.com/dop251/goja.(*Runtime).runWrapped(0xc000004408, 0xc00053b8b8?)
	D:/dev/codes/golang/pkg/mod/github.com/dop251/goja@v0.0.0-20251201205617-2bb4c724c0f9/runtime.go:2516 +0x5f
github.com/dop251/goja.AssertFunction.func1({0x204bde0?, 0x2a00520?}, {0xc0003a47e0?, 0x1f?, 0x0?})
	D:/dev/codes/golang/pkg/mod/github.com/dop251/goja@v0.0.0-20251201205617-2bb4c724c0f9/runtime.go:2471 +0x8c
sw_runtime/internal/builtins.(*HTTPServerModule).createHTTPHandler.func1.1()
	D:/dev/codes/golang/src/issueye/sw_runtime/internal/builtins/httpserver.go:417 +0x3db
sw_runtime/internal/builtins.(*HTTPServerModule).createHTTPHandler.func1({0x2040ef0, 0xc0007b2000}, 0xc0007ae000)
	D:/dev/codes/golang/src/issueye/sw_runtime/internal/builtins/httpserver.go:449 +0x3a6
net/http.HandlerFunc.ServeHTTP(0xc0000c4e40?, {0x2040ef0?, 0xc0007b2000?}, 0x158c056?)
	C:/Users/issue/.g/go/src/net/http/server.go:2294 +0x29
net/http.(*ServeMux).ServeHTTP(0x1036599?, {0x2040ef0, 0xc0007b2000}, 0xc0007ae000)
	C:/Users/issue/.g/go/src/net/http/server.go:2822 +0x1c4
net/http.serverHandler.ServeHTTP({0xc0007800f0?}, {0x2040ef0?, 0xc0007b2000?}, 0x1?)
	C:/Users/issue/.g/go/src/net/http/server.go:3301 +0x8e
net/http.(*conn).serve(0xc00058e240, {0x20424a0, 0xc00062a2d0})
	C:/Users/issue/.g/go/src/net/http/server.go:2102 +0x625
created by net/http.(*Server).Serve in goroutine 4590
	C:/Users/issue/.g/go/src/net/http/server.go:3454 +0x485
DEBUG: Executing route handler
2025/12/27 21:44:48 http: panic serving [::1]:56899: runtime error: index out of range [57] with length 57
goroutine 4677 [running]:
net/http.(*conn).serve.func1()
	C:/Users/issue/.g/go/src/net/http/server.go:1947 +0xbe
panic({0x1e09e40?, 0xc00017c5b8?})
	C:/Users/issue/.g/go/src/runtime/panic.go:792 +0x132
github.com/dop251/goja.(*Runtime).runWrapped.func1()
	D:/dev/codes/golang/pkg/mod/github.com/dop251/goja@v0.0.0-20251201205617-2bb4c724c0f9/runtime.go:2512 +0xe5
panic({0x1e09e40?, 0xc00017c5b8?})
	C:/Users/issue/.g/go/src/runtime/panic.go:792 +0x132
github.com/dop251/goja.(*vm).handleThrow(0xc0000da360, {0x1e09e40, 0xc00017c5b8})
	D:/dev/codes/golang/pkg/mod/github.com/dop251/goja@v0.0.0-20251201205617-2bb4c724c0f9/vm.go:841 +0x405
github.com/dop251/goja.(*vm).try.func1()
	D:/dev/codes/golang/pkg/mod/github.com/dop251/goja@v0.0.0-20251201205617-2bb4c724c0f9/vm.go:860 +0x3f
panic({0x1e09e40?, 0xc00017c5b8?})
	C:/Users/issue/.g/go/src/runtime/panic.go:792 +0x132
github.com/dop251/goja.(*vm).handleThrow(0xc0000da360, {0x1e09e40, 0xc00017c5b8})
	D:/dev/codes/golang/pkg/mod/github.com/dop251/goja@v0.0.0-20251201205617-2bb4c724c0f9/vm.go:841 +0x405
github.com/dop251/goja.(*vm).runTryInner.func1()
	D:/dev/codes/golang/pkg/mod/github.com/dop251/goja@v0.0.0-20251201205617-2bb4c724c0f9/vm.go:883 +0x3f
panic({0x1e09e40?, 0xc00017c5b8?})
	C:/Users/issue/.g/go/src/runtime/panic.go:792 +0x132
github.com/dop251/goja._add.exec({}, 0xc0000da360?)
	D:/dev/codes/golang/pkg/mod/github.com/dop251/goja@v0.0.0-20251201205617-2bb4c724c0f9/vm.go:1259 +0x57c
github.com/dop251/goja.(*vm).run(0xc0000da360)
	D:/dev/codes/golang/pkg/mod/github.com/dop251/goja@v0.0.0-20251201205617-2bb4c724c0f9/vm.go:635 +0x5b
github.com/dop251/goja.(*vm).runTryInner(0xc0000da360?)
	D:/dev/codes/golang/pkg/mod/github.com/dop251/goja@v0.0.0-20251201205617-2bb4c724c0f9/vm.go:887 +0x52
github.com/dop251/goja.(*baseJsFuncObject).__call(0xc0003ca1c0, {0xc00025e180?, 0x2, 0x1043440?}, {0x0, 0x0}, {0x0?, 0x0?})
	D:/dev/codes/golang/pkg/mod/github.com/dop251/goja@v0.0.0-20251201205617-2bb4c724c0f9/func.go:434 +0x705
github.com/dop251/goja.(*baseJsFuncObject)._call(...)
	D:/dev/codes/golang/pkg/mod/github.com/dop251/goja@v0.0.0-20251201205617-2bb4c724c0f9/func.go:450
github.com/dop251/goja.(*arrowFuncObject).Call(0xfdb80b?, {{0x204bde0, 0x2a00520}, {0xc00025e180, 0x2, 0x2}})
	D:/dev/codes/golang/pkg/mod/github.com/dop251/goja@v0.0.0-20251201205617-2bb4c724c0f9/func.go:394 +0x51
github.com/dop251/goja.AssertFunction.func1.1()
	D:/dev/codes/golang/pkg/mod/github.com/dop251/goja@v0.0.0-20251201205617-2bb4c724c0f9/runtime.go:2472 +0x56
github.com/dop251/goja.(*vm).try(0xc0000da360, 0xc00025d8a0)
	D:/dev/codes/golang/pkg/mod/github.com/dop251/goja@v0.0.0-20251201205617-2bb4c724c0f9/vm.go:864 +0x23c
github.com/dop251/goja.(*Runtime).runWrapped(0xc000004408, 0xc00025d8b8?)
	D:/dev/codes/golang/pkg/mod/github.com/dop251/goja@v0.0.0-20251201205617-2bb4c724c0f9/runtime.go:2516 +0x5f
github.com/dop251/goja.AssertFunction.func1({0x204bde0?, 0x2a00520?}, {0xc00025e180?, 0x1f?, 0x0?})
	D:/dev/codes/golang/pkg/mod/github.com/dop251/goja@v0.0.0-20251201205617-2bb4c724c0f9/runtime.go:2471 +0x8c
sw_runtime/internal/builtins.(*HTTPServerModule).createHTTPHandler.func1.1()
	D:/dev/codes/golang/src/issueye/sw_runtime/internal/builtins/httpserver.go:417 +0x3db
sw_runtime/internal/builtins.(*HTTPServerModule).createHTTPHandler.func1({0x2040ef0, 0xc00048c540}, 0xc00058ac80)
	D:/dev/codes/golang/src/issueye/sw_runtime/internal/builtins/httpserver.go:449 +0x3a6
net/http.HandlerFunc.ServeHTTP(0xc0000c4e40?, {0x2040ef0?, 0xc00048c540?}, 0x158c056?)
	C:/Users/issue/.g/go/src/net/http/server.go:2294 +0x29
net/http.(*ServeMux).ServeHTTP(0x1036599?, {0x2040ef0, 0xc00048c540}, 0xc00058ac80)
	C:/Users/issue/.g/go/src/net/http/server.go:2822 +0x1c4
net/http.serverHandler.ServeHTTP({0xc00089c750?}, {0x2040ef0?, 0xc00048c540?}, 0x1?)
	C:/Users/issue/.g/go/src/net/http/server.go:3301 +0x8e
net/http.(*conn).serve(0xc0003b2750, {0x20424a0, 0xc00062a2d0})
	C:/Users/issue/.g/go/src/net/http/server.go:2102 +0x625
created by net/http.(*Server).Serve in goroutine 4590
	C:/Users/issue/.g/go/src/net/http/server.go:3454 +0x485
DEBUG: json() called with data: map[request_number:68 result:4950 timestamp:1766843088450]
2025/12/27 21:44:48 http: panic serving [::1]:56887: runtime error: invalid memory address or nil pointer dereference
goroutine 4627 [running]:
net/http.(*conn).serve.func1()
	C:/Users/issue/.g/go/src/net/http/server.go:1947 +0xbe
panic({0x1d5aa80?, 0x298abd0?})
	C:/Users/issue/.g/go/src/runtime/panic.go:792 +0x132
github.com/dop251/goja.(*Runtime).runWrapped.func1()
	D:/dev/codes/golang/pkg/mod/github.com/dop251/goja@v0.0.0-20251201205617-2bb4c724c0f9/runtime.go:2512 +0xe5
panic({0x1d5aa80?, 0x298abd0?})
	C:/Users/issue/.g/go/src/runtime/panic.go:792 +0x132
github.com/dop251/goja.(*vm).handleThrow(0xc0000da360, {0x1d5aa80, 0x298abd0})
	D:/dev/codes/golang/pkg/mod/github.com/dop251/goja@v0.0.0-20251201205617-2bb4c724c0f9/vm.go:841 +0x405
github.com/dop251/goja.(*vm).try.func1()
	D:/dev/codes/golang/pkg/mod/github.com/dop251/goja@v0.0.0-20251201205617-2bb4c724c0f9/vm.go:860 +0x3f
panic({0x1d5aa80?, 0x298abd0?})
	C:/Users/issue/.g/go/src/runtime/panic.go:792 +0x132
github.com/dop251/goja.(*vm).handleThrow(0xc0000da360, {0x1d5aa80, 0x298abd0})
	D:/dev/codes/golang/pkg/mod/github.com/dop251/goja@v0.0.0-20251201205617-2bb4c724c0f9/vm.go:841 +0x405
github.com/dop251/goja.(*vm).runTryInner.func1()
	D:/dev/codes/golang/pkg/mod/github.com/dop251/goja@v0.0.0-20251201205617-2bb4c724c0f9/vm.go:883 +0x3f
panic({0x1d5aa80?, 0x298abd0?})
	C:/Users/issue/.g/go/src/runtime/panic.go:792 +0x132
github.com/dop251/goja.(*Runtime).toConstructor(0xc000004408, {0x204b9b8?, 0xc0006ae750?})
	D:/dev/codes/golang/pkg/mod/github.com/dop251/goja@v0.0.0-20251201205617-2bb4c724c0f9/builtin_reflect.go:10 +0x35
github.com/dop251/goja.(*Runtime).builtin_new(0x2991c90?, 0xc0006ae750, {0xc0008082a0, 0x1, 0x1})
	D:/dev/codes/golang/pkg/mod/github.com/dop251/goja@v0.0.0-20251201205617-2bb4c724c0f9/runtime.go:904 +0x31
github.com/dop251/goja.(*Runtime).NewTypeError(0xc000004408, {0xc00082b400?, 0x280?, 0xc000335578?})
	D:/dev/codes/golang/pkg/mod/github.com/dop251/goja@v0.0.0-20251201205617-2bb4c724c0f9/runtime.go:545 +0x149
github.com/dop251/goja.(*Runtime).toObject(0xc000004408, {0x204c040?, 0x20667f8?}, {0x0?, 0xc0000da360?, 0x0?})
	D:/dev/codes/golang/pkg/mod/github.com/dop251/goja@v0.0.0-20251201205617-2bb4c724c0f9/runtime.go:2630 +0xad
github.com/dop251/goja.putProp.exec({0xc0001bec73, 0x9}, 0xc0000da360)
	D:/dev/codes/golang/pkg/mod/github.com/dop251/goja@v0.0.0-20251201205617-2bb4c724c0f9/vm.go:2349 +0x5b
github.com/dop251/goja.(*vm).run(0xc0000da360)
	D:/dev/codes/golang/pkg/mod/github.com/dop251/goja@v0.0.0-20251201205617-2bb4c724c0f9/vm.go:635 +0x5b
github.com/dop251/goja.(*vm).runTryInner(0xc00068e140?)
	D:/dev/codes/golang/pkg/mod/github.com/dop251/goja@v0.0.0-20251201205617-2bb4c724c0f9/vm.go:887 +0x52
github.com/dop251/goja.(*baseJsFuncObject).__call(0xc0003ca1c0, {0xc00007cee0?, 0x2, 0x1043440?}, {0x0, 0x0}, {0x0?, 0x0?})
	D:/dev/codes/golang/pkg/mod/github.com/dop251/goja@v0.0.0-20251201205617-2bb4c724c0f9/func.go:434 +0x705
github.com/dop251/goja.(*baseJsFuncObject)._call(...)
	D:/dev/codes/golang/pkg/mod/github.com/dop251/goja@v0.0.0-20251201205617-2bb4c724c0f9/func.go:450
github.com/dop251/goja.(*arrowFuncObject).Call(0xfdb80b?, {{0x204bde0, 0x2a00520}, {0xc00007cee0, 0x2, 0x2}})
	D:/dev/codes/golang/pkg/mod/github.com/dop251/goja@v0.0.0-20251201205617-2bb4c724c0f9/func.go:394 +0x51
github.com/dop251/goja.AssertFunction.func1.1()
	D:/dev/codes/golang/pkg/mod/github.com/dop251/goja@v0.0.0-20251201205617-2bb4c724c0f9/runtime.go:2472 +0x56
github.com/dop251/goja.(*vm).try(0xc0000da360, 0xc00082b8a0)
	D:/dev/codes/golang/pkg/mod/github.com/dop251/goja@v0.0.0-20251201205617-2bb4c724c0f9/vm.go:864 +0x23c
github.com/dop251/goja.(*Runtime).runWrapped(0xc000004408, 0xc00082b8b8?)
	D:/dev/codes/golang/pkg/mod/github.com/dop251/goja@v0.0.0-20251201205617-2bb4c724c0f9/runtime.go:2516 +0x5f
github.com/dop251/goja.AssertFunction.func1({0x204bde0?, 0x2a00520?}, {0xc00007cee0?, 0x1f?, 0x0?})
	D:/dev/codes/golang/pkg/mod/github.com/dop251/goja@v0.0.0-20251201205617-2bb4c724c0f9/runtime.go:2471 +0x8c
sw_runtime/internal/builtins.(*HTTPServerModule).createHTTPHandler.func1.1()
	D:/dev/codes/golang/src/issueye/sw_runtime/internal/builtins/httpserver.go:417 +0x3db
sw_runtime/internal/builtins.(*HTTPServerModule).createHTTPHandler.func1({0x2040ef0, 0xc00081c000}, 0xc000814000)
	D:/dev/codes/golang/src/issueye/sw_runtime/internal/builtins/httpserver.go:449 +0x3a6
net/http.HandlerFunc.ServeHTTP(0xc0000c4e40?, {0x2040ef0?, 0xc00081c000?}, 0x158c056?)
	C:/Users/issue/.g/go/src/net/http/server.go:2294 +0x29
net/http.(*ServeMux).ServeHTTP(0x1036599?, {0x2040ef0, 0xc00081c000}, 0xc000814000)
	C:/Users/issue/.g/go/src/net/http/server.go:2822 +0x1c4
net/http.serverHandler.ServeHTTP({0xc000442840?}, {0x2040ef0?, 0xc00081c000?}, 0x1?)
	C:/Users/issue/.g/go/src/net/http/server.go:3301 +0x8e
net/http.(*conn).serve(0xc0002fe6c0, {0x20424a0, 0xc00062a2d0})
	C:/Users/issue/.g/go/src/net/http/server.go:2102 +0x625
created by net/http.(*Server).Serve in goroutine 4590
	C:/Users/issue/.g/go/src/net/http/server.go:3454 +0x485
DEBUG: json() wrote 61 bytes, error: <nil>
DEBUG: Handler executed successfully
2025/12/27 21:44:48 http: panic serving [::1]:56892: runtime error: index out of range [45] with length 45
goroutine 4652 [running]:
net/http.(*conn).serve.func1()
	C:/Users/issue/.g/go/src/net/http/server.go:1947 +0xbe
panic({0x1e09e40?, 0xc0002280f0?})
	C:/Users/issue/.g/go/src/runtime/panic.go:792 +0x132
github.com/dop251/goja.(*Runtime).runWrapped.func1()
	D:/dev/codes/golang/pkg/mod/github.com/dop251/goja@v0.0.0-20251201205617-2bb4c724c0f9/runtime.go:2512 +0xe5
panic({0x1e09e40?, 0xc0002280f0?})
	C:/Users/issue/.g/go/src/runtime/panic.go:792 +0x132
github.com/dop251/goja.(*vm).handleThrow(0xc0000da360, {0x1e09e40, 0xc0002280f0})
	D:/dev/codes/golang/pkg/mod/github.com/dop251/goja@v0.0.0-20251201205617-2bb4c724c0f9/vm.go:841 +0x405
github.com/dop251/goja.(*vm).try.func1()
	D:/dev/codes/golang/pkg/mod/github.com/dop251/goja@v0.0.0-20251201205617-2bb4c724c0f9/vm.go:860 +0x3f
panic({0x1e09e40?, 0xc0002280f0?})
	C:/Users/issue/.g/go/src/runtime/panic.go:792 +0x132
github.com/dop251/goja.(*baseJsFuncObject).__call(0xc0003ca1c0, {0xc000698900?, 0x2, 0x1043440?}, {0x0, 0x0}, {0x0?, 0x0?})
	D:/dev/codes/golang/pkg/mod/github.com/dop251/goja@v0.0.0-20251201205617-2bb4c724c0f9/func.go:407 +0x99b
github.com/dop251/goja.(*baseJsFuncObject)._call(...)
	D:/dev/codes/golang/pkg/mod/github.com/dop251/goja@v0.0.0-20251201205617-2bb4c724c0f9/func.go:450
github.com/dop251/goja.(*arrowFuncObject).Call(0x1019cc0?, {{0x204bde0, 0x2a00520}, {0xc000698900, 0x2, 0x2}})
	D:/dev/codes/golang/pkg/mod/github.com/dop251/goja@v0.0.0-20251201205617-2bb4c724c0f9/func.go:394 +0x51
github.com/dop251/goja.AssertFunction.func1.1()
	D:/dev/codes/golang/pkg/mod/github.com/dop251/goja@v0.0.0-20251201205617-2bb4c724c0f9/runtime.go:2472 +0x56
github.com/dop251/goja.(*vm).try(0xc0000da360, 0xc0008538a0)
	D:/dev/codes/golang/pkg/mod/github.com/dop251/goja@v0.0.0-20251201205617-2bb4c724c0f9/vm.go:864 +0x23c
github.com/dop251/goja.(*Runtime).runWrapped(0xc000004408, 0xc0008538b8?)
	D:/dev/codes/golang/pkg/mod/github.com/dop251/goja@v0.0.0-20251201205617-2bb4c724c0f9/runtime.go:2516 +0x5f
github.com/dop251/goja.AssertFunction.func1({0x204bde0?, 0x2a00520?}, {0xc000698900?, 0x1f?, 0x0?})
	D:/dev/codes/golang/pkg/mod/github.com/dop251/goja@v0.0.0-20251201205617-2bb4c724c0f9/runtime.go:2471 +0x8c
sw_runtime/internal/builtins.(*HTTPServerModule).createHTTPHandler.func1.1()
	D:/dev/codes/golang/src/issueye/sw_runtime/internal/builtins/httpserver.go:417 +0x3db
sw_runtime/internal/builtins.(*HTTPServerModule).createHTTPHandler.func1({0x2040ef0, 0xc0006942a0}, 0xc00068ec80)
	D:/dev/codes/golang/src/issueye/sw_runtime/internal/builtins/httpserver.go:449 +0x3a6
net/http.HandlerFunc.ServeHTTP(0xc0000c4e40?, {0x2040ef0?, 0xc0006942a0?}, 0x158c056?)
	C:/Users/issue/.g/go/src/net/http/server.go:2294 +0x29
net/http.(*ServeMux).ServeHTTP(0x1036599?, {0x2040ef0, 0xc0006942a0}, 0xc00068ec80)
	C:/Users/issue/.g/go/src/net/http/server.go:2822 +0x1c4
net/http.serverHandler.ServeHTTP({0xc00062b050?}, {0x2040ef0?, 0xc0006942a0?}, 0x1?)
	C:/Users/issue/.g/go/src/net/http/server.go:3301 +0x8e
net/http.(*conn).serve(0xc0003b2480, {0x20424a0, 0xc00062a2d0})
	C:/Users/issue/.g/go/src/net/http/server.go:2102 +0x625
created by net/http.(*Server).Serve in goroutine 4590
	C:/Users/issue/.g/go/src/net/http/server.go:3454 +0x485
2025/12/27 21:44:48 http: panic serving [::1]:56890: runtime error: invalid memory address or nil pointer dereference
goroutine 4650 [running]:
net/http.(*conn).serve.func1()
	C:/Users/issue/.g/go/src/net/http/server.go:1947 +0xbe
panic({0x1d5aa80?, 0x298abd0?})
	C:/Users/issue/.g/go/src/runtime/panic.go:792 +0x132
github.com/dop251/goja.(*Runtime).runWrapped.func1()
	D:/dev/codes/golang/pkg/mod/github.com/dop251/goja@v0.0.0-20251201205617-2bb4c724c0f9/runtime.go:2512 +0xe5
panic({0x1d5aa80?, 0x298abd0?})
	C:/Users/issue/.g/go/src/runtime/panic.go:792 +0x132
github.com/dop251/goja.(*vm).handleThrow(0xc0000da360, {0x1d5aa80, 0x298abd0})
	D:/dev/codes/golang/pkg/mod/github.com/dop251/goja@v0.0.0-20251201205617-2bb4c724c0f9/vm.go:841 +0x405
github.com/dop251/goja.(*vm).try.func1()
	D:/dev/codes/golang/pkg/mod/github.com/dop251/goja@v0.0.0-20251201205617-2bb4c724c0f9/vm.go:860 +0x3f
panic({0x1d5aa80?, 0x298abd0?})
	C:/Users/issue/.g/go/src/runtime/panic.go:792 +0x132
github.com/dop251/goja.(*vm).handleThrow(0xc0000da360, {0x1d5aa80, 0x298abd0})
	D:/dev/codes/golang/pkg/mod/github.com/dop251/goja@v0.0.0-20251201205617-2bb4c724c0f9/vm.go:841 +0x405
github.com/dop251/goja.(*vm).runTryInner.func1()
	D:/dev/codes/golang/pkg/mod/github.com/dop251/goja@v0.0.0-20251201205617-2bb4c724c0f9/vm.go:883 +0x3f
panic({0x1d5aa80?, 0x298abd0?})
	C:/Users/issue/.g/go/src/runtime/panic.go:792 +0x132
github.com/dop251/goja.(*vm).run(0xc0000da360)
	D:/dev/codes/golang/pkg/mod/github.com/dop251/goja@v0.0.0-20251201205617-2bb4c724c0f9/vm.go:632 +0xaa
github.com/dop251/goja.(*vm).runTryInner(0xc0000da360?)
	D:/dev/codes/golang/pkg/mod/github.com/dop251/goja@v0.0.0-20251201205617-2bb4c724c0f9/vm.go:887 +0x52
github.com/dop251/goja.(*baseJsFuncObject).__call(0xc0003ca1c0, {0xc000416760?, 0x2, 0x1043440?}, {0x0, 0x0}, {0x0?, 0x0?})
	D:/dev/codes/golang/pkg/mod/github.com/dop251/goja@v0.0.0-20251201205617-2bb4c724c0f9/func.go:434 +0x705
github.com/dop251/goja.(*baseJsFuncObject)._call(...)
	D:/dev/codes/golang/pkg/mod/github.com/dop251/goja@v0.0.0-20251201205617-2bb4c724c0f9/func.go:450
github.com/dop251/goja.(*arrowFuncObject).Call(0x1019cc0?, {{0x204bde0, 0x2a00520}, {0xc000416760, 0x2, 0x2}})
	D:/dev/codes/golang/pkg/mod/github.com/dop251/goja@v0.0.0-20251201205617-2bb4c724c0f9/func.go:394 +0x51
github.com/dop251/goja.AssertFunction.func1.1()
	D:/dev/codes/golang/pkg/mod/github.com/dop251/goja@v0.0.0-20251201205617-2bb4c724c0f9/runtime.go:2472 +0x56
github.com/dop251/goja.(*vm).try(0xc0000da360, 0xc00053f8a0)
	D:/dev/codes/golang/pkg/mod/github.com/dop251/goja@v0.0.0-20251201205617-2bb4c724c0f9/vm.go:864 +0x23c
github.com/dop251/goja.(*Runtime).runWrapped(0xc000004408, 0xc00053f8b8?)
	D:/dev/codes/golang/pkg/mod/github.com/dop251/goja@v0.0.0-20251201205617-2bb4c724c0f9/runtime.go:2516 +0x5f
github.com/dop251/goja.AssertFunction.func1({0x204bde0?, 0x2a00520?}, {0xc000416760?, 0x1f?, 0x0?})
	D:/dev/codes/golang/pkg/mod/github.com/dop251/goja@v0.0.0-20251201205617-2bb4c724c0f9/runtime.go:2471 +0x8c
sw_runtime/internal/builtins.(*HTTPServerModule).createHTTPHandler.func1.1()
	D:/dev/codes/golang/src/issueye/sw_runtime/internal/builtins/httpserver.go:417 +0x3db
sw_runtime/internal/builtins.(*HTTPServerModule).createHTTPHandler.func1({0x2040ef0, 0xc0003ca0e0}, 0xc000180280)
	D:/dev/codes/golang/src/issueye/sw_runtime/internal/builtins/httpserver.go:449 +0x3a6
net/http.HandlerFunc.ServeHTTP(0xc0000c4e40?, {0x2040ef0?, 0xc0003ca0e0?}, 0x158c056?)
	C:/Users/issue/.g/go/src/net/http/server.go:2294 +0x29
net/http.(*ServeMux).ServeHTTP(0x1036599?, {0x2040ef0, 0xc0003ca0e0}, 0xc000180280)
	C:/Users/issue/.g/go/src/net/http/server.go:2822 +0x1c4
net/http.serverHandler.ServeHTTP({0xc000410f90?}, {0x2040ef0?, 0xc0003ca0e0?}, 0x1?)
	C:/Users/issue/.g/go/src/net/http/server.go:3301 +0x8e
net/http.(*conn).serve(0xc0003b2360, {0x20424a0, 0xc00062a2d0})
	C:/Users/issue/.g/go/src/net/http/server.go:2102 +0x625
created by net/http.(*Server).Serve in goroutine 4590
	C:/Users/issue/.g/go/src/net/http/server.go:3454 +0x485
DEBUG: Executing route handler
2025/12/27 21:44:48 http: panic serving [::1]:56894: runtime error: invalid memory address or nil pointer dereference
goroutine 2968 [running]:
net/http.(*conn).serve.func1()
	C:/Users/issue/.g/go/src/net/http/server.go:1947 +0xbe
panic({0x1d5aa80?, 0x298abd0?})
	C:/Users/issue/.g/go/src/runtime/panic.go:792 +0x132
github.com/dop251/goja.(*Runtime).runWrapped.func1()
	D:/dev/codes/golang/pkg/mod/github.com/dop251/goja@v0.0.0-20251201205617-2bb4c724c0f9/runtime.go:2512 +0xe5
panic({0x1d5aa80?, 0x298abd0?})
	C:/Users/issue/.g/go/src/runtime/panic.go:792 +0x132
github.com/dop251/goja.(*vm).handleThrow(0xc0000da360, {0x1d5aa80, 0x298abd0})
	D:/dev/codes/golang/pkg/mod/github.com/dop251/goja@v0.0.0-20251201205617-2bb4c724c0f9/vm.go:841 +0x405
github.com/dop251/goja.(*vm).try.func1()
	D:/dev/codes/golang/pkg/mod/github.com/dop251/goja@v0.0.0-20251201205617-2bb4c724c0f9/vm.go:860 +0x3f
panic({0x1d5aa80?, 0x298abd0?})
	C:/Users/issue/.g/go/src/runtime/panic.go:792 +0x132
github.com/dop251/goja.(*vm).handleThrow(0xc0000da360, {0x1d5aa80, 0x298abd0})
	D:/dev/codes/golang/pkg/mod/github.com/dop251/goja@v0.0.0-20251201205617-2bb4c724c0f9/vm.go:841 +0x405
github.com/dop251/goja.(*vm).runTryInner.func1()
	D:/dev/codes/golang/pkg/mod/github.com/dop251/goja@v0.0.0-20251201205617-2bb4c724c0f9/vm.go:883 +0x3f
panic({0x1d5aa80?, 0x298abd0?})
	C:/Users/issue/.g/go/src/runtime/panic.go:792 +0x132
github.com/dop251/goja.(*vm).run(0xc0000da360)
	D:/dev/codes/golang/pkg/mod/github.com/dop251/goja@v0.0.0-20251201205617-2bb4c724c0f9/vm.go:632 +0xaa
github.com/dop251/goja.(*vm).runTryInner(0xc0000da360?)
	D:/dev/codes/golang/pkg/mod/github.com/dop251/goja@v0.0.0-20251201205617-2bb4c724c0f9/vm.go:887 +0x52
github.com/dop251/goja.(*baseJsFuncObject).__call(0xc0003ca1c0, {0xc00098e7c0?, 0x2, 0x1043440?}, {0x0, 0x0}, {0x0?, 0x0?})
	D:/dev/codes/golang/pkg/mod/github.com/dop251/goja@v0.0.0-20251201205617-2bb4c724c0f9/func.go:434 +0x705
github.com/dop251/goja.(*baseJsFuncObject)._call(...)
	D:/dev/codes/golang/pkg/mod/github.com/dop251/goja@v0.0.0-20251201205617-2bb4c724c0f9/func.go:450
github.com/dop251/goja.(*arrowFuncObject).Call(0xc000883da0?, {{0x204bde0, 0x2a00520}, {0xc00098e7c0, 0x2, 0x2}})
	D:/dev/codes/golang/pkg/mod/github.com/dop251/goja@v0.0.0-20251201205617-2bb4c724c0f9/func.go:394 +0x51
github.com/dop251/goja.AssertFunction.func1.1()
	D:/dev/codes/golang/pkg/mod/github.com/dop251/goja@v0.0.0-20251201205617-2bb4c724c0f9/runtime.go:2472 +0x56
github.com/dop251/goja.(*vm).try(0xc0000da360, 0xc0008278a0)
	D:/dev/codes/golang/pkg/mod/github.com/dop251/goja@v0.0.0-20251201205617-2bb4c724c0f9/vm.go:864 +0x23c
github.com/dop251/goja.(*Runtime).runWrapped(0xc000004408, 0xc0008278b8?)
	D:/dev/codes/golang/pkg/mod/github.com/dop251/goja@v0.0.0-20251201205617-2bb4c724c0f9/runtime.go:2516 +0x5f
github.com/dop251/goja.AssertFunction.func1({0x204bde0?, 0x2a00520?}, {0xc00098e7c0?, 0x1f?, 0x0?})
	D:/dev/codes/golang/pkg/mod/github.com/dop251/goja@v0.0.0-20251201205617-2bb4c724c0f9/runtime.go:2471 +0x8c
sw_runtime/internal/builtins.(*HTTPServerModule).createHTTPHandler.func1.1()
	D:/dev/codes/golang/src/issueye/sw_runtime/internal/builtins/httpserver.go:417 +0x3db
sw_runtime/internal/builtins.(*HTTPServerModule).createHTTPHandler.func1({0x2040ef0, 0xc0009142a0}, 0xc0000e6f00)
	D:/dev/codes/golang/src/issueye/sw_runtime/internal/builtins/httpserver.go:449 +0x3a6
net/http.HandlerFunc.ServeHTTP(0xc0000c4e40?, {0x2040ef0?, 0xc0009142a0?}, 0x158c056?)
	C:/Users/issue/.g/go/src/net/http/server.go:2294 +0x29
net/http.(*ServeMux).ServeHTTP(0x1036599?, {0x2040ef0, 0xc0009142a0}, 0xc0000e6f00)
	C:/Users/issue/.g/go/src/net/http/server.go:2822 +0x1c4
net/http.serverHandler.ServeHTTP({0xc000780db0?}, {0x2040ef0?, 0xc0009142a0?}, 0x1?)
	C:/Users/issue/.g/go/src/net/http/server.go:3301 +0x8e
net/http.(*conn).serve(0xc0007a61b0, {0x20424a0, 0xc00062a2d0})
	C:/Users/issue/.g/go/src/net/http/server.go:2102 +0x625
created by net/http.(*Server).Serve in goroutine 4590
	C:/Users/issue/.g/go/src/net/http/server.go:3454 +0x485
2025/12/27 21:44:48 http: panic serving [::1]:56898: runtime error: index out of range [47] with length 47
goroutine 4637 [running]:
net/http.(*conn).serve.func1()
	C:/Users/issue/.g/go/src/net/http/server.go:1947 +0xbe
panic({0x1e09e40?, 0xc0007b01b0?})
	C:/Users/issue/.g/go/src/runtime/panic.go:792 +0x132
github.com/dop251/goja.(*Runtime).runWrapped.func1()
	D:/dev/codes/golang/pkg/mod/github.com/dop251/goja@v0.0.0-20251201205617-2bb4c724c0f9/runtime.go:2512 +0xe5
panic({0x1e09e40?, 0xc0007b01b0?})
	C:/Users/issue/.g/go/src/runtime/panic.go:792 +0x132
github.com/dop251/goja.(*vm).handleThrow(0xc0000da360, {0x1e09e40, 0xc0007b01b0})
	D:/dev/codes/golang/pkg/mod/github.com/dop251/goja@v0.0.0-20251201205617-2bb4c724c0f9/vm.go:841 +0x405
github.com/dop251/goja.(*vm).try.func1()
	D:/dev/codes/golang/pkg/mod/github.com/dop251/goja@v0.0.0-20251201205617-2bb4c724c0f9/vm.go:860 +0x3f
panic({0x1e09e40?, 0xc0007b01b0?})
	C:/Users/issue/.g/go/src/runtime/panic.go:792 +0x132
github.com/dop251/goja.(*vm).handleThrow(0xc0000da360, {0x1e09e40, 0xc0007b01b0})
	D:/dev/codes/golang/pkg/mod/github.com/dop251/goja@v0.0.0-20251201205617-2bb4c724c0f9/vm.go:841 +0x405
github.com/dop251/goja.(*vm).runTryInner.func1()
	D:/dev/codes/golang/pkg/mod/github.com/dop251/goja@v0.0.0-20251201205617-2bb4c724c0f9/vm.go:883 +0x3f
panic({0x1e09e40?, 0xc0007b01b0?})
	C:/Users/issue/.g/go/src/runtime/panic.go:792 +0x132
github.com/dop251/goja.jneP.exec(...)
	D:/dev/codes/golang/pkg/mod/github.com/dop251/goja@v0.0.0-20251201205617-2bb4c724c0f9/vm.go:4302
github.com/dop251/goja.(*vm).run(0xc0000da360)
	D:/dev/codes/golang/pkg/mod/github.com/dop251/goja@v0.0.0-20251201205617-2bb4c724c0f9/vm.go:635 +0x5b
github.com/dop251/goja.(*vm).runTryInner(0xc0000da360?)
	D:/dev/codes/golang/pkg/mod/github.com/dop251/goja@v0.0.0-20251201205617-2bb4c724c0f9/vm.go:887 +0x52
github.com/dop251/goja.(*baseJsFuncObject).__call(0xc0003ca1c0, {0xc000540440?, 0x2, 0x1043440?}, {0x0, 0x0}, {0x0?, 0x0?})
	D:/dev/codes/golang/pkg/mod/github.com/dop251/goja@v0.0.0-20251201205617-2bb4c724c0f9/func.go:434 +0x705
github.com/dop251/goja.(*baseJsFuncObject)._call(...)
	D:/dev/codes/golang/pkg/mod/github.com/dop251/goja@v0.0.0-20251201205617-2bb4c724c0f9/func.go:450
github.com/dop251/goja.(*arrowFuncObject).Call(0x1019cc0?, {{0x204bde0, 0x2a00520}, {0xc000540440, 0x2, 0x2}})
	D:/dev/codes/golang/pkg/mod/github.com/dop251/goja@v0.0.0-20251201205617-2bb4c724c0f9/func.go:394 +0x51
github.com/dop251/goja.AssertFunction.func1.1()
	D:/dev/codes/golang/pkg/mod/github.com/dop251/goja@v0.0.0-20251201205617-2bb4c724c0f9/runtime.go:2472 +0x56
github.com/dop251/goja.(*vm).try(0xc0000da360, 0xc0005038a0)
	D:/dev/codes/golang/pkg/mod/github.com/dop251/goja@v0.0.0-20251201205617-2bb4c724c0f9/vm.go:864 +0x23c
github.com/dop251/goja.(*Runtime).runWrapped(0xc000004408, 0xc0005038b8?)
	D:/dev/codes/golang/pkg/mod/github.com/dop251/goja@v0.0.0-20251201205617-2bb4c724c0f9/runtime.go:2516 +0x5f
github.com/dop251/goja.AssertFunction.func1({0x204bde0?, 0x2a00520?}, {0xc000540440?, 0x1f?, 0x0?})
	D:/dev/codes/golang/pkg/mod/github.com/dop251/goja@v0.0.0-20251201205617-2bb4c724c0f9/runtime.go:2471 +0x8c
sw_runtime/internal/builtins.(*HTTPServerModule).createHTTPHandler.func1.1()
	D:/dev/codes/golang/src/issueye/sw_runtime/internal/builtins/httpserver.go:417 +0x3db
sw_runtime/internal/builtins.(*HTTPServerModule).createHTTPHandler.func1({0x2040ef0, 0xc0007721c0}, 0xc00045c3c0)
	D:/dev/codes/golang/src/issueye/sw_runtime/internal/builtins/httpserver.go:449 +0x3a6
net/http.HandlerFunc.ServeHTTP(0xc0000c4e40?, {0x2040ef0?, 0xc0007721c0?}, 0x158c056?)
	C:/Users/issue/.g/go/src/net/http/server.go:2294 +0x29
net/http.(*ServeMux).ServeHTTP(0x1036599?, {0x2040ef0, 0xc0007721c0}, 0xc00045c3c0)
	C:/Users/issue/.g/go/src/net/http/server.go:2822 +0x1c4
net/http.serverHandler.ServeHTTP({0xc000813e90?}, {0x2040ef0?, 0xc0007721c0?}, 0x1?)
	C:/Users/issue/.g/go/src/net/http/server.go:3301 +0x8e
net/http.(*conn).serve(0xc0002fee10, {0x20424a0, 0xc00062a2d0})
	C:/Users/issue/.g/go/src/net/http/server.go:2102 +0x625
created by net/http.(*Server).Serve in goroutine 4590
	C:/Users/issue/.g/go/src/net/http/server.go:3454 +0x485
DEBUG: Executing route handler
DEBUG: json() called with data: map[request_number:69 result:4950 timestamp:1766843088451]
2025/12/27 21:44:48 http: panic serving [::1]:56897: runtime error: index out of range [57] with length 57
goroutine 4636 [running]:
net/http.(*conn).serve.func1()
	C:/Users/issue/.g/go/src/net/http/server.go:1947 +0xbe
panic({0x1e09e40?, 0xc0004540c0?})
	C:/Users/issue/.g/go/src/runtime/panic.go:792 +0x132
github.com/dop251/goja.(*Runtime).runWrapped.func1()
	D:/dev/codes/golang/pkg/mod/github.com/dop251/goja@v0.0.0-20251201205617-2bb4c724c0f9/runtime.go:2512 +0xe5
panic({0x1e09e40?, 0xc0004540c0?})
	C:/Users/issue/.g/go/src/runtime/panic.go:792 +0x132
github.com/dop251/goja.(*vm).handleThrow(0xc0000da360, {0x1e09e40, 0xc0004540c0})
	D:/dev/codes/golang/pkg/mod/github.com/dop251/goja@v0.0.0-20251201205617-2bb4c724c0f9/vm.go:841 +0x405
github.com/dop251/goja.(*vm).try.func1()
	D:/dev/codes/golang/pkg/mod/github.com/dop251/goja@v0.0.0-20251201205617-2bb4c724c0f9/vm.go:860 +0x3f
panic({0x1e09e40?, 0xc0004540c0?})
	C:/Users/issue/.g/go/src/runtime/panic.go:792 +0x132
github.com/dop251/goja.(*vm).handleThrow(0xc0000da360, {0x1e09e40, 0xc0004540c0})
	D:/dev/codes/golang/pkg/mod/github.com/dop251/goja@v0.0.0-20251201205617-2bb4c724c0f9/vm.go:841 +0x405
github.com/dop251/goja.(*vm).runTryInner.func1()
	D:/dev/codes/golang/pkg/mod/github.com/dop251/goja@v0.0.0-20251201205617-2bb4c724c0f9/vm.go:883 +0x3f
panic({0x1e09e40?, 0xc0004540c0?})
	C:/Users/issue/.g/go/src/runtime/panic.go:792 +0x132
github.com/dop251/goja.(*vm).storeStackLex(...)
	D:/dev/codes/golang/pkg/mod/github.com/dop251/goja@v0.0.0-20251201205617-2bb4c724c0f9/vm.go:1128
github.com/dop251/goja.storeStackLexP.exec(...)
	D:/dev/codes/golang/pkg/mod/github.com/dop251/goja@v0.0.0-20251201205617-2bb4c724c0f9/vm.go:1234
github.com/dop251/goja.(*vm).run(0xc0000da360)
	D:/dev/codes/golang/pkg/mod/github.com/dop251/goja@v0.0.0-20251201205617-2bb4c724c0f9/vm.go:635 +0x5b
github.com/dop251/goja.(*vm).runTryInner(0xc0000da360?)
	D:/dev/codes/golang/pkg/mod/github.com/dop251/goja@v0.0.0-20251201205617-2bb4c724c0f9/vm.go:887 +0x52
github.com/dop251/goja.(*baseJsFuncObject).__call(0xc0003ca1c0, {0xc00045a3c0?, 0x2, 0x1043440?}, {0x0, 0x0}, {0x0?, 0x0?})
	D:/dev/codes/golang/pkg/mod/github.com/dop251/goja@v0.0.0-20251201205617-2bb4c724c0f9/func.go:434 +0x705
github.com/dop251/goja.(*baseJsFuncObject)._call(...)
	D:/dev/codes/golang/pkg/mod/github.com/dop251/goja@v0.0.0-20251201205617-2bb4c724c0f9/func.go:450
github.com/dop251/goja.(*arrowFuncObject).Call(0xfdb80b?, {{0x204bde0, 0x2a00520}, {0xc00045a3c0, 0x2, 0x2}})
	D:/dev/codes/golang/pkg/mod/github.com/dop251/goja@v0.0.0-20251201205617-2bb4c724c0f9/func.go:394 +0x51
github.com/dop251/goja.AssertFunction.func1.1()
	D:/dev/codes/golang/pkg/mod/github.com/dop251/goja@v0.0.0-20251201205617-2bb4c724c0f9/runtime.go:2472 +0x56
github.com/dop251/goja.(*vm).try(0xc0000da360, 0xc0002598a0)
	D:/dev/codes/golang/pkg/mod/github.com/dop251/goja@v0.0.0-20251201205617-2bb4c724c0f9/vm.go:864 +0x23c
github.com/dop251/goja.(*Runtime).runWrapped(0xc000004408, 0xc0002598b8?)
	D:/dev/codes/golang/pkg/mod/github.com/dop251/goja@v0.0.0-20251201205617-2bb4c724c0f9/runtime.go:2516 +0x5f
github.com/dop251/goja.AssertFunction.func1({0x204bde0?, 0x2a00520?}, {0xc00045a3c0?, 0x1f?, 0x0?})
	D:/dev/codes/golang/pkg/mod/github.com/dop251/goja@v0.0.0-20251201205617-2bb4c724c0f9/runtime.go:2471 +0x8c
sw_runtime/internal/builtins.(*HTTPServerModule).createHTTPHandler.func1.1()
	D:/dev/codes/golang/src/issueye/sw_runtime/internal/builtins/httpserver.go:417 +0x3db
sw_runtime/internal/builtins.(*HTTPServerModule).createHTTPHandler.func1({0x2040ef0, 0xc0007b22a0}, 0xc00070f180)
	D:/dev/codes/golang/src/issueye/sw_runtime/internal/builtins/httpserver.go:449 +0x3a6
net/http.HandlerFunc.ServeHTTP(0xc0000c4e40?, {0x2040ef0?, 0xc0007b22a0?}, 0x158c056?)
	C:/Users/issue/.g/go/src/net/http/server.go:2294 +0x29
net/http.(*ServeMux).ServeHTTP(0x1036599?, {0x2040ef0, 0xc0007b22a0}, 0xc00070f180)
	C:/Users/issue/.g/go/src/net/http/server.go:2822 +0x1c4
net/http.serverHandler.ServeHTTP({0xc000882f30?}, {0x2040ef0?, 0xc0007b22a0?}, 0x1?)
	C:/Users/issue/.g/go/src/net/http/server.go:3301 +0x8e
net/http.(*conn).serve(0xc0002fed80, {0x20424a0, 0xc00062a2d0})
	C:/Users/issue/.g/go/src/net/http/server.go:2102 +0x625
created by net/http.(*Server).Serve in goroutine 4590
	C:/Users/issue/.g/go/src/net/http/server.go:3454 +0x485
DEBUG: json() wrote 61 bytes, error: <nil>
DEBUG: Handler executed successfully
DEBUG: Executing route handler
DEBUG: Executing route handler
DEBUG: Executing route handler
DEBUG: Executing route handler
DEBUG: json() called with data: map[request_number:70 result:4950 timestamp:1766843088457]
DEBUG: json() wrote 61 bytes, error: <nil>
DEBUG: Handler executed successfully
DEBUG: Executing route handler
DEBUG: Handler executed successfully
DEBUG: Executing route handler
DEBUG: Handler error: TypeError: Value is not an object: NaN at <eval>:13:5(31)
2025/12/27 21:44:48 http: panic serving [::1]:56907: runtime error: index out of range [-1]
goroutine 4772 [running]:
net/http.(*conn).serve.func1()
	C:/Users/issue/.g/go/src/net/http/server.go:1947 +0xbe
panic({0x1e09e40?, 0xc0004be0a8?})
	C:/Users/issue/.g/go/src/runtime/panic.go:792 +0x132
github.com/dop251/goja.(*Runtime).runWrapped.func1()
	D:/dev/codes/golang/pkg/mod/github.com/dop251/goja@v0.0.0-20251201205617-2bb4c724c0f9/runtime.go:2512 +0xe5
panic({0x1e09e40?, 0xc0004be0a8?})
	C:/Users/issue/.g/go/src/runtime/panic.go:792 +0x132
github.com/dop251/goja.(*vm).handleThrow(0xc0000da360, {0x1e09e40, 0xc0004be0a8})
	D:/dev/codes/golang/pkg/mod/github.com/dop251/goja@v0.0.0-20251201205617-2bb4c724c0f9/vm.go:841 +0x405
github.com/dop251/goja.(*vm).try.func1()
	D:/dev/codes/golang/pkg/mod/github.com/dop251/goja@v0.0.0-20251201205617-2bb4c724c0f9/vm.go:860 +0x3f
panic({0x1e09e40?, 0xc0004be0a8?})
	C:/Users/issue/.g/go/src/runtime/panic.go:792 +0x132
github.com/dop251/goja.(*vm).handleThrow(0xc0000da360, {0x1e09e40, 0xc0004be0a8})
	D:/dev/codes/golang/pkg/mod/github.com/dop251/goja@v0.0.0-20251201205617-2bb4c724c0f9/vm.go:841 +0x405
github.com/dop251/goja.(*vm).runTryInner.func1()
	D:/dev/codes/golang/pkg/mod/github.com/dop251/goja@v0.0.0-20251201205617-2bb4c724c0f9/vm.go:883 +0x3f
panic({0x1e09e40?, 0xc0004be0a8?})
	C:/Users/issue/.g/go/src/runtime/panic.go:792 +0x132
github.com/dop251/goja._getValue.exec({}, 0xc0000da360?)
	D:/dev/codes/golang/pkg/mod/github.com/dop251/goja@v0.0.0-20251201205617-2bb4c724c0f9/vm.go:3391 +0x1b6
github.com/dop251/goja.(*vm).run(0xc0000da360)
	D:/dev/codes/golang/pkg/mod/github.com/dop251/goja@v0.0.0-20251201205617-2bb4c724c0f9/vm.go:635 +0x5b
github.com/dop251/goja.(*vm).runTryInner(0xc0000da360?)
	D:/dev/codes/golang/pkg/mod/github.com/dop251/goja@v0.0.0-20251201205617-2bb4c724c0f9/vm.go:887 +0x52
github.com/dop251/goja.(*baseJsFuncObject).__call(0xc0003ca1c0, {0xc00007cf80?, 0x2, 0x1043440?}, {0x0, 0x0}, {0x0?, 0x0?})
	D:/dev/codes/golang/pkg/mod/github.com/dop251/goja@v0.0.0-20251201205617-2bb4c724c0f9/func.go:434 +0x705
github.com/dop251/goja.(*baseJsFuncObject)._call(...)
	D:/dev/codes/golang/pkg/mod/github.com/dop251/goja@v0.0.0-20251201205617-2bb4c724c0f9/func.go:450
github.com/dop251/goja.(*arrowFuncObject).Call(0x1019cc0?, {{0x204bde0, 0x2a00520}, {0xc00007cf80, 0x2, 0x2}})
	D:/dev/codes/golang/pkg/mod/github.com/dop251/goja@v0.0.0-20251201205617-2bb4c724c0f9/func.go:394 +0x51
github.com/dop251/goja.AssertFunction.func1.1()
	D:/dev/codes/golang/pkg/mod/github.com/dop251/goja@v0.0.0-20251201205617-2bb4c724c0f9/runtime.go:2472 +0x56
github.com/dop251/goja.(*vm).try(0xc0000da360, 0xc00025d8a0)
	D:/dev/codes/golang/pkg/mod/github.com/dop251/goja@v0.0.0-20251201205617-2bb4c724c0f9/vm.go:864 +0x23c
github.com/dop251/goja.(*Runtime).runWrapped(0xc000004408, 0xc00025d8b8?)
	D:/dev/codes/golang/pkg/mod/github.com/dop251/goja@v0.0.0-20251201205617-2bb4c724c0f9/runtime.go:2516 +0x5f
github.com/dop251/goja.AssertFunction.func1({0x204bde0?, 0x2a00520?}, {0xc00007cf80?, 0x1f?, 0x0?})
	D:/dev/codes/golang/pkg/mod/github.com/dop251/goja@v0.0.0-20251201205617-2bb4c724c0f9/runtime.go:2471 +0x8c
sw_runtime/internal/builtins.(*HTTPServerModule).createHTTPHandler.func1.1()
	D:/dev/codes/golang/src/issueye/sw_runtime/internal/builtins/httpserver.go:417 +0x3db
sw_runtime/internal/builtins.(*HTTPServerModule).createHTTPHandler.func1({0x2040ef0, 0xc0004c22a0}, 0xc00036c780)
	D:/dev/codes/golang/src/issueye/sw_runtime/internal/builtins/httpserver.go:449 +0x3a6
net/http.HandlerFunc.ServeHTTP(0xc0000c4e40?, {0x2040ef0?, 0xc0004c22a0?}, 0x158c056?)
	C:/Users/issue/.g/go/src/net/http/server.go:2294 +0x29
net/http.(*ServeMux).ServeHTTP(0x1036599?, {0x2040ef0, 0xc0004c22a0}, 0xc00036c780)
	C:/Users/issue/.g/go/src/net/http/server.go:2822 +0x1c4
net/http.serverHandler.ServeHTTP({0xc0001ffb90?}, {0x2040ef0?, 0xc0004c22a0?}, 0x1?)
	C:/Users/issue/.g/go/src/net/http/server.go:3301 +0x8e
net/http.(*conn).serve(0xc0001bc510, {0x20424a0, 0xc00062a2d0})
	C:/Users/issue/.g/go/src/net/http/server.go:2102 +0x625
created by net/http.(*Server).Serve in goroutine 4590
	C:/Users/issue/.g/go/src/net/http/server.go:3454 +0x485
DEBUG: Executing route handler
DEBUG: Executing route handler
DEBUG: Executing route handler
2025/12/27 21:44:48 http: panic serving [::1]:56908: runtime error: invalid memory address or nil pointer dereference
goroutine 4835 [running]:
net/http.(*conn).serve.func1()
	C:/Users/issue/.g/go/src/net/http/server.go:1947 +0xbe
panic({0x1d5aa80?, 0x298abd0?})
	C:/Users/issue/.g/go/src/runtime/panic.go:792 +0x132
github.com/dop251/goja.(*Runtime).runWrapped.func1()
	D:/dev/codes/golang/pkg/mod/github.com/dop251/goja@v0.0.0-20251201205617-2bb4c724c0f9/runtime.go:2512 +0xe5
panic({0x1d5aa80?, 0x298abd0?})
	C:/Users/issue/.g/go/src/runtime/panic.go:792 +0x132
github.com/dop251/goja.(*vm).handleThrow(0xc0000da360, {0x1d5aa80, 0x298abd0})
	D:/dev/codes/golang/pkg/mod/github.com/dop251/goja@v0.0.0-20251201205617-2bb4c724c0f9/vm.go:841 +0x405
github.com/dop251/goja.(*vm).try.func1()
	D:/dev/codes/golang/pkg/mod/github.com/dop251/goja@v0.0.0-20251201205617-2bb4c724c0f9/vm.go:860 +0x3f
panic({0x1d5aa80?, 0x298abd0?})
	C:/Users/issue/.g/go/src/runtime/panic.go:792 +0x132
github.com/dop251/goja.(*vm).handleThrow(0xc0000da360, {0x1d5aa80, 0x298abd0})
	D:/dev/codes/golang/pkg/mod/github.com/dop251/goja@v0.0.0-20251201205617-2bb4c724c0f9/vm.go:841 +0x405
github.com/dop251/goja.(*vm).runTryInner.func1()
	D:/dev/codes/golang/pkg/mod/github.com/dop251/goja@v0.0.0-20251201205617-2bb4c724c0f9/vm.go:883 +0x3f
panic({0x1d5aa80?, 0x298abd0?})
	C:/Users/issue/.g/go/src/runtime/panic.go:792 +0x132
github.com/dop251/goja.(*vm).run(0xc0000da360)
	D:/dev/codes/golang/pkg/mod/github.com/dop251/goja@v0.0.0-20251201205617-2bb4c724c0f9/vm.go:632 +0xaa
github.com/dop251/goja.(*vm).runTryInner(0xc0000da360?)
	D:/dev/codes/golang/pkg/mod/github.com/dop251/goja@v0.0.0-20251201205617-2bb4c724c0f9/vm.go:887 +0x52
github.com/dop251/goja.(*baseJsFuncObject).__call(0xc0003ca1c0, {0xc000540a40?, 0x2, 0x1043440?}, {0x0, 0x0}, {0x0?, 0x0?})
	D:/dev/codes/golang/pkg/mod/github.com/dop251/goja@v0.0.0-20251201205617-2bb4c724c0f9/func.go:434 +0x705
github.com/dop251/goja.(*baseJsFuncObject)._call(...)
	D:/dev/codes/golang/pkg/mod/github.com/dop251/goja@v0.0.0-20251201205617-2bb4c724c0f9/func.go:450
github.com/dop251/goja.(*arrowFuncObject).Call(0x1019cc0?, {{0x204bde0, 0x2a00520}, {0xc000540a40, 0x2, 0x2}})
	D:/dev/codes/golang/pkg/mod/github.com/dop251/goja@v0.0.0-20251201205617-2bb4c724c0f9/func.go:394 +0x51
github.com/dop251/goja.AssertFunction.func1.1()
	D:/dev/codes/golang/pkg/mod/github.com/dop251/goja@v0.0.0-20251201205617-2bb4c724c0f9/runtime.go:2472 +0x56
github.com/dop251/goja.(*vm).try(0xc0000da360, 0xc0008a18a0)
	D:/dev/codes/golang/pkg/mod/github.com/dop251/goja@v0.0.0-20251201205617-2bb4c724c0f9/vm.go:864 +0x23c
github.com/dop251/goja.(*Runtime).runWrapped(0xc000004408, 0xc0008a18b8?)
	D:/dev/codes/golang/pkg/mod/github.com/dop251/goja@v0.0.0-20251201205617-2bb4c724c0f9/runtime.go:2516 +0x5f
github.com/dop251/goja.AssertFunction.func1({0x204bde0?, 0x2a00520?}, {0xc000540a40?, 0x1f?, 0x0?})
	D:/dev/codes/golang/pkg/mod/github.com/dop251/goja@v0.0.0-20251201205617-2bb4c724c0f9/runtime.go:2471 +0x8c
sw_runtime/internal/builtins.(*HTTPServerModule).createHTTPHandler.func1.1()
	D:/dev/codes/golang/src/issueye/sw_runtime/internal/builtins/httpserver.go:417 +0x3db
sw_runtime/internal/builtins.(*HTTPServerModule).createHTTPHandler.func1({0x2040ef0, 0xc00048c620}, 0xc0000e7680)
	D:/dev/codes/golang/src/issueye/sw_runtime/internal/builtins/httpserver.go:449 +0x3a6
net/http.HandlerFunc.ServeHTTP(0xc0000c4e40?, {0x2040ef0?, 0xc00048c620?}, 0x158c056?)
	C:/Users/issue/.g/go/src/net/http/server.go:2294 +0x29
net/http.(*ServeMux).ServeHTTP(0x1036599?, {0x2040ef0, 0xc00048c620}, 0xc0000e7680)
	C:/Users/issue/.g/go/src/net/http/server.go:2822 +0x1c4
net/http.serverHandler.ServeHTTP({0xc0003e3380?}, {0x2040ef0?, 0xc00048c620?}, 0x1?)
	C:/Users/issue/.g/go/src/net/http/server.go:3301 +0x8e
net/http.(*conn).serve(0xc000702090, {0x20424a0, 0xc00062a2d0})
	C:/Users/issue/.g/go/src/net/http/server.go:2102 +0x625
created by net/http.(*Server).Serve in goroutine 4590
	C:/Users/issue/.g/go/src/net/http/server.go:3454 +0x485
DEBUG: Executing route handler
2025/12/27 21:44:48 http: panic serving [::1]:56909: runtime error: index out of range [73] with length 73
goroutine 4713 [running]:
net/http.(*conn).serve.func1()
	C:/Users/issue/.g/go/src/net/http/server.go:1947 +0xbe
panic({0x1e09e40?, 0xc000228000?})
	C:/Users/issue/.g/go/src/runtime/panic.go:792 +0x132
github.com/dop251/goja.(*Runtime).runWrapped.func1()
	D:/dev/codes/golang/pkg/mod/github.com/dop251/goja@v0.0.0-20251201205617-2bb4c724c0f9/runtime.go:2512 +0xe5
panic({0x1e09e40?, 0xc000228000?})
	C:/Users/issue/.g/go/src/runtime/panic.go:792 +0x132
github.com/dop251/goja.(*vm).handleThrow(0xc0000da360, {0x1e09e40, 0xc000228000})
	D:/dev/codes/golang/pkg/mod/github.com/dop251/goja@v0.0.0-20251201205617-2bb4c724c0f9/vm.go:841 +0x405
github.com/dop251/goja.(*vm).try.func1()
	D:/dev/codes/golang/pkg/mod/github.com/dop251/goja@v0.0.0-20251201205617-2bb4c724c0f9/vm.go:860 +0x3f
panic({0x1e09e40?, 0xc000228000?})
	C:/Users/issue/.g/go/src/runtime/panic.go:792 +0x132
github.com/dop251/goja.(*baseJsFuncObject).__call(0xc0003ca1c0, {0xc000698080?, 0x2, 0x1043440?}, {0x0, 0x0}, {0x0?, 0x0?})
	D:/dev/codes/golang/pkg/mod/github.com/dop251/goja@v0.0.0-20251201205617-2bb4c724c0f9/func.go:407 +0x99b
github.com/dop251/goja.(*baseJsFuncObject)._call(...)
	D:/dev/codes/golang/pkg/mod/github.com/dop251/goja@v0.0.0-20251201205617-2bb4c724c0f9/func.go:450
github.com/dop251/goja.(*arrowFuncObject).Call(0x2a67a8f3168?, {{0x204bde0, 0x2a00520}, {0xc000698080, 0x2, 0x2}})
	D:/dev/codes/golang/pkg/mod/github.com/dop251/goja@v0.0.0-20251201205617-2bb4c724c0f9/func.go:394 +0x51
github.com/dop251/goja.AssertFunction.func1.1()
	D:/dev/codes/golang/pkg/mod/github.com/dop251/goja@v0.0.0-20251201205617-2bb4c724c0f9/runtime.go:2472 +0x56
github.com/dop251/goja.(*vm).try(0xc0000da360, 0xc00053b8a0)
	D:/dev/codes/golang/pkg/mod/github.com/dop251/goja@v0.0.0-20251201205617-2bb4c724c0f9/vm.go:864 +0x23c
github.com/dop251/goja.(*Runtime).runWrapped(0xc000004408, 0xc00053b8b8?)
	D:/dev/codes/golang/pkg/mod/github.com/dop251/goja@v0.0.0-20251201205617-2bb4c724c0f9/runtime.go:2516 +0x5f
github.com/dop251/goja.AssertFunction.func1({0x204bde0?, 0x2a00520?}, {0xc000698080?, 0x1f?, 0x0?})
	D:/dev/codes/golang/pkg/mod/github.com/dop251/goja@v0.0.0-20251201205617-2bb4c724c0f9/runtime.go:2471 +0x8c
sw_runtime/internal/builtins.(*HTTPServerModule).createHTTPHandler.func1.1()
	D:/dev/codes/golang/src/issueye/sw_runtime/internal/builtins/httpserver.go:417 +0x3db
sw_runtime/internal/builtins.(*HTTPServerModule).createHTTPHandler.func1({0x2040ef0, 0xc0003cb260}, 0xc000815540)
	D:/dev/codes/golang/src/issueye/sw_runtime/internal/builtins/httpserver.go:449 +0x3a6
net/http.HandlerFunc.ServeHTTP(0xc0000c4e40?, {0x2040ef0?, 0xc0003cb260?}, 0x158c056?)
	C:/Users/issue/.g/go/src/net/http/server.go:2294 +0x29
net/http.(*ServeMux).ServeHTTP(0x1036599?, {0x2040ef0, 0xc0003cb260}, 0xc000815540)
	C:/Users/issue/.g/go/src/net/http/server.go:2822 +0x1c4
net/http.serverHandler.ServeHTTP({0xc000782420?}, {0x2040ef0?, 0xc0003cb260?}, 0x1?)
	C:/Users/issue/.g/go/src/net/http/server.go:3301 +0x8e
net/http.(*conn).serve(0xc0002a0120, {0x20424a0, 0xc00062a2d0})
	C:/Users/issue/.g/go/src/net/http/server.go:2102 +0x625
created by net/http.(*Server).Serve in goroutine 4590
	C:/Users/issue/.g/go/src/net/http/server.go:3454 +0x485
DEBUG: json() called with data: map[request_number:74 result:4950 timestamp:1766843088460]
2025/12/27 21:44:48 http: panic serving [::1]:56902: runtime error: index out of range [-1]
goroutine 1169 [running]:
net/http.(*conn).serve.func1()
	C:/Users/issue/.g/go/src/net/http/server.go:1947 +0xbe
panic({0x1e09e40?, 0xc000690000?})
	C:/Users/issue/.g/go/src/runtime/panic.go:792 +0x132
github.com/dop251/goja.(*Runtime).runWrapped.func1()
	D:/dev/codes/golang/pkg/mod/github.com/dop251/goja@v0.0.0-20251201205617-2bb4c724c0f9/runtime.go:2512 +0xe5
panic({0x1e09e40?, 0xc000690000?})
	C:/Users/issue/.g/go/src/runtime/panic.go:792 +0x132
github.com/dop251/goja.(*vm).handleThrow(0xc0000da360, {0x1e09e40, 0xc000690000})
	D:/dev/codes/golang/pkg/mod/github.com/dop251/goja@v0.0.0-20251201205617-2bb4c724c0f9/vm.go:841 +0x405
github.com/dop251/goja.(*vm).try.func1()
	D:/dev/codes/golang/pkg/mod/github.com/dop251/goja@v0.0.0-20251201205617-2bb4c724c0f9/vm.go:860 +0x3f
panic({0x1e09e40?, 0xc000690000?})
	C:/Users/issue/.g/go/src/runtime/panic.go:792 +0x132
github.com/dop251/goja.(*vm).handleThrow(0xc0000da360, {0x1e09e40, 0xc000690000})
	D:/dev/codes/golang/pkg/mod/github.com/dop251/goja@v0.0.0-20251201205617-2bb4c724c0f9/vm.go:841 +0x405
github.com/dop251/goja.(*vm).runTryInner.func1()
	D:/dev/codes/golang/pkg/mod/github.com/dop251/goja@v0.0.0-20251201205617-2bb4c724c0f9/vm.go:883 +0x3f
panic({0x1e09e40?, 0xc000690000?})
	C:/Users/issue/.g/go/src/runtime/panic.go:792 +0x132
github.com/dop251/goja._getValue.exec({}, 0xc0000da360?)
	D:/dev/codes/golang/pkg/mod/github.com/dop251/goja@v0.0.0-20251201205617-2bb4c724c0f9/vm.go:3391 +0x1b6
github.com/dop251/goja.(*vm).run(0xc0000da360)
	D:/dev/codes/golang/pkg/mod/github.com/dop251/goja@v0.0.0-20251201205617-2bb4c724c0f9/vm.go:635 +0x5b
github.com/dop251/goja.(*vm).runTryInner(0xc0000da360?)
	D:/dev/codes/golang/pkg/mod/github.com/dop251/goja@v0.0.0-20251201205617-2bb4c724c0f9/vm.go:887 +0x52
github.com/dop251/goja.(*baseJsFuncObject).__call(0xc0003ca1c0, {0xc000414080?, 0x2, 0x1043440?}, {0x0, 0x0}, {0x0?, 0x0?})
	D:/dev/codes/golang/pkg/mod/github.com/dop251/goja@v0.0.0-20251201205617-2bb4c724c0f9/func.go:434 +0x705
github.com/dop251/goja.(*baseJsFuncObject)._call(...)
	D:/dev/codes/golang/pkg/mod/github.com/dop251/goja@v0.0.0-20251201205617-2bb4c724c0f9/func.go:450
github.com/dop251/goja.(*arrowFuncObject).Call(0x1019cc0?, {{0x204bde0, 0x2a00520}, {0xc000414080, 0x2, 0x2}})
	D:/dev/codes/golang/pkg/mod/github.com/dop251/goja@v0.0.0-20251201205617-2bb4c724c0f9/func.go:394 +0x51
github.com/dop251/goja.AssertFunction.func1.1()
	D:/dev/codes/golang/pkg/mod/github.com/dop251/goja@v0.0.0-20251201205617-2bb4c724c0f9/runtime.go:2472 +0x56
github.com/dop251/goja.(*vm).try(0xc0000da360, 0xc0005038a0)
	D:/dev/codes/golang/pkg/mod/github.com/dop251/goja@v0.0.0-20251201205617-2bb4c724c0f9/vm.go:864 +0x23c
github.com/dop251/goja.(*Runtime).runWrapped(0xc000004408, 0xc0005038b8?)
	D:/dev/codes/golang/pkg/mod/github.com/dop251/goja@v0.0.0-20251201205617-2bb4c724c0f9/runtime.go:2516 +0x5f
github.com/dop251/goja.AssertFunction.func1({0x204bde0?, 0x2a00520?}, {0xc000414080?, 0x1f?, 0x0?})
	D:/dev/codes/golang/pkg/mod/github.com/dop251/goja@v0.0.0-20251201205617-2bb4c724c0f9/runtime.go:2471 +0x8c
sw_runtime/internal/builtins.(*HTTPServerModule).createHTTPHandler.func1.1()
	D:/dev/codes/golang/src/issueye/sw_runtime/internal/builtins/httpserver.go:417 +0x3db
sw_runtime/internal/builtins.(*HTTPServerModule).createHTTPHandler.func1({0x2040ef0, 0xc0009148c0}, 0xc00068e500)
	D:/dev/codes/golang/src/issueye/sw_runtime/internal/builtins/httpserver.go:449 +0x3a6
net/http.HandlerFunc.ServeHTTP(0xc0000c4e40?, {0x2040ef0?, 0xc0009148c0?}, 0x158c056?)
	C:/Users/issue/.g/go/src/net/http/server.go:2294 +0x29
net/http.(*ServeMux).ServeHTTP(0x1036599?, {0x2040ef0, 0xc0009148c0}, 0xc00068e500)
	C:/Users/issue/.g/go/src/net/http/server.go:2822 +0x1c4
net/http.serverHandler.ServeHTTP({0xc00012b3b0?}, {0x2040ef0?, 0xc0009148c0?}, 0x1?)
	C:/Users/issue/.g/go/src/net/http/server.go:3301 +0x8e
net/http.(*conn).serve(0xc000702990, {0x20424a0, 0xc00062a2d0})
	C:/Users/issue/.g/go/src/net/http/server.go:2102 +0x625
created by net/http.(*Server).Serve in goroutine 4590
	C:/Users/issue/.g/go/src/net/http/server.go:3454 +0x485
DEBUG: json() wrote 61 bytes, error: <nil>
DEBUG: Handler executed successfully
2025/12/27 21:44:48 http: panic serving [::1]:56904: runtime error: index out of range [-1]
goroutine 4759 [running]:
net/http.(*conn).serve.func1()
	C:/Users/issue/.g/go/src/net/http/server.go:1947 +0xbe
panic({0x1e09e40?, 0xc000816000?})
	C:/Users/issue/.g/go/src/runtime/panic.go:792 +0x132
github.com/dop251/goja.(*Runtime).runWrapped.func1()
	D:/dev/codes/golang/pkg/mod/github.com/dop251/goja@v0.0.0-20251201205617-2bb4c724c0f9/runtime.go:2512 +0xe5
panic({0x1e09e40?, 0xc000816000?})
	C:/Users/issue/.g/go/src/runtime/panic.go:792 +0x132
github.com/dop251/goja.(*vm).handleThrow(0xc0000da360, {0x1e09e40, 0xc000816000})
	D:/dev/codes/golang/pkg/mod/github.com/dop251/goja@v0.0.0-20251201205617-2bb4c724c0f9/vm.go:841 +0x405
github.com/dop251/goja.(*vm).try.func1()
	D:/dev/codes/golang/pkg/mod/github.com/dop251/goja@v0.0.0-20251201205617-2bb4c724c0f9/vm.go:860 +0x3f
panic({0x1e09e40?, 0xc000816000?})
	C:/Users/issue/.g/go/src/runtime/panic.go:792 +0x132
github.com/dop251/goja.(*vm).handleThrow(0xc0000da360, {0x1e09e40, 0xc000816000})
	D:/dev/codes/golang/pkg/mod/github.com/dop251/goja@v0.0.0-20251201205617-2bb4c724c0f9/vm.go:841 +0x405
github.com/dop251/goja.(*vm).runTryInner.func1()
	D:/dev/codes/golang/pkg/mod/github.com/dop251/goja@v0.0.0-20251201205617-2bb4c724c0f9/vm.go:883 +0x3f
panic({0x1e09e40?, 0xc000816000?})
	C:/Users/issue/.g/go/src/runtime/panic.go:792 +0x132
github.com/dop251/goja._putValueP.exec({}, 0x4?)
	D:/dev/codes/golang/pkg/mod/github.com/dop251/goja@v0.0.0-20251201205617-2bb4c724c0f9/vm.go:3426 +0xd2
github.com/dop251/goja.(*vm).run(0xc0000da360)
	D:/dev/codes/golang/pkg/mod/github.com/dop251/goja@v0.0.0-20251201205617-2bb4c724c0f9/vm.go:635 +0x5b
github.com/dop251/goja.(*vm).runTryInner(0xc0000da360?)
	D:/dev/codes/golang/pkg/mod/github.com/dop251/goja@v0.0.0-20251201205617-2bb4c724c0f9/vm.go:887 +0x52
github.com/dop251/goja.(*baseJsFuncObject).__call(0xc0003ca1c0, {0xc000540000?, 0x2, 0x1043440?}, {0x0, 0x0}, {0x0?, 0x0?})
	D:/dev/codes/golang/pkg/mod/github.com/dop251/goja@v0.0.0-20251201205617-2bb4c724c0f9/func.go:434 +0x705
github.com/dop251/goja.(*baseJsFuncObject)._call(...)
	D:/dev/codes/golang/pkg/mod/github.com/dop251/goja@v0.0.0-20251201205617-2bb4c724c0f9/func.go:450
github.com/dop251/goja.(*arrowFuncObject).Call(0x1019cc0?, {{0x204bde0, 0x2a00520}, {0xc000540000, 0x2, 0x2}})
	D:/dev/codes/golang/pkg/mod/github.com/dop251/goja@v0.0.0-20251201205617-2bb4c724c0f9/func.go:394 +0x51
github.com/dop251/goja.AssertFunction.func1.1()
	D:/dev/codes/golang/pkg/mod/github.com/dop251/goja@v0.0.0-20251201205617-2bb4c724c0f9/runtime.go:2472 +0x56
github.com/dop251/goja.(*vm).try(0xc0000da360, 0xc0008578a0)
	D:/dev/codes/golang/pkg/mod/github.com/dop251/goja@v0.0.0-20251201205617-2bb4c724c0f9/vm.go:864 +0x23c
github.com/dop251/goja.(*Runtime).runWrapped(0xc000004408, 0xc0008578b8?)
	D:/dev/codes/golang/pkg/mod/github.com/dop251/goja@v0.0.0-20251201205617-2bb4c724c0f9/runtime.go:2516 +0x5f
github.com/dop251/goja.AssertFunction.func1({0x204bde0?, 0x2a00520?}, {0xc000540000?, 0x1f?, 0x0?})
	D:/dev/codes/golang/pkg/mod/github.com/dop251/goja@v0.0.0-20251201205617-2bb4c724c0f9/runtime.go:2471 +0x8c
sw_runtime/internal/builtins.(*HTTPServerModule).createHTTPHandler.func1.1()
	D:/dev/codes/golang/src/issueye/sw_runtime/internal/builtins/httpserver.go:417 +0x3db
sw_runtime/internal/builtins.(*HTTPServerModule).createHTTPHandler.func1({0x2040ef0, 0xc00048c700}, 0xc0000e7a40)
	D:/dev/codes/golang/src/issueye/sw_runtime/internal/builtins/httpserver.go:449 +0x3a6
net/http.HandlerFunc.ServeHTTP(0xc0000c4e40?, {0x2040ef0?, 0xc00048c700?}, 0x158c056?)
	C:/Users/issue/.g/go/src/net/http/server.go:2294 +0x29
net/http.(*ServeMux).ServeHTTP(0x1036599?, {0x2040ef0, 0xc00048c700}, 0xc0000e7a40)
	C:/Users/issue/.g/go/src/net/http/server.go:2822 +0x1c4
net/http.serverHandler.ServeHTTP({0xc0008821e0?}, {0x2040ef0?, 0xc00048c700?}, 0x1?)
	C:/Users/issue/.g/go/src/net/http/server.go:3301 +0x8e
net/http.(*conn).serve(0xc0005cf170, {0x20424a0, 0xc00062a2d0})
	C:/Users/issue/.g/go/src/net/http/server.go:2102 +0x625
created by net/http.(*Server).Serve in goroutine 4590
	C:/Users/issue/.g/go/src/net/http/server.go:3454 +0x485
DEBUG: Handler error: ReferenceError: Cannot access a variable before initialization at <eval>:8:19(13)
DEBUG: Executing route handler
DEBUG: Executing route handler
DEBUG: json() called with data: map[request_number:3 result:4950 timestamp:1766843088463]
DEBUG: Executing route handler
DEBUG: json() wrote 60 bytes, error: <nil>
DEBUG: Handler error: TypeError: Value is not an object: 1 at <eval>:8:19(13)
DEBUG: Handler executed successfully
DEBUG: Executing route handler
DEBUG: Executing route handler
DEBUG: Executing route handler
DEBUG: Handler executed successfully
DEBUG: Executing route handler
DEBUG: json() called with data: map[request_number:10 result:4950 timestamp:1766843088466]
DEBUG: json() wrote 61 bytes, error: <nil>
DEBUG: Handler executed successfully
DEBUG: Executing route handler
DEBUG: Executing route handler
DEBUG: json() called with data: map[request_number:11 result:4950 timestamp:1766843088466]
DEBUG: json() wrote 61 bytes, error: <nil>
DEBUG: Handler executed successfully
DEBUG: json() called with data: map[request_number:12 result:4950 timestamp:1766843088466]
DEBUG: Executing route handler
DEBUG: json() wrote 61 bytes, error: <nil>
DEBUG: Handler executed successfully
DEBUG: Executing route handler
DEBUG: Executing route handler
2025/12/27 21:44:48 http: panic serving [::1]:56913: runtime error: invalid memory address or nil pointer dereference
goroutine 4812 [running]:
net/http.(*conn).serve.func1()
	C:/Users/issue/.g/go/src/net/http/server.go:1947 +0xbe
panic({0x1d5aa80?, 0x298abd0?})
	C:/Users/issue/.g/go/src/runtime/panic.go:792 +0x132
github.com/dop251/goja.(*Runtime).runWrapped.func1()
	D:/dev/codes/golang/pkg/mod/github.com/dop251/goja@v0.0.0-20251201205617-2bb4c724c0f9/runtime.go:2512 +0xe5
panic({0x1d5aa80?, 0x298abd0?})
	C:/Users/issue/.g/go/src/runtime/panic.go:792 +0x132
github.com/dop251/goja.(*vm).handleThrow(0xc0000da360, {0x1d5aa80, 0x298abd0})
	D:/dev/codes/golang/pkg/mod/github.com/dop251/goja@v0.0.0-20251201205617-2bb4c724c0f9/vm.go:841 +0x405
github.com/dop251/goja.(*vm).try.func1()
	D:/dev/codes/golang/pkg/mod/github.com/dop251/goja@v0.0.0-20251201205617-2bb4c724c0f9/vm.go:860 +0x3f
panic({0x1d5aa80?, 0x298abd0?})
	C:/Users/issue/.g/go/src/runtime/panic.go:792 +0x132
github.com/dop251/goja.(*vm).handleThrow(0xc0000da360, {0x1d5aa80, 0x298abd0})
	D:/dev/codes/golang/pkg/mod/github.com/dop251/goja@v0.0.0-20251201205617-2bb4c724c0f9/vm.go:841 +0x405
github.com/dop251/goja.(*vm).runTryInner.func1()
	D:/dev/codes/golang/pkg/mod/github.com/dop251/goja@v0.0.0-20251201205617-2bb4c724c0f9/vm.go:883 +0x3f
panic({0x1d5aa80?, 0x298abd0?})
	C:/Users/issue/.g/go/src/runtime/panic.go:792 +0x132
github.com/dop251/goja.getPropCallee.exec({0xc0001bec39, 0x4}, 0xc0000da360)
	D:/dev/codes/golang/pkg/mod/github.com/dop251/goja@v0.0.0-20251201205617-2bb4c724c0f9/vm.go:2579 +0x83
github.com/dop251/goja.(*vm).run(0xc0000da360)
	D:/dev/codes/golang/pkg/mod/github.com/dop251/goja@v0.0.0-20251201205617-2bb4c724c0f9/vm.go:635 +0x5b
github.com/dop251/goja.(*vm).runTryInner(0xc0000da360?)
	D:/dev/codes/golang/pkg/mod/github.com/dop251/goja@v0.0.0-20251201205617-2bb4c724c0f9/vm.go:887 +0x52
github.com/dop251/goja.(*baseJsFuncObject).__call(0xc0003ca1c0, {0xc0004142a0?, 0x2, 0x1043440?}, {0x0, 0x0}, {0x0?, 0x0?})
	D:/dev/codes/golang/pkg/mod/github.com/dop251/goja@v0.0.0-20251201205617-2bb4c724c0f9/func.go:434 +0x705
github.com/dop251/goja.(*baseJsFuncObject)._call(...)
	D:/dev/codes/golang/pkg/mod/github.com/dop251/goja@v0.0.0-20251201205617-2bb4c724c0f9/func.go:450
github.com/dop251/goja.(*arrowFuncObject).Call(0x1019cc0?, {{0x204bde0, 0x2a00520}, {0xc0004142a0, 0x2, 0x2}})
	D:/dev/codes/golang/pkg/mod/github.com/dop251/goja@v0.0.0-20251201205617-2bb4c724c0f9/func.go:394 +0x51
github.com/dop251/goja.AssertFunction.func1.1()
	D:/dev/codes/golang/pkg/mod/github.com/dop251/goja@v0.0.0-20251201205617-2bb4c724c0f9/runtime.go:2472 +0x56
github.com/dop251/goja.(*vm).try(0xc0000da360, 0xc00053b8a0)
	D:/dev/codes/golang/pkg/mod/github.com/dop251/goja@v0.0.0-20251201205617-2bb4c724c0f9/vm.go:864 +0x23c
github.com/dop251/goja.(*Runtime).runWrapped(0xc000004408, 0xc00053b8b8?)
	D:/dev/codes/golang/pkg/mod/github.com/dop251/goja@v0.0.0-20251201205617-2bb4c724c0f9/runtime.go:2516 +0x5f
github.com/dop251/goja.AssertFunction.func1({0x204bde0?, 0x2a00520?}, {0xc0004142a0?, 0x1f?, 0x0?})
	D:/dev/codes/golang/pkg/mod/github.com/dop251/goja@v0.0.0-20251201205617-2bb4c724c0f9/runtime.go:2471 +0x8c
sw_runtime/internal/builtins.(*HTTPServerModule).createHTTPHandler.func1.1()
	D:/dev/codes/golang/src/issueye/sw_runtime/internal/builtins/httpserver.go:417 +0x3db
sw_runtime/internal/builtins.(*HTTPServerModule).createHTTPHandler.func1({0x2040ef0, 0xc00048c000}, 0xc00058a280)
	D:/dev/codes/golang/src/issueye/sw_runtime/internal/builtins/httpserver.go:449 +0x3a6
net/http.HandlerFunc.ServeHTTP(0xc0000c4e40?, {0x2040ef0?, 0xc00048c000?}, 0x158c056?)
	C:/Users/issue/.g/go/src/net/http/server.go:2294 +0x29
net/http.(*ServeMux).ServeHTTP(0x1036599?, {0x2040ef0, 0xc00048c000}, 0xc00058a280)
	C:/Users/issue/.g/go/src/net/http/server.go:2822 +0x1c4
net/http.serverHandler.ServeHTTP({0xc000254ed0?}, {0x2040ef0?, 0xc00048c000?}, 0x1?)
	C:/Users/issue/.g/go/src/net/http/server.go:3301 +0x8e
net/http.(*conn).serve(0xc00058e2d0, {0x20424a0, 0xc00062a2d0})
	C:/Users/issue/.g/go/src/net/http/server.go:2102 +0x625
created by net/http.(*Server).Serve in goroutine 4590
	C:/Users/issue/.g/go/src/net/http/server.go:3454 +0x485
DEBUG: json() called with data: map[request_number:14 result:4950 timestamp:1766843088466]
2025/12/27 21:44:48 http: panic serving [::1]:56900: runtime error: invalid memory address or nil pointer dereference
goroutine 4693 [running]:
net/http.(*conn).serve.func1()
	C:/Users/issue/.g/go/src/net/http/server.go:1947 +0xbe
panic({0x1d5aa80?, 0x298abd0?})
	C:/Users/issue/.g/go/src/runtime/panic.go:792 +0x132
github.com/dop251/goja.(*Runtime).runWrapped.func1()
	D:/dev/codes/golang/pkg/mod/github.com/dop251/goja@v0.0.0-20251201205617-2bb4c724c0f9/runtime.go:2512 +0xe5
panic({0x1d5aa80?, 0x298abd0?})
	C:/Users/issue/.g/go/src/runtime/panic.go:792 +0x132
github.com/dop251/goja.(*vm).handleThrow(0xc0000da360, {0x1d5aa80, 0x298abd0})
	D:/dev/codes/golang/pkg/mod/github.com/dop251/goja@v0.0.0-20251201205617-2bb4c724c0f9/vm.go:841 +0x405
github.com/dop251/goja.(*vm).try.func1()
	D:/dev/codes/golang/pkg/mod/github.com/dop251/goja@v0.0.0-20251201205617-2bb4c724c0f9/vm.go:860 +0x3f
panic({0x1d5aa80?, 0x298abd0?})
	C:/Users/issue/.g/go/src/runtime/panic.go:792 +0x132
github.com/dop251/goja.(*vm).handleThrow(0xc0000da360, {0x1d5aa80, 0x298abd0})
	D:/dev/codes/golang/pkg/mod/github.com/dop251/goja@v0.0.0-20251201205617-2bb4c724c0f9/vm.go:841 +0x405
github.com/dop251/goja.(*vm).runTryInner.func1()
	D:/dev/codes/golang/pkg/mod/github.com/dop251/goja@v0.0.0-20251201205617-2bb4c724c0f9/vm.go:883 +0x3f
panic({0x1d5aa80?, 0x298abd0?})
	C:/Users/issue/.g/go/src/runtime/panic.go:792 +0x132
github.com/dop251/goja.(*vm).run(0xc0000da360)
	D:/dev/codes/golang/pkg/mod/github.com/dop251/goja@v0.0.0-20251201205617-2bb4c724c0f9/vm.go:632 +0xaa
github.com/dop251/goja.(*vm).runTryInner(0xc0000da360?)
	D:/dev/codes/golang/pkg/mod/github.com/dop251/goja@v0.0.0-20251201205617-2bb4c724c0f9/vm.go:887 +0x52
github.com/dop251/goja.(*baseJsFuncObject).__call(0xc0003ca1c0, {0xc0003ba5c0?, 0x2, 0x1043440?}, {0x0, 0x0}, {0x0?, 0x0?})
	D:/dev/codes/golang/pkg/mod/github.com/dop251/goja@v0.0.0-20251201205617-2bb4c724c0f9/func.go:434 +0x705
github.com/dop251/goja.(*baseJsFuncObject)._call(...)
	D:/dev/codes/golang/pkg/mod/github.com/dop251/goja@v0.0.0-20251201205617-2bb4c724c0f9/func.go:450
github.com/dop251/goja.(*arrowFuncObject).Call(0x1019cc0?, {{0x204bde0, 0x2a00520}, {0xc0003ba5c0, 0x2, 0x2}})
	D:/dev/codes/golang/pkg/mod/github.com/dop251/goja@v0.0.0-20251201205617-2bb4c724c0f9/func.go:394 +0x51
github.com/dop251/goja.AssertFunction.func1.1()
	D:/dev/codes/golang/pkg/mod/github.com/dop251/goja@v0.0.0-20251201205617-2bb4c724c0f9/runtime.go:2472 +0x56
github.com/dop251/goja.(*vm).try(0xc0000da360, 0xc00053f8a0)
	D:/dev/codes/golang/pkg/mod/github.com/dop251/goja@v0.0.0-20251201205617-2bb4c724c0f9/vm.go:864 +0x23c
github.com/dop251/goja.(*Runtime).runWrapped(0xc000004408, 0xc00053f8b8?)
	D:/dev/codes/golang/pkg/mod/github.com/dop251/goja@v0.0.0-20251201205617-2bb4c724c0f9/runtime.go:2516 +0x5f
github.com/dop251/goja.AssertFunction.func1({0x204bde0?, 0x2a00520?}, {0xc0003ba5c0?, 0x1f?, 0x0?})
	D:/dev/codes/golang/pkg/mod/github.com/dop251/goja@v0.0.0-20251201205617-2bb4c724c0f9/runtime.go:2471 +0x8c
sw_runtime/internal/builtins.(*HTTPServerModule).createHTTPHandler.func1.1()
	D:/dev/codes/golang/src/issueye/sw_runtime/internal/builtins/httpserver.go:417 +0x3db
sw_runtime/internal/builtins.(*HTTPServerModule).createHTTPHandler.func1({0x2040ef0, 0xc0005f8000}, 0xc00036ca00)
	D:/dev/codes/golang/src/issueye/sw_runtime/internal/builtins/httpserver.go:449 +0x3a6
net/http.HandlerFunc.ServeHTTP(0xc0000c4e40?, {0x2040ef0?, 0xc0005f8000?}, 0x158c056?)
	C:/Users/issue/.g/go/src/net/http/server.go:2294 +0x29
net/http.(*ServeMux).ServeHTTP(0x1036599?, {0x2040ef0, 0xc0005f8000}, 0xc00036ca00)
	C:/Users/issue/.g/go/src/net/http/server.go:2822 +0x1c4
net/http.serverHandler.ServeHTTP({0xc00089c840?}, {0x2040ef0?, 0xc0005f8000?}, 0x1?)
	C:/Users/issue/.g/go/src/net/http/server.go:3301 +0x8e
net/http.(*conn).serve(0xc0001bcfc0, {0x20424a0, 0xc00062a2d0})
	C:/Users/issue/.g/go/src/net/http/server.go:2102 +0x625
created by net/http.(*Server).Serve in goroutine 4590
	C:/Users/issue/.g/go/src/net/http/server.go:3454 +0x485
DEBUG: json() called with data: map[request_number:15 result:4950 timestamp:1766843088466]
2025/12/27 21:44:48 http: panic serving [::1]:56911: runtime error: invalid memory address or nil pointer dereference
goroutine 4805 [running]:
net/http.(*conn).serve.func1()
	C:/Users/issue/.g/go/src/net/http/server.go:1947 +0xbe
panic({0x1d5aa80?, 0x298abd0?})
	C:/Users/issue/.g/go/src/runtime/panic.go:792 +0x132
github.com/dop251/goja.(*Runtime).runWrapped.func1()
	D:/dev/codes/golang/pkg/mod/github.com/dop251/goja@v0.0.0-20251201205617-2bb4c724c0f9/runtime.go:2512 +0xe5
panic({0x1d5aa80?, 0x298abd0?})
	C:/Users/issue/.g/go/src/runtime/panic.go:792 +0x132
github.com/dop251/goja.(*vm).handleThrow(0xc0000da360, {0x1d5aa80, 0x298abd0})
	D:/dev/codes/golang/pkg/mod/github.com/dop251/goja@v0.0.0-20251201205617-2bb4c724c0f9/vm.go:841 +0x405
github.com/dop251/goja.(*vm).try.func1()
	D:/dev/codes/golang/pkg/mod/github.com/dop251/goja@v0.0.0-20251201205617-2bb4c724c0f9/vm.go:860 +0x3f
panic({0x1d5aa80?, 0x298abd0?})
	C:/Users/issue/.g/go/src/runtime/panic.go:792 +0x132
github.com/dop251/goja.(*vm).handleThrow(0xc0000da360, {0x1d5aa80, 0x298abd0})
	D:/dev/codes/golang/pkg/mod/github.com/dop251/goja@v0.0.0-20251201205617-2bb4c724c0f9/vm.go:841 +0x405
github.com/dop251/goja.(*vm).runTryInner.func1()
	D:/dev/codes/golang/pkg/mod/github.com/dop251/goja@v0.0.0-20251201205617-2bb4c724c0f9/vm.go:883 +0x3f
panic({0x1d5aa80?, 0x298abd0?})
	C:/Users/issue/.g/go/src/runtime/panic.go:792 +0x132
github.com/dop251/goja.(*vm).run(0xc0000da360)
	D:/dev/codes/golang/pkg/mod/github.com/dop251/goja@v0.0.0-20251201205617-2bb4c724c0f9/vm.go:632 +0xaa
github.com/dop251/goja.(*vm).runTryInner(0xc0000da360?)
	D:/dev/codes/golang/pkg/mod/github.com/dop251/goja@v0.0.0-20251201205617-2bb4c724c0f9/vm.go:887 +0x52
github.com/dop251/goja.(*baseJsFuncObject).__call(0xc0003ca1c0, {0xc00045a320?, 0x2, 0x1043440?}, {0x0, 0x0}, {0x0?, 0x0?})
	D:/dev/codes/golang/pkg/mod/github.com/dop251/goja@v0.0.0-20251201205617-2bb4c724c0f9/func.go:434 +0x705
github.com/dop251/goja.(*baseJsFuncObject)._call(...)
	D:/dev/codes/golang/pkg/mod/github.com/dop251/goja@v0.0.0-20251201205617-2bb4c724c0f9/func.go:450
github.com/dop251/goja.(*arrowFuncObject).Call(0x1039aae?, {{0x204bde0, 0x2a00520}, {0xc00045a320, 0x2, 0x2}})
	D:/dev/codes/golang/pkg/mod/github.com/dop251/goja@v0.0.0-20251201205617-2bb4c724c0f9/func.go:394 +0x51
github.com/dop251/goja.AssertFunction.func1.1()
	D:/dev/codes/golang/pkg/mod/github.com/dop251/goja@v0.0.0-20251201205617-2bb4c724c0f9/runtime.go:2472 +0x56
github.com/dop251/goja.(*vm).try(0xc0000da360, 0xc00082b8a0)
	D:/dev/codes/golang/pkg/mod/github.com/dop251/goja@v0.0.0-20251201205617-2bb4c724c0f9/vm.go:864 +0x23c
github.com/dop251/goja.(*Runtime).runWrapped(0xc000004408, 0xc00082b8b8?)
	D:/dev/codes/golang/pkg/mod/github.com/dop251/goja@v0.0.0-20251201205617-2bb4c724c0f9/runtime.go:2516 +0x5f
github.com/dop251/goja.AssertFunction.func1({0x204bde0?, 0x2a00520?}, {0xc00045a320?, 0x1f?, 0x0?})
	D:/dev/codes/golang/pkg/mod/github.com/dop251/goja@v0.0.0-20251201205617-2bb4c724c0f9/runtime.go:2471 +0x8c
sw_runtime/internal/builtins.(*HTTPServerModule).createHTTPHandler.func1.1()
	D:/dev/codes/golang/src/issueye/sw_runtime/internal/builtins/httpserver.go:417 +0x3db
sw_runtime/internal/builtins.(*HTTPServerModule).createHTTPHandler.func1({0x2040ef0, 0xc000914000}, 0xc00070e140)
	D:/dev/codes/golang/src/issueye/sw_runtime/internal/builtins/httpserver.go:449 +0x3a6
net/http.HandlerFunc.ServeHTTP(0xc0000c4e40?, {0x2040ef0?, 0xc000914000?}, 0x158c056?)
	C:/Users/issue/.g/go/src/net/http/server.go:2294 +0x29
net/http.(*ServeMux).ServeHTTP(0x1036599?, {0x2040ef0, 0xc000914000}, 0xc00070e140)
	C:/Users/issue/.g/go/src/net/http/server.go:2822 +0x1c4
net/http.serverHandler.ServeHTTP({0xc0002ea060?}, {0x2040ef0?, 0xc000914000?}, 0x1?)
	C:/Users/issue/.g/go/src/net/http/server.go:3301 +0x8e
net/http.(*conn).serve(0xc00058e090, {0x20424a0, 0xc00062a2d0})
	C:/Users/issue/.g/go/src/net/http/server.go:2102 +0x625
created by net/http.(*Server).Serve in goroutine 4590
	C:/Users/issue/.g/go/src/net/http/server.go:3454 +0x485
DEBUG: json() wrote 61 bytes, error: <nil>
DEBUG: Handler executed successfully
2025/12/27 21:44:48 http: panic serving [::1]:56910: runtime error: invalid memory address or nil pointer dereference
goroutine 4734 [running]:
net/http.(*conn).serve.func1()
	C:/Users/issue/.g/go/src/net/http/server.go:1947 +0xbe
panic({0x1d5aa80?, 0x298abd0?})
	C:/Users/issue/.g/go/src/runtime/panic.go:792 +0x132
github.com/dop251/goja.(*Runtime).runWrapped.func1()
	D:/dev/codes/golang/pkg/mod/github.com/dop251/goja@v0.0.0-20251201205617-2bb4c724c0f9/runtime.go:2512 +0xe5
panic({0x1d5aa80?, 0x298abd0?})
	C:/Users/issue/.g/go/src/runtime/panic.go:792 +0x132
github.com/dop251/goja.(*vm).handleThrow(0xc0000da360, {0x1d5aa80, 0x298abd0})
	D:/dev/codes/golang/pkg/mod/github.com/dop251/goja@v0.0.0-20251201205617-2bb4c724c0f9/vm.go:841 +0x405
github.com/dop251/goja.(*vm).try.func1()
	D:/dev/codes/golang/pkg/mod/github.com/dop251/goja@v0.0.0-20251201205617-2bb4c724c0f9/vm.go:860 +0x3f
panic({0x1d5aa80?, 0x298abd0?})
	C:/Users/issue/.g/go/src/runtime/panic.go:792 +0x132
github.com/dop251/goja.(*vm).handleThrow(0xc0000da360, {0x1d5aa80, 0x298abd0})
	D:/dev/codes/golang/pkg/mod/github.com/dop251/goja@v0.0.0-20251201205617-2bb4c724c0f9/vm.go:841 +0x405
github.com/dop251/goja.(*vm).runTryInner.func1()
	D:/dev/codes/golang/pkg/mod/github.com/dop251/goja@v0.0.0-20251201205617-2bb4c724c0f9/vm.go:883 +0x3f
panic({0x1d5aa80?, 0x298abd0?})
	C:/Users/issue/.g/go/src/runtime/panic.go:792 +0x132
github.com/dop251/goja.(*vm).run(0xc0000da360)
	D:/dev/codes/golang/pkg/mod/github.com/dop251/goja@v0.0.0-20251201205617-2bb4c724c0f9/vm.go:632 +0xaa
github.com/dop251/goja.(*vm).runTryInner(0xc0000da360?)
	D:/dev/codes/golang/pkg/mod/github.com/dop251/goja@v0.0.0-20251201205617-2bb4c724c0f9/vm.go:887 +0x52
github.com/dop251/goja.(*baseJsFuncObject).__call(0xc0003ca1c0, {0xc0003a55e0?, 0x2, 0x1043440?}, {0x0, 0x0}, {0x0?, 0x0?})
	D:/dev/codes/golang/pkg/mod/github.com/dop251/goja@v0.0.0-20251201205617-2bb4c724c0f9/func.go:434 +0x705
github.com/dop251/goja.(*baseJsFuncObject)._call(...)
	D:/dev/codes/golang/pkg/mod/github.com/dop251/goja@v0.0.0-20251201205617-2bb4c724c0f9/func.go:450
github.com/dop251/goja.(*arrowFuncObject).Call(0x1039aae?, {{0x204bde0, 0x2a00520}, {0xc0003a55e0, 0x2, 0x2}})
	D:/dev/codes/golang/pkg/mod/github.com/dop251/goja@v0.0.0-20251201205617-2bb4c724c0f9/func.go:394 +0x51
github.com/dop251/goja.AssertFunction.func1.1()
	D:/dev/codes/golang/pkg/mod/github.com/dop251/goja@v0.0.0-20251201205617-2bb4c724c0f9/runtime.go:2472 +0x56
github.com/dop251/goja.(*vm).try(0xc0000da360, 0xc0008278a0)
	D:/dev/codes/golang/pkg/mod/github.com/dop251/goja@v0.0.0-20251201205617-2bb4c724c0f9/vm.go:864 +0x23c
github.com/dop251/goja.(*Runtime).runWrapped(0xc000004408, 0xc0008278b8?)
	D:/dev/codes/golang/pkg/mod/github.com/dop251/goja@v0.0.0-20251201205617-2bb4c724c0f9/runtime.go:2516 +0x5f
github.com/dop251/goja.AssertFunction.func1({0x204bde0?, 0x2a00520?}, {0xc0003a55e0?, 0x1f?, 0x0?})
	D:/dev/codes/golang/pkg/mod/github.com/dop251/goja@v0.0.0-20251201205617-2bb4c724c0f9/runtime.go:2471 +0x8c
sw_runtime/internal/builtins.(*HTTPServerModule).createHTTPHandler.func1.1()
	D:/dev/codes/golang/src/issueye/sw_runtime/internal/builtins/httpserver.go:417 +0x3db
sw_runtime/internal/builtins.(*HTTPServerModule).createHTTPHandler.func1({0x2040ef0, 0xc0005f80e0}, 0xc00012e8c0)
	D:/dev/codes/golang/src/issueye/sw_runtime/internal/builtins/httpserver.go:449 +0x3a6
net/http.HandlerFunc.ServeHTTP(0xc0000c4e40?, {0x2040ef0?, 0xc0005f80e0?}, 0x158c056?)
	C:/Users/issue/.g/go/src/net/http/server.go:2294 +0x29
net/http.(*ServeMux).ServeHTTP(0x1036599?, {0x2040ef0, 0xc0005f80e0}, 0xc00012e8c0)
	C:/Users/issue/.g/go/src/net/http/server.go:2822 +0x1c4
net/http.serverHandler.ServeHTTP({0xc000780ea0?}, {0x2040ef0?, 0xc0005f80e0?}, 0x1?)
	C:/Users/issue/.g/go/src/net/http/server.go:3301 +0x8e
net/http.(*conn).serve(0xc00058ee10, {0x20424a0, 0xc00062a2d0})
	C:/Users/issue/.g/go/src/net/http/server.go:2102 +0x625
created by net/http.(*Server).Serve in goroutine 4590
	C:/Users/issue/.g/go/src/net/http/server.go:3454 +0x485
DEBUG: Executing route handler
2025/12/27 21:44:48 http: panic serving [::1]:56915: runtime error: invalid memory address or nil pointer dereference
goroutine 4762 [running]:
net/http.(*conn).serve.func1()
	C:/Users/issue/.g/go/src/net/http/server.go:1947 +0xbe
panic({0x1d5aa80?, 0x298abd0?})
	C:/Users/issue/.g/go/src/runtime/panic.go:792 +0x132
github.com/dop251/goja.(*Runtime).runWrapped.func1()
	D:/dev/codes/golang/pkg/mod/github.com/dop251/goja@v0.0.0-20251201205617-2bb4c724c0f9/runtime.go:2512 +0xe5
panic({0x1d5aa80?, 0x298abd0?})
	C:/Users/issue/.g/go/src/runtime/panic.go:792 +0x132
github.com/dop251/goja.(*vm).handleThrow(0xc0000da360, {0x1d5aa80, 0x298abd0})
	D:/dev/codes/golang/pkg/mod/github.com/dop251/goja@v0.0.0-20251201205617-2bb4c724c0f9/vm.go:841 +0x405
github.com/dop251/goja.(*vm).try.func1()
	D:/dev/codes/golang/pkg/mod/github.com/dop251/goja@v0.0.0-20251201205617-2bb4c724c0f9/vm.go:860 +0x3f
panic({0x1d5aa80?, 0x298abd0?})
	C:/Users/issue/.g/go/src/runtime/panic.go:792 +0x132
github.com/dop251/goja.(*vm).handleThrow(0xc0000da360, {0x1d5aa80, 0x298abd0})
	D:/dev/codes/golang/pkg/mod/github.com/dop251/goja@v0.0.0-20251201205617-2bb4c724c0f9/vm.go:841 +0x405
github.com/dop251/goja.(*vm).runTryInner.func1()
	D:/dev/codes/golang/pkg/mod/github.com/dop251/goja@v0.0.0-20251201205617-2bb4c724c0f9/vm.go:883 +0x3f
panic({0x1d5aa80?, 0x298abd0?})
	C:/Users/issue/.g/go/src/runtime/panic.go:792 +0x132
github.com/dop251/goja.(*vm).run(0xc0000da360)
	D:/dev/codes/golang/pkg/mod/github.com/dop251/goja@v0.0.0-20251201205617-2bb4c724c0f9/vm.go:632 +0xaa
github.com/dop251/goja.(*vm).runTryInner(0xc0000da360?)
	D:/dev/codes/golang/pkg/mod/github.com/dop251/goja@v0.0.0-20251201205617-2bb4c724c0f9/vm.go:887 +0x52
github.com/dop251/goja.(*baseJsFuncObject).__call(0xc0003ca1c0, {0xc00029e980?, 0x2, 0x1043440?}, {0x0, 0x0}, {0x0?, 0x0?})
	D:/dev/codes/golang/pkg/mod/github.com/dop251/goja@v0.0.0-20251201205617-2bb4c724c0f9/func.go:434 +0x705
github.com/dop251/goja.(*baseJsFuncObject)._call(...)
	D:/dev/codes/golang/pkg/mod/github.com/dop251/goja@v0.0.0-20251201205617-2bb4c724c0f9/func.go:450
github.com/dop251/goja.(*arrowFuncObject).Call(0x1039aae?, {{0x204bde0, 0x2a00520}, {0xc00029e980, 0x2, 0x2}})
	D:/dev/codes/golang/pkg/mod/github.com/dop251/goja@v0.0.0-20251201205617-2bb4c724c0f9/func.go:394 +0x51
github.com/dop251/goja.AssertFunction.func1.1()
	D:/dev/codes/golang/pkg/mod/github.com/dop251/goja@v0.0.0-20251201205617-2bb4c724c0f9/runtime.go:2472 +0x56
github.com/dop251/goja.(*vm).try(0xc0000da360, 0xc0008a18a0)
	D:/dev/codes/golang/pkg/mod/github.com/dop251/goja@v0.0.0-20251201205617-2bb4c724c0f9/vm.go:864 +0x23c
github.com/dop251/goja.(*Runtime).runWrapped(0xc000004408, 0xc0008a18b8?)
	D:/dev/codes/golang/pkg/mod/github.com/dop251/goja@v0.0.0-20251201205617-2bb4c724c0f9/runtime.go:2516 +0x5f
github.com/dop251/goja.AssertFunction.func1({0x204bde0?, 0x2a00520?}, {0xc00029e980?, 0x1f?, 0x0?})
	D:/dev/codes/golang/pkg/mod/github.com/dop251/goja@v0.0.0-20251201205617-2bb4c724c0f9/runtime.go:2471 +0x8c
sw_runtime/internal/builtins.(*HTTPServerModule).createHTTPHandler.func1.1()
	D:/dev/codes/golang/src/issueye/sw_runtime/internal/builtins/httpserver.go:417 +0x3db
sw_runtime/internal/builtins.(*HTTPServerModule).createHTTPHandler.func1({0x2040ef0, 0xc0003ca0e0}, 0xc000814280)
	D:/dev/codes/golang/src/issueye/sw_runtime/internal/builtins/httpserver.go:449 +0x3a6
net/http.HandlerFunc.ServeHTTP(0xc0000c4e40?, {0x2040ef0?, 0xc0003ca0e0?}, 0x158c056?)
	C:/Users/issue/.g/go/src/net/http/server.go:2294 +0x29
net/http.(*ServeMux).ServeHTTP(0x1036599?, {0x2040ef0, 0xc0003ca0e0}, 0xc000814280)
	C:/Users/issue/.g/go/src/net/http/server.go:2822 +0x1c4
net/http.serverHandler.ServeHTTP({0xc0008ac270?}, {0x2040ef0?, 0xc0003ca0e0?}, 0x1?)
	C:/Users/issue/.g/go/src/net/http/server.go:3301 +0x8e
net/http.(*conn).serve(0xc000800240, {0x20424a0, 0xc00062a2d0})
	C:/Users/issue/.g/go/src/net/http/server.go:2102 +0x625
created by net/http.(*Server).Serve in goroutine 4590
	C:/Users/issue/.g/go/src/net/http/server.go:3454 +0x485
DEBUG: Executing route handler
DEBUG: Executing route handler
DEBUG: json() called with data: map[request_number:17 result:4950 timestamp:1766843088473]
DEBUG: Executing route handler
DEBUG: json() wrote 61 bytes, error: <nil>
DEBUG: Handler executed successfully
DEBUG: json() called with data: map[request_number:18 result:4950 timestamp:1766843088473]
DEBUG: Executing route handler
DEBUG: json() called with data: map[request_number:16 result:4950 timestamp:1766843088471]
DEBUG: Executing route handler
DEBUG: json() wrote 61 bytes, error: <nil>
DEBUG: Executing route handler
DEBUG: Handler executed successfully
DEBUG: Handler executed successfully
DEBUG: json() wrote 61 bytes, error: <nil>
DEBUG: Handler executed successfully
DEBUG: Executing route handler
2025/12/27 21:44:48 http: panic serving [::1]:56919: runtime error: index out of range [90] with length 90
goroutine 4736 [running]:
net/http.(*conn).serve.func1()
	C:/Users/issue/.g/go/src/net/http/server.go:1947 +0xbe
panic({0x1e09e40?, 0xc0007b0078?})
	C:/Users/issue/.g/go/src/runtime/panic.go:792 +0x132
github.com/dop251/goja.(*Runtime).runWrapped.func1()
	D:/dev/codes/golang/pkg/mod/github.com/dop251/goja@v0.0.0-20251201205617-2bb4c724c0f9/runtime.go:2512 +0xe5
panic({0x1e09e40?, 0xc0007b0078?})
	C:/Users/issue/.g/go/src/runtime/panic.go:792 +0x132
github.com/dop251/goja.(*vm).handleThrow(0xc0000da360, {0x1e09e40, 0xc0007b0078})
	D:/dev/codes/golang/pkg/mod/github.com/dop251/goja@v0.0.0-20251201205617-2bb4c724c0f9/vm.go:841 +0x405
github.com/dop251/goja.(*vm).try.func1()
	D:/dev/codes/golang/pkg/mod/github.com/dop251/goja@v0.0.0-20251201205617-2bb4c724c0f9/vm.go:860 +0x3f
panic({0x1e09e40?, 0xc0007b0078?})
	C:/Users/issue/.g/go/src/runtime/panic.go:792 +0x132
github.com/dop251/goja.(*vm).handleThrow(0xc0000da360, {0x1e09e40, 0xc0007b0078})
	D:/dev/codes/golang/pkg/mod/github.com/dop251/goja@v0.0.0-20251201205617-2bb4c724c0f9/vm.go:841 +0x405
github.com/dop251/goja.(*vm).runTryInner.func1()
	D:/dev/codes/golang/pkg/mod/github.com/dop251/goja@v0.0.0-20251201205617-2bb4c724c0f9/vm.go:883 +0x3f
panic({0x1e09e40?, 0xc0007b0078?})
	C:/Users/issue/.g/go/src/runtime/panic.go:792 +0x132
github.com/dop251/goja.(*vm).initStack(...)
	D:/dev/codes/golang/pkg/mod/github.com/dop251/goja@v0.0.0-20251201205617-2bb4c724c0f9/vm.go:1154
github.com/dop251/goja.initStackP.exec(...)
	D:/dev/codes/golang/pkg/mod/github.com/dop251/goja@v0.0.0-20251201205617-2bb4c724c0f9/vm.go:1200
github.com/dop251/goja.(*vm).run(0xc0000da360)
	D:/dev/codes/golang/pkg/mod/github.com/dop251/goja@v0.0.0-20251201205617-2bb4c724c0f9/vm.go:635 +0x5b
github.com/dop251/goja.(*vm).runTryInner(0xc0000da360?)
	D:/dev/codes/golang/pkg/mod/github.com/dop251/goja@v0.0.0-20251201205617-2bb4c724c0f9/vm.go:887 +0x52
github.com/dop251/goja.(*baseJsFuncObject).__call(0xc0003ca1c0, {0xc00029e080?, 0x2, 0x0?}, {0x0, 0x0}, {0x0?, 0x0?})
	D:/dev/codes/golang/pkg/mod/github.com/dop251/goja@v0.0.0-20251201205617-2bb4c724c0f9/func.go:434 +0x705
github.com/dop251/goja.(*baseJsFuncObject)._call(...)
	D:/dev/codes/golang/pkg/mod/github.com/dop251/goja@v0.0.0-20251201205617-2bb4c724c0f9/func.go:450
github.com/dop251/goja.(*arrowFuncObject).Call(0x2a67ad20e68?, {{0x204bde0, 0x2a00520}, {0xc00029e080, 0x2, 0x2}})
	D:/dev/codes/golang/pkg/mod/github.com/dop251/goja@v0.0.0-20251201205617-2bb4c724c0f9/func.go:394 +0x51
github.com/dop251/goja.AssertFunction.func1.1()
	D:/dev/codes/golang/pkg/mod/github.com/dop251/goja@v0.0.0-20251201205617-2bb4c724c0f9/runtime.go:2472 +0x56
github.com/dop251/goja.(*vm).try(0xc0000da360, 0xc00053f8a0)
	D:/dev/codes/golang/pkg/mod/github.com/dop251/goja@v0.0.0-20251201205617-2bb4c724c0f9/vm.go:864 +0x23c
github.com/dop251/goja.(*Runtime).runWrapped(0xc000004408, 0xc00053f8b8?)
	D:/dev/codes/golang/pkg/mod/github.com/dop251/goja@v0.0.0-20251201205617-2bb4c724c0f9/runtime.go:2516 +0x5f
github.com/dop251/goja.AssertFunction.func1({0x204bde0?, 0x2a00520?}, {0xc00029e080?, 0x1f?, 0x0?})
	D:/dev/codes/golang/pkg/mod/github.com/dop251/goja@v0.0.0-20251201205617-2bb4c724c0f9/runtime.go:2471 +0x8c
sw_runtime/internal/builtins.(*HTTPServerModule).createHTTPHandler.func1.1()
	D:/dev/codes/golang/src/issueye/sw_runtime/internal/builtins/httpserver.go:417 +0x3db
sw_runtime/internal/builtins.(*HTTPServerModule).createHTTPHandler.func1({0x2040ef0, 0xc0007722a0}, 0xc000814000)
	D:/dev/codes/golang/src/issueye/sw_runtime/internal/builtins/httpserver.go:449 +0x3a6
net/http.HandlerFunc.ServeHTTP(0xc0000c4e40?, {0x2040ef0?, 0xc0007722a0?}, 0x158c056?)
	C:/Users/issue/.g/go/src/net/http/server.go:2294 +0x29
net/http.(*ServeMux).ServeHTTP(0x1036599?, {0x2040ef0, 0xc0007722a0}, 0xc000814000)
	C:/Users/issue/.g/go/src/net/http/server.go:2822 +0x1c4
net/http.serverHandler.ServeHTTP({0xc000492420?}, {0x2040ef0?, 0xc0007722a0?}, 0x1?)
	C:/Users/issue/.g/go/src/net/http/server.go:3301 +0x8e
net/http.(*conn).serve(0xc00058e360, {0x20424a0, 0xc00062a2d0})
	C:/Users/issue/.g/go/src/net/http/server.go:2102 +0x625
created by net/http.(*Server).Serve in goroutine 4590
	C:/Users/issue/.g/go/src/net/http/server.go:3454 +0x485
DEBUG: Executing route handler
2025/12/27 21:44:48 http: panic serving [::1]:56906: runtime error: invalid memory address or nil pointer dereference
goroutine 4834 [running]:
net/http.(*conn).serve.func1()
	C:/Users/issue/.g/go/src/net/http/server.go:1947 +0xbe
panic({0x1d5aa80?, 0x298abd0?})
	C:/Users/issue/.g/go/src/runtime/panic.go:792 +0x132
github.com/dop251/goja.(*Runtime).runWrapped.func1()
	D:/dev/codes/golang/pkg/mod/github.com/dop251/goja@v0.0.0-20251201205617-2bb4c724c0f9/runtime.go:2512 +0xe5
panic({0x1d5aa80?, 0x298abd0?})
	C:/Users/issue/.g/go/src/runtime/panic.go:792 +0x132
github.com/dop251/goja.(*vm).handleThrow(0xc0000da360, {0x1d5aa80, 0x298abd0})
	D:/dev/codes/golang/pkg/mod/github.com/dop251/goja@v0.0.0-20251201205617-2bb4c724c0f9/vm.go:841 +0x405
github.com/dop251/goja.(*vm).try.func1()
	D:/dev/codes/golang/pkg/mod/github.com/dop251/goja@v0.0.0-20251201205617-2bb4c724c0f9/vm.go:860 +0x3f
panic({0x1d5aa80?, 0x298abd0?})
	C:/Users/issue/.g/go/src/runtime/panic.go:792 +0x132
github.com/dop251/goja.(*vm).handleThrow(0xc0000da360, {0x1d5aa80, 0x298abd0})
	D:/dev/codes/golang/pkg/mod/github.com/dop251/goja@v0.0.0-20251201205617-2bb4c724c0f9/vm.go:841 +0x405
github.com/dop251/goja.(*vm).runTryInner.func1()
	D:/dev/codes/golang/pkg/mod/github.com/dop251/goja@v0.0.0-20251201205617-2bb4c724c0f9/vm.go:883 +0x3f
panic({0x1d5aa80?, 0x298abd0?})
	C:/Users/issue/.g/go/src/runtime/panic.go:792 +0x132
github.com/dop251/goja.(*vm).run(0xc0000da360)
	D:/dev/codes/golang/pkg/mod/github.com/dop251/goja@v0.0.0-20251201205617-2bb4c724c0f9/vm.go:632 +0xaa
github.com/dop251/goja.(*vm).runTryInner(0xc0000da360?)
	D:/dev/codes/golang/pkg/mod/github.com/dop251/goja@v0.0.0-20251201205617-2bb4c724c0f9/vm.go:887 +0x52
github.com/dop251/goja.(*baseJsFuncObject).__call(0xc0003ca1c0, {0xc0001d4860?, 0x2, 0x1043440?}, {0x0, 0x0}, {0x0?, 0x0?})
	D:/dev/codes/golang/pkg/mod/github.com/dop251/goja@v0.0.0-20251201205617-2bb4c724c0f9/func.go:434 +0x705
github.com/dop251/goja.(*baseJsFuncObject)._call(...)
	D:/dev/codes/golang/pkg/mod/github.com/dop251/goja@v0.0.0-20251201205617-2bb4c724c0f9/func.go:450
github.com/dop251/goja.(*arrowFuncObject).Call(0x1019cc0?, {{0x204bde0, 0x2a00520}, {0xc0001d4860, 0x2, 0x2}})
	D:/dev/codes/golang/pkg/mod/github.com/dop251/goja@v0.0.0-20251201205617-2bb4c724c0f9/func.go:394 +0x51
github.com/dop251/goja.AssertFunction.func1.1()
	D:/dev/codes/golang/pkg/mod/github.com/dop251/goja@v0.0.0-20251201205617-2bb4c724c0f9/runtime.go:2472 +0x56
github.com/dop251/goja.(*vm).try(0xc0000da360, 0xc00072f8a0)
	D:/dev/codes/golang/pkg/mod/github.com/dop251/goja@v0.0.0-20251201205617-2bb4c724c0f9/vm.go:864 +0x23c
github.com/dop251/goja.(*Runtime).runWrapped(0xc000004408, 0xc00072f8b8?)
	D:/dev/codes/golang/pkg/mod/github.com/dop251/goja@v0.0.0-20251201205617-2bb4c724c0f9/runtime.go:2516 +0x5f
github.com/dop251/goja.AssertFunction.func1({0x204bde0?, 0x2a00520?}, {0xc0001d4860?, 0x1f?, 0x0?})
	D:/dev/codes/golang/pkg/mod/github.com/dop251/goja@v0.0.0-20251201205617-2bb4c724c0f9/runtime.go:2471 +0x8c
sw_runtime/internal/builtins.(*HTTPServerModule).createHTTPHandler.func1.1()
	D:/dev/codes/golang/src/issueye/sw_runtime/internal/builtins/httpserver.go:417 +0x3db
sw_runtime/internal/builtins.(*HTTPServerModule).createHTTPHandler.func1({0x2040ef0, 0xc0003ca540}, 0xc000814c80)
	D:/dev/codes/golang/src/issueye/sw_runtime/internal/builtins/httpserver.go:449 +0x3a6
net/http.HandlerFunc.ServeHTTP(0xc0000c4e40?, {0x2040ef0?, 0xc0003ca540?}, 0x158c056?)
	C:/Users/issue/.g/go/src/net/http/server.go:2294 +0x29
net/http.(*ServeMux).ServeHTTP(0x1036599?, {0x2040ef0, 0xc0003ca540}, 0xc000814c80)
	C:/Users/issue/.g/go/src/net/http/server.go:2822 +0x1c4
net/http.serverHandler.ServeHTTP({0xc0004936e0?}, {0x2040ef0?, 0xc0003ca540?}, 0x1?)
	C:/Users/issue/.g/go/src/net/http/server.go:3301 +0x8e
net/http.(*conn).serve(0xc000702000, {0x20424a0, 0xc00062a2d0})
	C:/Users/issue/.g/go/src/net/http/server.go:2102 +0x625
created by net/http.(*Server).Serve in goroutine 4590
	C:/Users/issue/.g/go/src/net/http/server.go:3454 +0x485
DEBUG: json() called with data: map[request_number:22 result:4950 timestamp:1766843088475]
2025/12/27 21:44:48 http: panic serving [::1]:56905: runtime error: slice bounds out of range [1:0]
goroutine 4819 [running]:
net/http.(*conn).serve.func1()
	C:/Users/issue/.g/go/src/net/http/server.go:1947 +0xbe
panic({0x1e09e40?, 0xc0002280a8?})
	C:/Users/issue/.g/go/src/runtime/panic.go:792 +0x132
github.com/dop251/goja.(*Runtime).runWrapped.func1()
	D:/dev/codes/golang/pkg/mod/github.com/dop251/goja@v0.0.0-20251201205617-2bb4c724c0f9/runtime.go:2512 +0xe5
panic({0x1e09e40?, 0xc0002280a8?})
	C:/Users/issue/.g/go/src/runtime/panic.go:792 +0x132
github.com/dop251/goja.(*vm).restoreStacks(0xc0000da360, 0x1d5aa80?, 0x1)
	D:/dev/codes/golang/pkg/mod/github.com/dop251/goja@v0.0.0-20251201205617-2bb4c724c0f9/vm.go:792 +0x1e8
github.com/dop251/goja.(*vm).handleThrow(0xc0000da360, {0x1d5aa80, 0x298abd0})
	D:/dev/codes/golang/pkg/mod/github.com/dop251/goja@v0.0.0-20251201205617-2bb4c724c0f9/vm.go:818 +0x1f0
github.com/dop251/goja.(*vm).try.func1()
	D:/dev/codes/golang/pkg/mod/github.com/dop251/goja@v0.0.0-20251201205617-2bb4c724c0f9/vm.go:860 +0x3f
panic({0x1d5aa80?, 0x298abd0?})
	C:/Users/issue/.g/go/src/runtime/panic.go:792 +0x132
github.com/dop251/goja.(*vm).halted(...)
	D:/dev/codes/golang/pkg/mod/github.com/dop251/goja@v0.0.0-20251201205617-2bb4c724c0f9/vm.go:610
github.com/dop251/goja.(*baseJsFuncObject).__call(0xc0003ca1c0, {0xc0003ba4e0?, 0x2, 0x1043440?}, {0x0, 0x0}, {0x0?, 0x0?})
	D:/dev/codes/golang/pkg/mod/github.com/dop251/goja@v0.0.0-20251201205617-2bb4c724c0f9/func.go:438 +0x723
github.com/dop251/goja.(*baseJsFuncObject)._call(...)
	D:/dev/codes/golang/pkg/mod/github.com/dop251/goja@v0.0.0-20251201205617-2bb4c724c0f9/func.go:450
github.com/dop251/goja.(*arrowFuncObject).Call(0x1019cc0?, {{0x204bde0, 0x2a00520}, {0xc0003ba4e0, 0x2, 0x2}})
	D:/dev/codes/golang/pkg/mod/github.com/dop251/goja@v0.0.0-20251201205617-2bb4c724c0f9/func.go:394 +0x51
github.com/dop251/goja.AssertFunction.func1.1()
	D:/dev/codes/golang/pkg/mod/github.com/dop251/goja@v0.0.0-20251201205617-2bb4c724c0f9/runtime.go:2472 +0x56
github.com/dop251/goja.(*vm).try(0xc0000da360, 0xc0006bb8a0)
	D:/dev/codes/golang/pkg/mod/github.com/dop251/goja@v0.0.0-20251201205617-2bb4c724c0f9/vm.go:864 +0x23c
github.com/dop251/goja.(*Runtime).runWrapped(0xc000004408, 0xc0006bb8b8?)
	D:/dev/codes/golang/pkg/mod/github.com/dop251/goja@v0.0.0-20251201205617-2bb4c724c0f9/runtime.go:2516 +0x5f
github.com/dop251/goja.AssertFunction.func1({0x204bde0?, 0x2a00520?}, {0xc0003ba4e0?, 0x1f?, 0x0?})
	D:/dev/codes/golang/pkg/mod/github.com/dop251/goja@v0.0.0-20251201205617-2bb4c724c0f9/runtime.go:2471 +0x8c
sw_runtime/internal/builtins.(*HTTPServerModule).createHTTPHandler.func1.1()
	D:/dev/codes/golang/src/issueye/sw_runtime/internal/builtins/httpserver.go:417 +0x3db
sw_runtime/internal/builtins.(*HTTPServerModule).createHTTPHandler.func1({0x2040ef0, 0xc0007b21c0}, 0xc00045c000)
	D:/dev/codes/golang/src/issueye/sw_runtime/internal/builtins/httpserver.go:449 +0x3a6
net/http.HandlerFunc.ServeHTTP(0xc0000c4e40?, {0x2040ef0?, 0xc0007b21c0?}, 0x158c056?)
	C:/Users/issue/.g/go/src/net/http/server.go:2294 +0x29
net/http.(*ServeMux).ServeHTTP(0x1036599?, {0x2040ef0, 0xc0007b21c0}, 0xc00045c000)
	C:/Users/issue/.g/go/src/net/http/server.go:2822 +0x1c4
net/http.serverHandler.ServeHTTP({0xc000882ae0?}, {0x2040ef0?, 0xc0007b21c0?}, 0x1?)
	C:/Users/issue/.g/go/src/net/http/server.go:3301 +0x8e
net/http.(*conn).serve(0xc0002fe2d0, {0x20424a0, 0xc00062a2d0})
	C:/Users/issue/.g/go/src/net/http/server.go:2102 +0x625
created by net/http.(*Server).Serve in goroutine 4590
	C:/Users/issue/.g/go/src/net/http/server.go:3454 +0x485
DEBUG: json() wrote 61 bytes, error: <nil>
DEBUG: json() called with data: map[request_number:21 result:4950 timestamp:1766843088473]
DEBUG: Executing route handler
DEBUG: Executing route handler
DEBUG: Executing route handler
DEBUG: Executing route handler
fatal error: concurrent map writesDEBUG: Handler executed successfully


goroutine 4699 [running]:
internal/runtime/maps.fatal({0x1e9096f?, 0xc0008a5318?})
	C:/Users/issue/.g/go/src/runtime/panic.go:1058 +0x18
github.com/dop251/goja.(*baseObject)._put(0xc000276310, {0xc0001bec44, 0xe}, {0x204bfa8, 0x2a00551})
	D:/dev/codes/golang/pkg/mod/github.com/dop251/goja@v0.0.0-20251201205617-2bb4c724c0f9/object.go:794 +0x109
github.com/dop251/goja.(*baseObject)._putProp(0xc000276310, {0xc0001bec44, 0xe}, {0x204bfa8, 0x2a00551}, 0x1, 0x1, 0x1)
	D:/dev/codes/golang/pkg/mod/github.com/dop251/goja@v0.0.0-20251201205617-2bb4c724c0f9/object.go:811 +0xbf
github.com/dop251/goja.putProp.exec({0xc0001bec44, 0xe}, 0xc0000da360)
	D:/dev/codes/golang/pkg/mod/github.com/dop251/goja@v0.0.0-20251201205617-2bb4c724c0f9/vm.go:2349 +0xa6
github.com/dop251/goja.(*vm).run(0xc0000da360)
	D:/dev/codes/golang/pkg/mod/github.com/dop251/goja@v0.0.0-20251201205617-2bb4c724c0f9/vm.go:635 +0x5b
github.com/dop251/goja.(*vm).runTryInner(0xc0000da360?)
	D:/dev/codes/golang/pkg/mod/github.com/dop251/goja@v0.0.0-20251201205617-2bb4c724c0f9/vm.go:887 +0x52
github.com/dop251/goja.(*baseJsFuncObject).__call(0xc0003ca1c0, {0xc0001d4d00?, 0x2, 0x1043440?}, {0x0, 0x0}, {0x0?, 0x0?})
	D:/dev/codes/golang/pkg/mod/github.com/dop251/goja@v0.0.0-20251201205617-2bb4c724c0f9/func.go:434 +0x705
github.com/dop251/goja.(*baseJsFuncObject)._call(...)
	D:/dev/codes/golang/pkg/mod/github.com/dop251/goja@v0.0.0-20251201205617-2bb4c724c0f9/func.go:450
github.com/dop251/goja.(*arrowFuncObject).Call(0x1019cc0?, {{0x204bde0, 0x2a00520}, {0xc0001d4d00, 0x2, 0x2}})
	D:/dev/codes/golang/pkg/mod/github.com/dop251/goja@v0.0.0-20251201205617-2bb4c724c0f9/func.go:394 +0x51
github.com/dop251/goja.AssertFunction.func1.1()
	D:/dev/codes/golang/pkg/mod/github.com/dop251/goja@v0.0.0-20251201205617-2bb4c724c0f9/runtime.go:2472 +0x56
github.com/dop251/goja.(*vm).try(0xc0000da360, 0xc0008a58a0)
	D:/dev/codes/golang/pkg/mod/github.com/dop251/goja@v0.0.0-20251201205617-2bb4c724c0f9/vm.go:864 +0x23c
github.com/dop251/goja.(*Runtime).runWrapped(0xc000004408, 0xc0008a58b8?)
	D:/dev/codes/golang/pkg/mod/github.com/dop251/goja@v0.0.0-20251201205617-2bb4c724c0f9/runtime.go:2516 +0x5f
github.com/dop251/goja.AssertFunction.func1({0x204bde0?, 0x2a00520?}, {0xc0001d4d00?, 0x1f?, 0x0?})
	D:/dev/codes/golang/pkg/mod/github.com/dop251/goja@v0.0.0-20251201205617-2bb4c724c0f9/runtime.go:2471 +0x8c
sw_runtime/internal/builtins.(*HTTPServerModule).createHTTPHandler.func1.1()
	D:/dev/codes/golang/src/issueye/sw_runtime/internal/builtins/httpserver.go:417 +0x3db
sw_runtime/internal/builtins.(*HTTPServerModule).createHTTPHandler.func1({0x2040ef0, 0xc0007b20e0}, 0xc00036c780)
	D:/dev/codes/golang/src/issueye/sw_runtime/internal/builtins/httpserver.go:449 +0x3a6
net/http.HandlerFunc.ServeHTTP(0xc0000c4e40?, {0x2040ef0?, 0xc0007b20e0?}, 0x158c056?)
	C:/Users/issue/.g/go/src/net/http/server.go:2294 +0x29
net/http.(*ServeMux).ServeHTTP(0x1036599?, {0x2040ef0, 0xc0007b20e0}, 0xc00036c780)
	C:/Users/issue/.g/go/src/net/http/server.go:2822 +0x1c4
net/http.serverHandler.ServeHTTP({0xc00022a960?}, {0x2040ef0?, 0xc0007b20e0?}, 0x1?)
	C:/Users/issue/.g/go/src/net/http/server.go:3301 +0x8e
net/http.(*conn).serve(0xc0005ce000, {0x20424a0, 0xc00062a2d0})
	C:/Users/issue/.g/go/src/net/http/server.go:2102 +0x625
created by net/http.(*Server).Serve in goroutine 4590
	C:/Users/issue/.g/go/src/net/http/server.go:3454 +0x485

goroutine 1 [chan receive]:
testing.(*T).Run(0xc000003500, {0x1e93b36?, 0x7ffd90153fb0?}, 0x1eeafe0)
	C:/Users/issue/.g/go/src/testing/testing.go:1859 +0x414
testing.runTests.func1(0xc000003500)
	C:/Users/issue/.g/go/src/testing/testing.go:2279 +0x37
testing.tRunner(0xc000003500, 0xc0000e7c70)
	C:/Users/issue/.g/go/src/testing/testing.go:1792 +0xcb
testing.runTests(0xc0000082e8, {0x29ac760, 0x7f, 0x7f}, {0x29b83e0?, 0x7?, 0x29b6580?})
	C:/Users/issue/.g/go/src/testing/testing.go:2277 +0x4b4
testing.(*M).Run(0xc0001d2280)
	C:/Users/issue/.g/go/src/testing/testing.go:2142 +0x64a
main.main()
	_testmain.go:353 +0x9b

goroutine 55 [syscall]:
os/signal.signal_recv()
	C:/Users/issue/.g/go/src/runtime/sigqueue.go:152 +0x29
os/signal.loop()
	C:/Users/issue/.g/go/src/os/signal/signal_unix.go:23 +0x13
created by os/signal.Notify.func1.1 in goroutine 8
	C:/Users/issue/.g/go/src/os/signal/signal.go:152 +0x1f

goroutine 4602 [select]:
net/http.(*persistConn).roundTrip(0xc0006a2000, 0xc0004b62d0)
	C:/Users/issue/.g/go/src/net/http/transport.go:2826 +0x785
net/http.(*Transport).roundTrip(0x29a6de0, 0xc000926780)
	C:/Users/issue/.g/go/src/net/http/transport.go:696 +0xb9a
net/http.(*Transport).RoundTrip(0xc000926780?, 0x2038d60?)
	C:/Users/issue/.g/go/src/net/http/roundtrip.go:30 +0x13
net/http.send(0xc000926640, {0x2038d60, 0x29a6de0}, {0x1bd55901?, 0x10726f3?, 0x29b6580?})
	C:/Users/issue/.g/go/src/net/http/client.go:259 +0x5e2
net/http.(*Client).send(0xc000318390, 0xc000926640, {0x7?, 0x1?, 0x29b6580?})
	C:/Users/issue/.g/go/src/net/http/client.go:180 +0x91
net/http.(*Client).do(0xc000318390, 0xc000926640)
	C:/Users/issue/.g/go/src/net/http/client.go:728 +0x989
net/http.(*Client).Do(...)
	C:/Users/issue/.g/go/src/net/http/client.go:587
net/http.(*Client).Get(0xc000318390, {0x1e99cf5?, 0xc000319920?})
	C:/Users/issue/.g/go/src/net/http/client.go:484 +0x5f
sw_runtime/test.TestHTTPServerStressTest.func2(0xc000782150?)
	D:/dev/codes/golang/src/issueye/sw_runtime/test/httpserver_benchmark_test.go:476 +0x72
created by sw_runtime/test.TestHTTPServerStressTest in goroutine 4481
	D:/dev/codes/golang/src/issueye/sw_runtime/test/httpserver_benchmark_test.go:470 +0x105

goroutine 4595 [select]:
net/http.(*persistConn).roundTrip(0xc000534480, 0xc0006b23c0)
	C:/Users/issue/.g/go/src/net/http/transport.go:2826 +0x785
net/http.(*Transport).roundTrip(0x29a6de0, 0xc0003be640)
	C:/Users/issue/.g/go/src/net/http/transport.go:696 +0xb9a
net/http.(*Transport).RoundTrip(0xc0003be640?, 0x2038d60?)
	C:/Users/issue/.g/go/src/net/http/roundtrip.go:30 +0x13
net/http.send(0xc0003be500, {0x2038d60, 0x29a6de0}, {0x1c3d1001?, 0x10726f3?, 0x29b6580?})
	C:/Users/issue/.g/go/src/net/http/client.go:259 +0x5e2
net/http.(*Client).send(0xc0003d0060, 0xc0003be500, {0x7?, 0x1?, 0x29b6580?})
	C:/Users/issue/.g/go/src/net/http/client.go:180 +0x91
net/http.(*Client).do(0xc0003d0060, 0xc0003be500)
	C:/Users/issue/.g/go/src/net/http/client.go:728 +0x989
net/http.(*Client).Do(...)
	C:/Users/issue/.g/go/src/net/http/client.go:587
net/http.(*Client).Get(0xc0003d0060, {0x1e99cf5?, 0xc0007821b0?})
	C:/Users/issue/.g/go/src/net/http/client.go:484 +0x5f
sw_runtime/test.TestHTTPServerStressTest.func2(0xc0007821b0?)
	D:/dev/codes/golang/src/issueye/sw_runtime/test/httpserver_benchmark_test.go:476 +0x72
created by sw_runtime/test.TestHTTPServerStressTest in goroutine 4481
	D:/dev/codes/golang/src/issueye/sw_runtime/test/httpserver_benchmark_test.go:470 +0x105

goroutine 1036 [IO wait]:
internal/poll.runtime_pollWait(0x2a67acbf2b8, 0x72)
	C:/Users/issue/.g/go/src/runtime/netpoll.go:351 +0x85
internal/poll.(*pollDesc).wait(0x204b9b8?, 0xc000599970?, 0x0)
	C:/Users/issue/.g/go/src/internal/poll/fd_poll_runtime.go:84 +0x27
internal/poll.execIO(0xc00028a020, 0x1eeb8e8)
	C:/Users/issue/.g/go/src/internal/poll/fd_windows.go:177 +0x105
internal/poll.(*FD).Read(0xc00028a008, {0xc00010e000, 0x1000, 0x1000})
	C:/Users/issue/.g/go/src/internal/poll/fd_windows.go:438 +0x29b
net.(*netFD).Read(0xc00028a008, {0xc00010e000?, 0xc000599ad0?, 0x108cb85?})
	C:/Users/issue/.g/go/src/net/fd_posix.go:55 +0x25
net.(*conn).Read(0xc000586000, {0xc00010e000?, 0x0?, 0x0?})
	C:/Users/issue/.g/go/src/net/net.go:194 +0x45
net/http.(*connReader).Read(0xc000319920, {0xc00010e000, 0x1000, 0x1000})
	C:/Users/issue/.g/go/src/net/http/server.go:798 +0x159
bufio.(*Reader).fill(0xc0002a28a0)
	C:/Users/issue/.g/go/src/bufio/bufio.go:113 +0x103
bufio.(*Reader).Peek(0xc0002a28a0, 0x4)
	C:/Users/issue/.g/go/src/bufio/bufio.go:152 +0x53
net/http.(*conn).serve(0xc0002a0000, {0x20424a0, 0xc0003198c0})
	C:/Users/issue/.g/go/src/net/http/server.go:2137 +0x785
created by net/http.(*Server).Serve in goroutine 1074
	C:/Users/issue/.g/go/src/net/http/server.go:3454 +0x485

goroutine 4783 [select]:
net/http.(*persistConn).writeLoop(0xc0007a1320)
	C:/Users/issue/.g/go/src/net/http/transport.go:2590 +0xe7
created by net/http.(*Transport).dialConn in goroutine 4776
	C:/Users/issue/.g/go/src/net/http/transport.go:1945 +0x17a5

goroutine 1074 [IO wait]:
internal/poll.runtime_pollWait(0x2a67acbf4e8, 0x72)
	C:/Users/issue/.g/go/src/runtime/netpoll.go:351 +0x85
internal/poll.(*pollDesc).wait(0x108b0b3?, 0xfe1496?, 0x0)
	C:/Users/issue/.g/go/src/internal/poll/fd_poll_runtime.go:84 +0x27
internal/poll.execIO(0xc0003ce2a0, 0xc0004f9b40)
	C:/Users/issue/.g/go/src/internal/poll/fd_windows.go:177 +0x105
internal/poll.(*FD).acceptOne(0xc0003ce288, 0x324, {0xc0002a4000?, 0xc0004f9ba0?, 0x10957e5?}, 0xc0004f9bd4?)
	C:/Users/issue/.g/go/src/internal/poll/fd_windows.go:946 +0x65
internal/poll.(*FD).Accept(0xc0003ce288, 0xc0004f9d20)
	C:/Users/issue/.g/go/src/internal/poll/fd_windows.go:980 +0x1b6
net.(*netFD).accept(0xc0003ce288)
	C:/Users/issue/.g/go/src/net/fd_windows.go:182 +0x4b
net.(*TCPListener).accept(0xc0003aec40)
	C:/Users/issue/.g/go/src/net/tcpsock_posix.go:159 +0x1b
net.(*TCPListener).Accept(0xc0003aec40)
	C:/Users/issue/.g/go/src/net/tcpsock.go:380 +0x30
net/http.(*Server).Serve(0xc000302900, {0x2041910, 0xc0003aec40})
	C:/Users/issue/.g/go/src/net/http/server.go:3424 +0x30c
net/http.(*Server).ListenAndServe(0xc000302900)
	C:/Users/issue/.g/go/src/net/http/server.go:3350 +0x71
sw_runtime/internal/builtins.(*HTTPServerModule).createServerObject.(*HTTPServerModule).createListenHandler.func23.1()
	D:/dev/codes/golang/src/issueye/sw_runtime/internal/builtins/httpserver.go:285 +0x24b
created by sw_runtime/internal/builtins.(*HTTPServerModule).createServerObject.(*HTTPServerModule).createListenHandler.func23 in goroutine 1053
	D:/dev/codes/golang/src/issueye/sw_runtime/internal/builtins/httpserver.go:261 +0x1f1

goroutine 4915 [IO wait]:
internal/poll.runtime_pollWait(0x2a67ab673a0, 0x72)
	C:/Users/issue/.g/go/src/runtime/netpoll.go:351 +0x85
internal/poll.(*pollDesc).wait(0x1?, 0xc000702070?, 0x0)
	C:/Users/issue/.g/go/src/internal/poll/fd_poll_runtime.go:84 +0x27
internal/poll.execIO(0xc000596f20, 0x1eeb8e8)
	C:/Users/issue/.g/go/src/internal/poll/fd_windows.go:177 +0x105
internal/poll.(*FD).Read(0xc000596f08, {0xc000780371, 0x1, 0x1})
	C:/Users/issue/.g/go/src/internal/poll/fd_windows.go:438 +0x29b
net.(*netFD).Read(0xc000596f08, {0xc000780371?, 0x1e99cf5?, 0x4?})
	C:/Users/issue/.g/go/src/net/fd_posix.go:55 +0x25
net.(*conn).Read(0xc00080e030, {0xc000780371?, 0x29a6de0?, 0xc0006300b0?})
	C:/Users/issue/.g/go/src/net/net.go:194 +0x45
net/http.(*connReader).backgroundRead(0xc000780360)
	C:/Users/issue/.g/go/src/net/http/server.go:690 +0x37
created by net/http.(*connReader).startBackgroundRead in goroutine 4890
	C:/Users/issue/.g/go/src/net/http/server.go:686 +0xb6

goroutine 4578 [select]:
sw_runtime/internal/runtime.(*SimpleEventLoop).WaitAndProcess(0xc00078a230)
	D:/dev/codes/golang/src/issueye/sw_runtime/internal/runtime/eventloop_simple.go:133 +0x1b2
sw_runtime/internal/runtime.(*Runner).RunCode(0xc000392258, {0x1ecf74c, 0x264})
	D:/dev/codes/golang/src/issueye/sw_runtime/internal/runtime/runner.go:141 +0x94
sw_runtime/test.TestHTTPServerStressTest.func1()
	D:/dev/codes/golang/src/issueye/sw_runtime/test/httpserver_benchmark_test.go:457 +0x1f
created by sw_runtime/test.TestHTTPServerStressTest in goroutine 4481
	D:/dev/codes/golang/src/issueye/sw_runtime/test/httpserver_benchmark_test.go:456 +0xb5

goroutine 4703 [runnable]:
internal/poll.runtime_pollWait(0x2a67ace33c0, 0x72)
	C:/Users/issue/.g/go/src/runtime/netpoll.go:351 +0x85
internal/poll.(*pollDesc).wait(0x494?, 0x72?, 0x0)
	C:/Users/issue/.g/go/src/internal/poll/fd_poll_runtime.go:84 +0x27
internal/poll.execIO(0xc00028aca0, 0x1eeb8e8)
	C:/Users/issue/.g/go/src/internal/poll/fd_windows.go:177 +0x105
internal/poll.(*FD).Read(0xc00028ac88, {0xc0006ae221, 0x1, 0x1})
	C:/Users/issue/.g/go/src/internal/poll/fd_windows.go:438 +0x29b
net.(*netFD).Read(0xc00028ac88, {0xc0006ae221?, 0xc00052c0d8?, 0xc000569f70?})
	C:/Users/issue/.g/go/src/net/fd_posix.go:55 +0x25
net.(*conn).Read(0xc000078218, {0xc0006ae221?, 0x29a6de0?, 0xc000592420?})
	C:/Users/issue/.g/go/src/net/net.go:194 +0x45
net/http.(*connReader).backgroundRead(0xc0006ae210)
	C:/Users/issue/.g/go/src/net/http/server.go:690 +0x37
created by net/http.(*connReader).startBackgroundRead in goroutine 4823
	C:/Users/issue/.g/go/src/net/http/server.go:686 +0xb6

goroutine 823 [IO wait]:
internal/poll.runtime_pollWait(0x2a67acbf3d0, 0x72)
	C:/Users/issue/.g/go/src/runtime/netpoll.go:351 +0x85
internal/poll.(*pollDesc).wait(0xc0006b9b48?, 0xc0006b9b48?, 0x0)
	C:/Users/issue/.g/go/src/internal/poll/fd_poll_runtime.go:84 +0x27
internal/poll.execIO(0xc000462020, 0x1eeb8e8)
	C:/Users/issue/.g/go/src/internal/poll/fd_windows.go:177 +0x105
internal/poll.(*FD).Read(0xc000462008, {0xc0001e1000, 0x1000, 0x1000})
	C:/Users/issue/.g/go/src/internal/poll/fd_windows.go:438 +0x29b
net.(*netFD).Read(0xc000462008, {0xc0001e1000?, 0xfc8574?, 0x0?})
	C:/Users/issue/.g/go/src/net/fd_posix.go:55 +0x25
net.(*conn).Read(0xc00016c758, {0xc0001e1000?, 0xfc836f?, 0xc000400300?})
	C:/Users/issue/.g/go/src/net/net.go:194 +0x45
net/http.(*persistConn).Read(0xc0001f6120, {0xc0001e1000?, 0x15a5685?, 0x2038c80?})
	C:/Users/issue/.g/go/src/net/http/transport.go:2122 +0x47
bufio.(*Reader).fill(0xc0003657a0)
	C:/Users/issue/.g/go/src/bufio/bufio.go:113 +0x103
bufio.(*Reader).Peek(0xc0003657a0, 0x1)
	C:/Users/issue/.g/go/src/bufio/bufio.go:152 +0x53
net/http.(*persistConn).readLoop(0xc0001f6120)
	C:/Users/issue/.g/go/src/net/http/transport.go:2275 +0x172
created by net/http.(*Transport).dialConn in goroutine 819
	C:/Users/issue/.g/go/src/net/http/transport.go:1944 +0x174f

goroutine 4813 [IO wait]:
internal/poll.runtime_pollWait(0x2a67acbe7c8, 0x72)
	C:/Users/issue/.g/go/src/runtime/netpoll.go:351 +0x85
internal/poll.(*pollDesc).wait(0xc000687b48?, 0xc000687b48?, 0x0)
	C:/Users/issue/.g/go/src/internal/poll/fd_poll_runtime.go:84 +0x27
internal/poll.execIO(0xc00050c2a0, 0x1eeb8e8)
	C:/Users/issue/.g/go/src/internal/poll/fd_windows.go:177 +0x105
internal/poll.(*FD).Read(0xc00050c288, {0xc0006f5000, 0x1000, 0x1000})
	C:/Users/issue/.g/go/src/internal/poll/fd_windows.go:438 +0x29b
net.(*netFD).Read(0xc00050c288, {0xc0006f5000?, 0x0?, 0x0?})
	C:/Users/issue/.g/go/src/net/fd_posix.go:55 +0x25
net.(*conn).Read(0xc00016c520, {0xc0006f5000?, 0xfc8345?, 0xc0001627c0?})
	C:/Users/issue/.g/go/src/net/net.go:194 +0x45
net/http.(*persistConn).Read(0xc00020e7e0, {0xc0006f5000?, 0x15a5685?, 0x2038c80?})
	C:/Users/issue/.g/go/src/net/http/transport.go:2122 +0x47
bufio.(*Reader).fill(0xc000053860)
	C:/Users/issue/.g/go/src/bufio/bufio.go:113 +0x103
bufio.(*Reader).Peek(0xc000053860, 0x1)
	C:/Users/issue/.g/go/src/bufio/bufio.go:152 +0x53
net/http.(*persistConn).readLoop(0xc00020e7e0)
	C:/Users/issue/.g/go/src/net/http/transport.go:2275 +0x172
created by net/http.(*Transport).dialConn in goroutine 4826
	C:/Users/issue/.g/go/src/net/http/transport.go:1944 +0x174f

goroutine 4603 [select]:
net/http.(*persistConn).roundTrip(0xc000a18000, 0xc00085c370)
	C:/Users/issue/.g/go/src/net/http/transport.go:2826 +0x785
net/http.(*Transport).roundTrip(0x29a6de0, 0xc00070e3c0)
	C:/Users/issue/.g/go/src/net/http/transport.go:696 +0xb9a
net/http.(*Transport).RoundTrip(0xc00070e3c0?, 0x2038d60?)
	C:/Users/issue/.g/go/src/net/http/roundtrip.go:30 +0x13
net/http.send(0xc00070e280, {0x2038d60, 0x29a6de0}, {0x1bd55901?, 0x10726f3?, 0x29b6580?})
	C:/Users/issue/.g/go/src/net/http/client.go:259 +0x5e2
net/http.(*Client).send(0xc000318030, 0xc00070e280, {0x7?, 0x1?, 0x29b6580?})
	C:/Users/issue/.g/go/src/net/http/client.go:180 +0x91
net/http.(*Client).do(0xc000318030, 0xc00070e280)
	C:/Users/issue/.g/go/src/net/http/client.go:728 +0x989
net/http.(*Client).Do(...)
	C:/Users/issue/.g/go/src/net/http/client.go:587
net/http.(*Client).Get(0xc000318030, {0x1e99cf5?, 0x1118240?})
	C:/Users/issue/.g/go/src/net/http/client.go:484 +0x5f
sw_runtime/test.TestHTTPServerStressTest.func2(0x1eeafe8?)
	D:/dev/codes/golang/src/issueye/sw_runtime/test/httpserver_benchmark_test.go:476 +0x72
created by sw_runtime/test.TestHTTPServerStressTest in goroutine 4481
	D:/dev/codes/golang/src/issueye/sw_runtime/test/httpserver_benchmark_test.go:470 +0x105

goroutine 4075 [IO wait]:
internal/poll.runtime_pollWait(0x2a67acbf1a0, 0x72)
	C:/Users/issue/.g/go/src/runtime/netpoll.go:351 +0x85
internal/poll.(*pollDesc).wait(0x108b0b3?, 0xfe1496?, 0x0)
	C:/Users/issue/.g/go/src/internal/poll/fd_poll_runtime.go:84 +0x27
internal/poll.execIO(0xc0003ce520, 0xc000135b40)
	C:/Users/issue/.g/go/src/internal/poll/fd_windows.go:177 +0x105
internal/poll.(*FD).acceptOne(0xc0003ce508, 0x3a4, {0xc000014000?, 0xc000135ba0?, 0x10957e5?}, 0xc000135bd4?)
	C:/Users/issue/.g/go/src/internal/poll/fd_windows.go:946 +0x65
internal/poll.(*FD).Accept(0xc0003ce508, 0xc000135d20)
	C:/Users/issue/.g/go/src/internal/poll/fd_windows.go:980 +0x1b6
net.(*netFD).accept(0xc0003ce508)
	C:/Users/issue/.g/go/src/net/fd_windows.go:182 +0x4b
net.(*TCPListener).accept(0xc000298100)
	C:/Users/issue/.g/go/src/net/tcpsock_posix.go:159 +0x1b
net.(*TCPListener).Accept(0xc000298100)
	C:/Users/issue/.g/go/src/net/tcpsock.go:380 +0x30
net/http.(*Server).Serve(0xc000302000, {0x2041910, 0xc000298100})
	C:/Users/issue/.g/go/src/net/http/server.go:3424 +0x30c
net/http.(*Server).ListenAndServe(0xc000302000)
	C:/Users/issue/.g/go/src/net/http/server.go:3350 +0x71
sw_runtime/internal/builtins.(*HTTPServerModule).createServerObject.(*HTTPServerModule).createListenHandler.func23.1()
	D:/dev/codes/golang/src/issueye/sw_runtime/internal/builtins/httpserver.go:285 +0x24b
created by sw_runtime/internal/builtins.(*HTTPServerModule).createServerObject.(*HTTPServerModule).createListenHandler.func23 in goroutine 4082
	D:/dev/codes/golang/src/issueye/sw_runtime/internal/builtins/httpserver.go:261 +0x1f1

goroutine 4888 [runnable]:
bytes.(*Buffer).String(...)
	C:/Users/issue/.g/go/src/bytes/buffer.go:71
github.com/dop251/goja.(*Exception).Error(0xc000492e70?)
	D:/dev/codes/golang/pkg/mod/github.com/dop251/goja@v0.0.0-20251201205617-2bb4c724c0f9/runtime.go:402 +0x99
fmt.(*pp).handleMethods(0xc000432340, 0x83d7f8?)
	C:/Users/issue/.g/go/src/fmt/print.go:667 +0x3e3
fmt.(*pp).printArg(0xc000432340, {0x1de8840, 0xc000492e70}, 0x76)
	C:/Users/issue/.g/go/src/fmt/print.go:756 +0x438
fmt.(*pp).doPrintf(0xc000432340, {0x1e9535a, 0x19}, {0xc00083d9f8, 0x1, 0x1})
	C:/Users/issue/.g/go/src/fmt/print.go:1074 +0x37e
fmt.Fprintf({0x2038c60, 0xc000078070}, {0x1e9535a, 0x19}, {0xc00083d9f8, 0x1, 0x1})
	C:/Users/issue/.g/go/src/fmt/print.go:224 +0x71
fmt.Printf(...)
	C:/Users/issue/.g/go/src/fmt/print.go:233
sw_runtime/internal/builtins.(*HTTPServerModule).createHTTPHandler.func1.1()
	D:/dev/codes/golang/src/issueye/sw_runtime/internal/builtins/httpserver.go:419 +0x44a
sw_runtime/internal/builtins.(*HTTPServerModule).createHTTPHandler.func1({0x2040ef0, 0xc000772380}, 0xc00012e640)
	D:/dev/codes/golang/src/issueye/sw_runtime/internal/builtins/httpserver.go:449 +0x3a6
net/http.HandlerFunc.ServeHTTP(0xc0000c4e40?, {0x2040ef0?, 0xc000772380?}, 0x158c056?)
	C:/Users/issue/.g/go/src/net/http/server.go:2294 +0x29
net/http.(*ServeMux).ServeHTTP(0x1036599?, {0x2040ef0, 0xc000772380}, 0xc00012e640)
	C:/Users/issue/.g/go/src/net/http/server.go:2822 +0x1c4
net/http.serverHandler.ServeHTTP({0xc000443d40?}, {0x2040ef0?, 0xc000772380?}, 0x1?)
	C:/Users/issue/.g/go/src/net/http/server.go:3301 +0x8e
net/http.(*conn).serve(0xc0001bc6c0, {0x20424a0, 0xc00062a2d0})
	C:/Users/issue/.g/go/src/net/http/server.go:2102 +0x625
created by net/http.(*Server).Serve in goroutine 4590
	C:/Users/issue/.g/go/src/net/http/server.go:3454 +0x485

goroutine 2977 [runnable]:
net/http.(*persistConn).writeLoop(0xc00041a000)
	C:/Users/issue/.g/go/src/net/http/transport.go:2590 +0xe7
created by net/http.(*Transport).dialConn in goroutine 4353
	C:/Users/issue/.g/go/src/net/http/transport.go:1945 +0x17a5

goroutine 4854 [semacquire]:
internal/poll.runtime_Semacquire(0xc00025d168?)
	C:/Users/issue/.g/go/src/runtime/sema.go:76 +0x25
internal/poll.(*fdMutex).rwlock(0xc0000a8248, 0x5?)
	C:/Users/issue/.g/go/src/internal/poll/fd_mutex.go:154 +0xc5
internal/poll.(*FD).writeLock(...)
	C:/Users/issue/.g/go/src/internal/poll/fd_mutex.go:239
internal/poll.(*FD).Write(0xc0000a8248, {0xc00037a100, 0x2b, 0x80})
	C:/Users/issue/.g/go/src/internal/poll/fd_windows.go:656 +0x65
os.(*File).write(...)
	C:/Users/issue/.g/go/src/os/file_posix.go:46
os.(*File).Write(0xc000078070, {0xc00037a100?, 0x2b, 0xc00025d370?})
	C:/Users/issue/.g/go/src/os/file.go:195 +0x4e
fmt.Fprintf({0x2038c60, 0xc000078070}, {0x1ea702c, 0x28}, {0xc00025d370, 0x2, 0x2})
	C:/Users/issue/.g/go/src/fmt/print.go:225 +0x97
fmt.Printf(...)
	C:/Users/issue/.g/go/src/fmt/print.go:233
sw_runtime/internal/builtins.(*HTTPServerModule).createResponseObjectWithWrapper.func4({{0x204b9b8, 0xc0007817d0}, {0xc000922388, 0x1, 0x4c}})
	D:/dev/codes/golang/src/issueye/sw_runtime/internal/builtins/httpserver.go:577 +0x2f4
github.com/dop251/goja.(*nativeFuncObject).vmCall(0xc0007e8780, 0xc0000da360, 0x1)
	D:/dev/codes/golang/pkg/mod/github.com/dop251/goja@v0.0.0-20251201205617-2bb4c724c0f9/func.go:571 +0x183
github.com/dop251/goja.call.exec(0x9?, 0xc0000da360)
	D:/dev/codes/golang/pkg/mod/github.com/dop251/goja@v0.0.0-20251201205617-2bb4c724c0f9/vm.go:3642 +0x66
github.com/dop251/goja.(*vm).run(0xc0000da360)
	D:/dev/codes/golang/pkg/mod/github.com/dop251/goja@v0.0.0-20251201205617-2bb4c724c0f9/vm.go:635 +0x5b
github.com/dop251/goja.(*vm).runTryInner(0xc0000da360?)
	D:/dev/codes/golang/pkg/mod/github.com/dop251/goja@v0.0.0-20251201205617-2bb4c724c0f9/vm.go:887 +0x52
github.com/dop251/goja.(*baseJsFuncObject).__call(0xc0003ca1c0, {0xc00025e400?, 0x2, 0x1043440?}, {0x0, 0x0}, {0x0?, 0x0?})
	D:/dev/codes/golang/pkg/mod/github.com/dop251/goja@v0.0.0-20251201205617-2bb4c724c0f9/func.go:434 +0x705
github.com/dop251/goja.(*baseJsFuncObject)._call(...)
	D:/dev/codes/golang/pkg/mod/github.com/dop251/goja@v0.0.0-20251201205617-2bb4c724c0f9/func.go:450
github.com/dop251/goja.(*arrowFuncObject).Call(0x1039aae?, {{0x204bde0, 0x2a00520}, {0xc00025e400, 0x2, 0x2}})
	D:/dev/codes/golang/pkg/mod/github.com/dop251/goja@v0.0.0-20251201205617-2bb4c724c0f9/func.go:394 +0x51
github.com/dop251/goja.AssertFunction.func1.1()
	D:/dev/codes/golang/pkg/mod/github.com/dop251/goja@v0.0.0-20251201205617-2bb4c724c0f9/runtime.go:2472 +0x56
github.com/dop251/goja.(*vm).try(0xc0000da360, 0xc00025d8a0)
	D:/dev/codes/golang/pkg/mod/github.com/dop251/goja@v0.0.0-20251201205617-2bb4c724c0f9/vm.go:864 +0x23c
github.com/dop251/goja.(*Runtime).runWrapped(0xc000004408, 0xc00025d8b8?)
	D:/dev/codes/golang/pkg/mod/github.com/dop251/goja@v0.0.0-20251201205617-2bb4c724c0f9/runtime.go:2516 +0x5f
github.com/dop251/goja.AssertFunction.func1({0x204bde0?, 0x2a00520?}, {0xc00025e400?, 0x1f?, 0x0?})
	D:/dev/codes/golang/pkg/mod/github.com/dop251/goja@v0.0.0-20251201205617-2bb4c724c0f9/runtime.go:2471 +0x8c
sw_runtime/internal/builtins.(*HTTPServerModule).createHTTPHandler.func1.1()
	D:/dev/codes/golang/src/issueye/sw_runtime/internal/builtins/httpserver.go:417 +0x3db
sw_runtime/internal/builtins.(*HTTPServerModule).createHTTPHandler.func1({0x2040ef0, 0xc0006940e0}, 0xc000926500)
	D:/dev/codes/golang/src/issueye/sw_runtime/internal/builtins/httpserver.go:449 +0x3a6
net/http.HandlerFunc.ServeHTTP(0xc0000c4e40?, {0x2040ef0?, 0xc0006940e0?}, 0x158c056?)
	C:/Users/issue/.g/go/src/net/http/server.go:2294 +0x29
net/http.(*ServeMux).ServeHTTP(0x1036599?, {0x2040ef0, 0xc0006940e0}, 0xc000926500)
	C:/Users/issue/.g/go/src/net/http/server.go:2822 +0x1c4
net/http.serverHandler.ServeHTTP({0xc0005c0210?}, {0x2040ef0?, 0xc0006940e0?}, 0x1?)
	C:/Users/issue/.g/go/src/net/http/server.go:3301 +0x8e
net/http.(*conn).serve(0xc000818120, {0x20424a0, 0xc00062a2d0})
	C:/Users/issue/.g/go/src/net/http/server.go:2102 +0x625
created by net/http.(*Server).Serve in goroutine 4590
	C:/Users/issue/.g/go/src/net/http/server.go:3454 +0x485

goroutine 4780 [IO wait]:
internal/poll.runtime_pollWait(0x2a67ace3078, 0x72)
	C:/Users/issue/.g/go/src/runtime/netpoll.go:351 +0x85
internal/poll.(*pollDesc).wait(0xfd9c74?, 0xc0005a9b64?, 0x0)
	C:/Users/issue/.g/go/src/internal/poll/fd_poll_runtime.go:84 +0x27
internal/poll.execIO(0xc0003ceca0, 0x1eeb8e8)
	C:/Users/issue/.g/go/src/internal/poll/fd_windows.go:177 +0x105
internal/poll.(*FD).Read(0xc0003cec88, {0xc000720000, 0x1000, 0x1000})
	C:/Users/issue/.g/go/src/internal/poll/fd_windows.go:438 +0x29b
net.(*netFD).Read(0xc0003cec88, {0xc000720000?, 0x20453e8?, 0xc0005322a0?})
	C:/Users/issue/.g/go/src/net/fd_posix.go:55 +0x25
net.(*conn).Read(0xc000418020, {0xc000720000?, 0x2a67a8feb78?, 0x2a655642ef8?})
	C:/Users/issue/.g/go/src/net/net.go:194 +0x45
net/http.(*persistConn).Read(0xc0006a2000, {0xc000720000?, 0xfd0de5?, 0x68?})
	C:/Users/issue/.g/go/src/net/http/transport.go:2122 +0x47
bufio.(*Reader).fill(0xc000364ea0)
	C:/Users/issue/.g/go/src/bufio/bufio.go:113 +0x103
bufio.(*Reader).Peek(0xc000364ea0, 0x1)
	C:/Users/issue/.g/go/src/bufio/bufio.go:152 +0x53
net/http.(*persistConn).readLoop(0xc0006a2000)
	C:/Users/issue/.g/go/src/net/http/transport.go:2275 +0x172
created by net/http.(*Transport).dialConn in goroutine 4801
	C:/Users/issue/.g/go/src/net/http/transport.go:1944 +0x174f

goroutine 4890 [runnable]:
internal/poll.runtime_Semacquire(0xc000647838?)
	C:/Users/issue/.g/go/src/runtime/sema.go:76 +0x25
internal/poll.(*fdMutex).rwlock(0xc0000a8248, 0x5?)
	C:/Users/issue/.g/go/src/internal/poll/fd_mutex.go:154 +0xc5
internal/poll.(*FD).writeLock(...)
	C:/Users/issue/.g/go/src/internal/poll/fd_mutex.go:239
internal/poll.(*FD).Write(0xc0000a8248, {0xc00073e020, 0x1f, 0x20})
	C:/Users/issue/.g/go/src/internal/poll/fd_windows.go:656 +0x65
os.(*File).write(...)
	C:/Users/issue/.g/go/src/os/file_posix.go:46
os.(*File).Write(0xc000078070, {0xc00073e020?, 0x1f, 0x0?})
	C:/Users/issue/.g/go/src/os/file.go:195 +0x4e
fmt.Fprintf({0x2038c60, 0xc000078070}, {0x1e9c89e, 0x1f}, {0x0, 0x0, 0x0})
	C:/Users/issue/.g/go/src/fmt/print.go:225 +0x97
fmt.Printf(...)
	C:/Users/issue/.g/go/src/fmt/print.go:233
sw_runtime/internal/builtins.(*HTTPServerModule).createHTTPHandler.func1.1()
	D:/dev/codes/golang/src/issueye/sw_runtime/internal/builtins/httpserver.go:415 +0x318
sw_runtime/internal/builtins.(*HTTPServerModule).createHTTPHandler.func1({0x2040ef0, 0xc000772460}, 0xc000180000)
	D:/dev/codes/golang/src/issueye/sw_runtime/internal/builtins/httpserver.go:449 +0x3a6
net/http.HandlerFunc.ServeHTTP(0xc0000c4e40?, {0x2040ef0?, 0xc000772460?}, 0x158c056?)
	C:/Users/issue/.g/go/src/net/http/server.go:2294 +0x29
net/http.(*ServeMux).ServeHTTP(0x1036599?, {0x2040ef0, 0xc000772460}, 0xc000180000)
	C:/Users/issue/.g/go/src/net/http/server.go:2822 +0x1c4
net/http.serverHandler.ServeHTTP({0xc000780360?}, {0x2040ef0?, 0xc000772460?}, 0x1?)
	C:/Users/issue/.g/go/src/net/http/server.go:3301 +0x8e
net/http.(*conn).serve(0xc0001bc750, {0x20424a0, 0xc00062a2d0})
	C:/Users/issue/.g/go/src/net/http/server.go:2102 +0x625
created by net/http.(*Server).Serve in goroutine 4590
	C:/Users/issue/.g/go/src/net/http/server.go:3454 +0x485

goroutine 4717 [IO wait]:
internal/poll.runtime_pollWait(0x2a67ace32a8, 0x72)
	C:/Users/issue/.g/go/src/runtime/netpoll.go:351 +0x85
internal/poll.(*pollDesc).wait(0xfd9c74?, 0xc00055bb64?, 0x0)
	C:/Users/issue/.g/go/src/internal/poll/fd_poll_runtime.go:84 +0x27
internal/poll.execIO(0xc000596520, 0x1eeb8e8)
	C:/Users/issue/.g/go/src/internal/poll/fd_windows.go:177 +0x105
internal/poll.(*FD).Read(0xc000596508, {0xc0007bc000, 0x1000, 0x1000})
	C:/Users/issue/.g/go/src/internal/poll/fd_windows.go:438 +0x29b
net.(*netFD).Read(0xc000596508, {0xc0007bc000?, 0x20453e8?, 0xc000400840?})
	C:/Users/issue/.g/go/src/net/fd_posix.go:55 +0x25
net.(*conn).Read(0xc000490038, {0xc0007bc000?, 0x2a67a90f798?, 0x2a6556425c8?})
	C:/Users/issue/.g/go/src/net/net.go:194 +0x45
net/http.(*persistConn).Read(0xc000534480, {0xc0007bc000?, 0xfd0de5?, 0x68?})
	C:/Users/issue/.g/go/src/net/http/transport.go:2122 +0x47
bufio.(*Reader).fill(0xc0004b8900)
	C:/Users/issue/.g/go/src/bufio/bufio.go:113 +0x103
bufio.(*Reader).Peek(0xc0004b8900, 0x1)
	C:/Users/issue/.g/go/src/bufio/bufio.go:152 +0x53
net/http.(*persistConn).readLoop(0xc000534480)
	C:/Users/issue/.g/go/src/net/http/transport.go:2275 +0x172
created by net/http.(*Transport).dialConn in goroutine 4898
	C:/Users/issue/.g/go/src/net/http/transport.go:1944 +0x174f

goroutine 4903 [IO wait]:
internal/poll.runtime_pollWait(0x2a67ab66f40, 0x72)
	C:/Users/issue/.g/go/src/runtime/netpoll.go:351 +0x85
internal/poll.(*pollDesc).wait(0x494?, 0x72?, 0x0)
	C:/Users/issue/.g/go/src/internal/poll/fd_poll_runtime.go:84 +0x27
internal/poll.execIO(0xc00028b6a0, 0x1eeb8e8)
	C:/Users/issue/.g/go/src/internal/poll/fd_windows.go:177 +0x105
internal/poll.(*FD).Read(0xc00028b688, {0xc00040c941, 0x1, 0x1})
	C:/Users/issue/.g/go/src/internal/poll/fd_windows.go:438 +0x29b
net.(*netFD).Read(0xc00028b688, {0xc00040c941?, 0xc00052c0d8?, 0xc00051df70?})
	C:/Users/issue/.g/go/src/net/fd_posix.go:55 +0x25
net.(*conn).Read(0xc000a3a048, {0xc00040c941?, 0x29a6de0?, 0xc0006300b0?})
	C:/Users/issue/.g/go/src/net/net.go:194 +0x45
net/http.(*connReader).backgroundRead(0xc00040c930)
	C:/Users/issue/.g/go/src/net/http/server.go:690 +0x37
created by net/http.(*connReader).startBackgroundRead in goroutine 4902
	C:/Users/issue/.g/go/src/net/http/server.go:686 +0xb6

goroutine 4891 [IO wait]:
internal/poll.runtime_pollWait(0x2a67ace3708, 0x72)
	C:/Users/issue/.g/go/src/runtime/netpoll.go:351 +0x85
internal/poll.(*pollDesc).wait(0x1?, 0x0?, 0x0)
	C:/Users/issue/.g/go/src/internal/poll/fd_poll_runtime.go:84 +0x27
internal/poll.execIO(0xc0002e22a0, 0x1eeb8e8)
	C:/Users/issue/.g/go/src/internal/poll/fd_windows.go:177 +0x105
internal/poll.(*FD).Read(0xc0002e2288, {0xc000400a61, 0x1, 0x1})
	C:/Users/issue/.g/go/src/internal/poll/fd_windows.go:438 +0x29b
net.(*netFD).Read(0xc0002e2288, {0xc000400a61?, 0xc0008982a0?, 0x0?})
	C:/Users/issue/.g/go/src/net/fd_posix.go:55 +0x25
net.(*conn).Read(0xc00016c918, {0xc000400a61?, 0x29a6de0?, 0x0?})
	C:/Users/issue/.g/go/src/net/net.go:194 +0x45
net/http.(*connReader).backgroundRead(0xc000400a50)
	C:/Users/issue/.g/go/src/net/http/server.go:690 +0x37
created by net/http.(*connReader).startBackgroundRead in goroutine 4914
	C:/Users/issue/.g/go/src/net/http/server.go:686 +0xb6

goroutine 4590 [IO wait]:
internal/poll.runtime_pollWait(0x2a67acbee58, 0x72)
	C:/Users/issue/.g/go/src/runtime/netpoll.go:351 +0x85
internal/poll.(*pollDesc).wait(0x108b0b3?, 0x0?, 0x0)
	C:/Users/issue/.g/go/src/internal/poll/fd_poll_runtime.go:84 +0x27
internal/poll.execIO(0xc000462520, 0xc00056fb40)
	C:/Users/issue/.g/go/src/internal/poll/fd_windows.go:177 +0x105
internal/poll.(*FD).acceptOne(0xc000462508, 0x460, {0xc0003b42d0?, 0xc00056fba0?, 0x10957e5?}, 0xc00056fbd4?)
	C:/Users/issue/.g/go/src/internal/poll/fd_windows.go:946 +0x65
internal/poll.(*FD).Accept(0xc000462508, 0xc00056fd20)
	C:/Users/issue/.g/go/src/internal/poll/fd_windows.go:980 +0x1b6
net.(*netFD).accept(0xc000462508)
	C:/Users/issue/.g/go/src/net/fd_windows.go:182 +0x4b
net.(*TCPListener).accept(0xc0002ac000)
	C:/Users/issue/.g/go/src/net/tcpsock_posix.go:159 +0x1b
net.(*TCPListener).Accept(0xc0002ac000)
	C:/Users/issue/.g/go/src/net/tcpsock.go:380 +0x30
net/http.(*Server).Serve(0xc000302100, {0x2041910, 0xc0002ac000})
	C:/Users/issue/.g/go/src/net/http/server.go:3424 +0x30c
net/http.(*Server).ListenAndServe(0xc000302100)
	C:/Users/issue/.g/go/src/net/http/server.go:3350 +0x71
sw_runtime/internal/builtins.(*HTTPServerModule).createServerObject.(*HTTPServerModule).createListenHandler.func23.1()
	D:/dev/codes/golang/src/issueye/sw_runtime/internal/builtins/httpserver.go:285 +0x24b
created by sw_runtime/internal/builtins.(*HTTPServerModule).createServerObject.(*HTTPServerModule).createListenHandler.func23 in goroutine 4578
	D:/dev/codes/golang/src/issueye/sw_runtime/internal/builtins/httpserver.go:261 +0x1f1

goroutine 4598 [select]:
net/http.(*persistConn).roundTrip(0xc0007a1320, 0xc00085c7d0)
	C:/Users/issue/.g/go/src/net/http/transport.go:2826 +0x785
net/http.(*Transport).roundTrip(0x29a6de0, 0xc0008157c0)
	C:/Users/issue/.g/go/src/net/http/transport.go:696 +0xb9a
net/http.(*Transport).RoundTrip(0xc0008157c0?, 0x2038d60?)
	C:/Users/issue/.g/go/src/net/http/roundtrip.go:30 +0x13
net/http.send(0xc000815680, {0x2038d60, 0x29a6de0}, {0x1b64b201?, 0x10726f3?, 0x29b6580?})
	C:/Users/issue/.g/go/src/net/http/client.go:259 +0x5e2
net/http.(*Client).send(0xc00062a360, 0xc000815680, {0x7?, 0x1?, 0x29b6580?})
	C:/Users/issue/.g/go/src/net/http/client.go:180 +0x91
net/http.(*Client).do(0xc00062a360, 0xc000815680)
	C:/Users/issue/.g/go/src/net/http/client.go:728 +0x989
net/http.(*Client).Do(...)
	C:/Users/issue/.g/go/src/net/http/client.go:587
net/http.(*Client).Get(0xc00062a360, {0x1e99cf5?, 0xc0007821b0?})
	C:/Users/issue/.g/go/src/net/http/client.go:484 +0x5f
sw_runtime/test.TestHTTPServerStressTest.func2(0xc0007821b0?)
	D:/dev/codes/golang/src/issueye/sw_runtime/test/httpserver_benchmark_test.go:476 +0x72
created by sw_runtime/test.TestHTTPServerStressTest in goroutine 4481
	D:/dev/codes/golang/src/issueye/sw_runtime/test/httpserver_benchmark_test.go:470 +0x105

goroutine 4766 [IO wait]:
internal/poll.runtime_pollWait(0x2a67acbeb10, 0x72)
	C:/Users/issue/.g/go/src/runtime/netpoll.go:351 +0x85
internal/poll.(*pollDesc).wait(0xc0005e3b48?, 0xc0005e3b48?, 0x0)
	C:/Users/issue/.g/go/src/internal/poll/fd_poll_runtime.go:84 +0x27
internal/poll.execIO(0xc0003cef20, 0x1eeb8e8)
	C:/Users/issue/.g/go/src/internal/poll/fd_windows.go:177 +0x105
internal/poll.(*FD).Read(0xc0003cef08, {0xc0003df000, 0x1000, 0x1000})
	C:/Users/issue/.g/go/src/internal/poll/fd_windows.go:438 +0x29b
net.(*netFD).Read(0xc0003cef08, {0xc0003df000?, 0x0?, 0x0?})
	C:/Users/issue/.g/go/src/net/fd_posix.go:55 +0x25
net.(*conn).Read(0xc0000781c0, {0xc0003df000?, 0xfc8345?, 0xc0001627c0?})
	C:/Users/issue/.g/go/src/net/net.go:194 +0x45
net/http.(*persistConn).Read(0xc000534240, {0xc0003df000?, 0x15a5685?, 0x2038c80?})
	C:/Users/issue/.g/go/src/net/http/transport.go:2122 +0x47
bufio.(*Reader).fill(0xc000884ba0)
	C:/Users/issue/.g/go/src/bufio/bufio.go:113 +0x103
bufio.(*Reader).Peek(0xc000884ba0, 0x1)
	C:/Users/issue/.g/go/src/bufio/bufio.go:152 +0x53
net/http.(*persistConn).readLoop(0xc000534240)
	C:/Users/issue/.g/go/src/net/http/transport.go:2275 +0x172
created by net/http.(*Transport).dialConn in goroutine 4697
	C:/Users/issue/.g/go/src/net/http/transport.go:1944 +0x174f

goroutine 4080 [IO wait]:
internal/poll.runtime_pollWait(0x2a67acbf088, 0x72)
	C:/Users/issue/.g/go/src/runtime/netpoll.go:351 +0x85
internal/poll.(*pollDesc).wait(0xc00057db48?, 0xc00057db48?, 0x0)
	C:/Users/issue/.g/go/src/internal/poll/fd_poll_runtime.go:84 +0x27
internal/poll.execIO(0xc00028a2a0, 0x1eeb8e8)
	C:/Users/issue/.g/go/src/internal/poll/fd_windows.go:177 +0x105
internal/poll.(*FD).Read(0xc00028a288, {0xc000213000, 0x1000, 0x1000})
	C:/Users/issue/.g/go/src/internal/poll/fd_windows.go:438 +0x29b
net.(*netFD).Read(0xc00028a288, {0xc000213000?, 0xfc8574?, 0x0?})
	C:/Users/issue/.g/go/src/net/fd_posix.go:55 +0x25
net.(*conn).Read(0xc0002b4050, {0xc000213000?, 0xfc836f?, 0xc000400300?})
	C:/Users/issue/.g/go/src/net/net.go:194 +0x45
net/http.(*persistConn).Read(0xc000750d80, {0xc000213000?, 0x15a5685?, 0x2038c80?})
	C:/Users/issue/.g/go/src/net/http/transport.go:2122 +0x47
bufio.(*Reader).fill(0xc00052eae0)
	C:/Users/issue/.g/go/src/bufio/bufio.go:113 +0x103
bufio.(*Reader).Peek(0xc00052eae0, 0x1)
	C:/Users/issue/.g/go/src/bufio/bufio.go:152 +0x53
net/http.(*persistConn).readLoop(0xc000750d80)
	C:/Users/issue/.g/go/src/net/http/transport.go:2275 +0x172
created by net/http.(*Transport).dialConn in goroutine 4076
	C:/Users/issue/.g/go/src/net/http/transport.go:1944 +0x174f

goroutine 4828 [IO wait]:
internal/poll.runtime_pollWait(0x2a67ab67170, 0x72)
	C:/Users/issue/.g/go/src/runtime/netpoll.go:351 +0x85
internal/poll.(*pollDesc).wait(0xfd9d25?, 0x2a655641368?, 0x0)
	C:/Users/issue/.g/go/src/internal/poll/fd_poll_runtime.go:84 +0x27
internal/poll.execIO(0xc00028b420, 0x1eeb8e8)
	C:/Users/issue/.g/go/src/internal/poll/fd_windows.go:177 +0x105
internal/poll.(*FD).Read(0xc00028b408, {0xc00061a000, 0x1000, 0x1000})
	C:/Users/issue/.g/go/src/internal/poll/fd_windows.go:438 +0x29b
net.(*netFD).Read(0xc00028b408, {0xc00061a000?, 0x20453e8?, 0xc00040c7e0?})
	C:/Users/issue/.g/go/src/net/fd_posix.go:55 +0x25
net.(*conn).Read(0xc0002d6000, {0xc00061a000?, 0x2a67ae23ca8?, 0x2a655641368?})
	C:/Users/issue/.g/go/src/net/net.go:194 +0x45
net/http.(*persistConn).Read(0xc000a18000, {0xc00061a000?, 0xfd0de5?, 0x68?})
	C:/Users/issue/.g/go/src/net/http/transport.go:2122 +0x47
bufio.(*Reader).fill(0xc00084c000)
	C:/Users/issue/.g/go/src/bufio/bufio.go:113 +0x103
bufio.(*Reader).Peek(0xc00084c000, 0x1)
	C:/Users/issue/.g/go/src/bufio/bufio.go:152 +0x53
net/http.(*persistConn).readLoop(0xc000a18000)
	C:/Users/issue/.g/go/src/net/http/transport.go:2275 +0x172
created by net/http.(*Transport).dialConn in goroutine 4886
	C:/Users/issue/.g/go/src/net/http/transport.go:1944 +0x174f

goroutine 4597 [select]:
net/http.(*persistConn).roundTrip(0xc00041b560, 0xc000010370)
	C:/Users/issue/.g/go/src/net/http/transport.go:2826 +0x785
net/http.(*Transport).roundTrip(0x29a6de0, 0xc000926140)
	C:/Users/issue/.g/go/src/net/http/transport.go:696 +0xb9a
net/http.(*Transport).RoundTrip(0xc000926140?, 0x2038d60?)
	C:/Users/issue/.g/go/src/net/http/roundtrip.go:30 +0x13
net/http.send(0xc000926000, {0x2038d60, 0x29a6de0}, {0x1c3d1001?, 0x10726f3?, 0x29b6580?})
	C:/Users/issue/.g/go/src/net/http/client.go:259 +0x5e2
net/http.(*Client).send(0xc0001513b0, 0xc000926000, {0xc000579d58?, 0xfe1496?, 0x29b6580?})
	C:/Users/issue/.g/go/src/net/http/client.go:180 +0x91
net/http.(*Client).do(0xc0001513b0, 0xc000926000)
	C:/Users/issue/.g/go/src/net/http/client.go:728 +0x989
net/http.(*Client).Do(...)
	C:/Users/issue/.g/go/src/net/http/client.go:587
net/http.(*Client).Get(0xc0001513b0, {0x1e99cf5?, 0xc0007821b0?})
	C:/Users/issue/.g/go/src/net/http/client.go:484 +0x5f
sw_runtime/test.TestHTTPServerStressTest.func2(0xc0007821b0?)
	D:/dev/codes/golang/src/issueye/sw_runtime/test/httpserver_benchmark_test.go:476 +0x72
created by sw_runtime/test.TestHTTPServerStressTest in goroutine 4481
	D:/dev/codes/golang/src/issueye/sw_runtime/test/httpserver_benchmark_test.go:470 +0x105

goroutine 4600 [runnable]:
net/http.(*persistConn).roundTrip(0xc00041a000, 0xc0006b21e0)
	C:/Users/issue/.g/go/src/net/http/transport.go:2826 +0x785
net/http.(*Transport).roundTrip(0x29a6de0, 0xc0003be000)
	C:/Users/issue/.g/go/src/net/http/transport.go:696 +0xb9a
net/http.(*Transport).RoundTrip(0xc0003be000?, 0x2038d60?)
	C:/Users/issue/.g/go/src/net/http/roundtrip.go:30 +0x13
net/http.send(0xc00012ef00, {0x2038d60, 0x29a6de0}, {0x1bd55901?, 0x10726f3?, 0x29b6580?})
	C:/Users/issue/.g/go/src/net/http/client.go:259 +0x5e2
net/http.(*Client).send(0xc0001ffa40, 0xc00012ef00, {0x7?, 0x1?, 0x29b6580?})
	C:/Users/issue/.g/go/src/net/http/client.go:180 +0x91
net/http.(*Client).do(0xc0001ffa40, 0xc00012ef00)
	C:/Users/issue/.g/go/src/net/http/client.go:728 +0x989
net/http.(*Client).Do(...)
	C:/Users/issue/.g/go/src/net/http/client.go:587
net/http.(*Client).Get(0xc0001ffa40, {0x1e99cf5?, 0xc0007821b0?})
	C:/Users/issue/.g/go/src/net/http/client.go:484 +0x5f
sw_runtime/test.TestHTTPServerStressTest.func2(0xc0007821b0?)
	D:/dev/codes/golang/src/issueye/sw_runtime/test/httpserver_benchmark_test.go:476 +0x72
created by sw_runtime/test.TestHTTPServerStressTest in goroutine 4481
	D:/dev/codes/golang/src/issueye/sw_runtime/test/httpserver_benchmark_test.go:470 +0x105

goroutine 4807 [IO wait]:
internal/poll.runtime_pollWait(0x2a67ace3938, 0x72)
	C:/Users/issue/.g/go/src/runtime/netpoll.go:351 +0x85
internal/poll.(*pollDesc).wait(0xc0005b3b48?, 0xc0005b3b48?, 0x0)
	C:/Users/issue/.g/go/src/internal/poll/fd_poll_runtime.go:84 +0x27
internal/poll.execIO(0xc0004627a0, 0x1eeb8e8)
	C:/Users/issue/.g/go/src/internal/poll/fd_windows.go:177 +0x105
internal/poll.(*FD).Read(0xc000462788, {0xc0003de000, 0x1000, 0x1000})
	C:/Users/issue/.g/go/src/internal/poll/fd_windows.go:438 +0x29b
net.(*netFD).Read(0xc000462788, {0xc0003de000?, 0x0?, 0x0?})
	C:/Users/issue/.g/go/src/net/fd_posix.go:55 +0x25
net.(*conn).Read(0xc000586028, {0xc0003de000?, 0xfc8345?, 0xc0001627c0?})
	C:/Users/issue/.g/go/src/net/net.go:194 +0x45
net/http.(*persistConn).Read(0xc000a186c0, {0xc0003de000?, 0x15a5685?, 0x2038c80?})
	C:/Users/issue/.g/go/src/net/http/transport.go:2122 +0x47
bufio.(*Reader).fill(0xc0000dcc60)
	C:/Users/issue/.g/go/src/bufio/bufio.go:113 +0x103
bufio.(*Reader).Peek(0xc0000dcc60, 0x1)
	C:/Users/issue/.g/go/src/bufio/bufio.go:152 +0x53
net/http.(*persistConn).readLoop(0xc000a186c0)
	C:/Users/issue/.g/go/src/net/http/transport.go:2275 +0x172
created by net/http.(*Transport).dialConn in goroutine 4850
	C:/Users/issue/.g/go/src/net/http/transport.go:1944 +0x174f

goroutine 4715 [IO wait]:
internal/poll.runtime_pollWait(0x2a67ace2b00, 0x72)
	C:/Users/issue/.g/go/src/runtime/netpoll.go:351 +0x85
internal/poll.(*pollDesc).wait(0x2038ba0?, 0xc0003e62b0?, 0x0)
	C:/Users/issue/.g/go/src/internal/poll/fd_poll_runtime.go:84 +0x27
internal/poll.execIO(0xc000462a20, 0x1eeb8e8)
	C:/Users/issue/.g/go/src/internal/poll/fd_windows.go:177 +0x105
internal/poll.(*FD).Read(0xc000462a08, {0xc0005c0221, 0x1, 0x1})
	C:/Users/issue/.g/go/src/internal/poll/fd_windows.go:438 +0x29b
net.(*netFD).Read(0xc000462a08, {0xc0005c0221?, 0xc000298b58?, 0xc0005aff70?})
	C:/Users/issue/.g/go/src/net/fd_posix.go:55 +0x25
net.(*conn).Read(0xc0002d6010, {0xc0005c0221?, 0x0?, 0x0?})
	C:/Users/issue/.g/go/src/net/net.go:194 +0x45
net/http.(*connReader).backgroundRead(0xc0005c0210)
	C:/Users/issue/.g/go/src/net/http/server.go:690 +0x37
created by net/http.(*connReader).startBackgroundRead in goroutine 4854
	C:/Users/issue/.g/go/src/net/http/server.go:686 +0xb6

goroutine 4716 [IO wait]:
internal/poll.runtime_pollWait(0x2a67ab67058, 0x72)
	C:/Users/issue/.g/go/src/runtime/netpoll.go:351 +0x85
internal/poll.(*pollDesc).wait(0x100010000?, 0x0?, 0x0)
	C:/Users/issue/.g/go/src/internal/poll/fd_poll_runtime.go:84 +0x27
internal/poll.execIO(0xc000846020, 0x1eeb8e8)
	C:/Users/issue/.g/go/src/internal/poll/fd_windows.go:177 +0x105
internal/poll.(*FD).Read(0xc000846008, {0xc00022a971, 0x1, 0x1})
	C:/Users/issue/.g/go/src/internal/poll/fd_windows.go:438 +0x29b
net.(*netFD).Read(0xc000846008, {0xc00022a971?, 0xc0002c44d0?, 0xc0002c4540?})
	C:/Users/issue/.g/go/src/net/fd_posix.go:55 +0x25
net.(*conn).Read(0xc000832008, {0xc00022a971?, 0x0?, 0x0?})
	C:/Users/issue/.g/go/src/net/net.go:194 +0x45
net/http.(*connReader).backgroundRead(0xc00022a960)
	C:/Users/issue/.g/go/src/net/http/server.go:690 +0x37
created by net/http.(*connReader).startBackgroundRead in goroutine 4699
	C:/Users/issue/.g/go/src/net/http/server.go:686 +0xb6

goroutine 4883 [select]:
net/http.(*persistConn).writeLoop(0xc00041b560)
	C:/Users/issue/.g/go/src/net/http/transport.go:2590 +0xe7
created by net/http.(*Transport).dialConn in goroutine 4763
	C:/Users/issue/.g/go/src/net/http/transport.go:1945 +0x17a5

goroutine 4594 [select]:
net/http.(*persistConn).roundTrip(0xc000a186c0, 0xc0003ac050)
	C:/Users/issue/.g/go/src/net/http/transport.go:2826 +0x785
net/http.(*Transport).roundTrip(0x29a6de0, 0xc0009263c0)
	C:/Users/issue/.g/go/src/net/http/transport.go:696 +0xb9a
net/http.(*Transport).RoundTrip(0xc0009263c0?, 0x2038d60?)
	C:/Users/issue/.g/go/src/net/http/roundtrip.go:30 +0x13
net/http.send(0xc000926280, {0x2038d60, 0x29a6de0}, {0x1bd55901?, 0x10726f3?, 0x29b6580?})
	C:/Users/issue/.g/go/src/net/http/client.go:259 +0x5e2
net/http.(*Client).send(0xc0003d03f0, 0xc000926280, {0xc0002d9d58?, 0xfe1496?, 0x29b6580?})
	C:/Users/issue/.g/go/src/net/http/client.go:180 +0x91
net/http.(*Client).do(0xc0003d03f0, 0xc000926280)
	C:/Users/issue/.g/go/src/net/http/client.go:728 +0x989
net/http.(*Client).Do(...)
	C:/Users/issue/.g/go/src/net/http/client.go:587
net/http.(*Client).Get(0xc0003d03f0, {0x1e99cf5?, 0xc0007821b0?})
	C:/Users/issue/.g/go/src/net/http/client.go:484 +0x5f
sw_runtime/test.TestHTTPServerStressTest.func2(0xc0007821b0?)
	D:/dev/codes/golang/src/issueye/sw_runtime/test/httpserver_benchmark_test.go:476 +0x72
created by sw_runtime/test.TestHTTPServerStressTest in goroutine 4481
	D:/dev/codes/golang/src/issueye/sw_runtime/test/httpserver_benchmark_test.go:470 +0x105

goroutine 4081 [select]:
net/http.(*persistConn).writeLoop(0xc000750d80)
	C:/Users/issue/.g/go/src/net/http/transport.go:2590 +0xe7
created by net/http.(*Transport).dialConn in goroutine 4076
	C:/Users/issue/.g/go/src/net/http/transport.go:1945 +0x17a5

goroutine 4481 [chan receive]:
sw_runtime/test.TestHTTPServerStressTest(0xc00049bdc0)
	D:/dev/codes/golang/src/issueye/sw_runtime/test/httpserver_benchmark_test.go:490 +0x1cf
testing.tRunner(0xc00049bdc0, 0x1eeafe0)
	C:/Users/issue/.g/go/src/testing/testing.go:1792 +0xcb
created by testing.(*T).Run in goroutine 1
	C:/Users/issue/.g/go/src/testing/testing.go:1851 +0x3f6

goroutine 4673 [semacquire]:
internal/poll.runtime_Semacquire(0xc00044b168?)
	C:/Users/issue/.g/go/src/runtime/sema.go:76 +0x25
internal/poll.(*fdMutex).rwlock(0xc0000a8248, 0x5?)
	C:/Users/issue/.g/go/src/internal/poll/fd_mutex.go:154 +0xc5
internal/poll.(*FD).writeLock(...)
	C:/Users/issue/.g/go/src/internal/poll/fd_mutex.go:239
internal/poll.(*FD).Write(0xc0000a8248, {0xc0006cc000, 0x2b, 0x1300})
	C:/Users/issue/.g/go/src/internal/poll/fd_windows.go:656 +0x65
os.(*File).write(...)
	C:/Users/issue/.g/go/src/os/file_posix.go:46
os.(*File).Write(0xc000078070, {0xc0006cc000?, 0x2b, 0xc00044b370?})
	C:/Users/issue/.g/go/src/os/file.go:195 +0x4e
fmt.Fprintf({0x2038c60, 0xc000078070}, {0x1ea702c, 0x28}, {0xc00044b370, 0x2, 0x2})
	C:/Users/issue/.g/go/src/fmt/print.go:225 +0x97
fmt.Printf(...)
	C:/Users/issue/.g/go/src/fmt/print.go:233
sw_runtime/internal/builtins.(*HTTPServerModule).createResponseObjectWithWrapper.func4({{0x204b9b8, 0xc000628570}, {0xc000922408, 0x1, 0x44}})
	D:/dev/codes/golang/src/issueye/sw_runtime/internal/builtins/httpserver.go:577 +0x2f4
github.com/dop251/goja.(*nativeFuncObject).vmCall(0xc000682320, 0xc0000da360, 0x1)
	D:/dev/codes/golang/pkg/mod/github.com/dop251/goja@v0.0.0-20251201205617-2bb4c724c0f9/func.go:571 +0x183
github.com/dop251/goja.call.exec(0x9?, 0xc0000da360)
	D:/dev/codes/golang/pkg/mod/github.com/dop251/goja@v0.0.0-20251201205617-2bb4c724c0f9/vm.go:3642 +0x66
github.com/dop251/goja.(*vm).run(0xc0000da360)
	D:/dev/codes/golang/pkg/mod/github.com/dop251/goja@v0.0.0-20251201205617-2bb4c724c0f9/vm.go:635 +0x5b
github.com/dop251/goja.(*vm).runTryInner(0xc0000da360?)
	D:/dev/codes/golang/pkg/mod/github.com/dop251/goja@v0.0.0-20251201205617-2bb4c724c0f9/vm.go:887 +0x52
github.com/dop251/goja.(*baseJsFuncObject).__call(0xc0003ca1c0, {0xc00007d040?, 0x2, 0x1043440?}, {0x0, 0x0}, {0x0?, 0x0?})
	D:/dev/codes/golang/pkg/mod/github.com/dop251/goja@v0.0.0-20251201205617-2bb4c724c0f9/func.go:434 +0x705
github.com/dop251/goja.(*baseJsFuncObject)._call(...)
	D:/dev/codes/golang/pkg/mod/github.com/dop251/goja@v0.0.0-20251201205617-2bb4c724c0f9/func.go:450
github.com/dop251/goja.(*arrowFuncObject).Call(0x1019cc0?, {{0x204bde0, 0x2a00520}, {0xc00007d040, 0x2, 0x2}})
	D:/dev/codes/golang/pkg/mod/github.com/dop251/goja@v0.0.0-20251201205617-2bb4c724c0f9/func.go:394 +0x51
github.com/dop251/goja.AssertFunction.func1.1()
	D:/dev/codes/golang/pkg/mod/github.com/dop251/goja@v0.0.0-20251201205617-2bb4c724c0f9/runtime.go:2472 +0x56
github.com/dop251/goja.(*vm).try(0xc0000da360, 0xc00044b8a0)
	D:/dev/codes/golang/pkg/mod/github.com/dop251/goja@v0.0.0-20251201205617-2bb4c724c0f9/vm.go:864 +0x23c
github.com/dop251/goja.(*Runtime).runWrapped(0xc000004408, 0xc00044b8b8?)
	D:/dev/codes/golang/pkg/mod/github.com/dop251/goja@v0.0.0-20251201205617-2bb4c724c0f9/runtime.go:2516 +0x5f
github.com/dop251/goja.AssertFunction.func1({0x204bde0?, 0x2a00520?}, {0xc00007d040?, 0x1f?, 0x0?})
	D:/dev/codes/golang/pkg/mod/github.com/dop251/goja@v0.0.0-20251201205617-2bb4c724c0f9/runtime.go:2471 +0x8c
sw_runtime/internal/builtins.(*HTTPServerModule).createHTTPHandler.func1.1()
	D:/dev/codes/golang/src/issueye/sw_runtime/internal/builtins/httpserver.go:417 +0x3db
sw_runtime/internal/builtins.(*HTTPServerModule).createHTTPHandler.func1({0x2040ef0, 0xc0009140e0}, 0xc0000e63c0)
	D:/dev/codes/golang/src/issueye/sw_runtime/internal/builtins/httpserver.go:449 +0x3a6
net/http.HandlerFunc.ServeHTTP(0xc0000c4e40?, {0x2040ef0?, 0xc0009140e0?}, 0x158c056?)
	C:/Users/issue/.g/go/src/net/http/server.go:2294 +0x29
net/http.(*ServeMux).ServeHTTP(0x1036599?, {0x2040ef0, 0xc0009140e0}, 0xc0000e63c0)
	C:/Users/issue/.g/go/src/net/http/server.go:2822 +0x1c4
net/http.serverHandler.ServeHTTP({0xc0006ae0c0?}, {0x2040ef0?, 0xc0009140e0?}, 0x1?)
	C:/Users/issue/.g/go/src/net/http/server.go:3301 +0x8e
net/http.(*conn).serve(0xc0001bc510, {0x20424a0, 0xc00062a2d0})
	C:/Users/issue/.g/go/src/net/http/server.go:2102 +0x625
created by net/http.(*Server).Serve in goroutine 4590
	C:/Users/issue/.g/go/src/net/http/server.go:3454 +0x485

goroutine 4767 [select]:
net/http.(*persistConn).writeLoop(0xc000534240)
	C:/Users/issue/.g/go/src/net/http/transport.go:2590 +0xe7
created by net/http.(*Transport).dialConn in goroutine 4697
	C:/Users/issue/.g/go/src/net/http/transport.go:1945 +0x17a5

goroutine 4596 [select]:
net/http.(*persistConn).roundTrip(0xc000278ea0, 0xc0004b61e0)
	C:/Users/issue/.g/go/src/net/http/transport.go:2826 +0x785
net/http.(*Transport).roundTrip(0x29a6de0, 0xc00045c280)
	C:/Users/issue/.g/go/src/net/http/transport.go:696 +0xb9a
net/http.(*Transport).RoundTrip(0xc00045c280?, 0x2038d60?)
	C:/Users/issue/.g/go/src/net/http/roundtrip.go:30 +0x13
net/http.send(0xc00045c140, {0x2038d60, 0x29a6de0}, {0x1c3d1001?, 0x10726f3?, 0x29b6580?})
	C:/Users/issue/.g/go/src/net/http/client.go:259 +0x5e2
net/http.(*Client).send(0xc0003d0870, 0xc00045c140, {0xc000245d58?, 0xfe1496?, 0x29b6580?})
	C:/Users/issue/.g/go/src/net/http/client.go:180 +0x91
net/http.(*Client).do(0xc0003d0870, 0xc00045c140)
	C:/Users/issue/.g/go/src/net/http/client.go:728 +0x989
net/http.(*Client).Do(...)
	C:/Users/issue/.g/go/src/net/http/client.go:587
net/http.(*Client).Get(0xc0003d0870, {0x1e99cf5?, 0xc0007821b0?})
	C:/Users/issue/.g/go/src/net/http/client.go:484 +0x5f
sw_runtime/test.TestHTTPServerStressTest.func2(0xc0007821b0?)
	D:/dev/codes/golang/src/issueye/sw_runtime/test/httpserver_benchmark_test.go:476 +0x72
created by sw_runtime/test.TestHTTPServerStressTest in goroutine 4481
	D:/dev/codes/golang/src/issueye/sw_runtime/test/httpserver_benchmark_test.go:470 +0x105

goroutine 4868 [runnable]:
runtime.Stack({0xc00085e000?, 0x10000?, 0x10000?}, 0x0)
	C:/Users/issue/.g/go/src/runtime/mprof.go:1702 +0x19b
net/http.(*conn).serve.func1()
	C:/Users/issue/.g/go/src/net/http/server.go:1947 +0xbe
panic({0x1e09e40?, 0xc0007700d8?})
	C:/Users/issue/.g/go/src/runtime/panic.go:792 +0x132
github.com/dop251/goja.(*Runtime).runWrapped.func1()
	D:/dev/codes/golang/pkg/mod/github.com/dop251/goja@v0.0.0-20251201205617-2bb4c724c0f9/runtime.go:2512 +0xe5
panic({0x1e09e40?, 0xc0007700d8?})
	C:/Users/issue/.g/go/src/runtime/panic.go:792 +0x132
github.com/dop251/goja.(*vm).handleThrow(0xc0000da360, {0x1e09e40, 0xc0007700d8})
	D:/dev/codes/golang/pkg/mod/github.com/dop251/goja@v0.0.0-20251201205617-2bb4c724c0f9/vm.go:841 +0x405
github.com/dop251/goja.(*vm).try.func1()
	D:/dev/codes/golang/pkg/mod/github.com/dop251/goja@v0.0.0-20251201205617-2bb4c724c0f9/vm.go:860 +0x3f
panic({0x1e09e40?, 0xc0007700d8?})
	C:/Users/issue/.g/go/src/runtime/panic.go:792 +0x132
github.com/dop251/goja.(*baseJsFuncObject).__call(0xc0003ca1c0, {0xc0003a57e0?, 0x2, 0x1043440?}, {0x0, 0x0}, {0x0?, 0x0?})
	D:/dev/codes/golang/pkg/mod/github.com/dop251/goja@v0.0.0-20251201205617-2bb4c724c0f9/func.go:407 +0x99b
github.com/dop251/goja.(*baseJsFuncObject)._call(...)
	D:/dev/codes/golang/pkg/mod/github.com/dop251/goja@v0.0.0-20251201205617-2bb4c724c0f9/func.go:450
github.com/dop251/goja.(*arrowFuncObject).Call(0x1019cc0?, {{0x204bde0, 0x2a00520}, {0xc0003a57e0, 0x2, 0x2}})
	D:/dev/codes/golang/pkg/mod/github.com/dop251/goja@v0.0.0-20251201205617-2bb4c724c0f9/func.go:394 +0x51
github.com/dop251/goja.AssertFunction.func1.1()
	D:/dev/codes/golang/pkg/mod/github.com/dop251/goja@v0.0.0-20251201205617-2bb4c724c0f9/runtime.go:2472 +0x56
github.com/dop251/goja.(*vm).try(0xc0000da360, 0xc0002598a0)
	D:/dev/codes/golang/pkg/mod/github.com/dop251/goja@v0.0.0-20251201205617-2bb4c724c0f9/vm.go:864 +0x23c
github.com/dop251/goja.(*Runtime).runWrapped(0xc000004408, 0xc0002598b8?)
	D:/dev/codes/golang/pkg/mod/github.com/dop251/goja@v0.0.0-20251201205617-2bb4c724c0f9/runtime.go:2516 +0x5f
github.com/dop251/goja.AssertFunction.func1({0x204bde0?, 0x2a00520?}, {0xc0003a57e0?, 0x1f?, 0x0?})
	D:/dev/codes/golang/pkg/mod/github.com/dop251/goja@v0.0.0-20251201205617-2bb4c724c0f9/runtime.go:2471 +0x8c
sw_runtime/internal/builtins.(*HTTPServerModule).createHTTPHandler.func1.1()
	D:/dev/codes/golang/src/issueye/sw_runtime/internal/builtins/httpserver.go:417 +0x3db
sw_runtime/internal/builtins.(*HTTPServerModule).createHTTPHandler.func1({0x2040ef0, 0xc0005f82a0}, 0xc00045c500)
	D:/dev/codes/golang/src/issueye/sw_runtime/internal/builtins/httpserver.go:449 +0x3a6
net/http.HandlerFunc.ServeHTTP(0xc0000c4e40?, {0x2040ef0?, 0xc0005f82a0?}, 0x158c056?)
	C:/Users/issue/.g/go/src/net/http/server.go:2294 +0x29
net/http.(*ServeMux).ServeHTTP(0x1036599?, {0x2040ef0, 0xc0005f82a0}, 0xc00045c500)
	C:/Users/issue/.g/go/src/net/http/server.go:2822 +0x1c4
net/http.serverHandler.ServeHTTP({0xc0006281e0?}, {0x2040ef0?, 0xc0005f82a0?}, 0x1?)
	C:/Users/issue/.g/go/src/net/http/server.go:3301 +0x8e
net/http.(*conn).serve(0xc000692000, {0x20424a0, 0xc00062a2d0})
	C:/Users/issue/.g/go/src/net/http/server.go:2102 +0x625
created by net/http.(*Server).Serve in goroutine 4590
	C:/Users/issue/.g/go/src/net/http/server.go:3454 +0x485

goroutine 4601 [select]:
net/http.(*persistConn).roundTrip(0xc00020e7e0, 0xc00054a320)
	C:/Users/issue/.g/go/src/net/http/transport.go:2826 +0x785
net/http.(*Transport).roundTrip(0x29a6de0, 0xc00070e8c0)
	C:/Users/issue/.g/go/src/net/http/transport.go:696 +0xb9a
net/http.(*Transport).RoundTrip(0xc00070e8c0?, 0x2038d60?)
	C:/Users/issue/.g/go/src/net/http/roundtrip.go:30 +0x13
net/http.send(0xc00070e780, {0x2038d60, 0x29a6de0}, {0x1c287b01?, 0x10726f3?, 0x29b6580?})
	C:/Users/issue/.g/go/src/net/http/client.go:259 +0x5e2
net/http.(*Client).send(0xc0001fecf0, 0xc00070e780, {0x7?, 0x1?, 0x29b6580?})
	C:/Users/issue/.g/go/src/net/http/client.go:180 +0x91
net/http.(*Client).do(0xc0001fecf0, 0xc00070e780)
	C:/Users/issue/.g/go/src/net/http/client.go:728 +0x989
net/http.(*Client).Do(...)
	C:/Users/issue/.g/go/src/net/http/client.go:587
net/http.(*Client).Get(0xc0001fecf0, {0x1e99cf5?, 0xc0007821b0?})
	C:/Users/issue/.g/go/src/net/http/client.go:484 +0x5f
sw_runtime/test.TestHTTPServerStressTest.func2(0xc0007821b0?)
	D:/dev/codes/golang/src/issueye/sw_runtime/test/httpserver_benchmark_test.go:476 +0x72
created by sw_runtime/test.TestHTTPServerStressTest in goroutine 4481
	D:/dev/codes/golang/src/issueye/sw_runtime/test/httpserver_benchmark_test.go:470 +0x105

goroutine 4882 [IO wait]:
internal/poll.runtime_pollWait(0x2a67ab674b8, 0x72)
	C:/Users/issue/.g/go/src/runtime/netpoll.go:351 +0x85
internal/poll.(*pollDesc).wait(0xc00055db48?, 0xc00055db48?, 0x0)
	C:/Users/issue/.g/go/src/internal/poll/fd_poll_runtime.go:84 +0x27
internal/poll.execIO(0xc0005962a0, 0x1eeb8e8)
	C:/Users/issue/.g/go/src/internal/poll/fd_windows.go:177 +0x105
internal/poll.(*FD).Read(0xc000596288, {0xc000519000, 0x1000, 0x1000})
	C:/Users/issue/.g/go/src/internal/poll/fd_windows.go:438 +0x29b
net.(*netFD).Read(0xc000596288, {0xc000519000?, 0x1?, 0x1?})
	C:/Users/issue/.g/go/src/net/fd_posix.go:55 +0x25
net.(*conn).Read(0xc00080e008, {0xc000519000?, 0xfc8345?, 0xc0001627c0?})
	C:/Users/issue/.g/go/src/net/net.go:194 +0x45
net/http.(*persistConn).Read(0xc00041b560, {0xc000519000?, 0x15a5685?, 0x2038c80?})
	C:/Users/issue/.g/go/src/net/http/transport.go:2122 +0x47
bufio.(*Reader).fill(0xc0000dd260)
	C:/Users/issue/.g/go/src/bufio/bufio.go:113 +0x103
bufio.(*Reader).Peek(0xc0000dd260, 0x1)
	C:/Users/issue/.g/go/src/bufio/bufio.go:152 +0x53
net/http.(*persistConn).readLoop(0xc00041b560)
	C:/Users/issue/.g/go/src/net/http/transport.go:2275 +0x172
created by net/http.(*Transport).dialConn in goroutine 4763
	C:/Users/issue/.g/go/src/net/http/transport.go:1944 +0x174f

goroutine 4798 [select]:
net/http.(*persistConn).writeLoop(0xc000278ea0)
	C:/Users/issue/.g/go/src/net/http/transport.go:2590 +0xe7
created by net/http.(*Transport).dialConn in goroutine 4809
	C:/Users/issue/.g/go/src/net/http/transport.go:1945 +0x17a5

goroutine 4841 [IO wait]:
internal/poll.runtime_pollWait(0x2a67acbec28, 0x72)
	C:/Users/issue/.g/go/src/runtime/netpoll.go:351 +0x85
internal/poll.(*pollDesc).wait(0x0?, 0x7f01000000000000?, 0x0)
	C:/Users/issue/.g/go/src/internal/poll/fd_poll_runtime.go:84 +0x27
internal/poll.execIO(0xc000484a20, 0x1eeb8e8)
	C:/Users/issue/.g/go/src/internal/poll/fd_windows.go:177 +0x105
internal/poll.(*FD).Read(0xc000484a08, {0xc0006281f1, 0x1, 0x1})
	C:/Users/issue/.g/go/src/internal/poll/fd_windows.go:438 +0x29b
net.(*netFD).Read(0xc000484a08, {0xc0006281f1?, 0xc000276770?, 0xc000243f80?})
	C:/Users/issue/.g/go/src/net/fd_posix.go:55 +0x25
net.(*conn).Read(0xc0002b4020, {0xc0006281f1?, 0xc000644620?, 0x0?})
	C:/Users/issue/.g/go/src/net/net.go:194 +0x45
net/http.(*connReader).backgroundRead(0xc0006281e0)
	C:/Users/issue/.g/go/src/net/http/server.go:690 +0x37
created by net/http.(*connReader).startBackgroundRead in goroutine 4868
	C:/Users/issue/.g/go/src/net/http/server.go:686 +0xb6

goroutine 4056 [IO wait]:
internal/poll.runtime_pollWait(0x2a67acbef70, 0x72)
	C:/Users/issue/.g/go/src/runtime/netpoll.go:351 +0x85
internal/poll.(*pollDesc).wait(0x204b9b8?, 0xc000127970?, 0x0)
	C:/Users/issue/.g/go/src/internal/poll/fd_poll_runtime.go:84 +0x27
internal/poll.execIO(0xc0004622a0, 0x1eeb8e8)
	C:/Users/issue/.g/go/src/internal/poll/fd_windows.go:177 +0x105
internal/poll.(*FD).Read(0xc000462288, {0xc00010c000, 0x1000, 0x1000})
	C:/Users/issue/.g/go/src/internal/poll/fd_windows.go:438 +0x29b
net.(*netFD).Read(0xc000462288, {0xc00010c000?, 0xc000127ad0?, 0x108cb85?})
	C:/Users/issue/.g/go/src/net/fd_posix.go:55 +0x25
net.(*conn).Read(0xc000078170, {0xc00010c000?, 0x0?, 0x0?})
	C:/Users/issue/.g/go/src/net/net.go:194 +0x45
net/http.(*connReader).Read(0xc0007821b0, {0xc00010c000, 0x1000, 0x1000})
	C:/Users/issue/.g/go/src/net/http/server.go:798 +0x159
bufio.(*Reader).fill(0xc000052fc0)
	C:/Users/issue/.g/go/src/bufio/bufio.go:113 +0x103
bufio.(*Reader).Peek(0xc000052fc0, 0x4)
	C:/Users/issue/.g/go/src/bufio/bufio.go:152 +0x53
net/http.(*conn).serve(0xc0003b2000, {0x20424a0, 0xc000782150})
	C:/Users/issue/.g/go/src/net/http/server.go:2137 +0x785
created by net/http.(*Server).Serve in goroutine 4075
	C:/Users/issue/.g/go/src/net/http/server.go:3454 +0x485

goroutine 824 [select]:
net/http.(*persistConn).writeLoop(0xc0001f6120)
	C:/Users/issue/.g/go/src/net/http/transport.go:2590 +0xe7
created by net/http.(*Transport).dialConn in goroutine 819
	C:/Users/issue/.g/go/src/net/http/transport.go:1945 +0x17a5

goroutine 4902 [semacquire]:
internal/poll.runtime_Semacquire(0x108c47c?)
	C:/Users/issue/.g/go/src/runtime/sema.go:76 +0x25
internal/poll.(*fdMutex).rwlock(0xc0000a8248, 0x5?)
	C:/Users/issue/.g/go/src/internal/poll/fd_mutex.go:154 +0xc5
internal/poll.(*FD).writeLock(...)
	C:/Users/issue/.g/go/src/internal/poll/fd_mutex.go:239
internal/poll.(*FD).Write(0xc0000a8248, {0xc000a10000, 0x25, 0x1300})
	C:/Users/issue/.g/go/src/internal/poll/fd_windows.go:656 +0x65
os.(*File).write(...)
	C:/Users/issue/.g/go/src/os/file_posix.go:46
os.(*File).Write(0xc000078070, {0xc000a10000?, 0x25, 0x0?})
	C:/Users/issue/.g/go/src/os/file.go:195 +0x4e
fmt.Fprintf({0x2038c60, 0xc000078070}, {0x1ea3cd4, 0x25}, {0x0, 0x0, 0x0})
	C:/Users/issue/.g/go/src/fmt/print.go:225 +0x97
fmt.Printf(...)
	C:/Users/issue/.g/go/src/fmt/print.go:233
sw_runtime/internal/builtins.(*HTTPServerModule).createHTTPHandler.func1.1()
	D:/dev/codes/golang/src/issueye/sw_runtime/internal/builtins/httpserver.go:425 +0x4d6
sw_runtime/internal/builtins.(*HTTPServerModule).createHTTPHandler.func1({0x2040ef0, 0xc00048c380}, 0xc00070ea00)
	D:/dev/codes/golang/src/issueye/sw_runtime/internal/builtins/httpserver.go:449 +0x3a6
net/http.HandlerFunc.ServeHTTP(0xc0000c4e40?, {0x2040ef0?, 0xc00048c380?}, 0x158c056?)
	C:/Users/issue/.g/go/src/net/http/server.go:2294 +0x29
net/http.(*ServeMux).ServeHTTP(0x1036599?, {0x2040ef0, 0xc00048c380}, 0xc00070ea00)
	C:/Users/issue/.g/go/src/net/http/server.go:2822 +0x1c4
net/http.serverHandler.ServeHTTP({0xc00040c930?}, {0x2040ef0?, 0xc00048c380?}, 0x1?)
	C:/Users/issue/.g/go/src/net/http/server.go:3301 +0x8e
net/http.(*conn).serve(0xc0007a6360, {0x20424a0, 0xc00062a2d0})
	C:/Users/issue/.g/go/src/net/http/server.go:2102 +0x625
created by net/http.(*Server).Serve in goroutine 4590
	C:/Users/issue/.g/go/src/net/http/server.go:3454 +0x485

goroutine 4599 [select]:
net/http.(*persistConn).roundTrip(0xc000534240, 0xc0006b20f0)
	C:/Users/issue/.g/go/src/net/http/transport.go:2826 +0x785
net/http.(*Transport).roundTrip(0x29a6de0, 0xc0003be3c0)
	C:/Users/issue/.g/go/src/net/http/transport.go:696 +0xb9a
net/http.(*Transport).RoundTrip(0xc0003be3c0?, 0x2038d60?)
	C:/Users/issue/.g/go/src/net/http/roundtrip.go:30 +0x13
net/http.send(0xc0003be280, {0x2038d60, 0x29a6de0}, {0x1c3d1001?, 0x10726f3?, 0x29b6580?})
	C:/Users/issue/.g/go/src/net/http/client.go:259 +0x5e2
net/http.(*Client).send(0xc0003182a0, 0xc0003be280, {0x7?, 0x1?, 0x29b6580?})
	C:/Users/issue/.g/go/src/net/http/client.go:180 +0x91
net/http.(*Client).do(0xc0003182a0, 0xc0003be280)
	C:/Users/issue/.g/go/src/net/http/client.go:728 +0x989
net/http.(*Client).Do(...)
	C:/Users/issue/.g/go/src/net/http/client.go:587
net/http.(*Client).Get(0xc0003182a0, {0x1e99cf5?, 0xc0007821b0?})
	C:/Users/issue/.g/go/src/net/http/client.go:484 +0x5f
sw_runtime/test.TestHTTPServerStressTest.func2(0xc0007821b0?)
	D:/dev/codes/golang/src/issueye/sw_runtime/test/httpserver_benchmark_test.go:476 +0x72
created by sw_runtime/test.TestHTTPServerStressTest in goroutine 4481
	D:/dev/codes/golang/src/issueye/sw_runtime/test/httpserver_benchmark_test.go:470 +0x105

goroutine 4782 [IO wait]:
internal/poll.runtime_pollWait(0x2a67ace35f0, 0x72)
	C:/Users/issue/.g/go/src/runtime/netpoll.go:351 +0x85
internal/poll.(*pollDesc).wait(0xfd9c74?, 0xc000083b64?, 0x0)
	C:/Users/issue/.g/go/src/internal/poll/fd_poll_runtime.go:84 +0x27
internal/poll.execIO(0xc000596ca0, 0x1eeb8e8)
	C:/Users/issue/.g/go/src/internal/poll/fd_windows.go:177 +0x105
internal/poll.(*FD).Read(0xc000596c88, {0xc000722000, 0x1000, 0x1000})
	C:/Users/issue/.g/go/src/internal/poll/fd_windows.go:438 +0x29b
net.(*netFD).Read(0xc000596c88, {0xc000722000?, 0x20453e8?, 0xc000400960?})
	C:/Users/issue/.g/go/src/net/fd_posix.go:55 +0x25
net.(*conn).Read(0xc000418030, {0xc000722000?, 0x2a67a8feb78?, 0x2a655642ef8?})
	C:/Users/issue/.g/go/src/net/net.go:194 +0x45
net/http.(*persistConn).Read(0xc0007a1320, {0xc000722000?, 0xfd0de5?, 0x68?})
	C:/Users/issue/.g/go/src/net/http/transport.go:2122 +0x47
bufio.(*Reader).fill(0xc0002a2540)
	C:/Users/issue/.g/go/src/bufio/bufio.go:113 +0x103
bufio.(*Reader).Peek(0xc0002a2540, 0x1)
	C:/Users/issue/.g/go/src/bufio/bufio.go:152 +0x53
net/http.(*persistConn).readLoop(0xc0007a1320)
	C:/Users/issue/.g/go/src/net/http/transport.go:2275 +0x172
created by net/http.(*Transport).dialConn in goroutine 4776
	C:/Users/issue/.g/go/src/net/http/transport.go:1944 +0x174f

goroutine 4797 [runnable]:
internal/poll.runtime_pollWait(0x2a67acbe9f8, 0x72)
	C:/Users/issue/.g/go/src/runtime/netpoll.go:351 +0x85
internal/poll.(*pollDesc).wait(0xc000235b48?, 0xc000235b48?, 0x0)
	C:/Users/issue/.g/go/src/internal/poll/fd_poll_runtime.go:84 +0x27
internal/poll.execIO(0xc0002e2020, 0x1eeb8e8)
	C:/Users/issue/.g/go/src/internal/poll/fd_windows.go:177 +0x105
internal/poll.(*FD).Read(0xc0002e2008, {0xc0003b6000, 0x1000, 0x1000})
	C:/Users/issue/.g/go/src/internal/poll/fd_windows.go:438 +0x29b
net.(*netFD).Read(0xc0002e2008, {0xc0003b6000?, 0x0?, 0x0?})
	C:/Users/issue/.g/go/src/net/fd_posix.go:55 +0x25
net.(*conn).Read(0xc000832028, {0xc0003b6000?, 0xfc8345?, 0xc0001627c0?})
	C:/Users/issue/.g/go/src/net/net.go:194 +0x45
net/http.(*persistConn).Read(0xc000278ea0, {0xc0003b6000?, 0x15a5685?, 0x29a6e10?})
	C:/Users/issue/.g/go/src/net/http/transport.go:2122 +0x47
bufio.(*Reader).fill(0xc000884d20)
	C:/Users/issue/.g/go/src/bufio/bufio.go:113 +0x103
bufio.(*Reader).Peek(0xc000884d20, 0x1)
	C:/Users/issue/.g/go/src/bufio/bufio.go:152 +0x53
net/http.(*persistConn).readLoop(0xc000278ea0)
	C:/Users/issue/.g/go/src/net/http/transport.go:2275 +0x172
created by net/http.(*Transport).dialConn in goroutine 4809
	C:/Users/issue/.g/go/src/net/http/transport.go:1944 +0x174f

goroutine 4817 [IO wait]:
internal/poll.runtime_pollWait(0x2a67ace34d8, 0x72)
	C:/Users/issue/.g/go/src/runtime/netpoll.go:351 +0x85
internal/poll.(*pollDesc).wait(0x4c0?, 0x72?, 0x0)
	C:/Users/issue/.g/go/src/internal/poll/fd_poll_runtime.go:84 +0x27
internal/poll.execIO(0xc0005967a0, 0x1eeb8e8)
	C:/Users/issue/.g/go/src/internal/poll/fd_windows.go:177 +0x105
internal/poll.(*FD).Read(0xc000596788, {0xc000443d51, 0x1, 0x1})
	C:/Users/issue/.g/go/src/internal/poll/fd_windows.go:438 +0x29b
net.(*netFD).Read(0xc000596788, {0xc000443d51?, 0xc00012cd58?, 0xc000a87f70?})
	C:/Users/issue/.g/go/src/net/fd_posix.go:55 +0x25
net.(*conn).Read(0xc00080e020, {0xc000443d51?, 0x0?, 0x0?})
	C:/Users/issue/.g/go/src/net/net.go:194 +0x45
net/http.(*connReader).backgroundRead(0xc000443d40)
	C:/Users/issue/.g/go/src/net/http/server.go:690 +0x37
created by net/http.(*connReader).startBackgroundRead in goroutine 4888
	C:/Users/issue/.g/go/src/net/http/server.go:686 +0xb6

goroutine 4781 [select]:
net/http.(*persistConn).writeLoop(0xc0006a2000)
	C:/Users/issue/.g/go/src/net/http/transport.go:2590 +0xe7
created by net/http.(*Transport).dialConn in goroutine 4801
	C:/Users/issue/.g/go/src/net/http/transport.go:1945 +0x17a5

goroutine 4808 [select]:
net/http.(*persistConn).writeLoop(0xc000a186c0)
	C:/Users/issue/.g/go/src/net/http/transport.go:2590 +0xe7
created by net/http.(*Transport).dialConn in goroutine 4850
	C:/Users/issue/.g/go/src/net/http/transport.go:1945 +0x17a5

goroutine 4823 [sync.Cond.Wait]:
sync.runtime_notifyListWait(0xc00052c0d0, 0x3)
	C:/Users/issue/.g/go/src/runtime/sema.go:597 +0x15d
sync.(*Cond).Wait(0xc000078218?)
	C:/Users/issue/.g/go/src/sync/cond.go:71 +0x85
net/http.(*connReader).abortPendingRead(0xc0006ae210)
	C:/Users/issue/.g/go/src/net/http/server.go:738 +0x9d
net/http.(*response).finishRequest(0xc00081c0e0)
	C:/Users/issue/.g/go/src/net/http/server.go:1720 +0x87
net/http.(*conn).serve(0xc0002fe510, {0x20424a0, 0xc00062a2d0})
	C:/Users/issue/.g/go/src/net/http/server.go:2108 +0x665
created by net/http.(*Server).Serve in goroutine 4590
	C:/Users/issue/.g/go/src/net/http/server.go:3454 +0x485

goroutine 4830 [IO wait]:
internal/poll.runtime_pollWait(0x2a67ace2f60, 0x72)
	C:/Users/issue/.g/go/src/runtime/netpoll.go:351 +0x85
internal/poll.(*pollDesc).wait(0x0?, 0xc000818190?, 0x0)
	C:/Users/issue/.g/go/src/internal/poll/fd_poll_runtime.go:84 +0x27
internal/poll.execIO(0xc000596020, 0x1eeb8e8)
	C:/Users/issue/.g/go/src/internal/poll/fd_windows.go:177 +0x105
internal/poll.(*FD).Read(0xc000596008, {0xc0006ae0d1, 0x1, 0x1})
	C:/Users/issue/.g/go/src/internal/poll/fd_windows.go:438 +0x29b
net.(*netFD).Read(0xc000596008, {0xc0006ae0d1?, 0xc0009b2a80?, 0xc000263f80?})
	C:/Users/issue/.g/go/src/net/fd_posix.go:55 +0x25
net.(*conn).Read(0xc00080e000, {0xc0006ae0d1?, 0x29a6de0?, 0xc0005922c0?})
	C:/Users/issue/.g/go/src/net/net.go:194 +0x45
net/http.(*connReader).backgroundRead(0xc0006ae0c0)
	C:/Users/issue/.g/go/src/net/http/server.go:690 +0x37
created by net/http.(*connReader).startBackgroundRead in goroutine 4673
	C:/Users/issue/.g/go/src/net/http/server.go:686 +0xb6

goroutine 4829 [select]:
net/http.(*persistConn).writeLoop(0xc000a18000)
	C:/Users/issue/.g/go/src/net/http/transport.go:2590 +0xe7
created by net/http.(*Transport).dialConn in goroutine 4886
	C:/Users/issue/.g/go/src/net/http/transport.go:1945 +0x17a5

goroutine 4814 [select]:
net/http.(*persistConn).writeLoop(0xc00020e7e0)
	C:/Users/issue/.g/go/src/net/http/transport.go:2590 +0xe7
created by net/http.(*Transport).dialConn in goroutine 4826
	C:/Users/issue/.g/go/src/net/http/transport.go:1945 +0x17a5

goroutine 4718 [select]:
net/http.(*persistConn).writeLoop(0xc000534480)
	C:/Users/issue/.g/go/src/net/http/transport.go:2590 +0xe7
created by net/http.(*Transport).dialConn in goroutine 4898
	C:/Users/issue/.g/go/src/net/http/transport.go:1945 +0x17a5

goroutine 4914 [runnable]:
internal/poll.runtime_Semacquire(0xc000447838?)
	C:/Users/issue/.g/go/src/runtime/sema.go:76 +0x25
internal/poll.(*fdMutex).rwlock(0xc0000a8248, 0x5?)
	C:/Users/issue/.g/go/src/internal/poll/fd_mutex.go:154 +0xc5
internal/poll.(*FD).writeLock(...)
	C:/Users/issue/.g/go/src/internal/poll/fd_mutex.go:239
internal/poll.(*FD).Write(0xc0000a8248, {0xc0006f4000, 0x1f, 0x1000})
	C:/Users/issue/.g/go/src/internal/poll/fd_windows.go:656 +0x65
os.(*File).write(...)
	C:/Users/issue/.g/go/src/os/file_posix.go:46
os.(*File).Write(0xc000078070, {0xc0006f4000?, 0x1f, 0x0?})
	C:/Users/issue/.g/go/src/os/file.go:195 +0x4e
fmt.Fprintf({0x2038c60, 0xc000078070}, {0x1e9c89e, 0x1f}, {0x0, 0x0, 0x0})
	C:/Users/issue/.g/go/src/fmt/print.go:225 +0x97
fmt.Printf(...)
	C:/Users/issue/.g/go/src/fmt/print.go:233
sw_runtime/internal/builtins.(*HTTPServerModule).createHTTPHandler.func1.1()
	D:/dev/codes/golang/src/issueye/sw_runtime/internal/builtins/httpserver.go:415 +0x318
sw_runtime/internal/builtins.(*HTTPServerModule).createHTTPHandler.func1({0x2040ef0, 0xc000694000}, 0xc00068e500)
	D:/dev/codes/golang/src/issueye/sw_runtime/internal/builtins/httpserver.go:449 +0x3a6
net/http.HandlerFunc.ServeHTTP(0xc0000c4e40?, {0x2040ef0?, 0xc000694000?}, 0x158c056?)
	C:/Users/issue/.g/go/src/net/http/server.go:2294 +0x29
net/http.(*ServeMux).ServeHTTP(0x1036599?, {0x2040ef0, 0xc000694000}, 0xc00068e500)
	C:/Users/issue/.g/go/src/net/http/server.go:2822 +0x1c4
net/http.serverHandler.ServeHTTP({0xc000400a50?}, {0x2040ef0?, 0xc000694000?}, 0x1?)
	C:/Users/issue/.g/go/src/net/http/server.go:3301 +0x8e
net/http.(*conn).serve(0xc0002fe900, {0x20424a0, 0xc00062a2d0})
	C:/Users/issue/.g/go/src/net/http/server.go:2102 +0x625
created by net/http.(*Server).Serve in goroutine 4590
	C:/Users/issue/.g/go/src/net/http/server.go:3454 +0x485
FAIL	sw_runtime/test	4.600s
FAIL
